46 INFO: PyInstaller: 3.4
46 INFO: Python: 3.6.5
46 INFO: Platform: Windows-10-10.0.17763-SP0
62 INFO: wrote C:\Users\Hatzakis group\PycharmProjects\DeepFRET-GUI\target\PyInstaller\DeepFRET.spec
62 DEBUG: Testing for UPX ...
62 INFO: UPX is not available.
62 DEBUG: script: C:\Users\Hatzakis group\PycharmProjects\DeepFRET-GUI\src\main\python\main.py
62 INFO: Extending PYTHONPATH with paths
['C:\\Users\\Hatzakis group\\PycharmProjects\\DeepFRET-GUI\\src\\main\\python',
 'C:\\Users\\Hatzakis '
 'group\\PycharmProjects\\DeepFRET-GUI\\target\\PyInstaller']
62 INFO: checking Analysis
62 INFO: Building Analysis because Analysis-00.toc is non existent
62 INFO: Initializing module dependency graph...
62 INFO: Initializing module graph hooks...
62 INFO: Analyzing base_library.zip ...
62 DEBUG: Collecting submodules for encodings
140 DEBUG: collect_submodules - Found submodules: {'encodings.cp865', 'encodings.ptcp154', 'encodings.mac_cyrillic', 'encodings.cp037', 'encodings', 'encodings.iso8859_4', 'encodings.mac_greek', 'encodings.iso8859_10', 'encodings.base64_codec', 'encodings.mac_croatian', 'encodings.unicode_internal', 'encodings.iso2022_jp_3', 'encodings.cp855', 'encodings.cp1006', 'encodings.idna', 'encodings.mac_roman', 'encodings.cp858', 'encodings.koi8_t', 'encodings.utf_7', 'encodings.iso2022_jp', 'encodings.cp1253', 'encodings.iso8859_9', 'encodings.quopri_codec', 'encodings.iso2022_jp_2', 'encodings.iso2022_jp_1', 'encodings.iso2022_kr', 'encodings.hex_codec', 'encodings.mac_centeuro', 'encodings.punycode', 'encodings.iso8859_14', 'encodings.utf_16_be', 'encodings.cp437', 'encodings.utf_32', 'encodings.cp856', 'encodings.cp857', 'encodings.euc_kr', 'encodings.cp864', 'encodings.iso2022_jp_2004', 'encodings.bz2_codec', 'encodings.cp500', 'encodings.shift_jis', 'encodings.gbk', 'encodings.unicode_escape', 'encodings.iso8859_2', 'encodings.cp860', 'encodings.iso8859_15', 'encodings.mac_farsi', 'encodings.cp874', 'encodings.mac_romanian', 'encodings.cp862', 'encodings.rot_13', 'encodings.ascii', 'encodings.euc_jp', 'encodings.koi8_r', 'encodings.gb18030', 'encodings.iso8859_13', 'encodings.hp_roman8', 'encodings.cp424', 'encodings.cp1250', 'encodings.cp737', 'encodings.iso8859_6', 'encodings.iso8859_8', 'encodings.cp65001', 'encodings.mbcs', 'encodings.utf_16_le', 'encodings.hz', 'encodings.palmos', 'encodings.gb2312', 'encodings.johab', 'encodings.raw_unicode_escape', 'encodings.shift_jisx0213', 'encodings.cp1255', 'encodings.aliases', 'encodings.utf_8_sig', 'encodings.charmap', 'encodings.utf_16', 'encodings.undefined', 'encodings.cp949', 'encodings.cp852', 'encodings.cp1251', 'encodings.iso8859_11', 'encodings.cp932', 'encodings.cp1140', 'encodings.iso8859_7', 'encodings.euc_jis_2004', 'encodings.cp869', 'encodings.iso8859_16', 'encodings.koi8_u', 'encodings.big5', 'encodings.cp1258', 'encodings.mac_turkish', 'encodings.big5hkscs', 'encodings.cp1252', 'encodings.oem', 'encodings.uu_codec', 'encodings.cp950', 'encodings.cp863', 'encodings.zlib_codec', 'encodings.kz1048', 'encodings.cp861', 'encodings.shift_jis_2004', 'encodings.euc_jisx0213', 'encodings.cp875', 'encodings.mac_arabic', 'encodings.cp720', 'encodings.latin_1', 'encodings.cp1125', 'encodings.cp850', 'encodings.cp1256', 'encodings.cp866', 'encodings.tis_620', 'encodings.cp1254', 'encodings.utf_32_be', 'encodings.utf_32_le', 'encodings.iso2022_jp_ext', 'encodings.cp775', 'encodings.mac_iceland', 'encodings.cp1026', 'encodings.utf_8', 'encodings.cp273', 'encodings.iso8859_1', 'encodings.iso8859_5', 'encodings.mac_latin2', 'encodings.cp1257', 'encodings.iso8859_3'}
140 DEBUG: Collecting submodules for collections
218 DEBUG: collect_submodules - Found submodules: {'collections.abc', 'collections'}
2421 DEBUG: Adding python files to base_library.zip
2436 DEBUG: Hidden import: encodings
2436 DEBUG: Hidden import 'encodings' already found
2436 DEBUG: Hidden import: dataclasses
2436 INFO: Analyzing hidden import 'dataclasses'
2452 DEBUG: Hidden import: scipy.linalg
2452 INFO: Analyzing hidden import 'scipy.linalg'
2889 INFO: Processing pre-find module path hook   distutils
3795 INFO: Processing pre-find module path hook   site
3795 INFO: site: retargeting to fake-dir 'c:\\users\\hatzakis group\\pycharmprojects\\deepfret-gui\\venv2\\lib\\site-packages\\PyInstaller\\fake-modules'
5014 INFO: Processing pre-safe import module hook   setuptools.extern.six.moves
8701 DEBUG: Hidden import: scipy.special
8701 DEBUG: Hidden import 'scipy.special' already found
8701 DEBUG: Hidden import: scipy.special._ufuncs_cxx
8701 INFO: Analyzing hidden import 'scipy.special._ufuncs_cxx'
8701 DEBUG: Hidden import: scipy.linalg.blas
8701 DEBUG: Hidden import 'scipy.linalg.blas' already found
8701 DEBUG: Hidden import: scipy.linalg._fblas
8701 DEBUG: Hidden import 'scipy.linalg._fblas' already found
8701 DEBUG: Hidden import: scipy.linalg.cython_blas
8701 INFO: Analyzing hidden import 'scipy.linalg.cython_blas'
8701 DEBUG: Hidden import: scipy.linalg.cython_lapack
8701 INFO: Analyzing hidden import 'scipy.linalg.cython_lapack'
8701 DEBUG: Hidden import: scipy.linalg.cython_blas
8701 DEBUG: Hidden import 'scipy.linalg.cython_blas' already found
8701 DEBUG: Hidden import: scipy.linalg.cython_lapack
8701 DEBUG: Hidden import 'scipy.linalg.cython_lapack' already found
8701 DEBUG: Hidden import: tensorflow_core
8701 INFO: Analyzing hidden import 'tensorflow_core'
9076 INFO: Processing pre-safe import module hook   six.moves
17574 INFO: Processing pre-safe import module hook   urllib3.packages.six.moves
52826 DEBUG: Hidden import: codecs
52826 DEBUG: Hidden import 'codecs' already found
52826 INFO: running Analysis Analysis-00.toc
52826 DEBUG: Analyzing c:\users\hatzakis group\pycharmprojects\deepfret-gui\venv2\scripts\python.exe
52826 DEBUG: Dependent assemblies of c:\users\hatzakis group\pycharmprojects\deepfret-gui\venv2\scripts\python.exe:
52826 DEBUG: *_Microsoft.Windows.Common-Controls_6595b64144ccf1df_6.0.0.0_none
52826 INFO: Adding Microsoft.Windows.Common-Controls to dependent assemblies of final executable
  required by c:\users\hatzakis group\pycharmprojects\deepfret-gui\venv2\scripts\python.exe
52826 DEBUG: Skipping assembly *_Microsoft.Windows.Common-Controls_6595b64144ccf1df_6.0.0.0_none
52826 DEBUG: Adding python36.dll dependency of python.exe from c:\users\hatzakis group\pycharmprojects\deepfret-gui\venv2\scripts\python36.dll
52826 DEBUG: Adding api-ms-win-crt-locale-l1-1-0.dll dependency of python.exe from C:\Users\Hatzakis group\Anaconda3\api-ms-win-crt-locale-l1-1-0.dll
52826 DEBUG: Skipping KERNEL32.dll dependency of python.exe
52842 DEBUG: Adding api-ms-win-crt-math-l1-1-0.dll dependency of python.exe from C:\Users\Hatzakis group\Anaconda3\api-ms-win-crt-math-l1-1-0.dll
52842 DEBUG: Adding api-ms-win-crt-heap-l1-1-0.dll dependency of python.exe from C:\Users\Hatzakis group\Anaconda3\api-ms-win-crt-heap-l1-1-0.dll
52842 DEBUG: Adding api-ms-win-crt-runtime-l1-1-0.dll dependency of python.exe from C:\Users\Hatzakis group\Anaconda3\api-ms-win-crt-runtime-l1-1-0.dll
52842 DEBUG: Adding api-ms-win-crt-stdio-l1-1-0.dll dependency of python.exe from C:\Users\Hatzakis group\Anaconda3\api-ms-win-crt-stdio-l1-1-0.dll
52842 DEBUG: Adding VCRUNTIME140.dll dependency of python.exe from c:\users\hatzakis group\pycharmprojects\deepfret-gui\venv2\scripts\VCRUNTIME140.dll
52842 DEBUG: Analyzing c:\users\hatzakis group\pycharmprojects\deepfret-gui\venv2\scripts\python36.dll
52842 DEBUG: Dependent assemblies of c:\users\hatzakis group\pycharmprojects\deepfret-gui\venv2\scripts\python36.dll:
52842 DEBUG: *_Microsoft.Windows.Common-Controls_6595b64144ccf1df_6.0.0.0_none
52842 DEBUG: Skipping assembly *_Microsoft.Windows.Common-Controls_6595b64144ccf1df_6.0.0.0_none
52857 DEBUG: Adding api-ms-win-crt-time-l1-1-0.dll dependency of python36.dll from C:\Users\Hatzakis group\Anaconda3\api-ms-win-crt-time-l1-1-0.dll
52857 DEBUG: Adding api-ms-win-crt-convert-l1-1-0.dll dependency of python36.dll from C:\Users\Hatzakis group\Anaconda3\api-ms-win-crt-convert-l1-1-0.dll
52857 DEBUG: Skipping VERSION.dll dependency of python36.dll
52857 DEBUG: Skipping KERNEL32.dll dependency of python36.dll
52873 DEBUG: Adding api-ms-win-crt-environment-l1-1-0.dll dependency of python36.dll from C:\Users\Hatzakis group\Anaconda3\api-ms-win-crt-environment-l1-1-0.dll
52873 DEBUG: Adding api-ms-win-crt-string-l1-1-0.dll dependency of python36.dll from C:\Users\Hatzakis group\Anaconda3\api-ms-win-crt-string-l1-1-0.dll
52873 DEBUG: Skipping SHLWAPI.dll dependency of python36.dll
52873 DEBUG: Skipping WS2_32.dll dependency of python36.dll
52873 DEBUG: Adding api-ms-win-crt-filesystem-l1-1-0.dll dependency of python36.dll from C:\Users\Hatzakis group\Anaconda3\api-ms-win-crt-filesystem-l1-1-0.dll
52873 DEBUG: Skipping ADVAPI32.dll dependency of python36.dll
52889 DEBUG: Adding api-ms-win-crt-conio-l1-1-0.dll dependency of python36.dll from C:\Users\Hatzakis group\Anaconda3\api-ms-win-crt-conio-l1-1-0.dll
52889 DEBUG: Adding api-ms-win-crt-process-l1-1-0.dll dependency of python36.dll from C:\Users\Hatzakis group\Anaconda3\api-ms-win-crt-process-l1-1-0.dll
52889 DEBUG: Analyzing C:\Users\Hatzakis group\Anaconda3\api-ms-win-crt-locale-l1-1-0.dll
52889 DEBUG: Adding ucrtbase.dll dependency of api-ms-win-crt-locale-l1-1-0.dll from C:\Users\Hatzakis group\Anaconda3\ucrtbase.dll
52889 DEBUG: Analyzing C:\Users\Hatzakis group\Anaconda3\api-ms-win-crt-math-l1-1-0.dll
52889 DEBUG: Analyzing C:\Users\Hatzakis group\Anaconda3\api-ms-win-crt-heap-l1-1-0.dll
52904 DEBUG: Analyzing C:\Users\Hatzakis group\Anaconda3\api-ms-win-crt-runtime-l1-1-0.dll
52904 DEBUG: Analyzing C:\Users\Hatzakis group\Anaconda3\api-ms-win-crt-stdio-l1-1-0.dll
52904 DEBUG: Analyzing c:\users\hatzakis group\pycharmprojects\deepfret-gui\venv2\scripts\VCRUNTIME140.dll
52920 DEBUG: Skipping KERNEL32.dll dependency of VCRUNTIME140.dll
52920 DEBUG: Analyzing C:\Users\Hatzakis group\Anaconda3\api-ms-win-crt-time-l1-1-0.dll
52920 DEBUG: Analyzing C:\Users\Hatzakis group\Anaconda3\api-ms-win-crt-convert-l1-1-0.dll
52936 DEBUG: Analyzing C:\Users\Hatzakis group\Anaconda3\api-ms-win-crt-environment-l1-1-0.dll
52936 DEBUG: Analyzing C:\Users\Hatzakis group\Anaconda3\api-ms-win-crt-string-l1-1-0.dll
52936 DEBUG: Analyzing C:\Users\Hatzakis group\Anaconda3\api-ms-win-crt-filesystem-l1-1-0.dll
52936 DEBUG: Analyzing C:\Users\Hatzakis group\Anaconda3\api-ms-win-crt-conio-l1-1-0.dll
52951 DEBUG: Analyzing C:\Users\Hatzakis group\Anaconda3\api-ms-win-crt-process-l1-1-0.dll
52951 DEBUG: Analyzing C:\Users\Hatzakis group\Anaconda3\ucrtbase.dll
52967 DEBUG: Adding api-ms-win-core-file-l1-2-0.dll dependency of ucrtbase.dll from C:\Users\Hatzakis group\Anaconda3\api-ms-win-core-file-l1-2-0.dll
52967 DEBUG: Adding api-ms-win-core-rtlsupport-l1-1-0.dll dependency of ucrtbase.dll from C:\Users\Hatzakis group\Anaconda3\api-ms-win-core-rtlsupport-l1-1-0.dll
52967 DEBUG: Adding api-ms-win-core-errorhandling-l1-1-0.dll dependency of ucrtbase.dll from C:\Users\Hatzakis group\Anaconda3\api-ms-win-core-errorhandling-l1-1-0.dll
52967 DEBUG: Adding api-ms-win-core-timezone-l1-1-0.dll dependency of ucrtbase.dll from C:\Users\Hatzakis group\Anaconda3\api-ms-win-core-timezone-l1-1-0.dll
52967 DEBUG: Adding api-ms-win-core-file-l2-1-0.dll dependency of ucrtbase.dll from C:\Users\Hatzakis group\Anaconda3\api-ms-win-core-file-l2-1-0.dll
52967 DEBUG: Adding api-ms-win-core-libraryloader-l1-1-0.dll dependency of ucrtbase.dll from C:\Users\Hatzakis group\Anaconda3\api-ms-win-core-libraryloader-l1-1-0.dll
52967 DEBUG: Adding api-ms-win-core-synch-l1-1-0.dll dependency of ucrtbase.dll from C:\Users\Hatzakis group\Anaconda3\api-ms-win-core-synch-l1-1-0.dll
52967 DEBUG: Adding api-ms-win-core-heap-l1-1-0.dll dependency of ucrtbase.dll from C:\Users\Hatzakis group\Anaconda3\api-ms-win-core-heap-l1-1-0.dll
52967 DEBUG: Adding api-ms-win-core-string-l1-1-0.dll dependency of ucrtbase.dll from C:\Users\Hatzakis group\Anaconda3\api-ms-win-core-string-l1-1-0.dll
52967 DEBUG: Adding api-ms-win-core-datetime-l1-1-0.dll dependency of ucrtbase.dll from C:\Users\Hatzakis group\Anaconda3\api-ms-win-core-datetime-l1-1-0.dll
52967 DEBUG: Adding api-ms-win-core-console-l1-1-0.dll dependency of ucrtbase.dll from C:\Users\Hatzakis group\Anaconda3\api-ms-win-core-console-l1-1-0.dll
52982 DEBUG: Adding api-ms-win-core-namedpipe-l1-1-0.dll dependency of ucrtbase.dll from C:\Users\Hatzakis group\Anaconda3\api-ms-win-core-namedpipe-l1-1-0.dll
52982 DEBUG: Adding api-ms-win-core-file-l1-1-0.dll dependency of ucrtbase.dll from C:\Users\Hatzakis group\Anaconda3\api-ms-win-core-file-l1-1-0.dll
52982 DEBUG: Adding api-ms-win-core-sysinfo-l1-1-0.dll dependency of ucrtbase.dll from C:\Users\Hatzakis group\Anaconda3\api-ms-win-core-sysinfo-l1-1-0.dll
52982 DEBUG: Adding api-ms-win-core-profile-l1-1-0.dll dependency of ucrtbase.dll from C:\Users\Hatzakis group\Anaconda3\api-ms-win-core-profile-l1-1-0.dll
52982 DEBUG: Adding api-ms-win-core-interlocked-l1-1-0.dll dependency of ucrtbase.dll from C:\Users\Hatzakis group\Anaconda3\api-ms-win-core-interlocked-l1-1-0.dll
52982 DEBUG: Adding api-ms-win-core-util-l1-1-0.dll dependency of ucrtbase.dll from C:\Users\Hatzakis group\Anaconda3\api-ms-win-core-util-l1-1-0.dll
52982 DEBUG: Adding api-ms-win-core-localization-l1-2-0.dll dependency of ucrtbase.dll from C:\Users\Hatzakis group\Anaconda3\api-ms-win-core-localization-l1-2-0.dll
52982 DEBUG: Adding api-ms-win-core-handle-l1-1-0.dll dependency of ucrtbase.dll from C:\Users\Hatzakis group\Anaconda3\api-ms-win-core-handle-l1-1-0.dll
52982 DEBUG: Adding api-ms-win-core-debug-l1-1-0.dll dependency of ucrtbase.dll from C:\Users\Hatzakis group\Anaconda3\api-ms-win-core-debug-l1-1-0.dll
52982 DEBUG: Adding api-ms-win-core-processthreads-l1-1-1.dll dependency of ucrtbase.dll from C:\Users\Hatzakis group\Anaconda3\api-ms-win-core-processthreads-l1-1-1.dll
52982 DEBUG: Adding api-ms-win-core-synch-l1-2-0.dll dependency of ucrtbase.dll from C:\Users\Hatzakis group\Anaconda3\api-ms-win-core-synch-l1-2-0.dll
52982 DEBUG: Adding api-ms-win-core-processthreads-l1-1-0.dll dependency of ucrtbase.dll from C:\Users\Hatzakis group\Anaconda3\api-ms-win-core-processthreads-l1-1-0.dll
52982 DEBUG: Adding api-ms-win-core-memory-l1-1-0.dll dependency of ucrtbase.dll from C:\Users\Hatzakis group\Anaconda3\api-ms-win-core-memory-l1-1-0.dll
52982 DEBUG: Adding api-ms-win-core-processenvironment-l1-1-0.dll dependency of ucrtbase.dll from C:\Users\Hatzakis group\Anaconda3\api-ms-win-core-processenvironment-l1-1-0.dll
52982 DEBUG: Analyzing C:\Users\Hatzakis group\Anaconda3\api-ms-win-core-file-l1-2-0.dll
52982 DEBUG: Skipping kernel32.dll dependency of api-ms-win-core-file-l1-2-0.dll
52982 DEBUG: Analyzing C:\Users\Hatzakis group\Anaconda3\api-ms-win-core-rtlsupport-l1-1-0.dll
52998 DEBUG: Skipping ntdll.dll dependency of api-ms-win-core-rtlsupport-l1-1-0.dll
52998 DEBUG: Analyzing C:\Users\Hatzakis group\Anaconda3\api-ms-win-core-errorhandling-l1-1-0.dll
52998 DEBUG: Skipping kernel32.dll dependency of api-ms-win-core-errorhandling-l1-1-0.dll
52998 DEBUG: Analyzing C:\Users\Hatzakis group\Anaconda3\api-ms-win-core-timezone-l1-1-0.dll
52998 DEBUG: Skipping kernel32.dll dependency of api-ms-win-core-timezone-l1-1-0.dll
52998 DEBUG: Analyzing C:\Users\Hatzakis group\Anaconda3\api-ms-win-core-file-l2-1-0.dll
52998 DEBUG: Skipping kernel32.dll dependency of api-ms-win-core-file-l2-1-0.dll
52998 DEBUG: Analyzing C:\Users\Hatzakis group\Anaconda3\api-ms-win-core-libraryloader-l1-1-0.dll
52998 DEBUG: Skipping kernel32.dll dependency of api-ms-win-core-libraryloader-l1-1-0.dll
52998 DEBUG: Analyzing C:\Users\Hatzakis group\Anaconda3\api-ms-win-core-synch-l1-1-0.dll
53014 DEBUG: Skipping kernel32.dll dependency of api-ms-win-core-synch-l1-1-0.dll
53014 DEBUG: Analyzing C:\Users\Hatzakis group\Anaconda3\api-ms-win-core-heap-l1-1-0.dll
53014 DEBUG: Skipping kernel32.dll dependency of api-ms-win-core-heap-l1-1-0.dll
53014 DEBUG: Analyzing C:\Users\Hatzakis group\Anaconda3\api-ms-win-core-string-l1-1-0.dll
53014 DEBUG: Skipping kernel32.dll dependency of api-ms-win-core-string-l1-1-0.dll
53014 DEBUG: Analyzing C:\Users\Hatzakis group\Anaconda3\api-ms-win-core-datetime-l1-1-0.dll
53014 DEBUG: Skipping kernel32.dll dependency of api-ms-win-core-datetime-l1-1-0.dll
53014 DEBUG: Analyzing C:\Users\Hatzakis group\Anaconda3\api-ms-win-core-console-l1-1-0.dll
53014 DEBUG: Skipping kernel32.dll dependency of api-ms-win-core-console-l1-1-0.dll
53014 DEBUG: Analyzing C:\Users\Hatzakis group\Anaconda3\api-ms-win-core-namedpipe-l1-1-0.dll
53029 DEBUG: Skipping kernel32.dll dependency of api-ms-win-core-namedpipe-l1-1-0.dll
53029 DEBUG: Skipping advapi32.dll dependency of api-ms-win-core-namedpipe-l1-1-0.dll
53029 DEBUG: Analyzing C:\Users\Hatzakis group\Anaconda3\api-ms-win-core-file-l1-1-0.dll
53029 DEBUG: Skipping kernel32.dll dependency of api-ms-win-core-file-l1-1-0.dll
53029 DEBUG: Analyzing C:\Users\Hatzakis group\Anaconda3\api-ms-win-core-sysinfo-l1-1-0.dll
53029 DEBUG: Skipping kernel32.dll dependency of api-ms-win-core-sysinfo-l1-1-0.dll
53029 DEBUG: Analyzing C:\Users\Hatzakis group\Anaconda3\api-ms-win-core-profile-l1-1-0.dll
53029 DEBUG: Skipping kernel32.dll dependency of api-ms-win-core-profile-l1-1-0.dll
53029 DEBUG: Analyzing C:\Users\Hatzakis group\Anaconda3\api-ms-win-core-interlocked-l1-1-0.dll
53045 DEBUG: Skipping kernel32.dll dependency of api-ms-win-core-interlocked-l1-1-0.dll
53045 DEBUG: Analyzing C:\Users\Hatzakis group\Anaconda3\api-ms-win-core-util-l1-1-0.dll
53045 DEBUG: Skipping kernel32.dll dependency of api-ms-win-core-util-l1-1-0.dll
53045 DEBUG: Analyzing C:\Users\Hatzakis group\Anaconda3\api-ms-win-core-localization-l1-2-0.dll
53045 DEBUG: Skipping kernel32.dll dependency of api-ms-win-core-localization-l1-2-0.dll
53045 DEBUG: Analyzing C:\Users\Hatzakis group\Anaconda3\api-ms-win-core-handle-l1-1-0.dll
53045 DEBUG: Skipping kernel32.dll dependency of api-ms-win-core-handle-l1-1-0.dll
53045 DEBUG: Analyzing C:\Users\Hatzakis group\Anaconda3\api-ms-win-core-debug-l1-1-0.dll
53045 DEBUG: Skipping kernel32.dll dependency of api-ms-win-core-debug-l1-1-0.dll
53045 DEBUG: Analyzing C:\Users\Hatzakis group\Anaconda3\api-ms-win-core-processthreads-l1-1-1.dll
53060 DEBUG: Skipping kernel32.dll dependency of api-ms-win-core-processthreads-l1-1-1.dll
53060 DEBUG: Analyzing C:\Users\Hatzakis group\Anaconda3\api-ms-win-core-synch-l1-2-0.dll
53060 DEBUG: Skipping kernel32.dll dependency of api-ms-win-core-synch-l1-2-0.dll
53060 DEBUG: Analyzing C:\Users\Hatzakis group\Anaconda3\api-ms-win-core-processthreads-l1-1-0.dll
53060 DEBUG: Skipping kernel32.dll dependency of api-ms-win-core-processthreads-l1-1-0.dll
53060 DEBUG: Skipping advapi32.dll dependency of api-ms-win-core-processthreads-l1-1-0.dll
53060 DEBUG: Analyzing C:\Users\Hatzakis group\Anaconda3\api-ms-win-core-memory-l1-1-0.dll
53060 DEBUG: Skipping kernel32.dll dependency of api-ms-win-core-memory-l1-1-0.dll
53060 DEBUG: Analyzing C:\Users\Hatzakis group\Anaconda3\api-ms-win-core-processenvironment-l1-1-0.dll
53076 DEBUG: Skipping kernel32.dll dependency of api-ms-win-core-processenvironment-l1-1-0.dll
53076 INFO: Caching module hooks...
53076 INFO: Analyzing C:\Users\Hatzakis group\PycharmProjects\DeepFRET-GUI\src\main\python\main.py
64745 INFO: Loading module hooks...
64745 INFO: Loading module hook "hook-astropy.py"...
64745 DEBUG: Collecting data files for astropy
64776 DEBUG: collect_data_files - Found files: [('c:\\users\\hatzakis group\\pycharmprojects\\deepfret-gui\\venv2\\lib\\site-packages\\astropy\\astropy.cfg', 'astropy'), ('c:\\users\\hatzakis group\\pycharmprojects\\deepfret-gui\\venv2\\lib\\site-packages\\astropy\\CITATION', 'astropy'), ('c:\\users\\hatzakis group\\pycharmprojects\\deepfret-gui\\venv2\\lib\\site-packages\\astropy\\config\\tests\\data\\alias.cfg', 'astropy\\config\\tests\\data'), ('c:\\users\\hatzakis group\\pycharmprojects\\deepfret-gui\\venv2\\lib\\site-packages\\astropy\\config\\tests\\data\\astropy.0.3.cfg', 'astropy\\config\\tests\\data'), ('c:\\users\\hatzakis group\\pycharmprojects\\deepfret-gui\\venv2\\lib\\site-packages\\astropy\\config\\tests\\data\\astropy.0.3.windows.cfg', 'astropy\\config\\tests\\data'), ('c:\\users\\hatzakis group\\pycharmprojects\\deepfret-gui\\venv2\\lib\\site-packages\\astropy\\config\\tests\\data\\deprecated.cfg', 'astropy\\config\\tests\\data'), ('c:\\users\\hatzakis group\\pycharmprojects\\deepfret-gui\\venv2\\lib\\site-packages\\astropy\\config\\tests\\data\\empty.cfg', 'astropy\\config\\tests\\data'), ('c:\\users\\hatzakis group\\pycharmprojects\\deepfret-gui\\venv2\\lib\\site-packages\\astropy\\config\\tests\\data\\not_empty.cfg', 'astropy\\config\\tests\\data'), ('c:\\users\\hatzakis group\\pycharmprojects\\deepfret-gui\\venv2\\lib\\site-packages\\astropy\\coordinates\\data\\constellation_data_roman87.dat', 'astropy\\coordinates\\data'), ('c:\\users\\hatzakis group\\pycharmprojects\\deepfret-gui\\venv2\\lib\\site-packages\\astropy\\coordinates\\data\\constellation_names.dat', 'astropy\\coordinates\\data'), ('c:\\users\\hatzakis group\\pycharmprojects\\deepfret-gui\\venv2\\lib\\site-packages\\astropy\\coordinates\\data\\sites.json', 'astropy\\coordinates\\data'), ('c:\\users\\hatzakis group\\pycharmprojects\\deepfret-gui\\venv2\\lib\\site-packages\\astropy\\coordinates\\tests\\accuracy\\data\\fk4_no_e_fk4.csv', 'astropy\\coordinates\\tests\\accuracy\\data'), ('c:\\users\\hatzakis group\\pycharmprojects\\deepfret-gui\\venv2\\lib\\site-packages\\astropy\\coordinates\\tests\\accuracy\\data\\fk4_no_e_fk5.csv', 'astropy\\coordinates\\tests\\accuracy\\data'), ('c:\\users\\hatzakis group\\pycharmprojects\\deepfret-gui\\venv2\\lib\\site-packages\\astropy\\coordinates\\tests\\accuracy\\data\\galactic_fk4.csv', 'astropy\\coordinates\\tests\\accuracy\\data'), ('c:\\users\\hatzakis group\\pycharmprojects\\deepfret-gui\\venv2\\lib\\site-packages\\astropy\\coordinates\\tests\\accuracy\\data\\icrs_fk5.csv', 'astropy\\coordinates\\tests\\accuracy\\data'), ('c:\\users\\hatzakis group\\pycharmprojects\\deepfret-gui\\venv2\\lib\\site-packages\\astropy\\extern\\jquery\\data\\css\\jquery.dataTables.css', 'astropy\\extern\\jquery\\data\\css'), ('c:\\users\\hatzakis group\\pycharmprojects\\deepfret-gui\\venv2\\lib\\site-packages\\astropy\\extern\\jquery\\data\\js\\jquery-3.1.1.js', 'astropy\\extern\\jquery\\data\\js'), ('c:\\users\\hatzakis group\\pycharmprojects\\deepfret-gui\\venv2\\lib\\site-packages\\astropy\\extern\\jquery\\data\\js\\jquery-3.1.1.min.js', 'astropy\\extern\\jquery\\data\\js'), ('c:\\users\\hatzakis group\\pycharmprojects\\deepfret-gui\\venv2\\lib\\site-packages\\astropy\\extern\\jquery\\data\\js\\jquery.dataTables.js', 'astropy\\extern\\jquery\\data\\js'), ('c:\\users\\hatzakis group\\pycharmprojects\\deepfret-gui\\venv2\\lib\\site-packages\\astropy\\extern\\jquery\\data\\js\\jquery.dataTables.min.js', 'astropy\\extern\\jquery\\data\\js'), ('c:\\users\\hatzakis group\\pycharmprojects\\deepfret-gui\\venv2\\lib\\site-packages\\astropy\\io\\ascii\\tests\\data\\apostrophe.rdb', 'astropy\\io\\ascii\\tests\\data'), ('c:\\users\\hatzakis group\\pycharmprojects\\deepfret-gui\\venv2\\lib\\site-packages\\astropy\\io\\ascii\\tests\\data\\apostrophe.tab', 'astropy\\io\\ascii\\tests\\data'), ('c:\\users\\hatzakis group\\pycharmprojects\\deepfret-gui\\venv2\\lib\\site-packages\\astropy\\io\\ascii\\tests\\data\\bad.txt', 'astropy\\io\\ascii\\tests\\data'), ('c:\\users\\hatzakis group\\pycharmprojects\\deepfret-gui\\venv2\\lib\\site-packages\\astropy\\io\\ascii\\tests\\data\\bars_at_ends.txt', 'astropy\\io\\ascii\\tests\\data'), ('c:\\users\\hatzakis group\\pycharmprojects\\deepfret-gui\\venv2\\lib\\site-packages\\astropy\\io\\ascii\\tests\\data\\cds.dat', 'astropy\\io\\ascii\\tests\\data'), ('c:\\users\\hatzakis group\\pycharmprojects\\deepfret-gui\\venv2\\lib\\site-packages\\astropy\\io\\ascii\\tests\\data\\cds2.dat', 'astropy\\io\\ascii\\tests\\data'), ('c:\\users\\hatzakis group\\pycharmprojects\\deepfret-gui\\venv2\\lib\\site-packages\\astropy\\io\\ascii\\tests\\data\\cds_malformed.dat', 'astropy\\io\\ascii\\tests\\data'), ('c:\\users\\hatzakis group\\pycharmprojects\\deepfret-gui\\venv2\\lib\\site-packages\\astropy\\io\\ascii\\tests\\data\\commented_header.dat', 'astropy\\io\\ascii\\tests\\data'), ('c:\\users\\hatzakis group\\pycharmprojects\\deepfret-gui\\venv2\\lib\\site-packages\\astropy\\io\\ascii\\tests\\data\\commented_header2.dat', 'astropy\\io\\ascii\\tests\\data'), ('c:\\users\\hatzakis group\\pycharmprojects\\deepfret-gui\\venv2\\lib\\site-packages\\astropy\\io\\ascii\\tests\\data\\conf_py.txt', 'astropy\\io\\ascii\\tests\\data'), ('c:\\users\\hatzakis group\\pycharmprojects\\deepfret-gui\\venv2\\lib\\site-packages\\astropy\\io\\ascii\\tests\\data\\continuation.dat', 'astropy\\io\\ascii\\tests\\data'), ('c:\\users\\hatzakis group\\pycharmprojects\\deepfret-gui\\venv2\\lib\\site-packages\\astropy\\io\\ascii\\tests\\data\\daophot.dat', 'astropy\\io\\ascii\\tests\\data'), ('c:\\users\\hatzakis group\\pycharmprojects\\deepfret-gui\\venv2\\lib\\site-packages\\astropy\\io\\ascii\\tests\\data\\daophot.dat.gz', 'astropy\\io\\ascii\\tests\\data'), ('c:\\users\\hatzakis group\\pycharmprojects\\deepfret-gui\\venv2\\lib\\site-packages\\astropy\\io\\ascii\\tests\\data\\daophot2.dat', 'astropy\\io\\ascii\\tests\\data'), ('c:\\users\\hatzakis group\\pycharmprojects\\deepfret-gui\\venv2\\lib\\site-packages\\astropy\\io\\ascii\\tests\\data\\daophot3.dat', 'astropy\\io\\ascii\\tests\\data'), ('c:\\users\\hatzakis group\\pycharmprojects\\deepfret-gui\\venv2\\lib\\site-packages\\astropy\\io\\ascii\\tests\\data\\daophot4.dat', 'astropy\\io\\ascii\\tests\\data'), ('c:\\users\\hatzakis group\\pycharmprojects\\deepfret-gui\\venv2\\lib\\site-packages\\astropy\\io\\ascii\\tests\\data\\fill_values.txt', 'astropy\\io\\ascii\\tests\\data'), ('c:\\users\\hatzakis group\\pycharmprojects\\deepfret-gui\\venv2\\lib\\site-packages\\astropy\\io\\ascii\\tests\\data\\fixed_width_2_line.txt', 'astropy\\io\\ascii\\tests\\data'), ('c:\\users\\hatzakis group\\pycharmprojects\\deepfret-gui\\venv2\\lib\\site-packages\\astropy\\io\\ascii\\tests\\data\\html.html', 'astropy\\io\\ascii\\tests\\data'), ('c:\\users\\hatzakis group\\pycharmprojects\\deepfret-gui\\venv2\\lib\\site-packages\\astropy\\io\\ascii\\tests\\data\\html2.html', 'astropy\\io\\ascii\\tests\\data'), ('c:\\users\\hatzakis group\\pycharmprojects\\deepfret-gui\\venv2\\lib\\site-packages\\astropy\\io\\ascii\\tests\\data\\ipac.dat', 'astropy\\io\\ascii\\tests\\data'), ('c:\\users\\hatzakis group\\pycharmprojects\\deepfret-gui\\venv2\\lib\\site-packages\\astropy\\io\\ascii\\tests\\data\\ipac.dat.bz2', 'astropy\\io\\ascii\\tests\\data'), ('c:\\users\\hatzakis group\\pycharmprojects\\deepfret-gui\\venv2\\lib\\site-packages\\astropy\\io\\ascii\\tests\\data\\ipac.dat.xz', 'astropy\\io\\ascii\\tests\\data'), ('c:\\users\\hatzakis group\\pycharmprojects\\deepfret-gui\\venv2\\lib\\site-packages\\astropy\\io\\ascii\\tests\\data\\latex1.tex', 'astropy\\io\\ascii\\tests\\data'), ('c:\\users\\hatzakis group\\pycharmprojects\\deepfret-gui\\venv2\\lib\\site-packages\\astropy\\io\\ascii\\tests\\data\\latex1.tex.gz', 'astropy\\io\\ascii\\tests\\data'), ('c:\\users\\hatzakis group\\pycharmprojects\\deepfret-gui\\venv2\\lib\\site-packages\\astropy\\io\\ascii\\tests\\data\\latex2.tex', 'astropy\\io\\ascii\\tests\\data'), ('c:\\users\\hatzakis group\\pycharmprojects\\deepfret-gui\\venv2\\lib\\site-packages\\astropy\\io\\ascii\\tests\\data\\latex3.tex', 'astropy\\io\\ascii\\tests\\data'), ('c:\\users\\hatzakis group\\pycharmprojects\\deepfret-gui\\venv2\\lib\\site-packages\\astropy\\io\\ascii\\tests\\data\\nls1_stackinfo.dbout', 'astropy\\io\\ascii\\tests\\data'), ('c:\\users\\hatzakis group\\pycharmprojects\\deepfret-gui\\venv2\\lib\\site-packages\\astropy\\io\\ascii\\tests\\data\\no_data_cds.dat', 'astropy\\io\\ascii\\tests\\data'), ('c:\\users\\hatzakis group\\pycharmprojects\\deepfret-gui\\venv2\\lib\\site-packages\\astropy\\io\\ascii\\tests\\data\\no_data_daophot.dat', 'astropy\\io\\ascii\\tests\\data'), ('c:\\users\\hatzakis group\\pycharmprojects\\deepfret-gui\\venv2\\lib\\site-packages\\astropy\\io\\ascii\\tests\\data\\no_data_ipac.dat', 'astropy\\io\\ascii\\tests\\data'), ('c:\\users\\hatzakis group\\pycharmprojects\\deepfret-gui\\venv2\\lib\\site-packages\\astropy\\io\\ascii\\tests\\data\\no_data_sextractor.dat', 'astropy\\io\\ascii\\tests\\data'), ('c:\\users\\hatzakis group\\pycharmprojects\\deepfret-gui\\venv2\\lib\\site-packages\\astropy\\io\\ascii\\tests\\data\\no_data_without_header.dat', 'astropy\\io\\ascii\\tests\\data'), ('c:\\users\\hatzakis group\\pycharmprojects\\deepfret-gui\\venv2\\lib\\site-packages\\astropy\\io\\ascii\\tests\\data\\no_data_with_header.dat', 'astropy\\io\\ascii\\tests\\data'), ('c:\\users\\hatzakis group\\pycharmprojects\\deepfret-gui\\venv2\\lib\\site-packages\\astropy\\io\\ascii\\tests\\data\\sextractor.dat', 'astropy\\io\\ascii\\tests\\data'), ('c:\\users\\hatzakis group\\pycharmprojects\\deepfret-gui\\venv2\\lib\\site-packages\\astropy\\io\\ascii\\tests\\data\\sextractor2.dat', 'astropy\\io\\ascii\\tests\\data'), ('c:\\users\\hatzakis group\\pycharmprojects\\deepfret-gui\\venv2\\lib\\site-packages\\astropy\\io\\ascii\\tests\\data\\sextractor3.dat', 'astropy\\io\\ascii\\tests\\data'), ('c:\\users\\hatzakis group\\pycharmprojects\\deepfret-gui\\venv2\\lib\\site-packages\\astropy\\io\\ascii\\tests\\data\\short.rdb', 'astropy\\io\\ascii\\tests\\data'), ('c:\\users\\hatzakis group\\pycharmprojects\\deepfret-gui\\venv2\\lib\\site-packages\\astropy\\io\\ascii\\tests\\data\\short.rdb.bz2', 'astropy\\io\\ascii\\tests\\data'), ('c:\\users\\hatzakis group\\pycharmprojects\\deepfret-gui\\venv2\\lib\\site-packages\\astropy\\io\\ascii\\tests\\data\\short.rdb.gz', 'astropy\\io\\ascii\\tests\\data'), ('c:\\users\\hatzakis group\\pycharmprojects\\deepfret-gui\\venv2\\lib\\site-packages\\astropy\\io\\ascii\\tests\\data\\short.rdb.xz', 'astropy\\io\\ascii\\tests\\data'), ('c:\\users\\hatzakis group\\pycharmprojects\\deepfret-gui\\venv2\\lib\\site-packages\\astropy\\io\\ascii\\tests\\data\\short.tab', 'astropy\\io\\ascii\\tests\\data'), ('c:\\users\\hatzakis group\\pycharmprojects\\deepfret-gui\\venv2\\lib\\site-packages\\astropy\\io\\ascii\\tests\\data\\simple.txt', 'astropy\\io\\ascii\\tests\\data'), ('c:\\users\\hatzakis group\\pycharmprojects\\deepfret-gui\\venv2\\lib\\site-packages\\astropy\\io\\ascii\\tests\\data\\simple2.txt', 'astropy\\io\\ascii\\tests\\data'), ('c:\\users\\hatzakis group\\pycharmprojects\\deepfret-gui\\venv2\\lib\\site-packages\\astropy\\io\\ascii\\tests\\data\\simple3.txt', 'astropy\\io\\ascii\\tests\\data'), ('c:\\users\\hatzakis group\\pycharmprojects\\deepfret-gui\\venv2\\lib\\site-packages\\astropy\\io\\ascii\\tests\\data\\simple4.txt', 'astropy\\io\\ascii\\tests\\data'), ('c:\\users\\hatzakis group\\pycharmprojects\\deepfret-gui\\venv2\\lib\\site-packages\\astropy\\io\\ascii\\tests\\data\\simple5.txt', 'astropy\\io\\ascii\\tests\\data'), ('c:\\users\\hatzakis group\\pycharmprojects\\deepfret-gui\\venv2\\lib\\site-packages\\astropy\\io\\ascii\\tests\\data\\simple_csv.csv', 'astropy\\io\\ascii\\tests\\data'), ('c:\\users\\hatzakis group\\pycharmprojects\\deepfret-gui\\venv2\\lib\\site-packages\\astropy\\io\\ascii\\tests\\data\\simple_csv_missing.csv', 'astropy\\io\\ascii\\tests\\data'), ('c:\\users\\hatzakis group\\pycharmprojects\\deepfret-gui\\venv2\\lib\\site-packages\\astropy\\io\\ascii\\tests\\data\\space_delim_blank_lines.txt', 'astropy\\io\\ascii\\tests\\data'), ('c:\\users\\hatzakis group\\pycharmprojects\\deepfret-gui\\venv2\\lib\\site-packages\\astropy\\io\\ascii\\tests\\data\\space_delim_no_header.dat', 'astropy\\io\\ascii\\tests\\data'), ('c:\\users\\hatzakis group\\pycharmprojects\\deepfret-gui\\venv2\\lib\\site-packages\\astropy\\io\\ascii\\tests\\data\\space_delim_no_names.dat', 'astropy\\io\\ascii\\tests\\data'), ('c:\\users\\hatzakis group\\pycharmprojects\\deepfret-gui\\venv2\\lib\\site-packages\\astropy\\io\\ascii\\tests\\data\\test4.dat', 'astropy\\io\\ascii\\tests\\data'), ('c:\\users\\hatzakis group\\pycharmprojects\\deepfret-gui\\venv2\\lib\\site-packages\\astropy\\io\\ascii\\tests\\data\\test5.dat', 'astropy\\io\\ascii\\tests\\data'), ('c:\\users\\hatzakis group\\pycharmprojects\\deepfret-gui\\venv2\\lib\\site-packages\\astropy\\io\\ascii\\tests\\data\\vots_spec.dat', 'astropy\\io\\ascii\\tests\\data'), ('c:\\users\\hatzakis group\\pycharmprojects\\deepfret-gui\\venv2\\lib\\site-packages\\astropy\\io\\ascii\\tests\\data\\whitespace.dat', 'astropy\\io\\ascii\\tests\\data'), ('c:\\users\\hatzakis group\\pycharmprojects\\deepfret-gui\\venv2\\lib\\site-packages\\astropy\\io\\ascii\\tests\\data\\cds\\description\\ReadMe', 'astropy\\io\\ascii\\tests\\data\\cds\\description'), ('c:\\users\\hatzakis group\\pycharmprojects\\deepfret-gui\\venv2\\lib\\site-packages\\astropy\\io\\ascii\\tests\\data\\cds\\description\\table.dat', 'astropy\\io\\ascii\\tests\\data\\cds\\description'), ('c:\\users\\hatzakis group\\pycharmprojects\\deepfret-gui\\venv2\\lib\\site-packages\\astropy\\io\\ascii\\tests\\data\\cds\\glob\\lmxbrefs.dat', 'astropy\\io\\ascii\\tests\\data\\cds\\glob'), ('c:\\users\\hatzakis group\\pycharmprojects\\deepfret-gui\\venv2\\lib\\site-packages\\astropy\\io\\ascii\\tests\\data\\cds\\glob\\ReadMe', 'astropy\\io\\ascii\\tests\\data\\cds\\glob'), ('c:\\users\\hatzakis group\\pycharmprojects\\deepfret-gui\\venv2\\lib\\site-packages\\astropy\\io\\ascii\\tests\\data\\cds\\multi\\lhs2065.dat', 'astropy\\io\\ascii\\tests\\data\\cds\\multi'), ('c:\\users\\hatzakis group\\pycharmprojects\\deepfret-gui\\venv2\\lib\\site-packages\\astropy\\io\\ascii\\tests\\data\\cds\\multi\\lp944-20.dat', 'astropy\\io\\ascii\\tests\\data\\cds\\multi'), ('c:\\users\\hatzakis group\\pycharmprojects\\deepfret-gui\\venv2\\lib\\site-packages\\astropy\\io\\ascii\\tests\\data\\cds\\multi\\ReadMe', 'astropy\\io\\ascii\\tests\\data\\cds\\multi'), ('c:\\users\\hatzakis group\\pycharmprojects\\deepfret-gui\\venv2\\lib\\site-packages\\astropy\\io\\ascii\\tests\\data\\vizier\\ReadMe', 'astropy\\io\\ascii\\tests\\data\\vizier'), ('c:\\users\\hatzakis group\\pycharmprojects\\deepfret-gui\\venv2\\lib\\site-packages\\astropy\\io\\ascii\\tests\\data\\vizier\\table1.dat', 'astropy\\io\\ascii\\tests\\data\\vizier'), ('c:\\users\\hatzakis group\\pycharmprojects\\deepfret-gui\\venv2\\lib\\site-packages\\astropy\\io\\ascii\\tests\\data\\vizier\\table5.dat', 'astropy\\io\\ascii\\tests\\data\\vizier'), ('c:\\users\\hatzakis group\\pycharmprojects\\deepfret-gui\\venv2\\lib\\site-packages\\astropy\\io\\fits\\tests\\data\\arange.fits', 'astropy\\io\\fits\\tests\\data'), ('c:\\users\\hatzakis group\\pycharmprojects\\deepfret-gui\\venv2\\lib\\site-packages\\astropy\\io\\fits\\tests\\data\\ascii.fits', 'astropy\\io\\fits\\tests\\data'), ('c:\\users\\hatzakis group\\pycharmprojects\\deepfret-gui\\venv2\\lib\\site-packages\\astropy\\io\\fits\\tests\\data\\blank.fits', 'astropy\\io\\fits\\tests\\data'), ('c:\\users\\hatzakis group\\pycharmprojects\\deepfret-gui\\venv2\\lib\\site-packages\\astropy\\io\\fits\\tests\\data\\btable.fits', 'astropy\\io\\fits\\tests\\data'), ('c:\\users\\hatzakis group\\pycharmprojects\\deepfret-gui\\venv2\\lib\\site-packages\\astropy\\io\\fits\\tests\\data\\chandra_time.fits', 'astropy\\io\\fits\\tests\\data'), ('c:\\users\\hatzakis group\\pycharmprojects\\deepfret-gui\\venv2\\lib\\site-packages\\astropy\\io\\fits\\tests\\data\\checksum.fits', 'astropy\\io\\fits\\tests\\data'), ('c:\\users\\hatzakis group\\pycharmprojects\\deepfret-gui\\venv2\\lib\\site-packages\\astropy\\io\\fits\\tests\\data\\comp.fits', 'astropy\\io\\fits\\tests\\data'), ('c:\\users\\hatzakis group\\pycharmprojects\\deepfret-gui\\venv2\\lib\\site-packages\\astropy\\io\\fits\\tests\\data\\compressed_float_bzero.fits', 'astropy\\io\\fits\\tests\\data'), ('c:\\users\\hatzakis group\\pycharmprojects\\deepfret-gui\\venv2\\lib\\site-packages\\astropy\\io\\fits\\tests\\data\\compressed_image.fits', 'astropy\\io\\fits\\tests\\data'), ('c:\\users\\hatzakis group\\pycharmprojects\\deepfret-gui\\venv2\\lib\\site-packages\\astropy\\io\\fits\\tests\\data\\fixed-1890.fits', 'astropy\\io\\fits\\tests\\data'), ('c:\\users\\hatzakis group\\pycharmprojects\\deepfret-gui\\venv2\\lib\\site-packages\\astropy\\io\\fits\\tests\\data\\group.fits', 'astropy\\io\\fits\\tests\\data'), ('c:\\users\\hatzakis group\\pycharmprojects\\deepfret-gui\\venv2\\lib\\site-packages\\astropy\\io\\fits\\tests\\data\\history_header.fits', 'astropy\\io\\fits\\tests\\data'), ('c:\\users\\hatzakis group\\pycharmprojects\\deepfret-gui\\venv2\\lib\\site-packages\\astropy\\io\\fits\\tests\\data\\memtest.fits', 'astropy\\io\\fits\\tests\\data'), ('c:\\users\\hatzakis group\\pycharmprojects\\deepfret-gui\\venv2\\lib\\site-packages\\astropy\\io\\fits\\tests\\data\\o4sp040b0_raw.fits', 'astropy\\io\\fits\\tests\\data'), ('c:\\users\\hatzakis group\\pycharmprojects\\deepfret-gui\\venv2\\lib\\site-packages\\astropy\\io\\fits\\tests\\data\\random_groups.fits', 'astropy\\io\\fits\\tests\\data'), ('c:\\users\\hatzakis group\\pycharmprojects\\deepfret-gui\\venv2\\lib\\site-packages\\astropy\\io\\fits\\tests\\data\\scale.fits', 'astropy\\io\\fits\\tests\\data'), ('c:\\users\\hatzakis group\\pycharmprojects\\deepfret-gui\\venv2\\lib\\site-packages\\astropy\\io\\fits\\tests\\data\\stddata.fits', 'astropy\\io\\fits\\tests\\data'), ('c:\\users\\hatzakis group\\pycharmprojects\\deepfret-gui\\venv2\\lib\\site-packages\\astropy\\io\\fits\\tests\\data\\table.fits', 'astropy\\io\\fits\\tests\\data'), ('c:\\users\\hatzakis group\\pycharmprojects\\deepfret-gui\\venv2\\lib\\site-packages\\astropy\\io\\fits\\tests\\data\\tb.fits', 'astropy\\io\\fits\\tests\\data'), ('c:\\users\\hatzakis group\\pycharmprojects\\deepfret-gui\\venv2\\lib\\site-packages\\astropy\\io\\fits\\tests\\data\\tdim.fits', 'astropy\\io\\fits\\tests\\data'), ('c:\\users\\hatzakis group\\pycharmprojects\\deepfret-gui\\venv2\\lib\\site-packages\\astropy\\io\\fits\\tests\\data\\test0.fits', 'astropy\\io\\fits\\tests\\data'), ('c:\\users\\hatzakis group\\pycharmprojects\\deepfret-gui\\venv2\\lib\\site-packages\\astropy\\io\\fits\\tests\\data\\test1.fits', 'astropy\\io\\fits\\tests\\data'), ('c:\\users\\hatzakis group\\pycharmprojects\\deepfret-gui\\venv2\\lib\\site-packages\\astropy\\io\\fits\\tests\\data\\variable_length_table.fits', 'astropy\\io\\fits\\tests\\data'), ('c:\\users\\hatzakis group\\pycharmprojects\\deepfret-gui\\venv2\\lib\\site-packages\\astropy\\io\\fits\\tests\\data\\zerowidth.fits', 'astropy\\io\\fits\\tests\\data'), ('c:\\users\\hatzakis group\\pycharmprojects\\deepfret-gui\\venv2\\lib\\site-packages\\astropy\\io\\fits\\tests\\data\\invalid\\group_invalid.fits', 'astropy\\io\\fits\\tests\\data\\invalid'), ('c:\\users\\hatzakis group\\pycharmprojects\\deepfret-gui\\venv2\\lib\\site-packages\\astropy\\io\\misc\\asdf\\data\\schemas\\astropy.org\\astropy\\coordinates\\angle-1.0.0.yaml', 'astropy\\io\\misc\\asdf\\data\\schemas\\astropy.org\\astropy\\coordinates'), ('c:\\users\\hatzakis group\\pycharmprojects\\deepfret-gui\\venv2\\lib\\site-packages\\astropy\\io\\misc\\asdf\\data\\schemas\\astropy.org\\astropy\\coordinates\\earthlocation-1.0.0.yaml', 'astropy\\io\\misc\\asdf\\data\\schemas\\astropy.org\\astropy\\coordinates'), ('c:\\users\\hatzakis group\\pycharmprojects\\deepfret-gui\\venv2\\lib\\site-packages\\astropy\\io\\misc\\asdf\\data\\schemas\\astropy.org\\astropy\\coordinates\\latitude-1.0.0.yaml', 'astropy\\io\\misc\\asdf\\data\\schemas\\astropy.org\\astropy\\coordinates'), ('c:\\users\\hatzakis group\\pycharmprojects\\deepfret-gui\\venv2\\lib\\site-packages\\astropy\\io\\misc\\asdf\\data\\schemas\\astropy.org\\astropy\\coordinates\\longitude-1.0.0.yaml', 'astropy\\io\\misc\\asdf\\data\\schemas\\astropy.org\\astropy\\coordinates'), ('c:\\users\\hatzakis group\\pycharmprojects\\deepfret-gui\\venv2\\lib\\site-packages\\astropy\\io\\misc\\asdf\\data\\schemas\\astropy.org\\astropy\\coordinates\\representation-1.0.0.yaml', 'astropy\\io\\misc\\asdf\\data\\schemas\\astropy.org\\astropy\\coordinates'), ('c:\\users\\hatzakis group\\pycharmprojects\\deepfret-gui\\venv2\\lib\\site-packages\\astropy\\io\\misc\\asdf\\data\\schemas\\astropy.org\\astropy\\coordinates\\skycoord-1.0.0.yaml', 'astropy\\io\\misc\\asdf\\data\\schemas\\astropy.org\\astropy\\coordinates'), ('c:\\users\\hatzakis group\\pycharmprojects\\deepfret-gui\\venv2\\lib\\site-packages\\astropy\\io\\misc\\asdf\\data\\schemas\\astropy.org\\astropy\\coordinates\\frames\\baseframe-1.0.0.yaml', 'astropy\\io\\misc\\asdf\\data\\schemas\\astropy.org\\astropy\\coordinates\\frames'), ('c:\\users\\hatzakis group\\pycharmprojects\\deepfret-gui\\venv2\\lib\\site-packages\\astropy\\io\\misc\\asdf\\data\\schemas\\astropy.org\\astropy\\coordinates\\frames\\cirs-1.0.0.yaml', 'astropy\\io\\misc\\asdf\\data\\schemas\\astropy.org\\astropy\\coordinates\\frames'), ('c:\\users\\hatzakis group\\pycharmprojects\\deepfret-gui\\venv2\\lib\\site-packages\\astropy\\io\\misc\\asdf\\data\\schemas\\astropy.org\\astropy\\coordinates\\frames\\fk4-1.0.0.yaml', 'astropy\\io\\misc\\asdf\\data\\schemas\\astropy.org\\astropy\\coordinates\\frames'), ('c:\\users\\hatzakis group\\pycharmprojects\\deepfret-gui\\venv2\\lib\\site-packages\\astropy\\io\\misc\\asdf\\data\\schemas\\astropy.org\\astropy\\coordinates\\frames\\fk4noeterms-1.0.0.yaml', 'astropy\\io\\misc\\asdf\\data\\schemas\\astropy.org\\astropy\\coordinates\\frames'), ('c:\\users\\hatzakis group\\pycharmprojects\\deepfret-gui\\venv2\\lib\\site-packages\\astropy\\io\\misc\\asdf\\data\\schemas\\astropy.org\\astropy\\coordinates\\frames\\fk5-1.0.0.yaml', 'astropy\\io\\misc\\asdf\\data\\schemas\\astropy.org\\astropy\\coordinates\\frames'), ('c:\\users\\hatzakis group\\pycharmprojects\\deepfret-gui\\venv2\\lib\\site-packages\\astropy\\io\\misc\\asdf\\data\\schemas\\astropy.org\\astropy\\coordinates\\frames\\galactic-1.0.0.yaml', 'astropy\\io\\misc\\asdf\\data\\schemas\\astropy.org\\astropy\\coordinates\\frames'), ('c:\\users\\hatzakis group\\pycharmprojects\\deepfret-gui\\venv2\\lib\\site-packages\\astropy\\io\\misc\\asdf\\data\\schemas\\astropy.org\\astropy\\coordinates\\frames\\galactocentric-1.0.0.yaml', 'astropy\\io\\misc\\asdf\\data\\schemas\\astropy.org\\astropy\\coordinates\\frames'), ('c:\\users\\hatzakis group\\pycharmprojects\\deepfret-gui\\venv2\\lib\\site-packages\\astropy\\io\\misc\\asdf\\data\\schemas\\astropy.org\\astropy\\coordinates\\frames\\gcrs-1.0.0.yaml', 'astropy\\io\\misc\\asdf\\data\\schemas\\astropy.org\\astropy\\coordinates\\frames'), ('c:\\users\\hatzakis group\\pycharmprojects\\deepfret-gui\\venv2\\lib\\site-packages\\astropy\\io\\misc\\asdf\\data\\schemas\\astropy.org\\astropy\\coordinates\\frames\\icrs-1.0.0.yaml', 'astropy\\io\\misc\\asdf\\data\\schemas\\astropy.org\\astropy\\coordinates\\frames'), ('c:\\users\\hatzakis group\\pycharmprojects\\deepfret-gui\\venv2\\lib\\site-packages\\astropy\\io\\misc\\asdf\\data\\schemas\\astropy.org\\astropy\\coordinates\\frames\\icrs-1.1.0.yaml', 'astropy\\io\\misc\\asdf\\data\\schemas\\astropy.org\\astropy\\coordinates\\frames'), ('c:\\users\\hatzakis group\\pycharmprojects\\deepfret-gui\\venv2\\lib\\site-packages\\astropy\\io\\misc\\asdf\\data\\schemas\\astropy.org\\astropy\\coordinates\\frames\\itrs-1.0.0.yaml', 'astropy\\io\\misc\\asdf\\data\\schemas\\astropy.org\\astropy\\coordinates\\frames'), ('c:\\users\\hatzakis group\\pycharmprojects\\deepfret-gui\\venv2\\lib\\site-packages\\astropy\\io\\misc\\asdf\\data\\schemas\\astropy.org\\astropy\\coordinates\\frames\\precessedgeocentric-1.0.0.yaml', 'astropy\\io\\misc\\asdf\\data\\schemas\\astropy.org\\astropy\\coordinates\\frames'), ('c:\\users\\hatzakis group\\pycharmprojects\\deepfret-gui\\venv2\\lib\\site-packages\\astropy\\io\\misc\\asdf\\data\\schemas\\astropy.org\\astropy\\fits\\fits-1.0.0.yaml', 'astropy\\io\\misc\\asdf\\data\\schemas\\astropy.org\\astropy\\fits'), ('c:\\users\\hatzakis group\\pycharmprojects\\deepfret-gui\\venv2\\lib\\site-packages\\astropy\\io\\misc\\asdf\\data\\schemas\\astropy.org\\astropy\\table\\table-1.0.0.yaml', 'astropy\\io\\misc\\asdf\\data\\schemas\\astropy.org\\astropy\\table'), ('c:\\users\\hatzakis group\\pycharmprojects\\deepfret-gui\\venv2\\lib\\site-packages\\astropy\\io\\misc\\asdf\\data\\schemas\\astropy.org\\astropy\\time\\timedelta-1.0.0.yaml', 'astropy\\io\\misc\\asdf\\data\\schemas\\astropy.org\\astropy\\time'), ('c:\\users\\hatzakis group\\pycharmprojects\\deepfret-gui\\venv2\\lib\\site-packages\\astropy\\io\\misc\\asdf\\data\\schemas\\astropy.org\\astropy\\units\\equivalency-1.0.0.yaml', 'astropy\\io\\misc\\asdf\\data\\schemas\\astropy.org\\astropy\\units'), ('c:\\users\\hatzakis group\\pycharmprojects\\deepfret-gui\\venv2\\lib\\site-packages\\astropy\\io\\misc\\asdf\\tags\\fits\\tests\\data\\complex.fits', 'astropy\\io\\misc\\asdf\\tags\\fits\\tests\\data'), ('c:\\users\\hatzakis group\\pycharmprojects\\deepfret-gui\\venv2\\lib\\site-packages\\astropy\\io\\misc\\tests\\data\\old_meta_example.hdf5', 'astropy\\io\\misc\\tests\\data'), ('c:\\users\\hatzakis group\\pycharmprojects\\deepfret-gui\\venv2\\lib\\site-packages\\astropy\\io\\votable\\data\\ucd1p-words.txt', 'astropy\\io\\votable\\data'), ('c:\\users\\hatzakis group\\pycharmprojects\\deepfret-gui\\venv2\\lib\\site-packages\\astropy\\io\\votable\\data\\VOTable.dtd', 'astropy\\io\\votable\\data'), ('c:\\users\\hatzakis group\\pycharmprojects\\deepfret-gui\\venv2\\lib\\site-packages\\astropy\\io\\votable\\data\\VOTable.v1.1.xsd', 'astropy\\io\\votable\\data'), ('c:\\users\\hatzakis group\\pycharmprojects\\deepfret-gui\\venv2\\lib\\site-packages\\astropy\\io\\votable\\data\\VOTable.v1.2.xsd', 'astropy\\io\\votable\\data'), ('c:\\users\\hatzakis group\\pycharmprojects\\deepfret-gui\\venv2\\lib\\site-packages\\astropy\\io\\votable\\data\\VOTable.v1.3.xsd', 'astropy\\io\\votable\\data'), ('c:\\users\\hatzakis group\\pycharmprojects\\deepfret-gui\\venv2\\lib\\site-packages\\astropy\\io\\votable\\data\\VOTable.v1.4.xsd', 'astropy\\io\\votable\\data'), ('c:\\users\\hatzakis group\\pycharmprojects\\deepfret-gui\\venv2\\lib\\site-packages\\astropy\\io\\votable\\tests\\data\\binary2_masked_strings.xml', 'astropy\\io\\votable\\tests\\data'), ('c:\\users\\hatzakis group\\pycharmprojects\\deepfret-gui\\venv2\\lib\\site-packages\\astropy\\io\\votable\\tests\\data\\custom_datatype.xml', 'astropy\\io\\votable\\tests\\data'), ('c:\\users\\hatzakis group\\pycharmprojects\\deepfret-gui\\venv2\\lib\\site-packages\\astropy\\io\\votable\\tests\\data\\empty_table.xml', 'astropy\\io\\votable\\tests\\data'), ('c:\\users\\hatzakis group\\pycharmprojects\\deepfret-gui\\venv2\\lib\\site-packages\\astropy\\io\\votable\\tests\\data\\gemini.xml', 'astropy\\io\\votable\\tests\\data'), ('c:\\users\\hatzakis group\\pycharmprojects\\deepfret-gui\\venv2\\lib\\site-packages\\astropy\\io\\votable\\tests\\data\\irsa-nph-error.xml', 'astropy\\io\\votable\\tests\\data'), ('c:\\users\\hatzakis group\\pycharmprojects\\deepfret-gui\\venv2\\lib\\site-packages\\astropy\\io\\votable\\tests\\data\\irsa-nph-m31.xml', 'astropy\\io\\votable\\tests\\data'), ('c:\\users\\hatzakis group\\pycharmprojects\\deepfret-gui\\venv2\\lib\\site-packages\\astropy\\io\\votable\\tests\\data\\names.xml', 'astropy\\io\\votable\\tests\\data'), ('c:\\users\\hatzakis group\\pycharmprojects\\deepfret-gui\\venv2\\lib\\site-packages\\astropy\\io\\votable\\tests\\data\\nonstandard_units.xml', 'astropy\\io\\votable\\tests\\data'), ('c:\\users\\hatzakis group\\pycharmprojects\\deepfret-gui\\venv2\\lib\\site-packages\\astropy\\io\\votable\\tests\\data\\no_resource.txt', 'astropy\\io\\votable\\tests\\data'), ('c:\\users\\hatzakis group\\pycharmprojects\\deepfret-gui\\venv2\\lib\\site-packages\\astropy\\io\\votable\\tests\\data\\no_resource.xml', 'astropy\\io\\votable\\tests\\data'), ('c:\\users\\hatzakis group\\pycharmprojects\\deepfret-gui\\venv2\\lib\\site-packages\\astropy\\io\\votable\\tests\\data\\regression.bin.tabledata.truth.1.1.xml', 'astropy\\io\\votable\\tests\\data'), ('c:\\users\\hatzakis group\\pycharmprojects\\deepfret-gui\\venv2\\lib\\site-packages\\astropy\\io\\votable\\tests\\data\\regression.bin.tabledata.truth.1.3.xml', 'astropy\\io\\votable\\tests\\data'), ('c:\\users\\hatzakis group\\pycharmprojects\\deepfret-gui\\venv2\\lib\\site-packages\\astropy\\io\\votable\\tests\\data\\regression.xml', 'astropy\\io\\votable\\tests\\data'), ('c:\\users\\hatzakis group\\pycharmprojects\\deepfret-gui\\venv2\\lib\\site-packages\\astropy\\io\\votable\\tests\\data\\resource_groups.xml', 'astropy\\io\\votable\\tests\\data'), ('c:\\users\\hatzakis group\\pycharmprojects\\deepfret-gui\\venv2\\lib\\site-packages\\astropy\\io\\votable\\tests\\data\\tb.fits', 'astropy\\io\\votable\\tests\\data'), ('c:\\users\\hatzakis group\\pycharmprojects\\deepfret-gui\\venv2\\lib\\site-packages\\astropy\\io\\votable\\tests\\data\\timesys.xml', 'astropy\\io\\votable\\tests\\data'), ('c:\\users\\hatzakis group\\pycharmprojects\\deepfret-gui\\venv2\\lib\\site-packages\\astropy\\io\\votable\\tests\\data\\timesys_errors.xml', 'astropy\\io\\votable\\tests\\data'), ('c:\\users\\hatzakis group\\pycharmprojects\\deepfret-gui\\venv2\\lib\\site-packages\\astropy\\io\\votable\\tests\\data\\too_many_columns.xml.gz', 'astropy\\io\\votable\\tests\\data'), ('c:\\users\\hatzakis group\\pycharmprojects\\deepfret-gui\\venv2\\lib\\site-packages\\astropy\\io\\votable\\tests\\data\\validation.txt', 'astropy\\io\\votable\\tests\\data'), ('c:\\users\\hatzakis group\\pycharmprojects\\deepfret-gui\\venv2\\lib\\site-packages\\astropy\\io\\votable\\validator\\data\\urls\\cone.big.dat.gz', 'astropy\\io\\votable\\validator\\data\\urls'), ('c:\\users\\hatzakis group\\pycharmprojects\\deepfret-gui\\venv2\\lib\\site-packages\\astropy\\io\\votable\\validator\\data\\urls\\cone.broken.dat.gz', 'astropy\\io\\votable\\validator\\data\\urls'), ('c:\\users\\hatzakis group\\pycharmprojects\\deepfret-gui\\venv2\\lib\\site-packages\\astropy\\io\\votable\\validator\\data\\urls\\cone.good.dat.gz', 'astropy\\io\\votable\\validator\\data\\urls'), ('c:\\users\\hatzakis group\\pycharmprojects\\deepfret-gui\\venv2\\lib\\site-packages\\astropy\\io\\votable\\validator\\data\\urls\\cone.incorrect.dat.gz', 'astropy\\io\\votable\\validator\\data\\urls'), ('c:\\users\\hatzakis group\\pycharmprojects\\deepfret-gui\\venv2\\lib\\site-packages\\astropy\\modeling\\tests\\data\\1904-66_AZP.fits', 'astropy\\modeling\\tests\\data'), ('c:\\users\\hatzakis group\\pycharmprojects\\deepfret-gui\\venv2\\lib\\site-packages\\astropy\\modeling\\tests\\data\\hst_sip.hdr', 'astropy\\modeling\\tests\\data'), ('c:\\users\\hatzakis group\\pycharmprojects\\deepfret-gui\\venv2\\lib\\site-packages\\astropy\\modeling\\tests\\data\\idcompspec.fits', 'astropy\\modeling\\tests\\data'), ('c:\\users\\hatzakis group\\pycharmprojects\\deepfret-gui\\venv2\\lib\\site-packages\\astropy\\modeling\\tests\\data\\irac_sip.hdr', 'astropy\\modeling\\tests\\data'), ('c:\\users\\hatzakis group\\pycharmprojects\\deepfret-gui\\venv2\\lib\\site-packages\\astropy\\modeling\\tests\\data\\spec.txt', 'astropy\\modeling\\tests\\data'), ('c:\\users\\hatzakis group\\pycharmprojects\\deepfret-gui\\venv2\\lib\\site-packages\\astropy\\nddata\\tests\\data\\sip-wcs.fits', 'astropy\\nddata\\tests\\data'), ('c:\\users\\hatzakis group\\pycharmprojects\\deepfret-gui\\venv2\\lib\\site-packages\\astropy\\samp\\data\\astropy_icon.png', 'astropy\\samp\\data'), ('c:\\users\\hatzakis group\\pycharmprojects\\deepfret-gui\\venv2\\lib\\site-packages\\astropy\\samp\\data\\clientaccesspolicy.xml', 'astropy\\samp\\data'), ('c:\\users\\hatzakis group\\pycharmprojects\\deepfret-gui\\venv2\\lib\\site-packages\\astropy\\samp\\data\\crossdomain.xml', 'astropy\\samp\\data'), ('c:\\users\\hatzakis group\\pycharmprojects\\deepfret-gui\\venv2\\lib\\site-packages\\astropy\\tests\\coveragerc', 'astropy\\tests'), ('c:\\users\\hatzakis group\\pycharmprojects\\deepfret-gui\\venv2\\lib\\site-packages\\astropy\\timeseries\\tests\\data\\binned.csv', 'astropy\\timeseries\\tests\\data'), ('c:\\users\\hatzakis group\\pycharmprojects\\deepfret-gui\\venv2\\lib\\site-packages\\astropy\\timeseries\\tests\\data\\sampled.csv', 'astropy\\timeseries\\tests\\data'), ('c:\\users\\hatzakis group\\pycharmprojects\\deepfret-gui\\venv2\\lib\\site-packages\\astropy\\utils\\iers\\data\\eopc04_IAU2000.62-now', 'astropy\\utils\\iers\\data'), ('c:\\users\\hatzakis group\\pycharmprojects\\deepfret-gui\\venv2\\lib\\site-packages\\astropy\\utils\\iers\\data\\Leap_Second.dat', 'astropy\\utils\\iers\\data'), ('c:\\users\\hatzakis group\\pycharmprojects\\deepfret-gui\\venv2\\lib\\site-packages\\astropy\\utils\\iers\\data\\ReadMe.eopc04_IAU2000', 'astropy\\utils\\iers\\data'), ('c:\\users\\hatzakis group\\pycharmprojects\\deepfret-gui\\venv2\\lib\\site-packages\\astropy\\utils\\iers\\data\\ReadMe.finals2000A', 'astropy\\utils\\iers\\data'), ('c:\\users\\hatzakis group\\pycharmprojects\\deepfret-gui\\venv2\\lib\\site-packages\\astropy\\utils\\iers\\data\\update_builtin_iers.sh', 'astropy\\utils\\iers\\data'), ('c:\\users\\hatzakis group\\pycharmprojects\\deepfret-gui\\venv2\\lib\\site-packages\\astropy\\utils\\iers\\tests\\data\\finals2000A-2016-02-30-test', 'astropy\\utils\\iers\\tests\\data'), ('c:\\users\\hatzakis group\\pycharmprojects\\deepfret-gui\\venv2\\lib\\site-packages\\astropy\\utils\\iers\\tests\\data\\finals2000A-2016-04-30-test', 'astropy\\utils\\iers\\tests\\data'), ('c:\\users\\hatzakis group\\pycharmprojects\\deepfret-gui\\venv2\\lib\\site-packages\\astropy\\utils\\iers\\tests\\data\\iers_a_excerpt', 'astropy\\utils\\iers\\tests\\data'), ('c:\\users\\hatzakis group\\pycharmprojects\\deepfret-gui\\venv2\\lib\\site-packages\\astropy\\utils\\iers\\tests\\data\\leap-seconds.list', 'astropy\\utils\\iers\\tests\\data'), ('c:\\users\\hatzakis group\\pycharmprojects\\deepfret-gui\\venv2\\lib\\site-packages\\astropy\\utils\\tests\\data\\.hidden_file.txt', 'astropy\\utils\\tests\\data'), ('c:\\users\\hatzakis group\\pycharmprojects\\deepfret-gui\\venv2\\lib\\site-packages\\astropy\\utils\\tests\\data\\alias.cfg', 'astropy\\utils\\tests\\data'), ('c:\\users\\hatzakis group\\pycharmprojects\\deepfret-gui\\venv2\\lib\\site-packages\\astropy\\utils\\tests\\data\\local.dat', 'astropy\\utils\\tests\\data'), ('c:\\users\\hatzakis group\\pycharmprojects\\deepfret-gui\\venv2\\lib\\site-packages\\astropy\\utils\\tests\\data\\local.dat.bz2', 'astropy\\utils\\tests\\data'), ('c:\\users\\hatzakis group\\pycharmprojects\\deepfret-gui\\venv2\\lib\\site-packages\\astropy\\utils\\tests\\data\\local.dat.gz', 'astropy\\utils\\tests\\data'), ('c:\\users\\hatzakis group\\pycharmprojects\\deepfret-gui\\venv2\\lib\\site-packages\\astropy\\utils\\tests\\data\\local.dat.xz', 'astropy\\utils\\tests\\data'), ('c:\\users\\hatzakis group\\pycharmprojects\\deepfret-gui\\venv2\\lib\\site-packages\\astropy\\utils\\tests\\data\\unicode.txt', 'astropy\\utils\\tests\\data'), ('c:\\users\\hatzakis group\\pycharmprojects\\deepfret-gui\\venv2\\lib\\site-packages\\astropy\\utils\\tests\\data\\unicode.txt.bz2', 'astropy\\utils\\tests\\data'), ('c:\\users\\hatzakis group\\pycharmprojects\\deepfret-gui\\venv2\\lib\\site-packages\\astropy\\utils\\tests\\data\\unicode.txt.gz', 'astropy\\utils\\tests\\data'), ('c:\\users\\hatzakis group\\pycharmprojects\\deepfret-gui\\venv2\\lib\\site-packages\\astropy\\utils\\tests\\data\\unicode.txt.xz', 'astropy\\utils\\tests\\data'), ('c:\\users\\hatzakis group\\pycharmprojects\\deepfret-gui\\venv2\\lib\\site-packages\\astropy\\utils\\tests\\data\\dataurl\\index.html', 'astropy\\utils\\tests\\data\\dataurl'), ('c:\\users\\hatzakis group\\pycharmprojects\\deepfret-gui\\venv2\\lib\\site-packages\\astropy\\utils\\tests\\data\\dataurl_mirror\\index.html', 'astropy\\utils\\tests\\data\\dataurl_mirror'), ('c:\\users\\hatzakis group\\pycharmprojects\\deepfret-gui\\venv2\\lib\\site-packages\\astropy\\utils\\tests\\data\\test_package\\data\\foo.txt', 'astropy\\utils\\tests\\data\\test_package\\data'), ('c:\\users\\hatzakis group\\pycharmprojects\\deepfret-gui\\venv2\\lib\\site-packages\\astropy\\visualization\\wcsaxes\\tests\\data\\2MASS_k_header', 'astropy\\visualization\\wcsaxes\\tests\\data'), ('c:\\users\\hatzakis group\\pycharmprojects\\deepfret-gui\\venv2\\lib\\site-packages\\astropy\\visualization\\wcsaxes\\tests\\data\\cube_header', 'astropy\\visualization\\wcsaxes\\tests\\data'), ('c:\\users\\hatzakis group\\pycharmprojects\\deepfret-gui\\venv2\\lib\\site-packages\\astropy\\visualization\\wcsaxes\\tests\\data\\msx_header', 'astropy\\visualization\\wcsaxes\\tests\\data'), ('c:\\users\\hatzakis group\\pycharmprojects\\deepfret-gui\\venv2\\lib\\site-packages\\astropy\\visualization\\wcsaxes\\tests\\data\\rosat_header', 'astropy\\visualization\\wcsaxes\\tests\\data'), ('c:\\users\\hatzakis group\\pycharmprojects\\deepfret-gui\\venv2\\lib\\site-packages\\astropy\\visualization\\wcsaxes\\tests\\data\\slice_header', 'astropy\\visualization\\wcsaxes\\tests\\data'), ('c:\\users\\hatzakis group\\pycharmprojects\\deepfret-gui\\venv2\\lib\\site-packages\\astropy\\wcs\\include\\astropy_wcs_api.h', 'astropy\\wcs\\include'), ('c:\\users\\hatzakis group\\pycharmprojects\\deepfret-gui\\venv2\\lib\\site-packages\\astropy\\wcs\\include\\astropy_wcs\\astropy_wcs.h', 'astropy\\wcs\\include\\astropy_wcs'), ('c:\\users\\hatzakis group\\pycharmprojects\\deepfret-gui\\venv2\\lib\\site-packages\\astropy\\wcs\\include\\astropy_wcs\\astropy_wcs_api.h', 'astropy\\wcs\\include\\astropy_wcs'), ('c:\\users\\hatzakis group\\pycharmprojects\\deepfret-gui\\venv2\\lib\\site-packages\\astropy\\wcs\\include\\astropy_wcs\\distortion.h', 'astropy\\wcs\\include\\astropy_wcs'), ('c:\\users\\hatzakis group\\pycharmprojects\\deepfret-gui\\venv2\\lib\\site-packages\\astropy\\wcs\\include\\astropy_wcs\\isnan.h', 'astropy\\wcs\\include\\astropy_wcs'), ('c:\\users\\hatzakis group\\pycharmprojects\\deepfret-gui\\venv2\\lib\\site-packages\\astropy\\wcs\\include\\astropy_wcs\\pipeline.h', 'astropy\\wcs\\include\\astropy_wcs'), ('c:\\users\\hatzakis group\\pycharmprojects\\deepfret-gui\\venv2\\lib\\site-packages\\astropy\\wcs\\include\\astropy_wcs\\pyutil.h', 'astropy\\wcs\\include\\astropy_wcs'), ('c:\\users\\hatzakis group\\pycharmprojects\\deepfret-gui\\venv2\\lib\\site-packages\\astropy\\wcs\\include\\astropy_wcs\\sip.h', 'astropy\\wcs\\include\\astropy_wcs'), ('c:\\users\\hatzakis group\\pycharmprojects\\deepfret-gui\\venv2\\lib\\site-packages\\astropy\\wcs\\include\\astropy_wcs\\util.h', 'astropy\\wcs\\include\\astropy_wcs'), ('c:\\users\\hatzakis group\\pycharmprojects\\deepfret-gui\\venv2\\lib\\site-packages\\astropy\\wcs\\include\\astropy_wcs\\wcsconfig.h', 'astropy\\wcs\\include\\astropy_wcs'), ('c:\\users\\hatzakis group\\pycharmprojects\\deepfret-gui\\venv2\\lib\\site-packages\\astropy\\wcs\\include\\wcslib\\cel.h', 'astropy\\wcs\\include\\wcslib'), ('c:\\users\\hatzakis group\\pycharmprojects\\deepfret-gui\\venv2\\lib\\site-packages\\astropy\\wcs\\include\\wcslib\\lin.h', 'astropy\\wcs\\include\\wcslib'), ('c:\\users\\hatzakis group\\pycharmprojects\\deepfret-gui\\venv2\\lib\\site-packages\\astropy\\wcs\\include\\wcslib\\prj.h', 'astropy\\wcs\\include\\wcslib'), ('c:\\users\\hatzakis group\\pycharmprojects\\deepfret-gui\\venv2\\lib\\site-packages\\astropy\\wcs\\include\\wcslib\\spc.h', 'astropy\\wcs\\include\\wcslib'), ('c:\\users\\hatzakis group\\pycharmprojects\\deepfret-gui\\venv2\\lib\\site-packages\\astropy\\wcs\\include\\wcslib\\spx.h', 'astropy\\wcs\\include\\wcslib'), ('c:\\users\\hatzakis group\\pycharmprojects\\deepfret-gui\\venv2\\lib\\site-packages\\astropy\\wcs\\include\\wcslib\\tab.h', 'astropy\\wcs\\include\\wcslib'), ('c:\\users\\hatzakis group\\pycharmprojects\\deepfret-gui\\venv2\\lib\\site-packages\\astropy\\wcs\\include\\wcslib\\wcs.h', 'astropy\\wcs\\include\\wcslib'), ('c:\\users\\hatzakis group\\pycharmprojects\\deepfret-gui\\venv2\\lib\\site-packages\\astropy\\wcs\\include\\wcslib\\wcserr.h', 'astropy\\wcs\\include\\wcslib'), ('c:\\users\\hatzakis group\\pycharmprojects\\deepfret-gui\\venv2\\lib\\site-packages\\astropy\\wcs\\include\\wcslib\\wcsmath.h', 'astropy\\wcs\\include\\wcslib'), ('c:\\users\\hatzakis group\\pycharmprojects\\deepfret-gui\\venv2\\lib\\site-packages\\astropy\\wcs\\include\\wcslib\\wcsprintf.h', 'astropy\\wcs\\include\\wcslib'), ('c:\\users\\hatzakis group\\pycharmprojects\\deepfret-gui\\venv2\\lib\\site-packages\\astropy\\wcs\\tests\\data\\2wcses.hdr', 'astropy\\wcs\\tests\\data'), ('c:\\users\\hatzakis group\\pycharmprojects\\deepfret-gui\\venv2\\lib\\site-packages\\astropy\\wcs\\tests\\data\\3d_cd.hdr', 'astropy\\wcs\\tests\\data'), ('c:\\users\\hatzakis group\\pycharmprojects\\deepfret-gui\\venv2\\lib\\site-packages\\astropy\\wcs\\tests\\data\\defunct_keywords.hdr', 'astropy\\wcs\\tests\\data'), ('c:\\users\\hatzakis group\\pycharmprojects\\deepfret-gui\\venv2\\lib\\site-packages\\astropy\\wcs\\tests\\data\\dist.fits', 'astropy\\wcs\\tests\\data'), ('c:\\users\\hatzakis group\\pycharmprojects\\deepfret-gui\\venv2\\lib\\site-packages\\astropy\\wcs\\tests\\data\\dist_lookup.fits.gz', 'astropy\\wcs\\tests\\data'), ('c:\\users\\hatzakis group\\pycharmprojects\\deepfret-gui\\venv2\\lib\\site-packages\\astropy\\wcs\\tests\\data\\header_newlines.fits', 'astropy\\wcs\\tests\\data'), ('c:\\users\\hatzakis group\\pycharmprojects\\deepfret-gui\\venv2\\lib\\site-packages\\astropy\\wcs\\tests\\data\\header_with_time.fits', 'astropy\\wcs\\tests\\data'), ('c:\\users\\hatzakis group\\pycharmprojects\\deepfret-gui\\venv2\\lib\\site-packages\\astropy\\wcs\\tests\\data\\header_with_time_wcslib71.fits', 'astropy\\wcs\\tests\\data'), ('c:\\users\\hatzakis group\\pycharmprojects\\deepfret-gui\\venv2\\lib\\site-packages\\astropy\\wcs\\tests\\data\\invalid_header.hdr', 'astropy\\wcs\\tests\\data'), ('c:\\users\\hatzakis group\\pycharmprojects\\deepfret-gui\\venv2\\lib\\site-packages\\astropy\\wcs\\tests\\data\\irac_sip.hdr', 'astropy\\wcs\\tests\\data'), ('c:\\users\\hatzakis group\\pycharmprojects\\deepfret-gui\\venv2\\lib\\site-packages\\astropy\\wcs\\tests\\data\\j94f05bgq_flt.fits', 'astropy\\wcs\\tests\\data'), ('c:\\users\\hatzakis group\\pycharmprojects\\deepfret-gui\\venv2\\lib\\site-packages\\astropy\\wcs\\tests\\data\\locale.hdr', 'astropy\\wcs\\tests\\data'), ('c:\\users\\hatzakis group\\pycharmprojects\\deepfret-gui\\venv2\\lib\\site-packages\\astropy\\wcs\\tests\\data\\nonstandard_units.hdr', 'astropy\\wcs\\tests\\data'), ('c:\\users\\hatzakis group\\pycharmprojects\\deepfret-gui\\venv2\\lib\\site-packages\\astropy\\wcs\\tests\\data\\outside_sky.hdr', 'astropy\\wcs\\tests\\data'), ('c:\\users\\hatzakis group\\pycharmprojects\\deepfret-gui\\venv2\\lib\\site-packages\\astropy\\wcs\\tests\\data\\sip-broken.hdr', 'astropy\\wcs\\tests\\data'), ('c:\\users\\hatzakis group\\pycharmprojects\\deepfret-gui\\venv2\\lib\\site-packages\\astropy\\wcs\\tests\\data\\sip.fits', 'astropy\\wcs\\tests\\data'), ('c:\\users\\hatzakis group\\pycharmprojects\\deepfret-gui\\venv2\\lib\\site-packages\\astropy\\wcs\\tests\\data\\sip2.fits', 'astropy\\wcs\\tests\\data'), ('c:\\users\\hatzakis group\\pycharmprojects\\deepfret-gui\\venv2\\lib\\site-packages\\astropy\\wcs\\tests\\data\\siponly.hdr', 'astropy\\wcs\\tests\\data'), ('c:\\users\\hatzakis group\\pycharmprojects\\deepfret-gui\\venv2\\lib\\site-packages\\astropy\\wcs\\tests\\data\\sub-segfault.hdr', 'astropy\\wcs\\tests\\data'), ('c:\\users\\hatzakis group\\pycharmprojects\\deepfret-gui\\venv2\\lib\\site-packages\\astropy\\wcs\\tests\\data\\too_many_pv.hdr', 'astropy\\wcs\\tests\\data'), ('c:\\users\\hatzakis group\\pycharmprojects\\deepfret-gui\\venv2\\lib\\site-packages\\astropy\\wcs\\tests\\data\\tpvonly.hdr', 'astropy\\wcs\\tests\\data'), ('c:\\users\\hatzakis group\\pycharmprojects\\deepfret-gui\\venv2\\lib\\site-packages\\astropy\\wcs\\tests\\data\\unit.hdr', 'astropy\\wcs\\tests\\data'), ('c:\\users\\hatzakis group\\pycharmprojects\\deepfret-gui\\venv2\\lib\\site-packages\\astropy\\wcs\\tests\\data\\validate.5.0.txt', 'astropy\\wcs\\tests\\data'), ('c:\\users\\hatzakis group\\pycharmprojects\\deepfret-gui\\venv2\\lib\\site-packages\\astropy\\wcs\\tests\\data\\validate.5.13.txt', 'astropy\\wcs\\tests\\data'), ('c:\\users\\hatzakis group\\pycharmprojects\\deepfret-gui\\venv2\\lib\\site-packages\\astropy\\wcs\\tests\\data\\validate.6.txt', 'astropy\\wcs\\tests\\data'), ('c:\\users\\hatzakis group\\pycharmprojects\\deepfret-gui\\venv2\\lib\\site-packages\\astropy\\wcs\\tests\\data\\validate.fits', 'astropy\\wcs\\tests\\data'), ('c:\\users\\hatzakis group\\pycharmprojects\\deepfret-gui\\venv2\\lib\\site-packages\\astropy\\wcs\\tests\\data\\validate.txt', 'astropy\\wcs\\tests\\data'), ('c:\\users\\hatzakis group\\pycharmprojects\\deepfret-gui\\venv2\\lib\\site-packages\\astropy\\wcs\\tests\\data\\zpn-hole.hdr', 'astropy\\wcs\\tests\\data'), ('c:\\users\\hatzakis group\\pycharmprojects\\deepfret-gui\\venv2\\lib\\site-packages\\astropy\\wcs\\tests\\data\\maps\\1904-66_AIR.hdr', 'astropy\\wcs\\tests\\data\\maps'), ('c:\\users\\hatzakis group\\pycharmprojects\\deepfret-gui\\venv2\\lib\\site-packages\\astropy\\wcs\\tests\\data\\maps\\1904-66_AIT.hdr', 'astropy\\wcs\\tests\\data\\maps'), ('c:\\users\\hatzakis group\\pycharmprojects\\deepfret-gui\\venv2\\lib\\site-packages\\astropy\\wcs\\tests\\data\\maps\\1904-66_ARC.hdr', 'astropy\\wcs\\tests\\data\\maps'), ('c:\\users\\hatzakis group\\pycharmprojects\\deepfret-gui\\venv2\\lib\\site-packages\\astropy\\wcs\\tests\\data\\maps\\1904-66_AZP.hdr', 'astropy\\wcs\\tests\\data\\maps'), ('c:\\users\\hatzakis group\\pycharmprojects\\deepfret-gui\\venv2\\lib\\site-packages\\astropy\\wcs\\tests\\data\\maps\\1904-66_BON.hdr', 'astropy\\wcs\\tests\\data\\maps'), ('c:\\users\\hatzakis group\\pycharmprojects\\deepfret-gui\\venv2\\lib\\site-packages\\astropy\\wcs\\tests\\data\\maps\\1904-66_CAR.hdr', 'astropy\\wcs\\tests\\data\\maps'), ('c:\\users\\hatzakis group\\pycharmprojects\\deepfret-gui\\venv2\\lib\\site-packages\\astropy\\wcs\\tests\\data\\maps\\1904-66_CEA.hdr', 'astropy\\wcs\\tests\\data\\maps'), ('c:\\users\\hatzakis group\\pycharmprojects\\deepfret-gui\\venv2\\lib\\site-packages\\astropy\\wcs\\tests\\data\\maps\\1904-66_COD.hdr', 'astropy\\wcs\\tests\\data\\maps'), ('c:\\users\\hatzakis group\\pycharmprojects\\deepfret-gui\\venv2\\lib\\site-packages\\astropy\\wcs\\tests\\data\\maps\\1904-66_COE.hdr', 'astropy\\wcs\\tests\\data\\maps'), ('c:\\users\\hatzakis group\\pycharmprojects\\deepfret-gui\\venv2\\lib\\site-packages\\astropy\\wcs\\tests\\data\\maps\\1904-66_COO.hdr', 'astropy\\wcs\\tests\\data\\maps'), ('c:\\users\\hatzakis group\\pycharmprojects\\deepfret-gui\\venv2\\lib\\site-packages\\astropy\\wcs\\tests\\data\\maps\\1904-66_COP.hdr', 'astropy\\wcs\\tests\\data\\maps'), ('c:\\users\\hatzakis group\\pycharmprojects\\deepfret-gui\\venv2\\lib\\site-packages\\astropy\\wcs\\tests\\data\\maps\\1904-66_CSC.hdr', 'astropy\\wcs\\tests\\data\\maps'), ('c:\\users\\hatzakis group\\pycharmprojects\\deepfret-gui\\venv2\\lib\\site-packages\\astropy\\wcs\\tests\\data\\maps\\1904-66_CYP.hdr', 'astropy\\wcs\\tests\\data\\maps'), ('c:\\users\\hatzakis group\\pycharmprojects\\deepfret-gui\\venv2\\lib\\site-packages\\astropy\\wcs\\tests\\data\\maps\\1904-66_HPX.hdr', 'astropy\\wcs\\tests\\data\\maps'), ('c:\\users\\hatzakis group\\pycharmprojects\\deepfret-gui\\venv2\\lib\\site-packages\\astropy\\wcs\\tests\\data\\maps\\1904-66_MER.hdr', 'astropy\\wcs\\tests\\data\\maps'), ('c:\\users\\hatzakis group\\pycharmprojects\\deepfret-gui\\venv2\\lib\\site-packages\\astropy\\wcs\\tests\\data\\maps\\1904-66_MOL.hdr', 'astropy\\wcs\\tests\\data\\maps'), ('c:\\users\\hatzakis group\\pycharmprojects\\deepfret-gui\\venv2\\lib\\site-packages\\astropy\\wcs\\tests\\data\\maps\\1904-66_NCP.hdr', 'astropy\\wcs\\tests\\data\\maps'), ('c:\\users\\hatzakis group\\pycharmprojects\\deepfret-gui\\venv2\\lib\\site-packages\\astropy\\wcs\\tests\\data\\maps\\1904-66_PAR.hdr', 'astropy\\wcs\\tests\\data\\maps'), ('c:\\users\\hatzakis group\\pycharmprojects\\deepfret-gui\\venv2\\lib\\site-packages\\astropy\\wcs\\tests\\data\\maps\\1904-66_PCO.hdr', 'astropy\\wcs\\tests\\data\\maps'), ('c:\\users\\hatzakis group\\pycharmprojects\\deepfret-gui\\venv2\\lib\\site-packages\\astropy\\wcs\\tests\\data\\maps\\1904-66_QSC.hdr', 'astropy\\wcs\\tests\\data\\maps'), ('c:\\users\\hatzakis group\\pycharmprojects\\deepfret-gui\\venv2\\lib\\site-packages\\astropy\\wcs\\tests\\data\\maps\\1904-66_SFL.hdr', 'astropy\\wcs\\tests\\data\\maps'), ('c:\\users\\hatzakis group\\pycharmprojects\\deepfret-gui\\venv2\\lib\\site-packages\\astropy\\wcs\\tests\\data\\maps\\1904-66_SIN.hdr', 'astropy\\wcs\\tests\\data\\maps'), ('c:\\users\\hatzakis group\\pycharmprojects\\deepfret-gui\\venv2\\lib\\site-packages\\astropy\\wcs\\tests\\data\\maps\\1904-66_STG.hdr', 'astropy\\wcs\\tests\\data\\maps'), ('c:\\users\\hatzakis group\\pycharmprojects\\deepfret-gui\\venv2\\lib\\site-packages\\astropy\\wcs\\tests\\data\\maps\\1904-66_SZP.hdr', 'astropy\\wcs\\tests\\data\\maps'), ('c:\\users\\hatzakis group\\pycharmprojects\\deepfret-gui\\venv2\\lib\\site-packages\\astropy\\wcs\\tests\\data\\maps\\1904-66_TAN.hdr', 'astropy\\wcs\\tests\\data\\maps'), ('c:\\users\\hatzakis group\\pycharmprojects\\deepfret-gui\\venv2\\lib\\site-packages\\astropy\\wcs\\tests\\data\\maps\\1904-66_TSC.hdr', 'astropy\\wcs\\tests\\data\\maps'), ('c:\\users\\hatzakis group\\pycharmprojects\\deepfret-gui\\venv2\\lib\\site-packages\\astropy\\wcs\\tests\\data\\maps\\1904-66_ZEA.hdr', 'astropy\\wcs\\tests\\data\\maps'), ('c:\\users\\hatzakis group\\pycharmprojects\\deepfret-gui\\venv2\\lib\\site-packages\\astropy\\wcs\\tests\\data\\maps\\1904-66_ZPN.hdr', 'astropy\\wcs\\tests\\data\\maps'), ('c:\\users\\hatzakis group\\pycharmprojects\\deepfret-gui\\venv2\\lib\\site-packages\\astropy\\wcs\\tests\\data\\spectra\\orion-freq-1.hdr', 'astropy\\wcs\\tests\\data\\spectra'), ('c:\\users\\hatzakis group\\pycharmprojects\\deepfret-gui\\venv2\\lib\\site-packages\\astropy\\wcs\\tests\\data\\spectra\\orion-freq-4.hdr', 'astropy\\wcs\\tests\\data\\spectra'), ('c:\\users\\hatzakis group\\pycharmprojects\\deepfret-gui\\venv2\\lib\\site-packages\\astropy\\wcs\\tests\\data\\spectra\\orion-velo-1.hdr', 'astropy\\wcs\\tests\\data\\spectra'), ('c:\\users\\hatzakis group\\pycharmprojects\\deepfret-gui\\venv2\\lib\\site-packages\\astropy\\wcs\\tests\\data\\spectra\\orion-velo-4.hdr', 'astropy\\wcs\\tests\\data\\spectra'), ('c:\\users\\hatzakis group\\pycharmprojects\\deepfret-gui\\venv2\\lib\\site-packages\\astropy\\wcs\\tests\\data\\spectra\\orion-wave-1.hdr', 'astropy\\wcs\\tests\\data\\spectra'), ('c:\\users\\hatzakis group\\pycharmprojects\\deepfret-gui\\venv2\\lib\\site-packages\\astropy\\wcs\\tests\\data\\spectra\\orion-wave-4.hdr', 'astropy\\wcs\\tests\\data\\spectra'), ('c:\\users\\hatzakis group\\pycharmprojects\\deepfret-gui\\venv2\\lib\\site-packages\\astropy\\wcs\\tests\\extension\\wcsapi_test.c', 'astropy\\wcs\\tests\\extension'), ('c:\\users\\hatzakis group\\pycharmprojects\\deepfret-gui\\venv2\\lib\\site-packages\\astropy\\wcs\\wcsapi\\data\\ucds.txt', 'astropy\\wcs\\wcsapi\\data')]
64808 INFO: Loading module hook "hook-boto3.py"...
64808 DEBUG: Collecting submodules for boto3.dynamodb
65011 DEBUG: collect_submodules - Found submodules: {'boto3.dynamodb.transform', 'boto3.dynamodb.table', 'boto3.dynamodb', 'boto3.dynamodb.conditions', 'boto3.dynamodb.types'}
65011 DEBUG: Collecting submodules for boto3.ec2
65089 DEBUG: collect_submodules - Found submodules: {'boto3.ec2', 'boto3.ec2.deletetags', 'boto3.ec2.createtags'}
65089 DEBUG: Collecting submodules for boto3.s3
65167 DEBUG: collect_submodules - Found submodules: {'boto3.s3', 'boto3.s3.transfer', 'boto3.s3.inject'}
65167 DEBUG: Collecting data files for boto3
65183 DEBUG: collect_data_files - Found files: [('c:\\users\\hatzakis group\\pycharmprojects\\deepfret-gui\\venv2\\lib\\site-packages\\boto3\\data\\cloudformation\\2010-05-15\\resources-1.json', 'boto3\\data\\cloudformation\\2010-05-15'), ('c:\\users\\hatzakis group\\pycharmprojects\\deepfret-gui\\venv2\\lib\\site-packages\\boto3\\data\\cloudwatch\\2010-08-01\\resources-1.json', 'boto3\\data\\cloudwatch\\2010-08-01'), ('c:\\users\\hatzakis group\\pycharmprojects\\deepfret-gui\\venv2\\lib\\site-packages\\boto3\\data\\dynamodb\\2012-08-10\\resources-1.json', 'boto3\\data\\dynamodb\\2012-08-10'), ('c:\\users\\hatzakis group\\pycharmprojects\\deepfret-gui\\venv2\\lib\\site-packages\\boto3\\data\\ec2\\2014-10-01\\resources-1.json', 'boto3\\data\\ec2\\2014-10-01'), ('c:\\users\\hatzakis group\\pycharmprojects\\deepfret-gui\\venv2\\lib\\site-packages\\boto3\\data\\ec2\\2015-03-01\\resources-1.json', 'boto3\\data\\ec2\\2015-03-01'), ('c:\\users\\hatzakis group\\pycharmprojects\\deepfret-gui\\venv2\\lib\\site-packages\\boto3\\data\\ec2\\2015-04-15\\resources-1.json', 'boto3\\data\\ec2\\2015-04-15'), ('c:\\users\\hatzakis group\\pycharmprojects\\deepfret-gui\\venv2\\lib\\site-packages\\boto3\\data\\ec2\\2015-10-01\\resources-1.json', 'boto3\\data\\ec2\\2015-10-01'), ('c:\\users\\hatzakis group\\pycharmprojects\\deepfret-gui\\venv2\\lib\\site-packages\\boto3\\data\\ec2\\2016-04-01\\resources-1.json', 'boto3\\data\\ec2\\2016-04-01'), ('c:\\users\\hatzakis group\\pycharmprojects\\deepfret-gui\\venv2\\lib\\site-packages\\boto3\\data\\ec2\\2016-09-15\\resources-1.json', 'boto3\\data\\ec2\\2016-09-15'), ('c:\\users\\hatzakis group\\pycharmprojects\\deepfret-gui\\venv2\\lib\\site-packages\\boto3\\data\\ec2\\2016-11-15\\resources-1.json', 'boto3\\data\\ec2\\2016-11-15'), ('c:\\users\\hatzakis group\\pycharmprojects\\deepfret-gui\\venv2\\lib\\site-packages\\boto3\\data\\glacier\\2012-06-01\\resources-1.json', 'boto3\\data\\glacier\\2012-06-01'), ('c:\\users\\hatzakis group\\pycharmprojects\\deepfret-gui\\venv2\\lib\\site-packages\\boto3\\data\\iam\\2010-05-08\\resources-1.json', 'boto3\\data\\iam\\2010-05-08'), ('c:\\users\\hatzakis group\\pycharmprojects\\deepfret-gui\\venv2\\lib\\site-packages\\boto3\\data\\opsworks\\2013-02-18\\resources-1.json', 'boto3\\data\\opsworks\\2013-02-18'), ('c:\\users\\hatzakis group\\pycharmprojects\\deepfret-gui\\venv2\\lib\\site-packages\\boto3\\data\\s3\\2006-03-01\\resources-1.json', 'boto3\\data\\s3\\2006-03-01'), ('c:\\users\\hatzakis group\\pycharmprojects\\deepfret-gui\\venv2\\lib\\site-packages\\boto3\\data\\sns\\2010-03-31\\resources-1.json', 'boto3\\data\\sns\\2010-03-31'), ('c:\\users\\hatzakis group\\pycharmprojects\\deepfret-gui\\venv2\\lib\\site-packages\\boto3\\data\\sqs\\2012-11-05\\resources-1.json', 'boto3\\data\\sqs\\2012-11-05'), ('c:\\users\\hatzakis group\\pycharmprojects\\deepfret-gui\\venv2\\lib\\site-packages\\boto3\\examples\\cloudfront.rst', 'boto3\\examples'), ('c:\\users\\hatzakis group\\pycharmprojects\\deepfret-gui\\venv2\\lib\\site-packages\\boto3\\examples\\s3.rst', 'boto3\\examples')]
65370 INFO: Loading module hook "hook-botocore.py"...
65370 DEBUG: Collecting data files for botocore
65417 DEBUG: collect_data_files - Found files: [('c:\\users\\hatzakis group\\pycharmprojects\\deepfret-gui\\venv2\\lib\\site-packages\\botocore\\cacert.pem', 'botocore'), ('c:\\users\\hatzakis group\\pycharmprojects\\deepfret-gui\\venv2\\lib\\site-packages\\botocore\\data\\endpoints.json', 'botocore\\data'), ('c:\\users\\hatzakis group\\pycharmprojects\\deepfret-gui\\venv2\\lib\\site-packages\\botocore\\data\\_retry.json', 'botocore\\data'), ('c:\\users\\hatzakis group\\pycharmprojects\\deepfret-gui\\venv2\\lib\\site-packages\\botocore\\data\\acm\\2015-12-08\\examples-1.json', 'botocore\\data\\acm\\2015-12-08'), ('c:\\users\\hatzakis group\\pycharmprojects\\deepfret-gui\\venv2\\lib\\site-packages\\botocore\\data\\acm\\2015-12-08\\paginators-1.json', 'botocore\\data\\acm\\2015-12-08'), ('c:\\users\\hatzakis group\\pycharmprojects\\deepfret-gui\\venv2\\lib\\site-packages\\botocore\\data\\acm\\2015-12-08\\service-2.json', 'botocore\\data\\acm\\2015-12-08'), ('c:\\users\\hatzakis group\\pycharmprojects\\deepfret-gui\\venv2\\lib\\site-packages\\botocore\\data\\acm\\2015-12-08\\waiters-2.json', 'botocore\\data\\acm\\2015-12-08'), ('c:\\users\\hatzakis group\\pycharmprojects\\deepfret-gui\\venv2\\lib\\site-packages\\botocore\\data\\acm-pca\\2017-08-22\\paginators-1.json', 'botocore\\data\\acm-pca\\2017-08-22'), ('c:\\users\\hatzakis group\\pycharmprojects\\deepfret-gui\\venv2\\lib\\site-packages\\botocore\\data\\acm-pca\\2017-08-22\\service-2.json', 'botocore\\data\\acm-pca\\2017-08-22'), ('c:\\users\\hatzakis group\\pycharmprojects\\deepfret-gui\\venv2\\lib\\site-packages\\botocore\\data\\acm-pca\\2017-08-22\\waiters-2.json', 'botocore\\data\\acm-pca\\2017-08-22'), ('c:\\users\\hatzakis group\\pycharmprojects\\deepfret-gui\\venv2\\lib\\site-packages\\botocore\\data\\alexaforbusiness\\2017-11-09\\paginators-1.json', 'botocore\\data\\alexaforbusiness\\2017-11-09'), ('c:\\users\\hatzakis group\\pycharmprojects\\deepfret-gui\\venv2\\lib\\site-packages\\botocore\\data\\alexaforbusiness\\2017-11-09\\service-2.json', 'botocore\\data\\alexaforbusiness\\2017-11-09'), ('c:\\users\\hatzakis group\\pycharmprojects\\deepfret-gui\\venv2\\lib\\site-packages\\botocore\\data\\amplify\\2017-07-25\\paginators-1.json', 'botocore\\data\\amplify\\2017-07-25'), ('c:\\users\\hatzakis group\\pycharmprojects\\deepfret-gui\\venv2\\lib\\site-packages\\botocore\\data\\amplify\\2017-07-25\\service-2.json', 'botocore\\data\\amplify\\2017-07-25'), ('c:\\users\\hatzakis group\\pycharmprojects\\deepfret-gui\\venv2\\lib\\site-packages\\botocore\\data\\apigateway\\2015-07-09\\examples-1.json', 'botocore\\data\\apigateway\\2015-07-09'), ('c:\\users\\hatzakis group\\pycharmprojects\\deepfret-gui\\venv2\\lib\\site-packages\\botocore\\data\\apigateway\\2015-07-09\\paginators-1.json', 'botocore\\data\\apigateway\\2015-07-09'), ('c:\\users\\hatzakis group\\pycharmprojects\\deepfret-gui\\venv2\\lib\\site-packages\\botocore\\data\\apigateway\\2015-07-09\\service-2.json', 'botocore\\data\\apigateway\\2015-07-09'), ('c:\\users\\hatzakis group\\pycharmprojects\\deepfret-gui\\venv2\\lib\\site-packages\\botocore\\data\\apigatewaymanagementapi\\2018-11-29\\paginators-1.json', 'botocore\\data\\apigatewaymanagementapi\\2018-11-29'), ('c:\\users\\hatzakis group\\pycharmprojects\\deepfret-gui\\venv2\\lib\\site-packages\\botocore\\data\\apigatewaymanagementapi\\2018-11-29\\service-2.json', 'botocore\\data\\apigatewaymanagementapi\\2018-11-29'), ('c:\\users\\hatzakis group\\pycharmprojects\\deepfret-gui\\venv2\\lib\\site-packages\\botocore\\data\\apigatewayv2\\2018-11-29\\paginators-1.json', 'botocore\\data\\apigatewayv2\\2018-11-29'), ('c:\\users\\hatzakis group\\pycharmprojects\\deepfret-gui\\venv2\\lib\\site-packages\\botocore\\data\\apigatewayv2\\2018-11-29\\service-2.json', 'botocore\\data\\apigatewayv2\\2018-11-29'), ('c:\\users\\hatzakis group\\pycharmprojects\\deepfret-gui\\venv2\\lib\\site-packages\\botocore\\data\\application-autoscaling\\2016-02-06\\examples-1.json', 'botocore\\data\\application-autoscaling\\2016-02-06'), ('c:\\users\\hatzakis group\\pycharmprojects\\deepfret-gui\\venv2\\lib\\site-packages\\botocore\\data\\application-autoscaling\\2016-02-06\\paginators-1.json', 'botocore\\data\\application-autoscaling\\2016-02-06'), ('c:\\users\\hatzakis group\\pycharmprojects\\deepfret-gui\\venv2\\lib\\site-packages\\botocore\\data\\application-autoscaling\\2016-02-06\\service-2.json', 'botocore\\data\\application-autoscaling\\2016-02-06'), ('c:\\users\\hatzakis group\\pycharmprojects\\deepfret-gui\\venv2\\lib\\site-packages\\botocore\\data\\appmesh\\2018-10-01\\paginators-1.json', 'botocore\\data\\appmesh\\2018-10-01'), ('c:\\users\\hatzakis group\\pycharmprojects\\deepfret-gui\\venv2\\lib\\site-packages\\botocore\\data\\appmesh\\2018-10-01\\service-2.json', 'botocore\\data\\appmesh\\2018-10-01'), ('c:\\users\\hatzakis group\\pycharmprojects\\deepfret-gui\\venv2\\lib\\site-packages\\botocore\\data\\appmesh\\2019-01-25\\paginators-1.json', 'botocore\\data\\appmesh\\2019-01-25'), ('c:\\users\\hatzakis group\\pycharmprojects\\deepfret-gui\\venv2\\lib\\site-packages\\botocore\\data\\appmesh\\2019-01-25\\service-2.json', 'botocore\\data\\appmesh\\2019-01-25'), ('c:\\users\\hatzakis group\\pycharmprojects\\deepfret-gui\\venv2\\lib\\site-packages\\botocore\\data\\appstream\\2016-12-01\\examples-1.json', 'botocore\\data\\appstream\\2016-12-01'), ('c:\\users\\hatzakis group\\pycharmprojects\\deepfret-gui\\venv2\\lib\\site-packages\\botocore\\data\\appstream\\2016-12-01\\paginators-1.json', 'botocore\\data\\appstream\\2016-12-01'), ('c:\\users\\hatzakis group\\pycharmprojects\\deepfret-gui\\venv2\\lib\\site-packages\\botocore\\data\\appstream\\2016-12-01\\service-2.json', 'botocore\\data\\appstream\\2016-12-01'), ('c:\\users\\hatzakis group\\pycharmprojects\\deepfret-gui\\venv2\\lib\\site-packages\\botocore\\data\\appstream\\2016-12-01\\waiters-2.json', 'botocore\\data\\appstream\\2016-12-01'), ('c:\\users\\hatzakis group\\pycharmprojects\\deepfret-gui\\venv2\\lib\\site-packages\\botocore\\data\\appsync\\2017-07-25\\paginators-1.json', 'botocore\\data\\appsync\\2017-07-25'), ('c:\\users\\hatzakis group\\pycharmprojects\\deepfret-gui\\venv2\\lib\\site-packages\\botocore\\data\\appsync\\2017-07-25\\service-2.json', 'botocore\\data\\appsync\\2017-07-25'), ('c:\\users\\hatzakis group\\pycharmprojects\\deepfret-gui\\venv2\\lib\\site-packages\\botocore\\data\\athena\\2017-05-18\\paginators-1.json', 'botocore\\data\\athena\\2017-05-18'), ('c:\\users\\hatzakis group\\pycharmprojects\\deepfret-gui\\venv2\\lib\\site-packages\\botocore\\data\\athena\\2017-05-18\\service-2.json', 'botocore\\data\\athena\\2017-05-18'), ('c:\\users\\hatzakis group\\pycharmprojects\\deepfret-gui\\venv2\\lib\\site-packages\\botocore\\data\\autoscaling\\2011-01-01\\examples-1.json', 'botocore\\data\\autoscaling\\2011-01-01'), ('c:\\users\\hatzakis group\\pycharmprojects\\deepfret-gui\\venv2\\lib\\site-packages\\botocore\\data\\autoscaling\\2011-01-01\\paginators-1.json', 'botocore\\data\\autoscaling\\2011-01-01'), ('c:\\users\\hatzakis group\\pycharmprojects\\deepfret-gui\\venv2\\lib\\site-packages\\botocore\\data\\autoscaling\\2011-01-01\\service-2.json', 'botocore\\data\\autoscaling\\2011-01-01'), ('c:\\users\\hatzakis group\\pycharmprojects\\deepfret-gui\\venv2\\lib\\site-packages\\botocore\\data\\autoscaling-plans\\2018-01-06\\paginators-1.json', 'botocore\\data\\autoscaling-plans\\2018-01-06'), ('c:\\users\\hatzakis group\\pycharmprojects\\deepfret-gui\\venv2\\lib\\site-packages\\botocore\\data\\autoscaling-plans\\2018-01-06\\service-2.json', 'botocore\\data\\autoscaling-plans\\2018-01-06'), ('c:\\users\\hatzakis group\\pycharmprojects\\deepfret-gui\\venv2\\lib\\site-packages\\botocore\\data\\backup\\2018-11-15\\paginators-1.json', 'botocore\\data\\backup\\2018-11-15'), ('c:\\users\\hatzakis group\\pycharmprojects\\deepfret-gui\\venv2\\lib\\site-packages\\botocore\\data\\backup\\2018-11-15\\service-2.json', 'botocore\\data\\backup\\2018-11-15'), ('c:\\users\\hatzakis group\\pycharmprojects\\deepfret-gui\\venv2\\lib\\site-packages\\botocore\\data\\batch\\2016-08-10\\examples-1.json', 'botocore\\data\\batch\\2016-08-10'), ('c:\\users\\hatzakis group\\pycharmprojects\\deepfret-gui\\venv2\\lib\\site-packages\\botocore\\data\\batch\\2016-08-10\\paginators-1.json', 'botocore\\data\\batch\\2016-08-10'), ('c:\\users\\hatzakis group\\pycharmprojects\\deepfret-gui\\venv2\\lib\\site-packages\\botocore\\data\\batch\\2016-08-10\\service-2.json', 'botocore\\data\\batch\\2016-08-10'), ('c:\\users\\hatzakis group\\pycharmprojects\\deepfret-gui\\venv2\\lib\\site-packages\\botocore\\data\\budgets\\2016-10-20\\examples-1.json', 'botocore\\data\\budgets\\2016-10-20'), ('c:\\users\\hatzakis group\\pycharmprojects\\deepfret-gui\\venv2\\lib\\site-packages\\botocore\\data\\budgets\\2016-10-20\\paginators-1.json', 'botocore\\data\\budgets\\2016-10-20'), ('c:\\users\\hatzakis group\\pycharmprojects\\deepfret-gui\\venv2\\lib\\site-packages\\botocore\\data\\budgets\\2016-10-20\\service-2.json', 'botocore\\data\\budgets\\2016-10-20'), ('c:\\users\\hatzakis group\\pycharmprojects\\deepfret-gui\\venv2\\lib\\site-packages\\botocore\\data\\ce\\2017-10-25\\paginators-1.json', 'botocore\\data\\ce\\2017-10-25'), ('c:\\users\\hatzakis group\\pycharmprojects\\deepfret-gui\\venv2\\lib\\site-packages\\botocore\\data\\ce\\2017-10-25\\service-2.json', 'botocore\\data\\ce\\2017-10-25'), ('c:\\users\\hatzakis group\\pycharmprojects\\deepfret-gui\\venv2\\lib\\site-packages\\botocore\\data\\chime\\2018-05-01\\paginators-1.json', 'botocore\\data\\chime\\2018-05-01'), ('c:\\users\\hatzakis group\\pycharmprojects\\deepfret-gui\\venv2\\lib\\site-packages\\botocore\\data\\chime\\2018-05-01\\service-2.json', 'botocore\\data\\chime\\2018-05-01'), ('c:\\users\\hatzakis group\\pycharmprojects\\deepfret-gui\\venv2\\lib\\site-packages\\botocore\\data\\cloud9\\2017-09-23\\paginators-1.json', 'botocore\\data\\cloud9\\2017-09-23'), ('c:\\users\\hatzakis group\\pycharmprojects\\deepfret-gui\\venv2\\lib\\site-packages\\botocore\\data\\cloud9\\2017-09-23\\service-2.json', 'botocore\\data\\cloud9\\2017-09-23'), ('c:\\users\\hatzakis group\\pycharmprojects\\deepfret-gui\\venv2\\lib\\site-packages\\botocore\\data\\clouddirectory\\2016-05-10\\paginators-1.json', 'botocore\\data\\clouddirectory\\2016-05-10'), ('c:\\users\\hatzakis group\\pycharmprojects\\deepfret-gui\\venv2\\lib\\site-packages\\botocore\\data\\clouddirectory\\2016-05-10\\service-2.json', 'botocore\\data\\clouddirectory\\2016-05-10'), ('c:\\users\\hatzakis group\\pycharmprojects\\deepfret-gui\\venv2\\lib\\site-packages\\botocore\\data\\clouddirectory\\2017-01-11\\paginators-1.json', 'botocore\\data\\clouddirectory\\2017-01-11'), ('c:\\users\\hatzakis group\\pycharmprojects\\deepfret-gui\\venv2\\lib\\site-packages\\botocore\\data\\clouddirectory\\2017-01-11\\service-2.json', 'botocore\\data\\clouddirectory\\2017-01-11'), ('c:\\users\\hatzakis group\\pycharmprojects\\deepfret-gui\\venv2\\lib\\site-packages\\botocore\\data\\cloudformation\\2010-05-15\\examples-1.json', 'botocore\\data\\cloudformation\\2010-05-15'), ('c:\\users\\hatzakis group\\pycharmprojects\\deepfret-gui\\venv2\\lib\\site-packages\\botocore\\data\\cloudformation\\2010-05-15\\paginators-1.json', 'botocore\\data\\cloudformation\\2010-05-15'), ('c:\\users\\hatzakis group\\pycharmprojects\\deepfret-gui\\venv2\\lib\\site-packages\\botocore\\data\\cloudformation\\2010-05-15\\service-2.json', 'botocore\\data\\cloudformation\\2010-05-15'), ('c:\\users\\hatzakis group\\pycharmprojects\\deepfret-gui\\venv2\\lib\\site-packages\\botocore\\data\\cloudformation\\2010-05-15\\waiters-2.json', 'botocore\\data\\cloudformation\\2010-05-15'), ('c:\\users\\hatzakis group\\pycharmprojects\\deepfret-gui\\venv2\\lib\\site-packages\\botocore\\data\\cloudfront\\2014-05-31\\paginators-1.json', 'botocore\\data\\cloudfront\\2014-05-31'), ('c:\\users\\hatzakis group\\pycharmprojects\\deepfret-gui\\venv2\\lib\\site-packages\\botocore\\data\\cloudfront\\2014-05-31\\service-2.json', 'botocore\\data\\cloudfront\\2014-05-31'), ('c:\\users\\hatzakis group\\pycharmprojects\\deepfret-gui\\venv2\\lib\\site-packages\\botocore\\data\\cloudfront\\2014-05-31\\waiters-2.json', 'botocore\\data\\cloudfront\\2014-05-31'), ('c:\\users\\hatzakis group\\pycharmprojects\\deepfret-gui\\venv2\\lib\\site-packages\\botocore\\data\\cloudfront\\2014-10-21\\paginators-1.json', 'botocore\\data\\cloudfront\\2014-10-21'), ('c:\\users\\hatzakis group\\pycharmprojects\\deepfret-gui\\venv2\\lib\\site-packages\\botocore\\data\\cloudfront\\2014-10-21\\service-2.json', 'botocore\\data\\cloudfront\\2014-10-21'), ('c:\\users\\hatzakis group\\pycharmprojects\\deepfret-gui\\venv2\\lib\\site-packages\\botocore\\data\\cloudfront\\2014-10-21\\waiters-2.json', 'botocore\\data\\cloudfront\\2014-10-21'), ('c:\\users\\hatzakis group\\pycharmprojects\\deepfret-gui\\venv2\\lib\\site-packages\\botocore\\data\\cloudfront\\2014-11-06\\paginators-1.json', 'botocore\\data\\cloudfront\\2014-11-06'), ('c:\\users\\hatzakis group\\pycharmprojects\\deepfret-gui\\venv2\\lib\\site-packages\\botocore\\data\\cloudfront\\2014-11-06\\service-2.json', 'botocore\\data\\cloudfront\\2014-11-06'), ('c:\\users\\hatzakis group\\pycharmprojects\\deepfret-gui\\venv2\\lib\\site-packages\\botocore\\data\\cloudfront\\2014-11-06\\waiters-2.json', 'botocore\\data\\cloudfront\\2014-11-06'), ('c:\\users\\hatzakis group\\pycharmprojects\\deepfret-gui\\venv2\\lib\\site-packages\\botocore\\data\\cloudfront\\2015-04-17\\paginators-1.json', 'botocore\\data\\cloudfront\\2015-04-17'), ('c:\\users\\hatzakis group\\pycharmprojects\\deepfret-gui\\venv2\\lib\\site-packages\\botocore\\data\\cloudfront\\2015-04-17\\service-2.json', 'botocore\\data\\cloudfront\\2015-04-17'), ('c:\\users\\hatzakis group\\pycharmprojects\\deepfret-gui\\venv2\\lib\\site-packages\\botocore\\data\\cloudfront\\2015-04-17\\waiters-2.json', 'botocore\\data\\cloudfront\\2015-04-17'), ('c:\\users\\hatzakis group\\pycharmprojects\\deepfret-gui\\venv2\\lib\\site-packages\\botocore\\data\\cloudfront\\2015-07-27\\paginators-1.json', 'botocore\\data\\cloudfront\\2015-07-27'), ('c:\\users\\hatzakis group\\pycharmprojects\\deepfret-gui\\venv2\\lib\\site-packages\\botocore\\data\\cloudfront\\2015-07-27\\service-2.json', 'botocore\\data\\cloudfront\\2015-07-27'), ('c:\\users\\hatzakis group\\pycharmprojects\\deepfret-gui\\venv2\\lib\\site-packages\\botocore\\data\\cloudfront\\2015-07-27\\waiters-2.json', 'botocore\\data\\cloudfront\\2015-07-27'), ('c:\\users\\hatzakis group\\pycharmprojects\\deepfret-gui\\venv2\\lib\\site-packages\\botocore\\data\\cloudfront\\2015-09-17\\paginators-1.json', 'botocore\\data\\cloudfront\\2015-09-17'), ('c:\\users\\hatzakis group\\pycharmprojects\\deepfret-gui\\venv2\\lib\\site-packages\\botocore\\data\\cloudfront\\2015-09-17\\service-2.json', 'botocore\\data\\cloudfront\\2015-09-17'), ('c:\\users\\hatzakis group\\pycharmprojects\\deepfret-gui\\venv2\\lib\\site-packages\\botocore\\data\\cloudfront\\2015-09-17\\waiters-2.json', 'botocore\\data\\cloudfront\\2015-09-17'), ('c:\\users\\hatzakis group\\pycharmprojects\\deepfret-gui\\venv2\\lib\\site-packages\\botocore\\data\\cloudfront\\2016-01-13\\paginators-1.json', 'botocore\\data\\cloudfront\\2016-01-13'), ('c:\\users\\hatzakis group\\pycharmprojects\\deepfret-gui\\venv2\\lib\\site-packages\\botocore\\data\\cloudfront\\2016-01-13\\service-2.json', 'botocore\\data\\cloudfront\\2016-01-13'), ('c:\\users\\hatzakis group\\pycharmprojects\\deepfret-gui\\venv2\\lib\\site-packages\\botocore\\data\\cloudfront\\2016-01-13\\waiters-2.json', 'botocore\\data\\cloudfront\\2016-01-13'), ('c:\\users\\hatzakis group\\pycharmprojects\\deepfret-gui\\venv2\\lib\\site-packages\\botocore\\data\\cloudfront\\2016-01-28\\paginators-1.json', 'botocore\\data\\cloudfront\\2016-01-28'), ('c:\\users\\hatzakis group\\pycharmprojects\\deepfret-gui\\venv2\\lib\\site-packages\\botocore\\data\\cloudfront\\2016-01-28\\service-2.json', 'botocore\\data\\cloudfront\\2016-01-28'), ('c:\\users\\hatzakis group\\pycharmprojects\\deepfret-gui\\venv2\\lib\\site-packages\\botocore\\data\\cloudfront\\2016-01-28\\waiters-2.json', 'botocore\\data\\cloudfront\\2016-01-28'), ('c:\\users\\hatzakis group\\pycharmprojects\\deepfret-gui\\venv2\\lib\\site-packages\\botocore\\data\\cloudfront\\2016-08-01\\paginators-1.json', 'botocore\\data\\cloudfront\\2016-08-01'), ('c:\\users\\hatzakis group\\pycharmprojects\\deepfret-gui\\venv2\\lib\\site-packages\\botocore\\data\\cloudfront\\2016-08-01\\service-2.json', 'botocore\\data\\cloudfront\\2016-08-01'), ('c:\\users\\hatzakis group\\pycharmprojects\\deepfret-gui\\venv2\\lib\\site-packages\\botocore\\data\\cloudfront\\2016-08-01\\waiters-2.json', 'botocore\\data\\cloudfront\\2016-08-01'), ('c:\\users\\hatzakis group\\pycharmprojects\\deepfret-gui\\venv2\\lib\\site-packages\\botocore\\data\\cloudfront\\2016-08-20\\paginators-1.json', 'botocore\\data\\cloudfront\\2016-08-20'), ('c:\\users\\hatzakis group\\pycharmprojects\\deepfret-gui\\venv2\\lib\\site-packages\\botocore\\data\\cloudfront\\2016-08-20\\service-2.json', 'botocore\\data\\cloudfront\\2016-08-20'), ('c:\\users\\hatzakis group\\pycharmprojects\\deepfret-gui\\venv2\\lib\\site-packages\\botocore\\data\\cloudfront\\2016-08-20\\waiters-2.json', 'botocore\\data\\cloudfront\\2016-08-20'), ('c:\\users\\hatzakis group\\pycharmprojects\\deepfret-gui\\venv2\\lib\\site-packages\\botocore\\data\\cloudfront\\2016-09-07\\paginators-1.json', 'botocore\\data\\cloudfront\\2016-09-07'), ('c:\\users\\hatzakis group\\pycharmprojects\\deepfret-gui\\venv2\\lib\\site-packages\\botocore\\data\\cloudfront\\2016-09-07\\service-2.json', 'botocore\\data\\cloudfront\\2016-09-07'), ('c:\\users\\hatzakis group\\pycharmprojects\\deepfret-gui\\venv2\\lib\\site-packages\\botocore\\data\\cloudfront\\2016-09-07\\waiters-2.json', 'botocore\\data\\cloudfront\\2016-09-07'), ('c:\\users\\hatzakis group\\pycharmprojects\\deepfret-gui\\venv2\\lib\\site-packages\\botocore\\data\\cloudfront\\2016-09-29\\paginators-1.json', 'botocore\\data\\cloudfront\\2016-09-29'), ('c:\\users\\hatzakis group\\pycharmprojects\\deepfret-gui\\venv2\\lib\\site-packages\\botocore\\data\\cloudfront\\2016-09-29\\service-2.json', 'botocore\\data\\cloudfront\\2016-09-29'), ('c:\\users\\hatzakis group\\pycharmprojects\\deepfret-gui\\venv2\\lib\\site-packages\\botocore\\data\\cloudfront\\2016-09-29\\waiters-2.json', 'botocore\\data\\cloudfront\\2016-09-29'), ('c:\\users\\hatzakis group\\pycharmprojects\\deepfret-gui\\venv2\\lib\\site-packages\\botocore\\data\\cloudfront\\2016-11-25\\examples-1.json', 'botocore\\data\\cloudfront\\2016-11-25'), ('c:\\users\\hatzakis group\\pycharmprojects\\deepfret-gui\\venv2\\lib\\site-packages\\botocore\\data\\cloudfront\\2016-11-25\\paginators-1.json', 'botocore\\data\\cloudfront\\2016-11-25'), ('c:\\users\\hatzakis group\\pycharmprojects\\deepfret-gui\\venv2\\lib\\site-packages\\botocore\\data\\cloudfront\\2016-11-25\\service-2.json', 'botocore\\data\\cloudfront\\2016-11-25'), ('c:\\users\\hatzakis group\\pycharmprojects\\deepfret-gui\\venv2\\lib\\site-packages\\botocore\\data\\cloudfront\\2016-11-25\\waiters-2.json', 'botocore\\data\\cloudfront\\2016-11-25'), ('c:\\users\\hatzakis group\\pycharmprojects\\deepfret-gui\\venv2\\lib\\site-packages\\botocore\\data\\cloudfront\\2017-03-25\\examples-1.json', 'botocore\\data\\cloudfront\\2017-03-25'), ('c:\\users\\hatzakis group\\pycharmprojects\\deepfret-gui\\venv2\\lib\\site-packages\\botocore\\data\\cloudfront\\2017-03-25\\paginators-1.json', 'botocore\\data\\cloudfront\\2017-03-25'), ('c:\\users\\hatzakis group\\pycharmprojects\\deepfret-gui\\venv2\\lib\\site-packages\\botocore\\data\\cloudfront\\2017-03-25\\service-2.json', 'botocore\\data\\cloudfront\\2017-03-25'), ('c:\\users\\hatzakis group\\pycharmprojects\\deepfret-gui\\venv2\\lib\\site-packages\\botocore\\data\\cloudfront\\2017-03-25\\waiters-2.json', 'botocore\\data\\cloudfront\\2017-03-25'), ('c:\\users\\hatzakis group\\pycharmprojects\\deepfret-gui\\venv2\\lib\\site-packages\\botocore\\data\\cloudfront\\2017-10-30\\examples-1.json', 'botocore\\data\\cloudfront\\2017-10-30'), ('c:\\users\\hatzakis group\\pycharmprojects\\deepfret-gui\\venv2\\lib\\site-packages\\botocore\\data\\cloudfront\\2017-10-30\\paginators-1.json', 'botocore\\data\\cloudfront\\2017-10-30'), ('c:\\users\\hatzakis group\\pycharmprojects\\deepfret-gui\\venv2\\lib\\site-packages\\botocore\\data\\cloudfront\\2017-10-30\\service-2.json', 'botocore\\data\\cloudfront\\2017-10-30'), ('c:\\users\\hatzakis group\\pycharmprojects\\deepfret-gui\\venv2\\lib\\site-packages\\botocore\\data\\cloudfront\\2017-10-30\\waiters-2.json', 'botocore\\data\\cloudfront\\2017-10-30'), ('c:\\users\\hatzakis group\\pycharmprojects\\deepfret-gui\\venv2\\lib\\site-packages\\botocore\\data\\cloudfront\\2018-06-18\\examples-1.json', 'botocore\\data\\cloudfront\\2018-06-18'), ('c:\\users\\hatzakis group\\pycharmprojects\\deepfret-gui\\venv2\\lib\\site-packages\\botocore\\data\\cloudfront\\2018-06-18\\paginators-1.json', 'botocore\\data\\cloudfront\\2018-06-18'), ('c:\\users\\hatzakis group\\pycharmprojects\\deepfret-gui\\venv2\\lib\\site-packages\\botocore\\data\\cloudfront\\2018-06-18\\service-2.json', 'botocore\\data\\cloudfront\\2018-06-18'), ('c:\\users\\hatzakis group\\pycharmprojects\\deepfret-gui\\venv2\\lib\\site-packages\\botocore\\data\\cloudfront\\2018-06-18\\waiters-2.json', 'botocore\\data\\cloudfront\\2018-06-18'), ('c:\\users\\hatzakis group\\pycharmprojects\\deepfret-gui\\venv2\\lib\\site-packages\\botocore\\data\\cloudfront\\2018-11-05\\examples-1.json', 'botocore\\data\\cloudfront\\2018-11-05'), ('c:\\users\\hatzakis group\\pycharmprojects\\deepfret-gui\\venv2\\lib\\site-packages\\botocore\\data\\cloudfront\\2018-11-05\\paginators-1.json', 'botocore\\data\\cloudfront\\2018-11-05'), ('c:\\users\\hatzakis group\\pycharmprojects\\deepfret-gui\\venv2\\lib\\site-packages\\botocore\\data\\cloudfront\\2018-11-05\\service-2.json', 'botocore\\data\\cloudfront\\2018-11-05'), ('c:\\users\\hatzakis group\\pycharmprojects\\deepfret-gui\\venv2\\lib\\site-packages\\botocore\\data\\cloudfront\\2018-11-05\\waiters-2.json', 'botocore\\data\\cloudfront\\2018-11-05'), ('c:\\users\\hatzakis group\\pycharmprojects\\deepfret-gui\\venv2\\lib\\site-packages\\botocore\\data\\cloudhsm\\2014-05-30\\examples-1.json', 'botocore\\data\\cloudhsm\\2014-05-30'), ('c:\\users\\hatzakis group\\pycharmprojects\\deepfret-gui\\venv2\\lib\\site-packages\\botocore\\data\\cloudhsm\\2014-05-30\\paginators-1.json', 'botocore\\data\\cloudhsm\\2014-05-30'), ('c:\\users\\hatzakis group\\pycharmprojects\\deepfret-gui\\venv2\\lib\\site-packages\\botocore\\data\\cloudhsm\\2014-05-30\\service-2.json', 'botocore\\data\\cloudhsm\\2014-05-30'), ('c:\\users\\hatzakis group\\pycharmprojects\\deepfret-gui\\venv2\\lib\\site-packages\\botocore\\data\\cloudhsmv2\\2017-04-28\\paginators-1.json', 'botocore\\data\\cloudhsmv2\\2017-04-28'), ('c:\\users\\hatzakis group\\pycharmprojects\\deepfret-gui\\venv2\\lib\\site-packages\\botocore\\data\\cloudhsmv2\\2017-04-28\\service-2.json', 'botocore\\data\\cloudhsmv2\\2017-04-28'), ('c:\\users\\hatzakis group\\pycharmprojects\\deepfret-gui\\venv2\\lib\\site-packages\\botocore\\data\\cloudsearch\\2011-02-01\\service-2.json', 'botocore\\data\\cloudsearch\\2011-02-01'), ('c:\\users\\hatzakis group\\pycharmprojects\\deepfret-gui\\venv2\\lib\\site-packages\\botocore\\data\\cloudsearch\\2013-01-01\\paginators-1.json', 'botocore\\data\\cloudsearch\\2013-01-01'), ('c:\\users\\hatzakis group\\pycharmprojects\\deepfret-gui\\venv2\\lib\\site-packages\\botocore\\data\\cloudsearch\\2013-01-01\\service-2.json', 'botocore\\data\\cloudsearch\\2013-01-01'), ('c:\\users\\hatzakis group\\pycharmprojects\\deepfret-gui\\venv2\\lib\\site-packages\\botocore\\data\\cloudsearchdomain\\2013-01-01\\examples-1.json', 'botocore\\data\\cloudsearchdomain\\2013-01-01'), ('c:\\users\\hatzakis group\\pycharmprojects\\deepfret-gui\\venv2\\lib\\site-packages\\botocore\\data\\cloudsearchdomain\\2013-01-01\\service-2.json', 'botocore\\data\\cloudsearchdomain\\2013-01-01'), ('c:\\users\\hatzakis group\\pycharmprojects\\deepfret-gui\\venv2\\lib\\site-packages\\botocore\\data\\cloudtrail\\2013-11-01\\examples-1.json', 'botocore\\data\\cloudtrail\\2013-11-01'), ('c:\\users\\hatzakis group\\pycharmprojects\\deepfret-gui\\venv2\\lib\\site-packages\\botocore\\data\\cloudtrail\\2013-11-01\\paginators-1.json', 'botocore\\data\\cloudtrail\\2013-11-01'), ('c:\\users\\hatzakis group\\pycharmprojects\\deepfret-gui\\venv2\\lib\\site-packages\\botocore\\data\\cloudtrail\\2013-11-01\\service-2.json', 'botocore\\data\\cloudtrail\\2013-11-01'), ('c:\\users\\hatzakis group\\pycharmprojects\\deepfret-gui\\venv2\\lib\\site-packages\\botocore\\data\\cloudwatch\\2010-08-01\\examples-1.json', 'botocore\\data\\cloudwatch\\2010-08-01'), ('c:\\users\\hatzakis group\\pycharmprojects\\deepfret-gui\\venv2\\lib\\site-packages\\botocore\\data\\cloudwatch\\2010-08-01\\paginators-1.json', 'botocore\\data\\cloudwatch\\2010-08-01'), ('c:\\users\\hatzakis group\\pycharmprojects\\deepfret-gui\\venv2\\lib\\site-packages\\botocore\\data\\cloudwatch\\2010-08-01\\service-2.json', 'botocore\\data\\cloudwatch\\2010-08-01'), ('c:\\users\\hatzakis group\\pycharmprojects\\deepfret-gui\\venv2\\lib\\site-packages\\botocore\\data\\cloudwatch\\2010-08-01\\waiters-2.json', 'botocore\\data\\cloudwatch\\2010-08-01'), ('c:\\users\\hatzakis group\\pycharmprojects\\deepfret-gui\\venv2\\lib\\site-packages\\botocore\\data\\codebuild\\2016-10-06\\examples-1.json', 'botocore\\data\\codebuild\\2016-10-06'), ('c:\\users\\hatzakis group\\pycharmprojects\\deepfret-gui\\venv2\\lib\\site-packages\\botocore\\data\\codebuild\\2016-10-06\\paginators-1.json', 'botocore\\data\\codebuild\\2016-10-06'), ('c:\\users\\hatzakis group\\pycharmprojects\\deepfret-gui\\venv2\\lib\\site-packages\\botocore\\data\\codebuild\\2016-10-06\\service-2.json', 'botocore\\data\\codebuild\\2016-10-06'), ('c:\\users\\hatzakis group\\pycharmprojects\\deepfret-gui\\venv2\\lib\\site-packages\\botocore\\data\\codecommit\\2015-04-13\\examples-1.json', 'botocore\\data\\codecommit\\2015-04-13'), ('c:\\users\\hatzakis group\\pycharmprojects\\deepfret-gui\\venv2\\lib\\site-packages\\botocore\\data\\codecommit\\2015-04-13\\paginators-1.json', 'botocore\\data\\codecommit\\2015-04-13'), ('c:\\users\\hatzakis group\\pycharmprojects\\deepfret-gui\\venv2\\lib\\site-packages\\botocore\\data\\codecommit\\2015-04-13\\service-2.json', 'botocore\\data\\codecommit\\2015-04-13'), ('c:\\users\\hatzakis group\\pycharmprojects\\deepfret-gui\\venv2\\lib\\site-packages\\botocore\\data\\codedeploy\\2014-10-06\\examples-1.json', 'botocore\\data\\codedeploy\\2014-10-06'), ('c:\\users\\hatzakis group\\pycharmprojects\\deepfret-gui\\venv2\\lib\\site-packages\\botocore\\data\\codedeploy\\2014-10-06\\paginators-1.json', 'botocore\\data\\codedeploy\\2014-10-06'), ('c:\\users\\hatzakis group\\pycharmprojects\\deepfret-gui\\venv2\\lib\\site-packages\\botocore\\data\\codedeploy\\2014-10-06\\service-2.json', 'botocore\\data\\codedeploy\\2014-10-06'), ('c:\\users\\hatzakis group\\pycharmprojects\\deepfret-gui\\venv2\\lib\\site-packages\\botocore\\data\\codedeploy\\2014-10-06\\waiters-2.json', 'botocore\\data\\codedeploy\\2014-10-06'), ('c:\\users\\hatzakis group\\pycharmprojects\\deepfret-gui\\venv2\\lib\\site-packages\\botocore\\data\\codepipeline\\2015-07-09\\examples-1.json', 'botocore\\data\\codepipeline\\2015-07-09'), ('c:\\users\\hatzakis group\\pycharmprojects\\deepfret-gui\\venv2\\lib\\site-packages\\botocore\\data\\codepipeline\\2015-07-09\\paginators-1.json', 'botocore\\data\\codepipeline\\2015-07-09'), ('c:\\users\\hatzakis group\\pycharmprojects\\deepfret-gui\\venv2\\lib\\site-packages\\botocore\\data\\codepipeline\\2015-07-09\\service-2.json', 'botocore\\data\\codepipeline\\2015-07-09'), ('c:\\users\\hatzakis group\\pycharmprojects\\deepfret-gui\\venv2\\lib\\site-packages\\botocore\\data\\codestar\\2017-04-19\\paginators-1.json', 'botocore\\data\\codestar\\2017-04-19'), ('c:\\users\\hatzakis group\\pycharmprojects\\deepfret-gui\\venv2\\lib\\site-packages\\botocore\\data\\codestar\\2017-04-19\\service-2.json', 'botocore\\data\\codestar\\2017-04-19'), ('c:\\users\\hatzakis group\\pycharmprojects\\deepfret-gui\\venv2\\lib\\site-packages\\botocore\\data\\cognito-identity\\2014-06-30\\examples-1.json', 'botocore\\data\\cognito-identity\\2014-06-30'), ('c:\\users\\hatzakis group\\pycharmprojects\\deepfret-gui\\venv2\\lib\\site-packages\\botocore\\data\\cognito-identity\\2014-06-30\\paginators-1.json', 'botocore\\data\\cognito-identity\\2014-06-30'), ('c:\\users\\hatzakis group\\pycharmprojects\\deepfret-gui\\venv2\\lib\\site-packages\\botocore\\data\\cognito-identity\\2014-06-30\\service-2.json', 'botocore\\data\\cognito-identity\\2014-06-30'), ('c:\\users\\hatzakis group\\pycharmprojects\\deepfret-gui\\venv2\\lib\\site-packages\\botocore\\data\\cognito-idp\\2016-04-18\\examples-1.json', 'botocore\\data\\cognito-idp\\2016-04-18'), ('c:\\users\\hatzakis group\\pycharmprojects\\deepfret-gui\\venv2\\lib\\site-packages\\botocore\\data\\cognito-idp\\2016-04-18\\paginators-1.json', 'botocore\\data\\cognito-idp\\2016-04-18'), ('c:\\users\\hatzakis group\\pycharmprojects\\deepfret-gui\\venv2\\lib\\site-packages\\botocore\\data\\cognito-idp\\2016-04-18\\service-2.json', 'botocore\\data\\cognito-idp\\2016-04-18'), ('c:\\users\\hatzakis group\\pycharmprojects\\deepfret-gui\\venv2\\lib\\site-packages\\botocore\\data\\cognito-sync\\2014-06-30\\service-2.json', 'botocore\\data\\cognito-sync\\2014-06-30'), ('c:\\users\\hatzakis group\\pycharmprojects\\deepfret-gui\\venv2\\lib\\site-packages\\botocore\\data\\comprehend\\2017-11-27\\paginators-1.json', 'botocore\\data\\comprehend\\2017-11-27'), ('c:\\users\\hatzakis group\\pycharmprojects\\deepfret-gui\\venv2\\lib\\site-packages\\botocore\\data\\comprehend\\2017-11-27\\service-2.json', 'botocore\\data\\comprehend\\2017-11-27'), ('c:\\users\\hatzakis group\\pycharmprojects\\deepfret-gui\\venv2\\lib\\site-packages\\botocore\\data\\comprehendmedical\\2018-10-30\\paginators-1.json', 'botocore\\data\\comprehendmedical\\2018-10-30'), ('c:\\users\\hatzakis group\\pycharmprojects\\deepfret-gui\\venv2\\lib\\site-packages\\botocore\\data\\comprehendmedical\\2018-10-30\\service-2.json', 'botocore\\data\\comprehendmedical\\2018-10-30'), ('c:\\users\\hatzakis group\\pycharmprojects\\deepfret-gui\\venv2\\lib\\site-packages\\botocore\\data\\config\\2014-11-12\\examples-1.json', 'botocore\\data\\config\\2014-11-12'), ('c:\\users\\hatzakis group\\pycharmprojects\\deepfret-gui\\venv2\\lib\\site-packages\\botocore\\data\\config\\2014-11-12\\paginators-1.json', 'botocore\\data\\config\\2014-11-12'), ('c:\\users\\hatzakis group\\pycharmprojects\\deepfret-gui\\venv2\\lib\\site-packages\\botocore\\data\\config\\2014-11-12\\service-2.json', 'botocore\\data\\config\\2014-11-12'), ('c:\\users\\hatzakis group\\pycharmprojects\\deepfret-gui\\venv2\\lib\\site-packages\\botocore\\data\\connect\\2017-08-08\\paginators-1.json', 'botocore\\data\\connect\\2017-08-08'), ('c:\\users\\hatzakis group\\pycharmprojects\\deepfret-gui\\venv2\\lib\\site-packages\\botocore\\data\\connect\\2017-08-08\\service-2.json', 'botocore\\data\\connect\\2017-08-08'), ('c:\\users\\hatzakis group\\pycharmprojects\\deepfret-gui\\venv2\\lib\\site-packages\\botocore\\data\\cur\\2017-01-06\\examples-1.json', 'botocore\\data\\cur\\2017-01-06'), ('c:\\users\\hatzakis group\\pycharmprojects\\deepfret-gui\\venv2\\lib\\site-packages\\botocore\\data\\cur\\2017-01-06\\paginators-1.json', 'botocore\\data\\cur\\2017-01-06'), ('c:\\users\\hatzakis group\\pycharmprojects\\deepfret-gui\\venv2\\lib\\site-packages\\botocore\\data\\cur\\2017-01-06\\service-2.json', 'botocore\\data\\cur\\2017-01-06'), ('c:\\users\\hatzakis group\\pycharmprojects\\deepfret-gui\\venv2\\lib\\site-packages\\botocore\\data\\datapipeline\\2012-10-29\\paginators-1.json', 'botocore\\data\\datapipeline\\2012-10-29'), ('c:\\users\\hatzakis group\\pycharmprojects\\deepfret-gui\\venv2\\lib\\site-packages\\botocore\\data\\datapipeline\\2012-10-29\\service-2.json', 'botocore\\data\\datapipeline\\2012-10-29'), ('c:\\users\\hatzakis group\\pycharmprojects\\deepfret-gui\\venv2\\lib\\site-packages\\botocore\\data\\datasync\\2018-11-09\\paginators-1.json', 'botocore\\data\\datasync\\2018-11-09'), ('c:\\users\\hatzakis group\\pycharmprojects\\deepfret-gui\\venv2\\lib\\site-packages\\botocore\\data\\datasync\\2018-11-09\\service-2.json', 'botocore\\data\\datasync\\2018-11-09'), ('c:\\users\\hatzakis group\\pycharmprojects\\deepfret-gui\\venv2\\lib\\site-packages\\botocore\\data\\dax\\2017-04-19\\paginators-1.json', 'botocore\\data\\dax\\2017-04-19'), ('c:\\users\\hatzakis group\\pycharmprojects\\deepfret-gui\\venv2\\lib\\site-packages\\botocore\\data\\dax\\2017-04-19\\service-2.json', 'botocore\\data\\dax\\2017-04-19'), ('c:\\users\\hatzakis group\\pycharmprojects\\deepfret-gui\\venv2\\lib\\site-packages\\botocore\\data\\devicefarm\\2015-06-23\\examples-1.json', 'botocore\\data\\devicefarm\\2015-06-23'), ('c:\\users\\hatzakis group\\pycharmprojects\\deepfret-gui\\venv2\\lib\\site-packages\\botocore\\data\\devicefarm\\2015-06-23\\paginators-1.json', 'botocore\\data\\devicefarm\\2015-06-23'), ('c:\\users\\hatzakis group\\pycharmprojects\\deepfret-gui\\venv2\\lib\\site-packages\\botocore\\data\\devicefarm\\2015-06-23\\service-2.json', 'botocore\\data\\devicefarm\\2015-06-23'), ('c:\\users\\hatzakis group\\pycharmprojects\\deepfret-gui\\venv2\\lib\\site-packages\\botocore\\data\\directconnect\\2012-10-25\\examples-1.json', 'botocore\\data\\directconnect\\2012-10-25'), ('c:\\users\\hatzakis group\\pycharmprojects\\deepfret-gui\\venv2\\lib\\site-packages\\botocore\\data\\directconnect\\2012-10-25\\paginators-1.json', 'botocore\\data\\directconnect\\2012-10-25'), ('c:\\users\\hatzakis group\\pycharmprojects\\deepfret-gui\\venv2\\lib\\site-packages\\botocore\\data\\directconnect\\2012-10-25\\service-2.json', 'botocore\\data\\directconnect\\2012-10-25'), ('c:\\users\\hatzakis group\\pycharmprojects\\deepfret-gui\\venv2\\lib\\site-packages\\botocore\\data\\discovery\\2015-11-01\\examples-1.json', 'botocore\\data\\discovery\\2015-11-01'), ('c:\\users\\hatzakis group\\pycharmprojects\\deepfret-gui\\venv2\\lib\\site-packages\\botocore\\data\\discovery\\2015-11-01\\paginators-1.json', 'botocore\\data\\discovery\\2015-11-01'), ('c:\\users\\hatzakis group\\pycharmprojects\\deepfret-gui\\venv2\\lib\\site-packages\\botocore\\data\\discovery\\2015-11-01\\service-2.json', 'botocore\\data\\discovery\\2015-11-01'), ('c:\\users\\hatzakis group\\pycharmprojects\\deepfret-gui\\venv2\\lib\\site-packages\\botocore\\data\\dlm\\2018-01-12\\paginators-1.json', 'botocore\\data\\dlm\\2018-01-12'), ('c:\\users\\hatzakis group\\pycharmprojects\\deepfret-gui\\venv2\\lib\\site-packages\\botocore\\data\\dlm\\2018-01-12\\service-2.json', 'botocore\\data\\dlm\\2018-01-12'), ('c:\\users\\hatzakis group\\pycharmprojects\\deepfret-gui\\venv2\\lib\\site-packages\\botocore\\data\\dms\\2016-01-01\\examples-1.json', 'botocore\\data\\dms\\2016-01-01'), ('c:\\users\\hatzakis group\\pycharmprojects\\deepfret-gui\\venv2\\lib\\site-packages\\botocore\\data\\dms\\2016-01-01\\paginators-1.json', 'botocore\\data\\dms\\2016-01-01'), ('c:\\users\\hatzakis group\\pycharmprojects\\deepfret-gui\\venv2\\lib\\site-packages\\botocore\\data\\dms\\2016-01-01\\service-2.json', 'botocore\\data\\dms\\2016-01-01'), ('c:\\users\\hatzakis group\\pycharmprojects\\deepfret-gui\\venv2\\lib\\site-packages\\botocore\\data\\dms\\2016-01-01\\waiters-2.json', 'botocore\\data\\dms\\2016-01-01'), ('c:\\users\\hatzakis group\\pycharmprojects\\deepfret-gui\\venv2\\lib\\site-packages\\botocore\\data\\docdb\\2014-10-31\\paginators-1.json', 'botocore\\data\\docdb\\2014-10-31'), ('c:\\users\\hatzakis group\\pycharmprojects\\deepfret-gui\\venv2\\lib\\site-packages\\botocore\\data\\docdb\\2014-10-31\\service-2.json', 'botocore\\data\\docdb\\2014-10-31'), ('c:\\users\\hatzakis group\\pycharmprojects\\deepfret-gui\\venv2\\lib\\site-packages\\botocore\\data\\docdb\\2014-10-31\\waiters-2.json', 'botocore\\data\\docdb\\2014-10-31'), ('c:\\users\\hatzakis group\\pycharmprojects\\deepfret-gui\\venv2\\lib\\site-packages\\botocore\\data\\ds\\2015-04-16\\examples-1.json', 'botocore\\data\\ds\\2015-04-16'), ('c:\\users\\hatzakis group\\pycharmprojects\\deepfret-gui\\venv2\\lib\\site-packages\\botocore\\data\\ds\\2015-04-16\\paginators-1.json', 'botocore\\data\\ds\\2015-04-16'), ('c:\\users\\hatzakis group\\pycharmprojects\\deepfret-gui\\venv2\\lib\\site-packages\\botocore\\data\\ds\\2015-04-16\\service-2.json', 'botocore\\data\\ds\\2015-04-16'), ('c:\\users\\hatzakis group\\pycharmprojects\\deepfret-gui\\venv2\\lib\\site-packages\\botocore\\data\\dynamodb\\2012-08-10\\examples-1.json', 'botocore\\data\\dynamodb\\2012-08-10'), ('c:\\users\\hatzakis group\\pycharmprojects\\deepfret-gui\\venv2\\lib\\site-packages\\botocore\\data\\dynamodb\\2012-08-10\\paginators-1.json', 'botocore\\data\\dynamodb\\2012-08-10'), ('c:\\users\\hatzakis group\\pycharmprojects\\deepfret-gui\\venv2\\lib\\site-packages\\botocore\\data\\dynamodb\\2012-08-10\\service-2.json', 'botocore\\data\\dynamodb\\2012-08-10'), ('c:\\users\\hatzakis group\\pycharmprojects\\deepfret-gui\\venv2\\lib\\site-packages\\botocore\\data\\dynamodb\\2012-08-10\\waiters-2.json', 'botocore\\data\\dynamodb\\2012-08-10'), ('c:\\users\\hatzakis group\\pycharmprojects\\deepfret-gui\\venv2\\lib\\site-packages\\botocore\\data\\dynamodbstreams\\2012-08-10\\examples-1.json', 'botocore\\data\\dynamodbstreams\\2012-08-10'), ('c:\\users\\hatzakis group\\pycharmprojects\\deepfret-gui\\venv2\\lib\\site-packages\\botocore\\data\\dynamodbstreams\\2012-08-10\\paginators-1.json', 'botocore\\data\\dynamodbstreams\\2012-08-10'), ('c:\\users\\hatzakis group\\pycharmprojects\\deepfret-gui\\venv2\\lib\\site-packages\\botocore\\data\\dynamodbstreams\\2012-08-10\\service-2.json', 'botocore\\data\\dynamodbstreams\\2012-08-10'), ('c:\\users\\hatzakis group\\pycharmprojects\\deepfret-gui\\venv2\\lib\\site-packages\\botocore\\data\\ec2\\2014-09-01\\paginators-1.json', 'botocore\\data\\ec2\\2014-09-01'), ('c:\\users\\hatzakis group\\pycharmprojects\\deepfret-gui\\venv2\\lib\\site-packages\\botocore\\data\\ec2\\2014-09-01\\service-2.json', 'botocore\\data\\ec2\\2014-09-01'), ('c:\\users\\hatzakis group\\pycharmprojects\\deepfret-gui\\venv2\\lib\\site-packages\\botocore\\data\\ec2\\2014-09-01\\waiters-2.json', 'botocore\\data\\ec2\\2014-09-01'), ('c:\\users\\hatzakis group\\pycharmprojects\\deepfret-gui\\venv2\\lib\\site-packages\\botocore\\data\\ec2\\2014-10-01\\paginators-1.json', 'botocore\\data\\ec2\\2014-10-01'), ('c:\\users\\hatzakis group\\pycharmprojects\\deepfret-gui\\venv2\\lib\\site-packages\\botocore\\data\\ec2\\2014-10-01\\service-2.json', 'botocore\\data\\ec2\\2014-10-01'), ('c:\\users\\hatzakis group\\pycharmprojects\\deepfret-gui\\venv2\\lib\\site-packages\\botocore\\data\\ec2\\2014-10-01\\waiters-2.json', 'botocore\\data\\ec2\\2014-10-01'), ('c:\\users\\hatzakis group\\pycharmprojects\\deepfret-gui\\venv2\\lib\\site-packages\\botocore\\data\\ec2\\2015-03-01\\paginators-1.json', 'botocore\\data\\ec2\\2015-03-01'), ('c:\\users\\hatzakis group\\pycharmprojects\\deepfret-gui\\venv2\\lib\\site-packages\\botocore\\data\\ec2\\2015-03-01\\service-2.json', 'botocore\\data\\ec2\\2015-03-01'), ('c:\\users\\hatzakis group\\pycharmprojects\\deepfret-gui\\venv2\\lib\\site-packages\\botocore\\data\\ec2\\2015-03-01\\waiters-2.json', 'botocore\\data\\ec2\\2015-03-01'), ('c:\\users\\hatzakis group\\pycharmprojects\\deepfret-gui\\venv2\\lib\\site-packages\\botocore\\data\\ec2\\2015-04-15\\paginators-1.json', 'botocore\\data\\ec2\\2015-04-15'), ('c:\\users\\hatzakis group\\pycharmprojects\\deepfret-gui\\venv2\\lib\\site-packages\\botocore\\data\\ec2\\2015-04-15\\service-2.json', 'botocore\\data\\ec2\\2015-04-15'), ('c:\\users\\hatzakis group\\pycharmprojects\\deepfret-gui\\venv2\\lib\\site-packages\\botocore\\data\\ec2\\2015-04-15\\waiters-2.json', 'botocore\\data\\ec2\\2015-04-15'), ('c:\\users\\hatzakis group\\pycharmprojects\\deepfret-gui\\venv2\\lib\\site-packages\\botocore\\data\\ec2\\2015-10-01\\paginators-1.json', 'botocore\\data\\ec2\\2015-10-01'), ('c:\\users\\hatzakis group\\pycharmprojects\\deepfret-gui\\venv2\\lib\\site-packages\\botocore\\data\\ec2\\2015-10-01\\service-2.json', 'botocore\\data\\ec2\\2015-10-01'), ('c:\\users\\hatzakis group\\pycharmprojects\\deepfret-gui\\venv2\\lib\\site-packages\\botocore\\data\\ec2\\2015-10-01\\waiters-2.json', 'botocore\\data\\ec2\\2015-10-01'), ('c:\\users\\hatzakis group\\pycharmprojects\\deepfret-gui\\venv2\\lib\\site-packages\\botocore\\data\\ec2\\2016-04-01\\paginators-1.json', 'botocore\\data\\ec2\\2016-04-01'), ('c:\\users\\hatzakis group\\pycharmprojects\\deepfret-gui\\venv2\\lib\\site-packages\\botocore\\data\\ec2\\2016-04-01\\service-2.json', 'botocore\\data\\ec2\\2016-04-01'), ('c:\\users\\hatzakis group\\pycharmprojects\\deepfret-gui\\venv2\\lib\\site-packages\\botocore\\data\\ec2\\2016-04-01\\waiters-2.json', 'botocore\\data\\ec2\\2016-04-01'), ('c:\\users\\hatzakis group\\pycharmprojects\\deepfret-gui\\venv2\\lib\\site-packages\\botocore\\data\\ec2\\2016-09-15\\examples-1.json', 'botocore\\data\\ec2\\2016-09-15'), ('c:\\users\\hatzakis group\\pycharmprojects\\deepfret-gui\\venv2\\lib\\site-packages\\botocore\\data\\ec2\\2016-09-15\\paginators-1.json', 'botocore\\data\\ec2\\2016-09-15'), ('c:\\users\\hatzakis group\\pycharmprojects\\deepfret-gui\\venv2\\lib\\site-packages\\botocore\\data\\ec2\\2016-09-15\\service-2.json', 'botocore\\data\\ec2\\2016-09-15'), ('c:\\users\\hatzakis group\\pycharmprojects\\deepfret-gui\\venv2\\lib\\site-packages\\botocore\\data\\ec2\\2016-09-15\\waiters-2.json', 'botocore\\data\\ec2\\2016-09-15'), ('c:\\users\\hatzakis group\\pycharmprojects\\deepfret-gui\\venv2\\lib\\site-packages\\botocore\\data\\ec2\\2016-11-15\\examples-1.json', 'botocore\\data\\ec2\\2016-11-15'), ('c:\\users\\hatzakis group\\pycharmprojects\\deepfret-gui\\venv2\\lib\\site-packages\\botocore\\data\\ec2\\2016-11-15\\paginators-1.json', 'botocore\\data\\ec2\\2016-11-15'), ('c:\\users\\hatzakis group\\pycharmprojects\\deepfret-gui\\venv2\\lib\\site-packages\\botocore\\data\\ec2\\2016-11-15\\service-2.json', 'botocore\\data\\ec2\\2016-11-15'), ('c:\\users\\hatzakis group\\pycharmprojects\\deepfret-gui\\venv2\\lib\\site-packages\\botocore\\data\\ec2\\2016-11-15\\waiters-2.json', 'botocore\\data\\ec2\\2016-11-15'), ('c:\\users\\hatzakis group\\pycharmprojects\\deepfret-gui\\venv2\\lib\\site-packages\\botocore\\data\\ecr\\2015-09-21\\examples-1.json', 'botocore\\data\\ecr\\2015-09-21'), ('c:\\users\\hatzakis group\\pycharmprojects\\deepfret-gui\\venv2\\lib\\site-packages\\botocore\\data\\ecr\\2015-09-21\\paginators-1.json', 'botocore\\data\\ecr\\2015-09-21'), ('c:\\users\\hatzakis group\\pycharmprojects\\deepfret-gui\\venv2\\lib\\site-packages\\botocore\\data\\ecr\\2015-09-21\\service-2.json', 'botocore\\data\\ecr\\2015-09-21'), ('c:\\users\\hatzakis group\\pycharmprojects\\deepfret-gui\\venv2\\lib\\site-packages\\botocore\\data\\ecs\\2014-11-13\\examples-1.json', 'botocore\\data\\ecs\\2014-11-13'), ('c:\\users\\hatzakis group\\pycharmprojects\\deepfret-gui\\venv2\\lib\\site-packages\\botocore\\data\\ecs\\2014-11-13\\paginators-1.json', 'botocore\\data\\ecs\\2014-11-13'), ('c:\\users\\hatzakis group\\pycharmprojects\\deepfret-gui\\venv2\\lib\\site-packages\\botocore\\data\\ecs\\2014-11-13\\service-2.json', 'botocore\\data\\ecs\\2014-11-13'), ('c:\\users\\hatzakis group\\pycharmprojects\\deepfret-gui\\venv2\\lib\\site-packages\\botocore\\data\\ecs\\2014-11-13\\waiters-2.json', 'botocore\\data\\ecs\\2014-11-13'), ('c:\\users\\hatzakis group\\pycharmprojects\\deepfret-gui\\venv2\\lib\\site-packages\\botocore\\data\\efs\\2015-02-01\\examples-1.json', 'botocore\\data\\efs\\2015-02-01'), ('c:\\users\\hatzakis group\\pycharmprojects\\deepfret-gui\\venv2\\lib\\site-packages\\botocore\\data\\efs\\2015-02-01\\paginators-1.json', 'botocore\\data\\efs\\2015-02-01'), ('c:\\users\\hatzakis group\\pycharmprojects\\deepfret-gui\\venv2\\lib\\site-packages\\botocore\\data\\efs\\2015-02-01\\service-2.json', 'botocore\\data\\efs\\2015-02-01'), ('c:\\users\\hatzakis group\\pycharmprojects\\deepfret-gui\\venv2\\lib\\site-packages\\botocore\\data\\eks\\2017-11-01\\paginators-1.json', 'botocore\\data\\eks\\2017-11-01'), ('c:\\users\\hatzakis group\\pycharmprojects\\deepfret-gui\\venv2\\lib\\site-packages\\botocore\\data\\eks\\2017-11-01\\service-2.json', 'botocore\\data\\eks\\2017-11-01'), ('c:\\users\\hatzakis group\\pycharmprojects\\deepfret-gui\\venv2\\lib\\site-packages\\botocore\\data\\eks\\2017-11-01\\service-2.sdk-extras.json', 'botocore\\data\\eks\\2017-11-01'), ('c:\\users\\hatzakis group\\pycharmprojects\\deepfret-gui\\venv2\\lib\\site-packages\\botocore\\data\\eks\\2017-11-01\\waiters-2.json', 'botocore\\data\\eks\\2017-11-01'), ('c:\\users\\hatzakis group\\pycharmprojects\\deepfret-gui\\venv2\\lib\\site-packages\\botocore\\data\\elasticache\\2014-09-30\\paginators-1.json', 'botocore\\data\\elasticache\\2014-09-30'), ('c:\\users\\hatzakis group\\pycharmprojects\\deepfret-gui\\venv2\\lib\\site-packages\\botocore\\data\\elasticache\\2014-09-30\\service-2.json', 'botocore\\data\\elasticache\\2014-09-30'), ('c:\\users\\hatzakis group\\pycharmprojects\\deepfret-gui\\venv2\\lib\\site-packages\\botocore\\data\\elasticache\\2014-09-30\\waiters-2.json', 'botocore\\data\\elasticache\\2014-09-30'), ('c:\\users\\hatzakis group\\pycharmprojects\\deepfret-gui\\venv2\\lib\\site-packages\\botocore\\data\\elasticache\\2015-02-02\\paginators-1.json', 'botocore\\data\\elasticache\\2015-02-02'), ('c:\\users\\hatzakis group\\pycharmprojects\\deepfret-gui\\venv2\\lib\\site-packages\\botocore\\data\\elasticache\\2015-02-02\\service-2.json', 'botocore\\data\\elasticache\\2015-02-02'), ('c:\\users\\hatzakis group\\pycharmprojects\\deepfret-gui\\venv2\\lib\\site-packages\\botocore\\data\\elasticache\\2015-02-02\\waiters-2.json', 'botocore\\data\\elasticache\\2015-02-02'), ('c:\\users\\hatzakis group\\pycharmprojects\\deepfret-gui\\venv2\\lib\\site-packages\\botocore\\data\\elasticbeanstalk\\2010-12-01\\examples-1.json', 'botocore\\data\\elasticbeanstalk\\2010-12-01'), ('c:\\users\\hatzakis group\\pycharmprojects\\deepfret-gui\\venv2\\lib\\site-packages\\botocore\\data\\elasticbeanstalk\\2010-12-01\\paginators-1.json', 'botocore\\data\\elasticbeanstalk\\2010-12-01'), ('c:\\users\\hatzakis group\\pycharmprojects\\deepfret-gui\\venv2\\lib\\site-packages\\botocore\\data\\elasticbeanstalk\\2010-12-01\\service-2.json', 'botocore\\data\\elasticbeanstalk\\2010-12-01'), ('c:\\users\\hatzakis group\\pycharmprojects\\deepfret-gui\\venv2\\lib\\site-packages\\botocore\\data\\elastictranscoder\\2012-09-25\\examples-1.json', 'botocore\\data\\elastictranscoder\\2012-09-25'), ('c:\\users\\hatzakis group\\pycharmprojects\\deepfret-gui\\venv2\\lib\\site-packages\\botocore\\data\\elastictranscoder\\2012-09-25\\paginators-1.json', 'botocore\\data\\elastictranscoder\\2012-09-25'), ('c:\\users\\hatzakis group\\pycharmprojects\\deepfret-gui\\venv2\\lib\\site-packages\\botocore\\data\\elastictranscoder\\2012-09-25\\service-2.json', 'botocore\\data\\elastictranscoder\\2012-09-25'), ('c:\\users\\hatzakis group\\pycharmprojects\\deepfret-gui\\venv2\\lib\\site-packages\\botocore\\data\\elastictranscoder\\2012-09-25\\waiters-2.json', 'botocore\\data\\elastictranscoder\\2012-09-25'), ('c:\\users\\hatzakis group\\pycharmprojects\\deepfret-gui\\venv2\\lib\\site-packages\\botocore\\data\\elb\\2012-06-01\\examples-1.json', 'botocore\\data\\elb\\2012-06-01'), ('c:\\users\\hatzakis group\\pycharmprojects\\deepfret-gui\\venv2\\lib\\site-packages\\botocore\\data\\elb\\2012-06-01\\paginators-1.json', 'botocore\\data\\elb\\2012-06-01'), ('c:\\users\\hatzakis group\\pycharmprojects\\deepfret-gui\\venv2\\lib\\site-packages\\botocore\\data\\elb\\2012-06-01\\service-2.json', 'botocore\\data\\elb\\2012-06-01'), ('c:\\users\\hatzakis group\\pycharmprojects\\deepfret-gui\\venv2\\lib\\site-packages\\botocore\\data\\elb\\2012-06-01\\waiters-2.json', 'botocore\\data\\elb\\2012-06-01'), ('c:\\users\\hatzakis group\\pycharmprojects\\deepfret-gui\\venv2\\lib\\site-packages\\botocore\\data\\elbv2\\2015-12-01\\examples-1.json', 'botocore\\data\\elbv2\\2015-12-01'), ('c:\\users\\hatzakis group\\pycharmprojects\\deepfret-gui\\venv2\\lib\\site-packages\\botocore\\data\\elbv2\\2015-12-01\\paginators-1.json', 'botocore\\data\\elbv2\\2015-12-01'), ('c:\\users\\hatzakis group\\pycharmprojects\\deepfret-gui\\venv2\\lib\\site-packages\\botocore\\data\\elbv2\\2015-12-01\\service-2.json', 'botocore\\data\\elbv2\\2015-12-01'), ('c:\\users\\hatzakis group\\pycharmprojects\\deepfret-gui\\venv2\\lib\\site-packages\\botocore\\data\\elbv2\\2015-12-01\\waiters-2.json', 'botocore\\data\\elbv2\\2015-12-01'), ('c:\\users\\hatzakis group\\pycharmprojects\\deepfret-gui\\venv2\\lib\\site-packages\\botocore\\data\\emr\\2009-03-31\\examples-1.json', 'botocore\\data\\emr\\2009-03-31'), ('c:\\users\\hatzakis group\\pycharmprojects\\deepfret-gui\\venv2\\lib\\site-packages\\botocore\\data\\emr\\2009-03-31\\paginators-1.json', 'botocore\\data\\emr\\2009-03-31'), ('c:\\users\\hatzakis group\\pycharmprojects\\deepfret-gui\\venv2\\lib\\site-packages\\botocore\\data\\emr\\2009-03-31\\service-2.json', 'botocore\\data\\emr\\2009-03-31'), ('c:\\users\\hatzakis group\\pycharmprojects\\deepfret-gui\\venv2\\lib\\site-packages\\botocore\\data\\emr\\2009-03-31\\waiters-2.json', 'botocore\\data\\emr\\2009-03-31'), ('c:\\users\\hatzakis group\\pycharmprojects\\deepfret-gui\\venv2\\lib\\site-packages\\botocore\\data\\es\\2015-01-01\\paginators-1.json', 'botocore\\data\\es\\2015-01-01'), ('c:\\users\\hatzakis group\\pycharmprojects\\deepfret-gui\\venv2\\lib\\site-packages\\botocore\\data\\es\\2015-01-01\\service-2.json', 'botocore\\data\\es\\2015-01-01'), ('c:\\users\\hatzakis group\\pycharmprojects\\deepfret-gui\\venv2\\lib\\site-packages\\botocore\\data\\events\\2014-02-03\\service-2.json', 'botocore\\data\\events\\2014-02-03'), ('c:\\users\\hatzakis group\\pycharmprojects\\deepfret-gui\\venv2\\lib\\site-packages\\botocore\\data\\events\\2015-10-07\\examples-1.json', 'botocore\\data\\events\\2015-10-07'), ('c:\\users\\hatzakis group\\pycharmprojects\\deepfret-gui\\venv2\\lib\\site-packages\\botocore\\data\\events\\2015-10-07\\paginators-1.json', 'botocore\\data\\events\\2015-10-07'), ('c:\\users\\hatzakis group\\pycharmprojects\\deepfret-gui\\venv2\\lib\\site-packages\\botocore\\data\\events\\2015-10-07\\service-2.json', 'botocore\\data\\events\\2015-10-07'), ('c:\\users\\hatzakis group\\pycharmprojects\\deepfret-gui\\venv2\\lib\\site-packages\\botocore\\data\\firehose\\2015-08-04\\examples-1.json', 'botocore\\data\\firehose\\2015-08-04'), ('c:\\users\\hatzakis group\\pycharmprojects\\deepfret-gui\\venv2\\lib\\site-packages\\botocore\\data\\firehose\\2015-08-04\\paginators-1.json', 'botocore\\data\\firehose\\2015-08-04'), ('c:\\users\\hatzakis group\\pycharmprojects\\deepfret-gui\\venv2\\lib\\site-packages\\botocore\\data\\firehose\\2015-08-04\\service-2.json', 'botocore\\data\\firehose\\2015-08-04'), ('c:\\users\\hatzakis group\\pycharmprojects\\deepfret-gui\\venv2\\lib\\site-packages\\botocore\\data\\fms\\2018-01-01\\paginators-1.json', 'botocore\\data\\fms\\2018-01-01'), ('c:\\users\\hatzakis group\\pycharmprojects\\deepfret-gui\\venv2\\lib\\site-packages\\botocore\\data\\fms\\2018-01-01\\service-2.json', 'botocore\\data\\fms\\2018-01-01'), ('c:\\users\\hatzakis group\\pycharmprojects\\deepfret-gui\\venv2\\lib\\site-packages\\botocore\\data\\fsx\\2018-03-01\\paginators-1.json', 'botocore\\data\\fsx\\2018-03-01'), ('c:\\users\\hatzakis group\\pycharmprojects\\deepfret-gui\\venv2\\lib\\site-packages\\botocore\\data\\fsx\\2018-03-01\\service-2.json', 'botocore\\data\\fsx\\2018-03-01'), ('c:\\users\\hatzakis group\\pycharmprojects\\deepfret-gui\\venv2\\lib\\site-packages\\botocore\\data\\gamelift\\2015-10-01\\examples-1.json', 'botocore\\data\\gamelift\\2015-10-01'), ('c:\\users\\hatzakis group\\pycharmprojects\\deepfret-gui\\venv2\\lib\\site-packages\\botocore\\data\\gamelift\\2015-10-01\\paginators-1.json', 'botocore\\data\\gamelift\\2015-10-01'), ('c:\\users\\hatzakis group\\pycharmprojects\\deepfret-gui\\venv2\\lib\\site-packages\\botocore\\data\\gamelift\\2015-10-01\\service-2.json', 'botocore\\data\\gamelift\\2015-10-01'), ('c:\\users\\hatzakis group\\pycharmprojects\\deepfret-gui\\venv2\\lib\\site-packages\\botocore\\data\\glacier\\2012-06-01\\examples-1.json', 'botocore\\data\\glacier\\2012-06-01'), ('c:\\users\\hatzakis group\\pycharmprojects\\deepfret-gui\\venv2\\lib\\site-packages\\botocore\\data\\glacier\\2012-06-01\\paginators-1.json', 'botocore\\data\\glacier\\2012-06-01'), ('c:\\users\\hatzakis group\\pycharmprojects\\deepfret-gui\\venv2\\lib\\site-packages\\botocore\\data\\glacier\\2012-06-01\\service-2.json', 'botocore\\data\\glacier\\2012-06-01'), ('c:\\users\\hatzakis group\\pycharmprojects\\deepfret-gui\\venv2\\lib\\site-packages\\botocore\\data\\glacier\\2012-06-01\\waiters-2.json', 'botocore\\data\\glacier\\2012-06-01'), ('c:\\users\\hatzakis group\\pycharmprojects\\deepfret-gui\\venv2\\lib\\site-packages\\botocore\\data\\globalaccelerator\\2018-08-08\\paginators-1.json', 'botocore\\data\\globalaccelerator\\2018-08-08'), ('c:\\users\\hatzakis group\\pycharmprojects\\deepfret-gui\\venv2\\lib\\site-packages\\botocore\\data\\globalaccelerator\\2018-08-08\\service-2.json', 'botocore\\data\\globalaccelerator\\2018-08-08'), ('c:\\users\\hatzakis group\\pycharmprojects\\deepfret-gui\\venv2\\lib\\site-packages\\botocore\\data\\glue\\2017-03-31\\paginators-1.json', 'botocore\\data\\glue\\2017-03-31'), ('c:\\users\\hatzakis group\\pycharmprojects\\deepfret-gui\\venv2\\lib\\site-packages\\botocore\\data\\glue\\2017-03-31\\service-2.json', 'botocore\\data\\glue\\2017-03-31'), ('c:\\users\\hatzakis group\\pycharmprojects\\deepfret-gui\\venv2\\lib\\site-packages\\botocore\\data\\greengrass\\2017-06-07\\paginators-1.json', 'botocore\\data\\greengrass\\2017-06-07'), ('c:\\users\\hatzakis group\\pycharmprojects\\deepfret-gui\\venv2\\lib\\site-packages\\botocore\\data\\greengrass\\2017-06-07\\service-2.json', 'botocore\\data\\greengrass\\2017-06-07'), ('c:\\users\\hatzakis group\\pycharmprojects\\deepfret-gui\\venv2\\lib\\site-packages\\botocore\\data\\guardduty\\2017-11-28\\paginators-1.json', 'botocore\\data\\guardduty\\2017-11-28'), ('c:\\users\\hatzakis group\\pycharmprojects\\deepfret-gui\\venv2\\lib\\site-packages\\botocore\\data\\guardduty\\2017-11-28\\service-2.json', 'botocore\\data\\guardduty\\2017-11-28'), ('c:\\users\\hatzakis group\\pycharmprojects\\deepfret-gui\\venv2\\lib\\site-packages\\botocore\\data\\health\\2016-08-04\\examples-1.json', 'botocore\\data\\health\\2016-08-04'), ('c:\\users\\hatzakis group\\pycharmprojects\\deepfret-gui\\venv2\\lib\\site-packages\\botocore\\data\\health\\2016-08-04\\paginators-1.json', 'botocore\\data\\health\\2016-08-04'), ('c:\\users\\hatzakis group\\pycharmprojects\\deepfret-gui\\venv2\\lib\\site-packages\\botocore\\data\\health\\2016-08-04\\service-2.json', 'botocore\\data\\health\\2016-08-04'), ('c:\\users\\hatzakis group\\pycharmprojects\\deepfret-gui\\venv2\\lib\\site-packages\\botocore\\data\\iam\\2010-05-08\\examples-1.json', 'botocore\\data\\iam\\2010-05-08'), ('c:\\users\\hatzakis group\\pycharmprojects\\deepfret-gui\\venv2\\lib\\site-packages\\botocore\\data\\iam\\2010-05-08\\paginators-1.json', 'botocore\\data\\iam\\2010-05-08'), ('c:\\users\\hatzakis group\\pycharmprojects\\deepfret-gui\\venv2\\lib\\site-packages\\botocore\\data\\iam\\2010-05-08\\service-2.json', 'botocore\\data\\iam\\2010-05-08'), ('c:\\users\\hatzakis group\\pycharmprojects\\deepfret-gui\\venv2\\lib\\site-packages\\botocore\\data\\iam\\2010-05-08\\waiters-2.json', 'botocore\\data\\iam\\2010-05-08'), ('c:\\users\\hatzakis group\\pycharmprojects\\deepfret-gui\\venv2\\lib\\site-packages\\botocore\\data\\importexport\\2010-06-01\\paginators-1.json', 'botocore\\data\\importexport\\2010-06-01'), ('c:\\users\\hatzakis group\\pycharmprojects\\deepfret-gui\\venv2\\lib\\site-packages\\botocore\\data\\importexport\\2010-06-01\\service-2.json', 'botocore\\data\\importexport\\2010-06-01'), ('c:\\users\\hatzakis group\\pycharmprojects\\deepfret-gui\\venv2\\lib\\site-packages\\botocore\\data\\inspector\\2015-08-18\\service-2.json', 'botocore\\data\\inspector\\2015-08-18'), ('c:\\users\\hatzakis group\\pycharmprojects\\deepfret-gui\\venv2\\lib\\site-packages\\botocore\\data\\inspector\\2016-02-16\\examples-1.json', 'botocore\\data\\inspector\\2016-02-16'), ('c:\\users\\hatzakis group\\pycharmprojects\\deepfret-gui\\venv2\\lib\\site-packages\\botocore\\data\\inspector\\2016-02-16\\paginators-1.json', 'botocore\\data\\inspector\\2016-02-16'), ('c:\\users\\hatzakis group\\pycharmprojects\\deepfret-gui\\venv2\\lib\\site-packages\\botocore\\data\\inspector\\2016-02-16\\service-2.json', 'botocore\\data\\inspector\\2016-02-16'), ('c:\\users\\hatzakis group\\pycharmprojects\\deepfret-gui\\venv2\\lib\\site-packages\\botocore\\data\\iot\\2015-05-28\\examples-1.json', 'botocore\\data\\iot\\2015-05-28'), ('c:\\users\\hatzakis group\\pycharmprojects\\deepfret-gui\\venv2\\lib\\site-packages\\botocore\\data\\iot\\2015-05-28\\paginators-1.json', 'botocore\\data\\iot\\2015-05-28'), ('c:\\users\\hatzakis group\\pycharmprojects\\deepfret-gui\\venv2\\lib\\site-packages\\botocore\\data\\iot\\2015-05-28\\service-2.json', 'botocore\\data\\iot\\2015-05-28'), ('c:\\users\\hatzakis group\\pycharmprojects\\deepfret-gui\\venv2\\lib\\site-packages\\botocore\\data\\iot-data\\2015-05-28\\service-2.json', 'botocore\\data\\iot-data\\2015-05-28'), ('c:\\users\\hatzakis group\\pycharmprojects\\deepfret-gui\\venv2\\lib\\site-packages\\botocore\\data\\iot-jobs-data\\2017-09-29\\paginators-1.json', 'botocore\\data\\iot-jobs-data\\2017-09-29'), ('c:\\users\\hatzakis group\\pycharmprojects\\deepfret-gui\\venv2\\lib\\site-packages\\botocore\\data\\iot-jobs-data\\2017-09-29\\service-2.json', 'botocore\\data\\iot-jobs-data\\2017-09-29'), ('c:\\users\\hatzakis group\\pycharmprojects\\deepfret-gui\\venv2\\lib\\site-packages\\botocore\\data\\iot1click-devices\\2018-05-14\\paginators-1.json', 'botocore\\data\\iot1click-devices\\2018-05-14'), ('c:\\users\\hatzakis group\\pycharmprojects\\deepfret-gui\\venv2\\lib\\site-packages\\botocore\\data\\iot1click-devices\\2018-05-14\\service-2.json', 'botocore\\data\\iot1click-devices\\2018-05-14'), ('c:\\users\\hatzakis group\\pycharmprojects\\deepfret-gui\\venv2\\lib\\site-packages\\botocore\\data\\iot1click-projects\\2018-05-14\\paginators-1.json', 'botocore\\data\\iot1click-projects\\2018-05-14'), ('c:\\users\\hatzakis group\\pycharmprojects\\deepfret-gui\\venv2\\lib\\site-packages\\botocore\\data\\iot1click-projects\\2018-05-14\\service-2.json', 'botocore\\data\\iot1click-projects\\2018-05-14'), ('c:\\users\\hatzakis group\\pycharmprojects\\deepfret-gui\\venv2\\lib\\site-packages\\botocore\\data\\iotanalytics\\2017-11-27\\paginators-1.json', 'botocore\\data\\iotanalytics\\2017-11-27'), ('c:\\users\\hatzakis group\\pycharmprojects\\deepfret-gui\\venv2\\lib\\site-packages\\botocore\\data\\iotanalytics\\2017-11-27\\service-2.json', 'botocore\\data\\iotanalytics\\2017-11-27'), ('c:\\users\\hatzakis group\\pycharmprojects\\deepfret-gui\\venv2\\lib\\site-packages\\botocore\\data\\kafka\\2018-11-14\\paginators-1.json', 'botocore\\data\\kafka\\2018-11-14'), ('c:\\users\\hatzakis group\\pycharmprojects\\deepfret-gui\\venv2\\lib\\site-packages\\botocore\\data\\kafka\\2018-11-14\\service-2.json', 'botocore\\data\\kafka\\2018-11-14'), ('c:\\users\\hatzakis group\\pycharmprojects\\deepfret-gui\\venv2\\lib\\site-packages\\botocore\\data\\kinesis\\2013-12-02\\examples-1.json', 'botocore\\data\\kinesis\\2013-12-02'), ('c:\\users\\hatzakis group\\pycharmprojects\\deepfret-gui\\venv2\\lib\\site-packages\\botocore\\data\\kinesis\\2013-12-02\\paginators-1.json', 'botocore\\data\\kinesis\\2013-12-02'), ('c:\\users\\hatzakis group\\pycharmprojects\\deepfret-gui\\venv2\\lib\\site-packages\\botocore\\data\\kinesis\\2013-12-02\\service-2.json', 'botocore\\data\\kinesis\\2013-12-02'), ('c:\\users\\hatzakis group\\pycharmprojects\\deepfret-gui\\venv2\\lib\\site-packages\\botocore\\data\\kinesis\\2013-12-02\\waiters-2.json', 'botocore\\data\\kinesis\\2013-12-02'), ('c:\\users\\hatzakis group\\pycharmprojects\\deepfret-gui\\venv2\\lib\\site-packages\\botocore\\data\\kinesis-video-archived-media\\2017-09-30\\paginators-1.json', 'botocore\\data\\kinesis-video-archived-media\\2017-09-30'), ('c:\\users\\hatzakis group\\pycharmprojects\\deepfret-gui\\venv2\\lib\\site-packages\\botocore\\data\\kinesis-video-archived-media\\2017-09-30\\service-2.json', 'botocore\\data\\kinesis-video-archived-media\\2017-09-30'), ('c:\\users\\hatzakis group\\pycharmprojects\\deepfret-gui\\venv2\\lib\\site-packages\\botocore\\data\\kinesis-video-media\\2017-09-30\\paginators-1.json', 'botocore\\data\\kinesis-video-media\\2017-09-30'), ('c:\\users\\hatzakis group\\pycharmprojects\\deepfret-gui\\venv2\\lib\\site-packages\\botocore\\data\\kinesis-video-media\\2017-09-30\\service-2.json', 'botocore\\data\\kinesis-video-media\\2017-09-30'), ('c:\\users\\hatzakis group\\pycharmprojects\\deepfret-gui\\venv2\\lib\\site-packages\\botocore\\data\\kinesisanalytics\\2015-08-14\\examples-1.json', 'botocore\\data\\kinesisanalytics\\2015-08-14'), ('c:\\users\\hatzakis group\\pycharmprojects\\deepfret-gui\\venv2\\lib\\site-packages\\botocore\\data\\kinesisanalytics\\2015-08-14\\paginators-1.json', 'botocore\\data\\kinesisanalytics\\2015-08-14'), ('c:\\users\\hatzakis group\\pycharmprojects\\deepfret-gui\\venv2\\lib\\site-packages\\botocore\\data\\kinesisanalytics\\2015-08-14\\service-2.json', 'botocore\\data\\kinesisanalytics\\2015-08-14'), ('c:\\users\\hatzakis group\\pycharmprojects\\deepfret-gui\\venv2\\lib\\site-packages\\botocore\\data\\kinesisanalyticsv2\\2018-05-23\\paginators-1.json', 'botocore\\data\\kinesisanalyticsv2\\2018-05-23'), ('c:\\users\\hatzakis group\\pycharmprojects\\deepfret-gui\\venv2\\lib\\site-packages\\botocore\\data\\kinesisanalyticsv2\\2018-05-23\\service-2.json', 'botocore\\data\\kinesisanalyticsv2\\2018-05-23'), ('c:\\users\\hatzakis group\\pycharmprojects\\deepfret-gui\\venv2\\lib\\site-packages\\botocore\\data\\kinesisvideo\\2017-09-30\\paginators-1.json', 'botocore\\data\\kinesisvideo\\2017-09-30'), ('c:\\users\\hatzakis group\\pycharmprojects\\deepfret-gui\\venv2\\lib\\site-packages\\botocore\\data\\kinesisvideo\\2017-09-30\\service-2.json', 'botocore\\data\\kinesisvideo\\2017-09-30'), ('c:\\users\\hatzakis group\\pycharmprojects\\deepfret-gui\\venv2\\lib\\site-packages\\botocore\\data\\kms\\2014-11-01\\examples-1.json', 'botocore\\data\\kms\\2014-11-01'), ('c:\\users\\hatzakis group\\pycharmprojects\\deepfret-gui\\venv2\\lib\\site-packages\\botocore\\data\\kms\\2014-11-01\\paginators-1.json', 'botocore\\data\\kms\\2014-11-01'), ('c:\\users\\hatzakis group\\pycharmprojects\\deepfret-gui\\venv2\\lib\\site-packages\\botocore\\data\\kms\\2014-11-01\\service-2.json', 'botocore\\data\\kms\\2014-11-01'), ('c:\\users\\hatzakis group\\pycharmprojects\\deepfret-gui\\venv2\\lib\\site-packages\\botocore\\data\\lambda\\2014-11-11\\service-2.json', 'botocore\\data\\lambda\\2014-11-11'), ('c:\\users\\hatzakis group\\pycharmprojects\\deepfret-gui\\venv2\\lib\\site-packages\\botocore\\data\\lambda\\2015-03-31\\examples-1.json', 'botocore\\data\\lambda\\2015-03-31'), ('c:\\users\\hatzakis group\\pycharmprojects\\deepfret-gui\\venv2\\lib\\site-packages\\botocore\\data\\lambda\\2015-03-31\\paginators-1.json', 'botocore\\data\\lambda\\2015-03-31'), ('c:\\users\\hatzakis group\\pycharmprojects\\deepfret-gui\\venv2\\lib\\site-packages\\botocore\\data\\lambda\\2015-03-31\\service-2.json', 'botocore\\data\\lambda\\2015-03-31'), ('c:\\users\\hatzakis group\\pycharmprojects\\deepfret-gui\\venv2\\lib\\site-packages\\botocore\\data\\lambda\\2015-03-31\\waiters-2.json', 'botocore\\data\\lambda\\2015-03-31'), ('c:\\users\\hatzakis group\\pycharmprojects\\deepfret-gui\\venv2\\lib\\site-packages\\botocore\\data\\lex-models\\2017-04-19\\paginators-1.json', 'botocore\\data\\lex-models\\2017-04-19'), ('c:\\users\\hatzakis group\\pycharmprojects\\deepfret-gui\\venv2\\lib\\site-packages\\botocore\\data\\lex-models\\2017-04-19\\service-2.json', 'botocore\\data\\lex-models\\2017-04-19'), ('c:\\users\\hatzakis group\\pycharmprojects\\deepfret-gui\\venv2\\lib\\site-packages\\botocore\\data\\lex-runtime\\2016-11-28\\paginators-1.json', 'botocore\\data\\lex-runtime\\2016-11-28'), ('c:\\users\\hatzakis group\\pycharmprojects\\deepfret-gui\\venv2\\lib\\site-packages\\botocore\\data\\lex-runtime\\2016-11-28\\service-2.json', 'botocore\\data\\lex-runtime\\2016-11-28'), ('c:\\users\\hatzakis group\\pycharmprojects\\deepfret-gui\\venv2\\lib\\site-packages\\botocore\\data\\license-manager\\2018-08-01\\paginators-1.json', 'botocore\\data\\license-manager\\2018-08-01'), ('c:\\users\\hatzakis group\\pycharmprojects\\deepfret-gui\\venv2\\lib\\site-packages\\botocore\\data\\license-manager\\2018-08-01\\service-2.json', 'botocore\\data\\license-manager\\2018-08-01'), ('c:\\users\\hatzakis group\\pycharmprojects\\deepfret-gui\\venv2\\lib\\site-packages\\botocore\\data\\lightsail\\2016-11-28\\examples-1.json', 'botocore\\data\\lightsail\\2016-11-28'), ('c:\\users\\hatzakis group\\pycharmprojects\\deepfret-gui\\venv2\\lib\\site-packages\\botocore\\data\\lightsail\\2016-11-28\\paginators-1.json', 'botocore\\data\\lightsail\\2016-11-28'), ('c:\\users\\hatzakis group\\pycharmprojects\\deepfret-gui\\venv2\\lib\\site-packages\\botocore\\data\\lightsail\\2016-11-28\\service-2.json', 'botocore\\data\\lightsail\\2016-11-28'), ('c:\\users\\hatzakis group\\pycharmprojects\\deepfret-gui\\venv2\\lib\\site-packages\\botocore\\data\\logs\\2014-03-28\\examples-1.json', 'botocore\\data\\logs\\2014-03-28'), ('c:\\users\\hatzakis group\\pycharmprojects\\deepfret-gui\\venv2\\lib\\site-packages\\botocore\\data\\logs\\2014-03-28\\paginators-1.json', 'botocore\\data\\logs\\2014-03-28'), ('c:\\users\\hatzakis group\\pycharmprojects\\deepfret-gui\\venv2\\lib\\site-packages\\botocore\\data\\logs\\2014-03-28\\service-2.json', 'botocore\\data\\logs\\2014-03-28'), ('c:\\users\\hatzakis group\\pycharmprojects\\deepfret-gui\\venv2\\lib\\site-packages\\botocore\\data\\machinelearning\\2014-12-12\\examples-1.json', 'botocore\\data\\machinelearning\\2014-12-12'), ('c:\\users\\hatzakis group\\pycharmprojects\\deepfret-gui\\venv2\\lib\\site-packages\\botocore\\data\\machinelearning\\2014-12-12\\paginators-1.json', 'botocore\\data\\machinelearning\\2014-12-12'), ('c:\\users\\hatzakis group\\pycharmprojects\\deepfret-gui\\venv2\\lib\\site-packages\\botocore\\data\\machinelearning\\2014-12-12\\service-2.json', 'botocore\\data\\machinelearning\\2014-12-12'), ('c:\\users\\hatzakis group\\pycharmprojects\\deepfret-gui\\venv2\\lib\\site-packages\\botocore\\data\\machinelearning\\2014-12-12\\waiters-2.json', 'botocore\\data\\machinelearning\\2014-12-12'), ('c:\\users\\hatzakis group\\pycharmprojects\\deepfret-gui\\venv2\\lib\\site-packages\\botocore\\data\\macie\\2017-12-19\\paginators-1.json', 'botocore\\data\\macie\\2017-12-19'), ('c:\\users\\hatzakis group\\pycharmprojects\\deepfret-gui\\venv2\\lib\\site-packages\\botocore\\data\\macie\\2017-12-19\\service-2.json', 'botocore\\data\\macie\\2017-12-19'), ('c:\\users\\hatzakis group\\pycharmprojects\\deepfret-gui\\venv2\\lib\\site-packages\\botocore\\data\\managedblockchain\\2018-09-24\\paginators-1.json', 'botocore\\data\\managedblockchain\\2018-09-24'), ('c:\\users\\hatzakis group\\pycharmprojects\\deepfret-gui\\venv2\\lib\\site-packages\\botocore\\data\\managedblockchain\\2018-09-24\\service-2.json', 'botocore\\data\\managedblockchain\\2018-09-24'), ('c:\\users\\hatzakis group\\pycharmprojects\\deepfret-gui\\venv2\\lib\\site-packages\\botocore\\data\\marketplace-entitlement\\2017-01-11\\paginators-1.json', 'botocore\\data\\marketplace-entitlement\\2017-01-11'), ('c:\\users\\hatzakis group\\pycharmprojects\\deepfret-gui\\venv2\\lib\\site-packages\\botocore\\data\\marketplace-entitlement\\2017-01-11\\service-2.json', 'botocore\\data\\marketplace-entitlement\\2017-01-11'), ('c:\\users\\hatzakis group\\pycharmprojects\\deepfret-gui\\venv2\\lib\\site-packages\\botocore\\data\\marketplacecommerceanalytics\\2015-07-01\\examples-1.json', 'botocore\\data\\marketplacecommerceanalytics\\2015-07-01'), ('c:\\users\\hatzakis group\\pycharmprojects\\deepfret-gui\\venv2\\lib\\site-packages\\botocore\\data\\marketplacecommerceanalytics\\2015-07-01\\paginators-1.json', 'botocore\\data\\marketplacecommerceanalytics\\2015-07-01'), ('c:\\users\\hatzakis group\\pycharmprojects\\deepfret-gui\\venv2\\lib\\site-packages\\botocore\\data\\marketplacecommerceanalytics\\2015-07-01\\service-2.json', 'botocore\\data\\marketplacecommerceanalytics\\2015-07-01'), ('c:\\users\\hatzakis group\\pycharmprojects\\deepfret-gui\\venv2\\lib\\site-packages\\botocore\\data\\mediaconnect\\2018-11-14\\paginators-1.json', 'botocore\\data\\mediaconnect\\2018-11-14'), ('c:\\users\\hatzakis group\\pycharmprojects\\deepfret-gui\\venv2\\lib\\site-packages\\botocore\\data\\mediaconnect\\2018-11-14\\service-2.json', 'botocore\\data\\mediaconnect\\2018-11-14'), ('c:\\users\\hatzakis group\\pycharmprojects\\deepfret-gui\\venv2\\lib\\site-packages\\botocore\\data\\mediaconvert\\2017-08-29\\paginators-1.json', 'botocore\\data\\mediaconvert\\2017-08-29'), ('c:\\users\\hatzakis group\\pycharmprojects\\deepfret-gui\\venv2\\lib\\site-packages\\botocore\\data\\mediaconvert\\2017-08-29\\service-2.json', 'botocore\\data\\mediaconvert\\2017-08-29'), ('c:\\users\\hatzakis group\\pycharmprojects\\deepfret-gui\\venv2\\lib\\site-packages\\botocore\\data\\medialive\\2017-10-14\\paginators-1.json', 'botocore\\data\\medialive\\2017-10-14'), ('c:\\users\\hatzakis group\\pycharmprojects\\deepfret-gui\\venv2\\lib\\site-packages\\botocore\\data\\medialive\\2017-10-14\\service-2.json', 'botocore\\data\\medialive\\2017-10-14'), ('c:\\users\\hatzakis group\\pycharmprojects\\deepfret-gui\\venv2\\lib\\site-packages\\botocore\\data\\mediapackage\\2017-10-12\\paginators-1.json', 'botocore\\data\\mediapackage\\2017-10-12'), ('c:\\users\\hatzakis group\\pycharmprojects\\deepfret-gui\\venv2\\lib\\site-packages\\botocore\\data\\mediapackage\\2017-10-12\\service-2.json', 'botocore\\data\\mediapackage\\2017-10-12'), ('c:\\users\\hatzakis group\\pycharmprojects\\deepfret-gui\\venv2\\lib\\site-packages\\botocore\\data\\mediastore\\2017-09-01\\paginators-1.json', 'botocore\\data\\mediastore\\2017-09-01'), ('c:\\users\\hatzakis group\\pycharmprojects\\deepfret-gui\\venv2\\lib\\site-packages\\botocore\\data\\mediastore\\2017-09-01\\service-2.json', 'botocore\\data\\mediastore\\2017-09-01'), ('c:\\users\\hatzakis group\\pycharmprojects\\deepfret-gui\\venv2\\lib\\site-packages\\botocore\\data\\mediastore-data\\2017-09-01\\paginators-1.json', 'botocore\\data\\mediastore-data\\2017-09-01'), ('c:\\users\\hatzakis group\\pycharmprojects\\deepfret-gui\\venv2\\lib\\site-packages\\botocore\\data\\mediastore-data\\2017-09-01\\service-2.json', 'botocore\\data\\mediastore-data\\2017-09-01'), ('c:\\users\\hatzakis group\\pycharmprojects\\deepfret-gui\\venv2\\lib\\site-packages\\botocore\\data\\mediatailor\\2018-04-23\\paginators-1.json', 'botocore\\data\\mediatailor\\2018-04-23'), ('c:\\users\\hatzakis group\\pycharmprojects\\deepfret-gui\\venv2\\lib\\site-packages\\botocore\\data\\mediatailor\\2018-04-23\\service-2.json', 'botocore\\data\\mediatailor\\2018-04-23'), ('c:\\users\\hatzakis group\\pycharmprojects\\deepfret-gui\\venv2\\lib\\site-packages\\botocore\\data\\meteringmarketplace\\2016-01-14\\examples-1.json', 'botocore\\data\\meteringmarketplace\\2016-01-14'), ('c:\\users\\hatzakis group\\pycharmprojects\\deepfret-gui\\venv2\\lib\\site-packages\\botocore\\data\\meteringmarketplace\\2016-01-14\\paginators-1.json', 'botocore\\data\\meteringmarketplace\\2016-01-14'), ('c:\\users\\hatzakis group\\pycharmprojects\\deepfret-gui\\venv2\\lib\\site-packages\\botocore\\data\\meteringmarketplace\\2016-01-14\\service-2.json', 'botocore\\data\\meteringmarketplace\\2016-01-14'), ('c:\\users\\hatzakis group\\pycharmprojects\\deepfret-gui\\venv2\\lib\\site-packages\\botocore\\data\\mgh\\2017-05-31\\paginators-1.json', 'botocore\\data\\mgh\\2017-05-31'), ('c:\\users\\hatzakis group\\pycharmprojects\\deepfret-gui\\venv2\\lib\\site-packages\\botocore\\data\\mgh\\2017-05-31\\service-2.json', 'botocore\\data\\mgh\\2017-05-31'), ('c:\\users\\hatzakis group\\pycharmprojects\\deepfret-gui\\venv2\\lib\\site-packages\\botocore\\data\\mobile\\2017-07-01\\paginators-1.json', 'botocore\\data\\mobile\\2017-07-01'), ('c:\\users\\hatzakis group\\pycharmprojects\\deepfret-gui\\venv2\\lib\\site-packages\\botocore\\data\\mobile\\2017-07-01\\service-2.json', 'botocore\\data\\mobile\\2017-07-01'), ('c:\\users\\hatzakis group\\pycharmprojects\\deepfret-gui\\venv2\\lib\\site-packages\\botocore\\data\\mq\\2017-11-27\\paginators-1.json', 'botocore\\data\\mq\\2017-11-27'), ('c:\\users\\hatzakis group\\pycharmprojects\\deepfret-gui\\venv2\\lib\\site-packages\\botocore\\data\\mq\\2017-11-27\\service-2.json', 'botocore\\data\\mq\\2017-11-27'), ('c:\\users\\hatzakis group\\pycharmprojects\\deepfret-gui\\venv2\\lib\\site-packages\\botocore\\data\\mturk\\2017-01-17\\paginators-1.json', 'botocore\\data\\mturk\\2017-01-17'), ('c:\\users\\hatzakis group\\pycharmprojects\\deepfret-gui\\venv2\\lib\\site-packages\\botocore\\data\\mturk\\2017-01-17\\service-2.json', 'botocore\\data\\mturk\\2017-01-17'), ('c:\\users\\hatzakis group\\pycharmprojects\\deepfret-gui\\venv2\\lib\\site-packages\\botocore\\data\\neptune\\2014-10-31\\paginators-1.json', 'botocore\\data\\neptune\\2014-10-31'), ('c:\\users\\hatzakis group\\pycharmprojects\\deepfret-gui\\venv2\\lib\\site-packages\\botocore\\data\\neptune\\2014-10-31\\service-2.json', 'botocore\\data\\neptune\\2014-10-31'), ('c:\\users\\hatzakis group\\pycharmprojects\\deepfret-gui\\venv2\\lib\\site-packages\\botocore\\data\\neptune\\2014-10-31\\service-2.sdk-extras.json', 'botocore\\data\\neptune\\2014-10-31'), ('c:\\users\\hatzakis group\\pycharmprojects\\deepfret-gui\\venv2\\lib\\site-packages\\botocore\\data\\neptune\\2014-10-31\\waiters-2.json', 'botocore\\data\\neptune\\2014-10-31'), ('c:\\users\\hatzakis group\\pycharmprojects\\deepfret-gui\\venv2\\lib\\site-packages\\botocore\\data\\opsworks\\2013-02-18\\examples-1.json', 'botocore\\data\\opsworks\\2013-02-18'), ('c:\\users\\hatzakis group\\pycharmprojects\\deepfret-gui\\venv2\\lib\\site-packages\\botocore\\data\\opsworks\\2013-02-18\\paginators-1.json', 'botocore\\data\\opsworks\\2013-02-18'), ('c:\\users\\hatzakis group\\pycharmprojects\\deepfret-gui\\venv2\\lib\\site-packages\\botocore\\data\\opsworks\\2013-02-18\\service-2.json', 'botocore\\data\\opsworks\\2013-02-18'), ('c:\\users\\hatzakis group\\pycharmprojects\\deepfret-gui\\venv2\\lib\\site-packages\\botocore\\data\\opsworks\\2013-02-18\\waiters-2.json', 'botocore\\data\\opsworks\\2013-02-18'), ('c:\\users\\hatzakis group\\pycharmprojects\\deepfret-gui\\venv2\\lib\\site-packages\\botocore\\data\\opsworkscm\\2016-11-01\\examples-1.json', 'botocore\\data\\opsworkscm\\2016-11-01'), ('c:\\users\\hatzakis group\\pycharmprojects\\deepfret-gui\\venv2\\lib\\site-packages\\botocore\\data\\opsworkscm\\2016-11-01\\paginators-1.json', 'botocore\\data\\opsworkscm\\2016-11-01'), ('c:\\users\\hatzakis group\\pycharmprojects\\deepfret-gui\\venv2\\lib\\site-packages\\botocore\\data\\opsworkscm\\2016-11-01\\service-2.json', 'botocore\\data\\opsworkscm\\2016-11-01'), ('c:\\users\\hatzakis group\\pycharmprojects\\deepfret-gui\\venv2\\lib\\site-packages\\botocore\\data\\opsworkscm\\2016-11-01\\waiters-2.json', 'botocore\\data\\opsworkscm\\2016-11-01'), ('c:\\users\\hatzakis group\\pycharmprojects\\deepfret-gui\\venv2\\lib\\site-packages\\botocore\\data\\organizations\\2016-11-28\\paginators-1.json', 'botocore\\data\\organizations\\2016-11-28'), ('c:\\users\\hatzakis group\\pycharmprojects\\deepfret-gui\\venv2\\lib\\site-packages\\botocore\\data\\organizations\\2016-11-28\\service-2.json', 'botocore\\data\\organizations\\2016-11-28'), ('c:\\users\\hatzakis group\\pycharmprojects\\deepfret-gui\\venv2\\lib\\site-packages\\botocore\\data\\pi\\2018-02-27\\paginators-1.json', 'botocore\\data\\pi\\2018-02-27'), ('c:\\users\\hatzakis group\\pycharmprojects\\deepfret-gui\\venv2\\lib\\site-packages\\botocore\\data\\pi\\2018-02-27\\service-2.json', 'botocore\\data\\pi\\2018-02-27'), ('c:\\users\\hatzakis group\\pycharmprojects\\deepfret-gui\\venv2\\lib\\site-packages\\botocore\\data\\pinpoint\\2016-12-01\\examples-1.json', 'botocore\\data\\pinpoint\\2016-12-01'), ('c:\\users\\hatzakis group\\pycharmprojects\\deepfret-gui\\venv2\\lib\\site-packages\\botocore\\data\\pinpoint\\2016-12-01\\service-2.json', 'botocore\\data\\pinpoint\\2016-12-01'), ('c:\\users\\hatzakis group\\pycharmprojects\\deepfret-gui\\venv2\\lib\\site-packages\\botocore\\data\\pinpoint-email\\2018-07-26\\paginators-1.json', 'botocore\\data\\pinpoint-email\\2018-07-26'), ('c:\\users\\hatzakis group\\pycharmprojects\\deepfret-gui\\venv2\\lib\\site-packages\\botocore\\data\\pinpoint-email\\2018-07-26\\service-2.json', 'botocore\\data\\pinpoint-email\\2018-07-26'), ('c:\\users\\hatzakis group\\pycharmprojects\\deepfret-gui\\venv2\\lib\\site-packages\\botocore\\data\\pinpoint-sms-voice\\2018-09-05\\service-2.json', 'botocore\\data\\pinpoint-sms-voice\\2018-09-05'), ('c:\\users\\hatzakis group\\pycharmprojects\\deepfret-gui\\venv2\\lib\\site-packages\\botocore\\data\\polly\\2016-06-10\\examples-1.json', 'botocore\\data\\polly\\2016-06-10'), ('c:\\users\\hatzakis group\\pycharmprojects\\deepfret-gui\\venv2\\lib\\site-packages\\botocore\\data\\polly\\2016-06-10\\paginators-1.json', 'botocore\\data\\polly\\2016-06-10'), ('c:\\users\\hatzakis group\\pycharmprojects\\deepfret-gui\\venv2\\lib\\site-packages\\botocore\\data\\polly\\2016-06-10\\service-2.json', 'botocore\\data\\polly\\2016-06-10'), ('c:\\users\\hatzakis group\\pycharmprojects\\deepfret-gui\\venv2\\lib\\site-packages\\botocore\\data\\pricing\\2017-10-15\\paginators-1.json', 'botocore\\data\\pricing\\2017-10-15'), ('c:\\users\\hatzakis group\\pycharmprojects\\deepfret-gui\\venv2\\lib\\site-packages\\botocore\\data\\pricing\\2017-10-15\\service-2.json', 'botocore\\data\\pricing\\2017-10-15'), ('c:\\users\\hatzakis group\\pycharmprojects\\deepfret-gui\\venv2\\lib\\site-packages\\botocore\\data\\quicksight\\2018-04-01\\paginators-1.json', 'botocore\\data\\quicksight\\2018-04-01'), ('c:\\users\\hatzakis group\\pycharmprojects\\deepfret-gui\\venv2\\lib\\site-packages\\botocore\\data\\quicksight\\2018-04-01\\service-2.json', 'botocore\\data\\quicksight\\2018-04-01'), ('c:\\users\\hatzakis group\\pycharmprojects\\deepfret-gui\\venv2\\lib\\site-packages\\botocore\\data\\ram\\2018-01-04\\paginators-1.json', 'botocore\\data\\ram\\2018-01-04'), ('c:\\users\\hatzakis group\\pycharmprojects\\deepfret-gui\\venv2\\lib\\site-packages\\botocore\\data\\ram\\2018-01-04\\service-2.json', 'botocore\\data\\ram\\2018-01-04'), ('c:\\users\\hatzakis group\\pycharmprojects\\deepfret-gui\\venv2\\lib\\site-packages\\botocore\\data\\rds\\2014-09-01\\paginators-1.json', 'botocore\\data\\rds\\2014-09-01'), ('c:\\users\\hatzakis group\\pycharmprojects\\deepfret-gui\\venv2\\lib\\site-packages\\botocore\\data\\rds\\2014-09-01\\service-2.json', 'botocore\\data\\rds\\2014-09-01'), ('c:\\users\\hatzakis group\\pycharmprojects\\deepfret-gui\\venv2\\lib\\site-packages\\botocore\\data\\rds\\2014-09-01\\waiters-2.json', 'botocore\\data\\rds\\2014-09-01'), ('c:\\users\\hatzakis group\\pycharmprojects\\deepfret-gui\\venv2\\lib\\site-packages\\botocore\\data\\rds\\2014-10-31\\examples-1.json', 'botocore\\data\\rds\\2014-10-31'), ('c:\\users\\hatzakis group\\pycharmprojects\\deepfret-gui\\venv2\\lib\\site-packages\\botocore\\data\\rds\\2014-10-31\\paginators-1.json', 'botocore\\data\\rds\\2014-10-31'), ('c:\\users\\hatzakis group\\pycharmprojects\\deepfret-gui\\venv2\\lib\\site-packages\\botocore\\data\\rds\\2014-10-31\\service-2.json', 'botocore\\data\\rds\\2014-10-31'), ('c:\\users\\hatzakis group\\pycharmprojects\\deepfret-gui\\venv2\\lib\\site-packages\\botocore\\data\\rds\\2014-10-31\\service-2.sdk-extras.json', 'botocore\\data\\rds\\2014-10-31'), ('c:\\users\\hatzakis group\\pycharmprojects\\deepfret-gui\\venv2\\lib\\site-packages\\botocore\\data\\rds\\2014-10-31\\waiters-2.json', 'botocore\\data\\rds\\2014-10-31'), ('c:\\users\\hatzakis group\\pycharmprojects\\deepfret-gui\\venv2\\lib\\site-packages\\botocore\\data\\rds-data\\2018-08-01\\paginators-1.json', 'botocore\\data\\rds-data\\2018-08-01'), ('c:\\users\\hatzakis group\\pycharmprojects\\deepfret-gui\\venv2\\lib\\site-packages\\botocore\\data\\rds-data\\2018-08-01\\service-2.json', 'botocore\\data\\rds-data\\2018-08-01'), ('c:\\users\\hatzakis group\\pycharmprojects\\deepfret-gui\\venv2\\lib\\site-packages\\botocore\\data\\redshift\\2012-12-01\\examples-1.json', 'botocore\\data\\redshift\\2012-12-01'), ('c:\\users\\hatzakis group\\pycharmprojects\\deepfret-gui\\venv2\\lib\\site-packages\\botocore\\data\\redshift\\2012-12-01\\paginators-1.json', 'botocore\\data\\redshift\\2012-12-01'), ('c:\\users\\hatzakis group\\pycharmprojects\\deepfret-gui\\venv2\\lib\\site-packages\\botocore\\data\\redshift\\2012-12-01\\service-2.json', 'botocore\\data\\redshift\\2012-12-01'), ('c:\\users\\hatzakis group\\pycharmprojects\\deepfret-gui\\venv2\\lib\\site-packages\\botocore\\data\\redshift\\2012-12-01\\waiters-2.json', 'botocore\\data\\redshift\\2012-12-01'), ('c:\\users\\hatzakis group\\pycharmprojects\\deepfret-gui\\venv2\\lib\\site-packages\\botocore\\data\\rekognition\\2016-06-27\\examples-1.json', 'botocore\\data\\rekognition\\2016-06-27'), ('c:\\users\\hatzakis group\\pycharmprojects\\deepfret-gui\\venv2\\lib\\site-packages\\botocore\\data\\rekognition\\2016-06-27\\paginators-1.json', 'botocore\\data\\rekognition\\2016-06-27'), ('c:\\users\\hatzakis group\\pycharmprojects\\deepfret-gui\\venv2\\lib\\site-packages\\botocore\\data\\rekognition\\2016-06-27\\service-2.json', 'botocore\\data\\rekognition\\2016-06-27'), ('c:\\users\\hatzakis group\\pycharmprojects\\deepfret-gui\\venv2\\lib\\site-packages\\botocore\\data\\resource-groups\\2017-11-27\\paginators-1.json', 'botocore\\data\\resource-groups\\2017-11-27'), ('c:\\users\\hatzakis group\\pycharmprojects\\deepfret-gui\\venv2\\lib\\site-packages\\botocore\\data\\resource-groups\\2017-11-27\\service-2.json', 'botocore\\data\\resource-groups\\2017-11-27'), ('c:\\users\\hatzakis group\\pycharmprojects\\deepfret-gui\\venv2\\lib\\site-packages\\botocore\\data\\resourcegroupstaggingapi\\2017-01-26\\paginators-1.json', 'botocore\\data\\resourcegroupstaggingapi\\2017-01-26'), ('c:\\users\\hatzakis group\\pycharmprojects\\deepfret-gui\\venv2\\lib\\site-packages\\botocore\\data\\resourcegroupstaggingapi\\2017-01-26\\service-2.json', 'botocore\\data\\resourcegroupstaggingapi\\2017-01-26'), ('c:\\users\\hatzakis group\\pycharmprojects\\deepfret-gui\\venv2\\lib\\site-packages\\botocore\\data\\robomaker\\2018-06-29\\paginators-1.json', 'botocore\\data\\robomaker\\2018-06-29'), ('c:\\users\\hatzakis group\\pycharmprojects\\deepfret-gui\\venv2\\lib\\site-packages\\botocore\\data\\robomaker\\2018-06-29\\service-2.json', 'botocore\\data\\robomaker\\2018-06-29'), ('c:\\users\\hatzakis group\\pycharmprojects\\deepfret-gui\\venv2\\lib\\site-packages\\botocore\\data\\route53\\2013-04-01\\examples-1.json', 'botocore\\data\\route53\\2013-04-01'), ('c:\\users\\hatzakis group\\pycharmprojects\\deepfret-gui\\venv2\\lib\\site-packages\\botocore\\data\\route53\\2013-04-01\\paginators-1.json', 'botocore\\data\\route53\\2013-04-01'), ('c:\\users\\hatzakis group\\pycharmprojects\\deepfret-gui\\venv2\\lib\\site-packages\\botocore\\data\\route53\\2013-04-01\\service-2.json', 'botocore\\data\\route53\\2013-04-01'), ('c:\\users\\hatzakis group\\pycharmprojects\\deepfret-gui\\venv2\\lib\\site-packages\\botocore\\data\\route53\\2013-04-01\\waiters-2.json', 'botocore\\data\\route53\\2013-04-01'), ('c:\\users\\hatzakis group\\pycharmprojects\\deepfret-gui\\venv2\\lib\\site-packages\\botocore\\data\\route53domains\\2014-05-15\\paginators-1.json', 'botocore\\data\\route53domains\\2014-05-15'), ('c:\\users\\hatzakis group\\pycharmprojects\\deepfret-gui\\venv2\\lib\\site-packages\\botocore\\data\\route53domains\\2014-05-15\\service-2.json', 'botocore\\data\\route53domains\\2014-05-15'), ('c:\\users\\hatzakis group\\pycharmprojects\\deepfret-gui\\venv2\\lib\\site-packages\\botocore\\data\\route53resolver\\2018-04-01\\paginators-1.json', 'botocore\\data\\route53resolver\\2018-04-01'), ('c:\\users\\hatzakis group\\pycharmprojects\\deepfret-gui\\venv2\\lib\\site-packages\\botocore\\data\\route53resolver\\2018-04-01\\service-2.json', 'botocore\\data\\route53resolver\\2018-04-01'), ('c:\\users\\hatzakis group\\pycharmprojects\\deepfret-gui\\venv2\\lib\\site-packages\\botocore\\data\\s3\\2006-03-01\\examples-1.json', 'botocore\\data\\s3\\2006-03-01'), ('c:\\users\\hatzakis group\\pycharmprojects\\deepfret-gui\\venv2\\lib\\site-packages\\botocore\\data\\s3\\2006-03-01\\paginators-1.json', 'botocore\\data\\s3\\2006-03-01'), ('c:\\users\\hatzakis group\\pycharmprojects\\deepfret-gui\\venv2\\lib\\site-packages\\botocore\\data\\s3\\2006-03-01\\service-2.json', 'botocore\\data\\s3\\2006-03-01'), ('c:\\users\\hatzakis group\\pycharmprojects\\deepfret-gui\\venv2\\lib\\site-packages\\botocore\\data\\s3\\2006-03-01\\waiters-2.json', 'botocore\\data\\s3\\2006-03-01'), ('c:\\users\\hatzakis group\\pycharmprojects\\deepfret-gui\\venv2\\lib\\site-packages\\botocore\\data\\s3control\\2018-08-20\\paginators-1.json', 'botocore\\data\\s3control\\2018-08-20'), ('c:\\users\\hatzakis group\\pycharmprojects\\deepfret-gui\\venv2\\lib\\site-packages\\botocore\\data\\s3control\\2018-08-20\\service-2.json', 'botocore\\data\\s3control\\2018-08-20'), ('c:\\users\\hatzakis group\\pycharmprojects\\deepfret-gui\\venv2\\lib\\site-packages\\botocore\\data\\sagemaker\\2017-07-24\\paginators-1.json', 'botocore\\data\\sagemaker\\2017-07-24'), ('c:\\users\\hatzakis group\\pycharmprojects\\deepfret-gui\\venv2\\lib\\site-packages\\botocore\\data\\sagemaker\\2017-07-24\\service-2.json', 'botocore\\data\\sagemaker\\2017-07-24'), ('c:\\users\\hatzakis group\\pycharmprojects\\deepfret-gui\\venv2\\lib\\site-packages\\botocore\\data\\sagemaker\\2017-07-24\\waiters-2.json', 'botocore\\data\\sagemaker\\2017-07-24'), ('c:\\users\\hatzakis group\\pycharmprojects\\deepfret-gui\\venv2\\lib\\site-packages\\botocore\\data\\sagemaker-runtime\\2017-05-13\\paginators-1.json', 'botocore\\data\\sagemaker-runtime\\2017-05-13'), ('c:\\users\\hatzakis group\\pycharmprojects\\deepfret-gui\\venv2\\lib\\site-packages\\botocore\\data\\sagemaker-runtime\\2017-05-13\\service-2.json', 'botocore\\data\\sagemaker-runtime\\2017-05-13'), ('c:\\users\\hatzakis group\\pycharmprojects\\deepfret-gui\\venv2\\lib\\site-packages\\botocore\\data\\sdb\\2009-04-15\\paginators-1.json', 'botocore\\data\\sdb\\2009-04-15'), ('c:\\users\\hatzakis group\\pycharmprojects\\deepfret-gui\\venv2\\lib\\site-packages\\botocore\\data\\sdb\\2009-04-15\\service-2.json', 'botocore\\data\\sdb\\2009-04-15'), ('c:\\users\\hatzakis group\\pycharmprojects\\deepfret-gui\\venv2\\lib\\site-packages\\botocore\\data\\secretsmanager\\2017-10-17\\paginators-1.json', 'botocore\\data\\secretsmanager\\2017-10-17'), ('c:\\users\\hatzakis group\\pycharmprojects\\deepfret-gui\\venv2\\lib\\site-packages\\botocore\\data\\secretsmanager\\2017-10-17\\service-2.json', 'botocore\\data\\secretsmanager\\2017-10-17'), ('c:\\users\\hatzakis group\\pycharmprojects\\deepfret-gui\\venv2\\lib\\site-packages\\botocore\\data\\secretsmanager\\2017-10-17\\service-2.sdk-extras.json', 'botocore\\data\\secretsmanager\\2017-10-17'), ('c:\\users\\hatzakis group\\pycharmprojects\\deepfret-gui\\venv2\\lib\\site-packages\\botocore\\data\\securityhub\\2018-10-26\\paginators-1.json', 'botocore\\data\\securityhub\\2018-10-26'), ('c:\\users\\hatzakis group\\pycharmprojects\\deepfret-gui\\venv2\\lib\\site-packages\\botocore\\data\\securityhub\\2018-10-26\\service-2.json', 'botocore\\data\\securityhub\\2018-10-26'), ('c:\\users\\hatzakis group\\pycharmprojects\\deepfret-gui\\venv2\\lib\\site-packages\\botocore\\data\\serverlessrepo\\2017-09-08\\paginators-1.json', 'botocore\\data\\serverlessrepo\\2017-09-08'), ('c:\\users\\hatzakis group\\pycharmprojects\\deepfret-gui\\venv2\\lib\\site-packages\\botocore\\data\\serverlessrepo\\2017-09-08\\service-2.json', 'botocore\\data\\serverlessrepo\\2017-09-08'), ('c:\\users\\hatzakis group\\pycharmprojects\\deepfret-gui\\venv2\\lib\\site-packages\\botocore\\data\\servicecatalog\\2015-12-10\\examples-1.json', 'botocore\\data\\servicecatalog\\2015-12-10'), ('c:\\users\\hatzakis group\\pycharmprojects\\deepfret-gui\\venv2\\lib\\site-packages\\botocore\\data\\servicecatalog\\2015-12-10\\paginators-1.json', 'botocore\\data\\servicecatalog\\2015-12-10'), ('c:\\users\\hatzakis group\\pycharmprojects\\deepfret-gui\\venv2\\lib\\site-packages\\botocore\\data\\servicecatalog\\2015-12-10\\service-2.json', 'botocore\\data\\servicecatalog\\2015-12-10'), ('c:\\users\\hatzakis group\\pycharmprojects\\deepfret-gui\\venv2\\lib\\site-packages\\botocore\\data\\servicediscovery\\2017-03-14\\paginators-1.json', 'botocore\\data\\servicediscovery\\2017-03-14'), ('c:\\users\\hatzakis group\\pycharmprojects\\deepfret-gui\\venv2\\lib\\site-packages\\botocore\\data\\servicediscovery\\2017-03-14\\service-2.json', 'botocore\\data\\servicediscovery\\2017-03-14'), ('c:\\users\\hatzakis group\\pycharmprojects\\deepfret-gui\\venv2\\lib\\site-packages\\botocore\\data\\ses\\2010-12-01\\examples-1.json', 'botocore\\data\\ses\\2010-12-01'), ('c:\\users\\hatzakis group\\pycharmprojects\\deepfret-gui\\venv2\\lib\\site-packages\\botocore\\data\\ses\\2010-12-01\\paginators-1.json', 'botocore\\data\\ses\\2010-12-01'), ('c:\\users\\hatzakis group\\pycharmprojects\\deepfret-gui\\venv2\\lib\\site-packages\\botocore\\data\\ses\\2010-12-01\\service-2.json', 'botocore\\data\\ses\\2010-12-01'), ('c:\\users\\hatzakis group\\pycharmprojects\\deepfret-gui\\venv2\\lib\\site-packages\\botocore\\data\\ses\\2010-12-01\\waiters-2.json', 'botocore\\data\\ses\\2010-12-01'), ('c:\\users\\hatzakis group\\pycharmprojects\\deepfret-gui\\venv2\\lib\\site-packages\\botocore\\data\\shield\\2016-06-02\\examples-1.json', 'botocore\\data\\shield\\2016-06-02'), ('c:\\users\\hatzakis group\\pycharmprojects\\deepfret-gui\\venv2\\lib\\site-packages\\botocore\\data\\shield\\2016-06-02\\paginators-1.json', 'botocore\\data\\shield\\2016-06-02'), ('c:\\users\\hatzakis group\\pycharmprojects\\deepfret-gui\\venv2\\lib\\site-packages\\botocore\\data\\shield\\2016-06-02\\service-2.json', 'botocore\\data\\shield\\2016-06-02'), ('c:\\users\\hatzakis group\\pycharmprojects\\deepfret-gui\\venv2\\lib\\site-packages\\botocore\\data\\signer\\2017-08-25\\paginators-1.json', 'botocore\\data\\signer\\2017-08-25'), ('c:\\users\\hatzakis group\\pycharmprojects\\deepfret-gui\\venv2\\lib\\site-packages\\botocore\\data\\signer\\2017-08-25\\service-2.json', 'botocore\\data\\signer\\2017-08-25'), ('c:\\users\\hatzakis group\\pycharmprojects\\deepfret-gui\\venv2\\lib\\site-packages\\botocore\\data\\signer\\2017-08-25\\waiters-2.json', 'botocore\\data\\signer\\2017-08-25'), ('c:\\users\\hatzakis group\\pycharmprojects\\deepfret-gui\\venv2\\lib\\site-packages\\botocore\\data\\sms\\2016-10-24\\examples-1.json', 'botocore\\data\\sms\\2016-10-24'), ('c:\\users\\hatzakis group\\pycharmprojects\\deepfret-gui\\venv2\\lib\\site-packages\\botocore\\data\\sms\\2016-10-24\\paginators-1.json', 'botocore\\data\\sms\\2016-10-24'), ('c:\\users\\hatzakis group\\pycharmprojects\\deepfret-gui\\venv2\\lib\\site-packages\\botocore\\data\\sms\\2016-10-24\\service-2.json', 'botocore\\data\\sms\\2016-10-24'), ('c:\\users\\hatzakis group\\pycharmprojects\\deepfret-gui\\venv2\\lib\\site-packages\\botocore\\data\\sms-voice\\2018-09-05\\service-2.json', 'botocore\\data\\sms-voice\\2018-09-05'), ('c:\\users\\hatzakis group\\pycharmprojects\\deepfret-gui\\venv2\\lib\\site-packages\\botocore\\data\\snowball\\2016-06-30\\examples-1.json', 'botocore\\data\\snowball\\2016-06-30'), ('c:\\users\\hatzakis group\\pycharmprojects\\deepfret-gui\\venv2\\lib\\site-packages\\botocore\\data\\snowball\\2016-06-30\\paginators-1.json', 'botocore\\data\\snowball\\2016-06-30'), ('c:\\users\\hatzakis group\\pycharmprojects\\deepfret-gui\\venv2\\lib\\site-packages\\botocore\\data\\snowball\\2016-06-30\\service-2.json', 'botocore\\data\\snowball\\2016-06-30'), ('c:\\users\\hatzakis group\\pycharmprojects\\deepfret-gui\\venv2\\lib\\site-packages\\botocore\\data\\sns\\2010-03-31\\examples-1.json', 'botocore\\data\\sns\\2010-03-31'), ('c:\\users\\hatzakis group\\pycharmprojects\\deepfret-gui\\venv2\\lib\\site-packages\\botocore\\data\\sns\\2010-03-31\\paginators-1.json', 'botocore\\data\\sns\\2010-03-31'), ('c:\\users\\hatzakis group\\pycharmprojects\\deepfret-gui\\venv2\\lib\\site-packages\\botocore\\data\\sns\\2010-03-31\\service-2.json', 'botocore\\data\\sns\\2010-03-31'), ('c:\\users\\hatzakis group\\pycharmprojects\\deepfret-gui\\venv2\\lib\\site-packages\\botocore\\data\\sqs\\2012-11-05\\examples-1.json', 'botocore\\data\\sqs\\2012-11-05'), ('c:\\users\\hatzakis group\\pycharmprojects\\deepfret-gui\\venv2\\lib\\site-packages\\botocore\\data\\sqs\\2012-11-05\\paginators-1.json', 'botocore\\data\\sqs\\2012-11-05'), ('c:\\users\\hatzakis group\\pycharmprojects\\deepfret-gui\\venv2\\lib\\site-packages\\botocore\\data\\sqs\\2012-11-05\\service-2.json', 'botocore\\data\\sqs\\2012-11-05'), ('c:\\users\\hatzakis group\\pycharmprojects\\deepfret-gui\\venv2\\lib\\site-packages\\botocore\\data\\ssm\\2014-11-06\\examples-1.json', 'botocore\\data\\ssm\\2014-11-06'), ('c:\\users\\hatzakis group\\pycharmprojects\\deepfret-gui\\venv2\\lib\\site-packages\\botocore\\data\\ssm\\2014-11-06\\paginators-1.json', 'botocore\\data\\ssm\\2014-11-06'), ('c:\\users\\hatzakis group\\pycharmprojects\\deepfret-gui\\venv2\\lib\\site-packages\\botocore\\data\\ssm\\2014-11-06\\service-2.json', 'botocore\\data\\ssm\\2014-11-06'), ('c:\\users\\hatzakis group\\pycharmprojects\\deepfret-gui\\venv2\\lib\\site-packages\\botocore\\data\\stepfunctions\\2016-11-23\\examples-1.json', 'botocore\\data\\stepfunctions\\2016-11-23'), ('c:\\users\\hatzakis group\\pycharmprojects\\deepfret-gui\\venv2\\lib\\site-packages\\botocore\\data\\stepfunctions\\2016-11-23\\paginators-1.json', 'botocore\\data\\stepfunctions\\2016-11-23'), ('c:\\users\\hatzakis group\\pycharmprojects\\deepfret-gui\\venv2\\lib\\site-packages\\botocore\\data\\stepfunctions\\2016-11-23\\service-2.json', 'botocore\\data\\stepfunctions\\2016-11-23'), ('c:\\users\\hatzakis group\\pycharmprojects\\deepfret-gui\\venv2\\lib\\site-packages\\botocore\\data\\storagegateway\\2013-06-30\\examples-1.json', 'botocore\\data\\storagegateway\\2013-06-30'), ('c:\\users\\hatzakis group\\pycharmprojects\\deepfret-gui\\venv2\\lib\\site-packages\\botocore\\data\\storagegateway\\2013-06-30\\paginators-1.json', 'botocore\\data\\storagegateway\\2013-06-30'), ('c:\\users\\hatzakis group\\pycharmprojects\\deepfret-gui\\venv2\\lib\\site-packages\\botocore\\data\\storagegateway\\2013-06-30\\service-2.json', 'botocore\\data\\storagegateway\\2013-06-30'), ('c:\\users\\hatzakis group\\pycharmprojects\\deepfret-gui\\venv2\\lib\\site-packages\\botocore\\data\\sts\\2011-06-15\\examples-1.json', 'botocore\\data\\sts\\2011-06-15'), ('c:\\users\\hatzakis group\\pycharmprojects\\deepfret-gui\\venv2\\lib\\site-packages\\botocore\\data\\sts\\2011-06-15\\paginators-1.json', 'botocore\\data\\sts\\2011-06-15'), ('c:\\users\\hatzakis group\\pycharmprojects\\deepfret-gui\\venv2\\lib\\site-packages\\botocore\\data\\sts\\2011-06-15\\service-2.json', 'botocore\\data\\sts\\2011-06-15'), ('c:\\users\\hatzakis group\\pycharmprojects\\deepfret-gui\\venv2\\lib\\site-packages\\botocore\\data\\support\\2013-04-15\\examples-1.json', 'botocore\\data\\support\\2013-04-15'), ('c:\\users\\hatzakis group\\pycharmprojects\\deepfret-gui\\venv2\\lib\\site-packages\\botocore\\data\\support\\2013-04-15\\paginators-1.json', 'botocore\\data\\support\\2013-04-15'), ('c:\\users\\hatzakis group\\pycharmprojects\\deepfret-gui\\venv2\\lib\\site-packages\\botocore\\data\\support\\2013-04-15\\service-2.json', 'botocore\\data\\support\\2013-04-15'), ('c:\\users\\hatzakis group\\pycharmprojects\\deepfret-gui\\venv2\\lib\\site-packages\\botocore\\data\\swf\\2012-01-25\\paginators-1.json', 'botocore\\data\\swf\\2012-01-25'), ('c:\\users\\hatzakis group\\pycharmprojects\\deepfret-gui\\venv2\\lib\\site-packages\\botocore\\data\\swf\\2012-01-25\\service-2.json', 'botocore\\data\\swf\\2012-01-25'), ('c:\\users\\hatzakis group\\pycharmprojects\\deepfret-gui\\venv2\\lib\\site-packages\\botocore\\data\\textract\\2018-06-27\\paginators-1.json', 'botocore\\data\\textract\\2018-06-27'), ('c:\\users\\hatzakis group\\pycharmprojects\\deepfret-gui\\venv2\\lib\\site-packages\\botocore\\data\\textract\\2018-06-27\\service-2.json', 'botocore\\data\\textract\\2018-06-27'), ('c:\\users\\hatzakis group\\pycharmprojects\\deepfret-gui\\venv2\\lib\\site-packages\\botocore\\data\\transcribe\\2017-10-26\\paginators-1.json', 'botocore\\data\\transcribe\\2017-10-26'), ('c:\\users\\hatzakis group\\pycharmprojects\\deepfret-gui\\venv2\\lib\\site-packages\\botocore\\data\\transcribe\\2017-10-26\\service-2.json', 'botocore\\data\\transcribe\\2017-10-26'), ('c:\\users\\hatzakis group\\pycharmprojects\\deepfret-gui\\venv2\\lib\\site-packages\\botocore\\data\\transfer\\2018-11-05\\paginators-1.json', 'botocore\\data\\transfer\\2018-11-05'), ('c:\\users\\hatzakis group\\pycharmprojects\\deepfret-gui\\venv2\\lib\\site-packages\\botocore\\data\\transfer\\2018-11-05\\service-2.json', 'botocore\\data\\transfer\\2018-11-05'), ('c:\\users\\hatzakis group\\pycharmprojects\\deepfret-gui\\venv2\\lib\\site-packages\\botocore\\data\\translate\\2017-07-01\\paginators-1.json', 'botocore\\data\\translate\\2017-07-01'), ('c:\\users\\hatzakis group\\pycharmprojects\\deepfret-gui\\venv2\\lib\\site-packages\\botocore\\data\\translate\\2017-07-01\\service-2.json', 'botocore\\data\\translate\\2017-07-01'), ('c:\\users\\hatzakis group\\pycharmprojects\\deepfret-gui\\venv2\\lib\\site-packages\\botocore\\data\\waf\\2015-08-24\\examples-1.json', 'botocore\\data\\waf\\2015-08-24'), ('c:\\users\\hatzakis group\\pycharmprojects\\deepfret-gui\\venv2\\lib\\site-packages\\botocore\\data\\waf\\2015-08-24\\paginators-1.json', 'botocore\\data\\waf\\2015-08-24'), ('c:\\users\\hatzakis group\\pycharmprojects\\deepfret-gui\\venv2\\lib\\site-packages\\botocore\\data\\waf\\2015-08-24\\service-2.json', 'botocore\\data\\waf\\2015-08-24'), ('c:\\users\\hatzakis group\\pycharmprojects\\deepfret-gui\\venv2\\lib\\site-packages\\botocore\\data\\waf-regional\\2016-11-28\\examples-1.json', 'botocore\\data\\waf-regional\\2016-11-28'), ('c:\\users\\hatzakis group\\pycharmprojects\\deepfret-gui\\venv2\\lib\\site-packages\\botocore\\data\\waf-regional\\2016-11-28\\paginators-1.json', 'botocore\\data\\waf-regional\\2016-11-28'), ('c:\\users\\hatzakis group\\pycharmprojects\\deepfret-gui\\venv2\\lib\\site-packages\\botocore\\data\\waf-regional\\2016-11-28\\service-2.json', 'botocore\\data\\waf-regional\\2016-11-28'), ('c:\\users\\hatzakis group\\pycharmprojects\\deepfret-gui\\venv2\\lib\\site-packages\\botocore\\data\\workdocs\\2016-05-01\\paginators-1.json', 'botocore\\data\\workdocs\\2016-05-01'), ('c:\\users\\hatzakis group\\pycharmprojects\\deepfret-gui\\venv2\\lib\\site-packages\\botocore\\data\\workdocs\\2016-05-01\\service-2.json', 'botocore\\data\\workdocs\\2016-05-01'), ('c:\\users\\hatzakis group\\pycharmprojects\\deepfret-gui\\venv2\\lib\\site-packages\\botocore\\data\\worklink\\2018-09-25\\paginators-1.json', 'botocore\\data\\worklink\\2018-09-25'), ('c:\\users\\hatzakis group\\pycharmprojects\\deepfret-gui\\venv2\\lib\\site-packages\\botocore\\data\\worklink\\2018-09-25\\service-2.json', 'botocore\\data\\worklink\\2018-09-25'), ('c:\\users\\hatzakis group\\pycharmprojects\\deepfret-gui\\venv2\\lib\\site-packages\\botocore\\data\\workmail\\2017-10-01\\paginators-1.json', 'botocore\\data\\workmail\\2017-10-01'), ('c:\\users\\hatzakis group\\pycharmprojects\\deepfret-gui\\venv2\\lib\\site-packages\\botocore\\data\\workmail\\2017-10-01\\service-2.json', 'botocore\\data\\workmail\\2017-10-01'), ('c:\\users\\hatzakis group\\pycharmprojects\\deepfret-gui\\venv2\\lib\\site-packages\\botocore\\data\\workspaces\\2015-04-08\\examples-1.json', 'botocore\\data\\workspaces\\2015-04-08'), ('c:\\users\\hatzakis group\\pycharmprojects\\deepfret-gui\\venv2\\lib\\site-packages\\botocore\\data\\workspaces\\2015-04-08\\paginators-1.json', 'botocore\\data\\workspaces\\2015-04-08'), ('c:\\users\\hatzakis group\\pycharmprojects\\deepfret-gui\\venv2\\lib\\site-packages\\botocore\\data\\workspaces\\2015-04-08\\service-2.json', 'botocore\\data\\workspaces\\2015-04-08'), ('c:\\users\\hatzakis group\\pycharmprojects\\deepfret-gui\\venv2\\lib\\site-packages\\botocore\\data\\xray\\2016-04-12\\examples-1.json', 'botocore\\data\\xray\\2016-04-12'), ('c:\\users\\hatzakis group\\pycharmprojects\\deepfret-gui\\venv2\\lib\\site-packages\\botocore\\data\\xray\\2016-04-12\\paginators-1.json', 'botocore\\data\\xray\\2016-04-12'), ('c:\\users\\hatzakis group\\pycharmprojects\\deepfret-gui\\venv2\\lib\\site-packages\\botocore\\data\\xray\\2016-04-12\\service-2.json', 'botocore\\data\\xray\\2016-04-12'), ('c:\\users\\hatzakis group\\pycharmprojects\\deepfret-gui\\venv2\\lib\\site-packages\\botocore\\vendored\\requests\\cacert.pem', 'botocore\\vendored\\requests')]
65448 INFO: Loading module hook "hook-certifi.py"...
65448 DEBUG: Collecting data files for certifi
65448 DEBUG: collect_data_files - Found files: [('c:\\users\\hatzakis group\\pycharmprojects\\deepfret-gui\\venv2\\lib\\site-packages\\certifi\\cacert.pem', 'certifi')]
65448 INFO: Loading module hook "hook-distutils.py"...
65448 INFO: Loading module hook "hook-encodings.py"...
65448 DEBUG: Collecting submodules for encodings
65542 DEBUG: collect_submodules - Found submodules: {'encodings.cp865', 'encodings.ptcp154', 'encodings.mac_cyrillic', 'encodings.cp037', 'encodings', 'encodings.iso8859_4', 'encodings.mac_greek', 'encodings.iso8859_10', 'encodings.base64_codec', 'encodings.mac_croatian', 'encodings.unicode_internal', 'encodings.iso2022_jp_3', 'encodings.cp855', 'encodings.cp1006', 'encodings.idna', 'encodings.mac_roman', 'encodings.cp858', 'encodings.koi8_t', 'encodings.utf_7', 'encodings.iso2022_jp', 'encodings.cp1253', 'encodings.iso8859_9', 'encodings.quopri_codec', 'encodings.iso2022_jp_2', 'encodings.iso2022_jp_1', 'encodings.iso2022_kr', 'encodings.hex_codec', 'encodings.mac_centeuro', 'encodings.punycode', 'encodings.iso8859_14', 'encodings.utf_16_be', 'encodings.cp437', 'encodings.utf_32', 'encodings.cp856', 'encodings.cp857', 'encodings.euc_kr', 'encodings.cp864', 'encodings.iso2022_jp_2004', 'encodings.bz2_codec', 'encodings.cp500', 'encodings.shift_jis', 'encodings.gbk', 'encodings.unicode_escape', 'encodings.iso8859_2', 'encodings.cp860', 'encodings.iso8859_15', 'encodings.mac_farsi', 'encodings.cp874', 'encodings.mac_romanian', 'encodings.cp862', 'encodings.rot_13', 'encodings.ascii', 'encodings.euc_jp', 'encodings.koi8_r', 'encodings.gb18030', 'encodings.iso8859_13', 'encodings.hp_roman8', 'encodings.cp424', 'encodings.cp1250', 'encodings.cp737', 'encodings.iso8859_6', 'encodings.iso8859_8', 'encodings.cp65001', 'encodings.mbcs', 'encodings.utf_16_le', 'encodings.hz', 'encodings.palmos', 'encodings.gb2312', 'encodings.johab', 'encodings.raw_unicode_escape', 'encodings.shift_jisx0213', 'encodings.cp1255', 'encodings.aliases', 'encodings.utf_8_sig', 'encodings.charmap', 'encodings.utf_16', 'encodings.undefined', 'encodings.cp949', 'encodings.cp852', 'encodings.cp1251', 'encodings.iso8859_11', 'encodings.cp932', 'encodings.cp1140', 'encodings.iso8859_7', 'encodings.euc_jis_2004', 'encodings.cp869', 'encodings.iso8859_16', 'encodings.koi8_u', 'encodings.big5', 'encodings.cp1258', 'encodings.mac_turkish', 'encodings.big5hkscs', 'encodings.cp1252', 'encodings.oem', 'encodings.uu_codec', 'encodings.cp950', 'encodings.cp863', 'encodings.zlib_codec', 'encodings.kz1048', 'encodings.cp861', 'encodings.shift_jis_2004', 'encodings.euc_jisx0213', 'encodings.cp875', 'encodings.mac_arabic', 'encodings.cp720', 'encodings.latin_1', 'encodings.cp1125', 'encodings.cp850', 'encodings.cp1256', 'encodings.cp866', 'encodings.tis_620', 'encodings.cp1254', 'encodings.utf_32_be', 'encodings.utf_32_le', 'encodings.iso2022_jp_ext', 'encodings.cp775', 'encodings.mac_iceland', 'encodings.cp1026', 'encodings.utf_8', 'encodings.cp273', 'encodings.iso8859_1', 'encodings.iso8859_5', 'encodings.mac_latin2', 'encodings.cp1257', 'encodings.iso8859_3'}
65542 INFO: Loading module hook "hook-h5py.py"...
65542 INFO: Loading module hook "hook-lib2to3.py"...
65542 DEBUG: Collecting data files for lib2to3
65542 DEBUG: collect_data_files - Found files: [('C:\\Users\\Hatzakis group\\AppData\\Local\\Programs\\Python\\Python36\\lib\\lib2to3\\Grammar.txt', 'lib2to3'), ('C:\\Users\\Hatzakis group\\AppData\\Local\\Programs\\Python\\Python36\\lib\\lib2to3\\Grammar3.6.2.candidate.2.pickle', 'lib2to3'), ('C:\\Users\\Hatzakis group\\AppData\\Local\\Programs\\Python\\Python36\\lib\\lib2to3\\Grammar3.6.2.final.0.pickle', 'lib2to3'), ('C:\\Users\\Hatzakis group\\AppData\\Local\\Programs\\Python\\Python36\\lib\\lib2to3\\Grammar3.6.3.candidate.1.pickle', 'lib2to3'), ('C:\\Users\\Hatzakis group\\AppData\\Local\\Programs\\Python\\Python36\\lib\\lib2to3\\Grammar3.6.3.final.0.pickle', 'lib2to3'), ('C:\\Users\\Hatzakis group\\AppData\\Local\\Programs\\Python\\Python36\\lib\\lib2to3\\Grammar3.6.4.candidate.1.pickle', 'lib2to3'), ('C:\\Users\\Hatzakis group\\AppData\\Local\\Programs\\Python\\Python36\\lib\\lib2to3\\Grammar3.6.4.final.0.pickle', 'lib2to3'), ('C:\\Users\\Hatzakis group\\AppData\\Local\\Programs\\Python\\Python36\\lib\\lib2to3\\Grammar3.6.5.candidate.1.pickle', 'lib2to3'), ('C:\\Users\\Hatzakis group\\AppData\\Local\\Programs\\Python\\Python36\\lib\\lib2to3\\Grammar3.6.5.final.0.pickle', 'lib2to3'), ('C:\\Users\\Hatzakis group\\AppData\\Local\\Programs\\Python\\Python36\\lib\\lib2to3\\PatternGrammar.txt', 'lib2to3'), ('C:\\Users\\Hatzakis group\\AppData\\Local\\Programs\\Python\\Python36\\lib\\lib2to3\\PatternGrammar3.6.2.candidate.2.pickle', 'lib2to3'), ('C:\\Users\\Hatzakis group\\AppData\\Local\\Programs\\Python\\Python36\\lib\\lib2to3\\PatternGrammar3.6.2.final.0.pickle', 'lib2to3'), ('C:\\Users\\Hatzakis group\\AppData\\Local\\Programs\\Python\\Python36\\lib\\lib2to3\\PatternGrammar3.6.3.candidate.1.pickle', 'lib2to3'), ('C:\\Users\\Hatzakis group\\AppData\\Local\\Programs\\Python\\Python36\\lib\\lib2to3\\PatternGrammar3.6.3.final.0.pickle', 'lib2to3'), ('C:\\Users\\Hatzakis group\\AppData\\Local\\Programs\\Python\\Python36\\lib\\lib2to3\\PatternGrammar3.6.4.candidate.1.pickle', 'lib2to3'), ('C:\\Users\\Hatzakis group\\AppData\\Local\\Programs\\Python\\Python36\\lib\\lib2to3\\PatternGrammar3.6.4.final.0.pickle', 'lib2to3'), ('C:\\Users\\Hatzakis group\\AppData\\Local\\Programs\\Python\\Python36\\lib\\lib2to3\\PatternGrammar3.6.5.candidate.1.pickle', 'lib2to3'), ('C:\\Users\\Hatzakis group\\AppData\\Local\\Programs\\Python\\Python36\\lib\\lib2to3\\PatternGrammar3.6.5.final.0.pickle', 'lib2to3'), ('C:\\Users\\Hatzakis group\\AppData\\Local\\Programs\\Python\\Python36\\lib\\lib2to3\\tests\\data\\README', 'lib2to3\\tests\\data')]
65542 INFO: Loading module hook "hook-matplotlib.backends.py"...
66120 INFO:   Matplotlib backend "GTK3Agg": ignored
    backend Gtk3Agg requires cairo
66417 INFO:   Matplotlib backend "GTK3Cairo": ignored
    cairo backend requires that pycairo>=1.11.0 or cairocffiis installed
66698 INFO:   Matplotlib backend "MacOSX": ignored
    cannot import name '_macosx'
67026 INFO:   Matplotlib backend "nbAgg": ignored
    No module named 'IPython'
67370 INFO:   Matplotlib backend "Qt4Agg": added
67666 INFO:   Matplotlib backend "Qt4Cairo": ignored
    cairo backend requires that pycairo>=1.11.0 or cairocffiis installed
68026 INFO:   Matplotlib backend "Qt5Agg": added
68338 INFO:   Matplotlib backend "Qt5Cairo": ignored
    cairo backend requires that pycairo>=1.11.0 or cairocffiis installed
68760 INFO:   Matplotlib backend "TkAgg": added
69182 INFO:   Matplotlib backend "TkCairo": ignored
    cairo backend requires that pycairo>=1.11.0 or cairocffiis installed
69463 INFO:   Matplotlib backend "WebAgg": ignored
    Traceback (most recent call last):
  File "c:\users\hatzakis group\pycharmprojects\deepfret-gui\venv2\lib\site-packages\matplotlib\backends\backend_webagg.py", line 27, in <module>
    import tornado
ModuleNotFoundError: No module named 'tornado'

During handling of the above exception, another exception occurred:

Traceback (most recent call last):
  File "<string>", line 12, in <module>
  File "c:\users\hatzakis group\pycharmprojects\deepfret-gui\venv2\lib\site-packages\matplotlib\backends\backend_webagg.py", line 29, in <module>
    raise RuntimeError("The WebAgg backend requires Tornado.")
RuntimeError: The WebAgg backend requires Tornado.
69885 INFO:   Matplotlib backend "WX": ignored
    No module named 'wx'
70194 INFO:   Matplotlib backend "WXAgg": ignored
    No module named 'wx'
70491 INFO:   Matplotlib backend "WXCairo": ignored
    No module named 'wx'
70788 INFO:   Matplotlib backend "agg": added
71100 INFO:   Matplotlib backend "cairo": ignored
    cairo backend requires that pycairo>=1.11.0 or cairocffiis installed
71522 INFO:   Matplotlib backend "pdf": added
71928 INFO:   Matplotlib backend "pgf": added
72225 INFO:   Matplotlib backend "ps": added
72537 INFO:   Matplotlib backend "svg": added
72943 INFO:   Matplotlib backend "template": added
73178 INFO: Loading module hook "hook-matplotlib.py"...
73443 INFO: Loading module hook "hook-networkx.py"...
73443 INFO: Loading module hook "hook-numpy.core.py"...
73506 INFO: Loading module hook "hook-numpy.py"...
73506 INFO: Loading module hook "hook-pandas.py"...
73506 DEBUG: Collecting submodules for pandas._libs
74490 DEBUG: collect_submodules - Found submodules: {'pandas._libs.missing', 'pandas._libs.ops', 'pandas._libs.tslibs.frequencies', 'pandas._libs.json', 'pandas._libs.tslibs.ccalendar', 'pandas._libs.algos', 'pandas._libs.reduction', 'pandas._libs.tslibs.parsing', 'pandas._libs.tslibs.fields', 'pandas._libs.tslib', 'pandas._libs.indexing', 'pandas._libs.reshape', 'pandas._libs.properties', 'pandas._libs.tslibs.timezones', 'pandas._libs.tslibs', 'pandas._libs.groupby', 'pandas._libs.sparse', 'pandas._libs.tslibs.resolution', 'pandas._libs.skiplist', 'pandas._libs.hashtable', 'pandas._libs.tslibs.conversion', 'pandas._libs.tslibs.np_datetime', 'pandas._libs.tslibs.timestamps', 'pandas._libs.tslibs.offsets', 'pandas._libs.parsers', 'pandas._libs.tslibs.timedeltas', 'pandas._libs.interval', 'pandas._libs.lib', 'pandas._libs.hashing', 'pandas._libs.window', 'pandas._libs.tslibs.nattype', 'pandas._libs.tslibs.strptime', 'pandas._libs.index', 'pandas._libs', 'pandas._libs.testing', 'pandas._libs.internals', 'pandas._libs.join', 'pandas._libs.writers', 'pandas._libs.tslibs.period'}
74490 INFO: Loading module hook "hook-PIL.Image.py"...
74490 DEBUG: Collecting submodules for PIL
74568 DEBUG: collect_submodules - Found submodules: {'PIL.PdfImagePlugin', 'PIL.DdsImagePlugin', 'PIL.IcoImagePlugin', 'PIL.TgaImagePlugin', 'PIL.TiffImagePlugin', 'PIL.MpegImagePlugin', 'PIL.PsdImagePlugin', 'PIL.FpxImagePlugin', 'PIL.GribStubImagePlugin', 'PIL.SgiImagePlugin', 'PIL.XpmImagePlugin', 'PIL.XVThumbImagePlugin', 'PIL.GifImagePlugin', 'PIL.CurImagePlugin', 'PIL.PalmImagePlugin', 'PIL.SunImagePlugin', 'PIL.WmfImagePlugin', 'PIL.MpoImagePlugin', 'PIL.PpmImagePlugin', 'PIL.ImImagePlugin', 'PIL.BlpImagePlugin', 'PIL.FitsStubImagePlugin', 'PIL.McIdasImagePlugin', 'PIL.PixarImagePlugin', 'PIL.PngImagePlugin', 'PIL.Jpeg2KImagePlugin', 'PIL.MspImagePlugin', 'PIL.PcdImagePlugin', 'PIL.BmpImagePlugin', 'PIL.ImtImagePlugin', 'PIL.WebPImagePlugin', 'PIL.PcxImagePlugin', 'PIL.Hdf5StubImagePlugin', 'PIL.FtexImagePlugin', 'PIL.JpegImagePlugin', 'PIL.DcxImagePlugin', 'PIL.IcnsImagePlugin', 'PIL', 'PIL.BufrStubImagePlugin', 'PIL.FliImagePlugin', 'PIL.XbmImagePlugin', 'PIL.GbrImagePlugin', 'PIL.SpiderImagePlugin', 'PIL.IptcImagePlugin', 'PIL.EpsImagePlugin', 'PIL.MicImagePlugin'}
74724 INFO: Loading module hook "hook-PIL.py"...
74740 INFO: Excluding import 'PySide'
74740 INFO: Excluding import 'PyQt4'
74740 INFO: Import to be excluded not found: 'FixTk'
74740 INFO: Excluding import 'PyQt5'
74756 INFO:   Removing import of PyQt5.QtCore from module PIL.ImageQt
74756 INFO:   Removing import of PyQt5.QtGui from module PIL.ImageQt
74756 INFO: Excluding import 'tkinter'
74756 INFO:   Removing import of tkinter from module PIL.ImageTk
74756 INFO: Loading module hook "hook-PIL.SpiderImagePlugin.py"...
74756 INFO: Excluding import 'tkinter'
74756 INFO: Import to be excluded not found: 'FixTk'
74756 INFO: Loading module hook "hook-pkg_resources.py"...
74756 DEBUG: Collecting submodules for pkg_resources._vendor
75021 DEBUG: collect_submodules - Found submodules: {'pkg_resources._vendor.pyparsing', 'pkg_resources._vendor.packaging.specifiers', 'pkg_resources._vendor.packaging', 'pkg_resources._vendor.packaging._compat', 'pkg_resources._vendor.packaging.markers', 'pkg_resources._vendor.six', 'pkg_resources._vendor.packaging.utils', 'pkg_resources._vendor.packaging.requirements', 'pkg_resources._vendor.appdirs', 'pkg_resources._vendor.packaging._structures', 'pkg_resources._vendor.packaging.__about__', 'pkg_resources._vendor.packaging.version', 'pkg_resources._vendor'}
75287 INFO: Processing pre-safe import module hook   win32com
75287 DEBUG: win32com: extending __path__ with dir 'c:\\users\\hatzakis group\\pycharmprojects\\deepfret-gui\\venv2\\lib\\site-packages\\win32comext'
75365 INFO: Loading module hook "hook-pomegranate.py"...
75365 DEBUG: Collecting submodules for pomegranate
76365 DEBUG: collect_submodules - Found submodules: {'pomegranate.distributions.GammaDistribution', 'pomegranate.distributions.BernoulliDistribution', 'pomegranate.MarkovNetwork', 'pomegranate.distributions', 'pomegranate.distributions.DirichletDistribution', 'pomegranate.distributions.ExponentialDistribution', 'pomegranate.distributions.NeuralNetworkWrapper', 'pomegranate.BayesianNetwork', 'pomegranate.distributions.IndependentComponentsDistribution', 'pomegranate.gmm', 'pomegranate.distributions.distributions', 'pomegranate.FactorGraph', 'pomegranate.io', 'pomegranate.distributions.PoissonDistribution', 'pomegranate.parallel', 'pomegranate.distributions.KernelDensities', 'pomegranate', 'pomegranate.kmeans', 'pomegranate.MarkovChain', 'pomegranate.callbacks', 'pomegranate.utils', 'pomegranate.distributions.MultivariateGaussianDistribution', 'pomegranate.distributions.NormalDistribution', 'pomegranate.BayesClassifier', 'pomegranate.distributions.JointProbabilityTable', 'pomegranate.distributions.UniformDistribution', 'pomegranate.base', 'pomegranate.NaiveBayes', 'pomegranate.distributions.BetaDistribution', 'pomegranate.bayes', 'pomegranate.hmm', 'pomegranate.distributions.DiscreteDistribution', 'pomegranate.distributions.LogNormalDistribution', 'pomegranate.distributions.ConditionalProbabilityTable'}
76365 DEBUG: Collecting submodules for pomegranate.utils
76755 DEBUG: collect_submodules - Module pomegranate.utils is not a package.
76755 DEBUG: Collecting submodules for pomegranate.distributions
76833 DEBUG: collect_submodules - Found submodules: {'pomegranate.distributions.GammaDistribution', 'pomegranate.distributions.JointProbabilityTable', 'pomegranate.distributions.BernoulliDistribution', 'pomegranate.distributions.PoissonDistribution', 'pomegranate.distributions.UniformDistribution', 'pomegranate.distributions', 'pomegranate.distributions.DirichletDistribution', 'pomegranate.distributions.ExponentialDistribution', 'pomegranate.distributions.KernelDensities', 'pomegranate.distributions.NeuralNetworkWrapper', 'pomegranate.distributions.BetaDistribution', 'pomegranate.distributions.IndependentComponentsDistribution', 'pomegranate.distributions.MultivariateGaussianDistribution', 'pomegranate.distributions.distributions', 'pomegranate.distributions.DiscreteDistribution', 'pomegranate.distributions.LogNormalDistribution', 'pomegranate.distributions.ConditionalProbabilityTable', 'pomegranate.distributions.NormalDistribution'}
76833 DEBUG: Collecting submodules for networkx
77458 DEBUG: collect_submodules - Found submodules: {'networkx.algorithms.tests.test_non_randomness', 'networkx.algorithms.tests.test_smetric', 'networkx.classes.tests', 'networkx.algorithms.bridges', 'networkx.algorithms.centrality.harmonic', 'networkx.classes.multidigraph', 'networkx.classes.tests.test_multidigraph', 'networkx.algorithms.centrality.dispersion', 'networkx.algorithms.operators.tests', 'networkx.algorithms.approximation.matching', 'networkx.readwrite.edgelist', 'networkx.readwrite.pajek', 'networkx.algorithms.dag', 'networkx.algorithms.distance_regular', 'networkx.algorithms.tests.test_wiener', 'networkx.algorithms.tree.tests.test_operations', 'networkx.algorithms.flow.tests.test_maxflow', 'networkx.drawing.nx_pylab', 'networkx.generators.tests.test_random_graphs', 'networkx.algorithms.distance_measures', 'networkx', 'networkx.tests.test_exceptions', 'networkx.algorithms.connectivity.connectivity', 'networkx.algorithms.centrality.tests.test_load_centrality', 'networkx.algorithms.shortest_paths', 'networkx.algorithms.tests.test_euler', 'networkx.utils.tests', 'networkx.readwrite.tests.test_sparse6', 'networkx.algorithms.bipartite.tests.test_centrality', 'networkx.linalg.spectrum', 'networkx.generators.random_graphs', 'networkx.readwrite.json_graph.tests.test_tree', 'networkx.algorithms.centrality.second_order', 'networkx.algorithms.link_analysis.pagerank_alg', 'networkx.drawing.tests.test_pydot', 'networkx.readwrite.tests.test_gpickle', 'networkx.algorithms.tree.branchings', 'networkx.algorithms.isomorphism', 'networkx.generators.tests.test_lattice', 'networkx.algorithms.tests.test_moral', 'networkx.algorithms.tests.test_covering', 'networkx.readwrite.tests.test_yaml', 'networkx.readwrite.tests.test_graph6', 'networkx.algorithms.assortativity.tests.test_correlation', 'networkx.algorithms.centrality.tests.test_eigenvector_centrality', 'networkx.algorithms.tests.test_link_prediction', 'networkx.algorithms.flow.tests.test_mincost', 'networkx.generators.tests.test_community', 'networkx.algorithms.link_analysis.tests.test_hits', 'networkx.generators.atlas', 'networkx.linalg.laplacianmatrix', 'networkx.tests.test_all_random_functions', 'networkx.classes.tests.test_ordered', 'networkx.generators.tests.test_expanders', 'networkx.algorithms.chains', 'networkx.classes.tests.historical_tests', 'networkx.algorithms.community.quality', 'networkx.algorithms.approximation.tests.test_dominating_set', 'networkx.algorithms.shortest_paths.tests.test_dense_numpy', 'networkx.algorithms.assortativity.pairs', 'networkx.readwrite.json_graph.adjacency', 'networkx.generators.triads', 'networkx.algorithms.tests.test_hierarchy', 'networkx.algorithms.tests.test_vitality', 'networkx.algorithms.components.tests.test_connected', 'networkx.algorithms.non_randomness', 'networkx.readwrite.multiline_adjlist', 'networkx.algorithms.centrality.tests.test_closeness_centrality', 'networkx.algorithms.tests.test_triads', 'networkx.algorithms.centrality.tests.test_betweenness_centrality', 'networkx.readwrite.tests.test_pajek', 'networkx.generators.tests.test_internet_as_graphs', 'networkx.algorithms.connectivity.utils', 'networkx.algorithms.bipartite.tests.test_edgelist', 'networkx.algorithms.community.community_utils', 'networkx.generators.tests', 'networkx.algorithms.components.tests.test_strongly_connected', 'networkx.algorithms.connectivity.edge_augmentation', 'networkx.algorithms.shortest_paths.tests', 'networkx.generators.nonisomorphic_trees', 'networkx.algorithms.tests.test_richclub', 'networkx.utils.tests.test_mapped_queue', 'networkx.algorithms.isomorphism.tests.test_isomorphvf2', 'networkx.drawing.tests', 'networkx.generators.tests.test_triads', 'networkx.algorithms.bipartite.tests.test_generators', 'networkx.generators.tests.test_directed', 'networkx.algorithms.community.tests.test_asyn_fluid', 'networkx.algorithms.triads', 'networkx.linalg.tests', 'networkx.algorithms.coloring.equitable_coloring', 'networkx.tests.test_convert', 'networkx.utils.random_sequence', 'networkx.readwrite', 'networkx.algorithms.operators.unary', 'networkx.drawing', 'networkx.algorithms.tests.test_matching', 'networkx.algorithms.voronoi', 'networkx.algorithms.components', 'networkx.release', 'networkx.algorithms.connectivity.tests', 'networkx.algorithms.centrality.tests.test_betweenness_centrality_subset', 'networkx.algorithms.bipartite.tests.test_matching', 'networkx.algorithms.approximation.tests.test_approx_clust_coeff', 'networkx.readwrite.json_graph.tests.test_jit', 'networkx.tests', 'networkx.generators.lattice', 'networkx.algorithms.centrality.percolation', 'networkx.algorithms.operators.tests.test_unary', 'networkx.algorithms.flow.mincost', 'networkx.algorithms.approximation.dominating_set', 'networkx.algorithms.node_classification.tests', 'networkx.algorithms.bipartite.tests.test_covering', 'networkx.algorithms.community.tests.test_quality', 'networkx.algorithms.coloring', 'networkx.algorithms.tests.test_asteroidal', 'networkx.convert', 'networkx.algorithms.centrality.subgraph_alg', 'networkx.relabel', 'networkx.algorithms.connectivity.stoerwagner', 'networkx.algorithms.bipartite.cluster', 'networkx.generators.ego', 'networkx.algorithms.community.centrality', 'networkx.readwrite.tests.test_p2g', 'networkx.classes.tests.test_digraph', 'networkx.algorithms.tests.test_minors', 'networkx.algorithms.components.tests.test_attracting', 'networkx.algorithms.connectivity.edge_kcomponents', 'networkx.algorithms.connectivity.disjoint_paths', 'networkx.classes.tests.test_reportviews', 'networkx.generators.directed', 'networkx.drawing.tests.test_pylab', 'networkx.algorithms.tests.test_dominance', 'networkx.algorithms.operators.binary', 'networkx.generators.social', 'networkx.algorithms.shortest_paths.generic', 'networkx.algorithms.components.tests', 'networkx.algorithms.isomorphism.isomorphvf2', 'networkx.algorithms.community.tests.test_utils', 'networkx.algorithms.core', 'networkx.generators.tests.test_mycielski', 'networkx.algorithms.graphical', 'networkx.generators.tests.test_harary_graph', 'networkx.linalg.graphmatrix', 'networkx.exception', 'networkx.algorithms.components.attracting', 'networkx.algorithms.approximation', 'networkx.algorithms.centrality.flow_matrix', 'networkx.algorithms.centrality.current_flow_closeness', 'networkx.algorithms.link_prediction', 'networkx.algorithms.wiener', 'networkx.algorithms.bipartite.tests.test_redundancy', 'networkx.algorithms.approximation.connectivity', 'networkx.algorithms.connectivity.tests.test_connectivity', 'networkx.algorithms.dominance', 'networkx.algorithms.community.tests.test_centrality', 'networkx.algorithms.connectivity.tests.test_edge_kcomponents', 'networkx.algorithms.approximation.tests.test_kcomponents', 'networkx.algorithms.community', 'networkx.algorithms.approximation.treewidth', 'networkx.algorithms.centrality.tests.test_group', 'networkx.algorithms.assortativity.tests.test_mixing', 'networkx.algorithms.operators.tests.test_all', 'networkx.algorithms.approximation.steinertree', 'networkx.linalg', 'networkx.algorithms.assortativity.tests', 'networkx.generators.tests.test_joint_degree_seq', 'networkx.drawing.nx_agraph', 'networkx.linalg.bethehessianmatrix', 'networkx.algorithms.tests.test_cycles', 'networkx.testing.tests', 'networkx.algorithms.tree.tests', 'networkx.algorithms.tree.tests.test_coding', 'networkx.testing.utils', 'networkx.algorithms.bipartite.tests.test_spectral_bipartivity', 'networkx.algorithms.minors', 'networkx.algorithms.planar_drawing', 'networkx.algorithms.approximation.tests.test_vertex_cover', 'networkx.utils.tests.test_rcm', 'networkx.algorithms.bipartite', 'networkx.algorithms.community.tests.test_modularity_max', 'networkx.algorithms.components.semiconnected', 'networkx.algorithms.connectivity.kcomponents', 'networkx.algorithms.flow.edmondskarp', 'networkx.algorithms.bipartite.tests.test_cluster', 'networkx.utils.union_find', 'networkx.algorithms.tests.test_smallworld', 'networkx.algorithms.tests.test_bridges', 'networkx.generators.geometric', 'networkx.algorithms.centrality.tests.test_percolation_centrality', 'networkx.algorithms.isolate', 'networkx.algorithms.shortest_paths.tests.test_unweighted', 'networkx.algorithms.bipartite.spectral', 'networkx.linalg.tests.test_algebraic_connectivity', 'networkx.classes.tests.test_multigraph', 'networkx.algorithms.connectivity.tests.test_kcomponents', 'networkx.algorithms.operators.tests.test_binary', 'networkx.utils.tests.test_misc', 'networkx.algorithms.isomorphism.isomorph', 'networkx.algorithms.simple_paths', 'networkx.algorithms.euler', 'networkx.algorithms.traversal.edgebfs', 'networkx.readwrite.graphml', 'networkx.algorithms.bipartite.centrality', 'networkx.algorithms.tree.mst', 'networkx.classes.tests.test_special', 'networkx.algorithms.centrality.degree_alg', 'networkx.algorithms.centrality.tests.test_katz_centrality', 'networkx.algorithms.tests.test_voronoi', 'networkx.classes.tests.test_subgraphviews', 'networkx.drawing.tests.test_layout', 'networkx.algorithms.matching', 'networkx.algorithms.coloring.greedy_coloring', 'networkx.algorithms.sparsifiers', 'networkx.algorithms.flow.gomory_hu', 'networkx.generators.intersection', 'networkx.generators.tests.test_trees', 'networkx.generators.expanders', 'networkx.algorithms.tree.tests.test_mst', 'networkx.algorithms.assortativity.connectivity', 'networkx.algorithms.tests.test_lowest_common_ancestors', 'networkx.algorithms.cluster', 'networkx.convert_matrix', 'networkx.classes.coreviews', 'networkx.algorithms.approximation.tests', 'networkx.algorithms.components.tests.test_biconnected', 'networkx.algorithms.flow', 'networkx.algorithms.tree.coding', 'networkx.algorithms.isomorphism.tests.test_vf2userfunc', 'networkx.algorithms.isomorphism.tests.test_match_helpers', 'networkx.generators', 'networkx.utils.tests.test_contextmanager', 'networkx.algorithms.tests.test_distance_measures', 'networkx.algorithms.centrality.katz', 'networkx.generators.random_clustered', 'networkx.algorithms.tests.test_chordal', 'networkx.generators.joint_degree_seq', 'networkx.algorithms.lowest_common_ancestors', 'networkx.algorithms.tests.test_isolate', 'networkx.algorithms.assortativity.tests.test_pairs', 'networkx.algorithms.richclub', 'networkx.algorithms.shortest_paths.tests.test_astar', 'networkx.classes.multigraph', 'networkx.algorithms.flow.maxflow', 'networkx.algorithms.shortest_paths.astar', 'networkx.readwrite.sparse6', 'networkx.linalg.modularitymatrix', 'networkx.algorithms.components.biconnected', 'networkx.algorithms.traversal.tests.test_bfs', 'networkx.algorithms.approximation.tests.test_clique', 'networkx.algorithms.centrality.tests.test_subgraph', 'networkx.algorithms.bipartite.tests.test_project', 'networkx.version', 'networkx.algorithms.tournament', 'networkx.algorithms.traversal.tests.test_beamsearch', 'networkx.generators.cographs', 'networkx.classes.tests.test_coreviews', 'networkx.algorithms.reciprocity', 'networkx.generators.tests.test_spectral_graph_forge', 'networkx.algorithms.tests.test_hybrid', 'networkx.algorithms.isomorphism.tests.test_isomorphism', 'networkx.utils', 'networkx.algorithms.flow.capacityscaling', 'networkx.readwrite.tests.test_shp', 'networkx.algorithms.flow.boykovkolmogorov', 'networkx.algorithms.tests.test_graphical', 'networkx.algorithms.traversal.beamsearch', 'networkx.algorithms.node_classification.tests.test_local_and_global_consistency', 'networkx.algorithms.cycles', 'networkx.algorithms.tests.test_structuralholes', 'networkx.algorithms.assortativity.tests.base_test', 'networkx.algorithms.shortest_paths.weighted', 'networkx.tests.test_relabel', 'networkx.algorithms.traversal.tests.test_dfs', 'networkx.algorithms.isomorphism.tests.test_temporalisomorphvf2', 'networkx.utils.tests.test_unionfind', 'networkx.readwrite.json_graph.node_link', 'networkx.algorithms.tests.test_chains', 'networkx.algorithms.traversal.tests.test_edgebfs', 'networkx.readwrite.leda', 'networkx.algorithms.approximation.tests.test_matching', 'networkx.generators.degree_seq', 'networkx.classes.graphviews', 'networkx.algorithms.link_analysis.hits_alg', 'networkx.algorithms.coloring.tests.test_coloring', 'networkx.algorithms.approximation.tests.test_steinertree', 'networkx.algorithms.bipartite.matrix', 'networkx.classes.tests.test_graph_historical', 'networkx.algorithms.tests.test_mis', 'networkx.algorithms.centrality.tests.test_current_flow_closeness', 'networkx.readwrite.json_graph', 'networkx.algorithms.node_classification.utils', 'networkx.algorithms.tests', 'networkx.algorithms.community.tests', 'networkx.algorithms.hierarchy', 'networkx.algorithms.centrality.betweenness', 'networkx.algorithms.node_classification.lgc', 'networkx.algorithms.similarity', 'networkx.generators.tests.test_intersection', 'networkx.algorithms.traversal.breadth_first_search', 'networkx.algorithms.components.tests.test_weakly_connected', 'networkx.generators.tests.test_small', 'networkx.algorithms.isomorphism.tests', 'networkx.algorithms.components.connected', 'networkx.readwrite.tests.test_edgelist', 'networkx.utils.decorators', 'networkx.classes.function', 'networkx.algorithms.isomorphism.matchhelpers', 'networkx.algorithms.vitality', 'networkx.algorithms.community.tests.test_label_propagation', 'networkx.algorithms.centrality.voterank_alg', 'networkx.algorithms.chordal', 'networkx.classes.tests.test_filters', 'networkx.algorithms.moral', 'networkx.algorithms.tests.test_planar_drawing', 'networkx.linalg.tests.test_modularity', 'networkx.algorithms.approximation.clique', 'networkx.algorithms.coloring.greedy_coloring_with_interchange', 'networkx.algorithms.operators', 'networkx.algorithms.flow.networksimplex', 'networkx.utils.heaps', 'networkx.algorithms.isomorphism.temporalisomorphvf2', 'networkx.algorithms.communicability_alg', 'networkx.algorithms.bipartite.matching', 'networkx.algorithms.community.kclique', 'networkx.readwrite.tests', 'networkx.algorithms.flow.utils', 'networkx.algorithms.hybrid', 'networkx.readwrite.graph6', 'networkx.algorithms.centrality.tests.test_reaching', 'networkx.algorithms.tests.test_similarity', 'networkx.generators.mycielski', 'networkx.algorithms.centrality.closeness', 'networkx.algorithms.tests.test_tournament', 'networkx.algorithms.tests.test_simple_paths', 'networkx.generators.tests.test_ego', 'networkx.algorithms.centrality.tests.test_current_flow_betweenness_centrality_subset', 'networkx.linalg.algebraicconnectivity', 'networkx.algorithms.approximation.kcomponents', 'networkx.algorithms.tests.test_sparsifiers', 'networkx.algorithms.isomorphism.ismags', 'networkx.algorithms.connectivity.tests.test_edge_augmentation', 'networkx.generators.duplication', 'networkx.testing.test', 'networkx.algorithms.swap', 'networkx.readwrite.nx_yaml', 'networkx.utils.rcm', 'networkx.algorithms.traversal.edgedfs', 'networkx.readwrite.adjlist', 'networkx.algorithms.bipartite.edgelist', 'networkx.algorithms.mis', 'networkx.utils.tests.test_random_sequence', 'networkx.readwrite.tests.test_leda', 'networkx.tests.test_convert_pandas', 'networkx.algorithms.tree.operations', 'networkx.algorithms.centrality.tests.test_current_flow_betweenness_centrality', 'networkx.algorithms.components.strongly_connected', 'networkx.readwrite.json_graph.tests.test_cytoscape', 'networkx.readwrite.tests.test_gml', 'networkx.algorithms.bipartite.projection', 'networkx.algorithms.approximation.independent_set', 'networkx.classes.tests.test_digraph_historical', 'networkx.algorithms.traversal.tests.test_edgedfs', 'networkx.readwrite.json_graph.jit', 'networkx.algorithms.operators.product', 'networkx.algorithms.assortativity', 'networkx.algorithms.shortest_paths.unweighted', 'networkx.algorithms.community.tests.test_kernighan_lin', 'networkx.algorithms.centrality', 'networkx.algorithms.node_classification', 'networkx.algorithms.tests.test_cluster', 'networkx.readwrite.tests.test_graphml', 'networkx.classes', 'networkx.linalg.tests.test_graphmatrix', 'networkx.readwrite.p2g', 'networkx.algorithms.traversal.tests', 'networkx.algorithms.bipartite.generators', 'networkx.algorithms.covering', 'networkx.algorithms.flow.preflowpush', 'networkx.algorithms.tests.test_swap', 'networkx.readwrite.json_graph.tests.test_adjacency', 'networkx.algorithms.tests.test_clique', 'networkx.algorithms.centrality.tests.test_harmonic_centrality', 'networkx.algorithms.approximation.ramsey', 'networkx.generators.stochastic', 'networkx.classes.reportviews', 'networkx.readwrite.nx_shp', 'networkx.algorithms.link_analysis.tests', 'networkx.algorithms.tests.test_distance_regular', 'networkx.algorithms.structuralholes', 'networkx.algorithms.connectivity.tests.test_disjoint_paths', 'networkx.algorithms.flow.dinitz_alg', 'networkx.classes.graph', 'networkx.algorithms.asteroidal', 'networkx.utils.mapped_queue', 'networkx.generators.line', 'networkx.readwrite.gml', 'networkx.algorithms.smetric', 'networkx.generators.tests.test_stochastic', 'networkx.algorithms.approximation.clustering_coefficient', 'networkx.generators.tests.test_classic', 'networkx.algorithms.assortativity.tests.test_neighbor_degree', 'networkx.algorithms.tree.tests.test_branchings', 'networkx.algorithms.tests.test_efficiency', 'networkx.algorithms.flow.tests.test_maxflow_large_graph', 'networkx.algorithms.isomorphism.tests.test_ismags', 'networkx.algorithms.operators.all', 'networkx.algorithms.shortest_paths.tests.test_generic', 'networkx.testing.tests.test_utils', 'networkx.generators.harary_graph', 'networkx.algorithms.boundary', 'networkx.algorithms.bipartite.tests', 'networkx.readwrite.json_graph.cytoscape', 'networkx.algorithms.centrality.eigenvector', 'networkx.algorithms', 'networkx.algorithms.flow.shortestaugmentingpath', 'networkx.drawing.nx_pydot', 'networkx.algorithms.bipartite.tests.test_basic', 'networkx.algorithms.community.kernighan_lin', 'networkx.algorithms.tests.test_core', 'networkx.classes.digraph', 'networkx.generators.classic', 'networkx.generators.community', 'networkx.generators.tests.test_line', 'networkx.utils.tests.test_decorators', 'networkx.classes.tests.test_function', 'networkx.algorithms.centrality.tests.test_degree_centrality', 'networkx.classes.ordered', 'networkx.algorithms.shortest_paths.tests.test_weighted', 'networkx.algorithms.tests.test_dag', 'networkx.algorithms.centrality.current_flow_betweenness_subset', 'networkx.algorithms.cuts', 'networkx.generators.trees', 'networkx.algorithms.bipartite.tests.test_matrix', 'networkx.algorithms.components.tests.test_semiconnected', 'networkx.tests.test_convert_numpy', 'networkx.algorithms.connectivity', 'networkx.algorithms.connectivity.cuts', 'networkx.algorithms.shortest_paths.tests.test_dense', 'networkx.algorithms.node_classification.tests.test_harmonic_function', 'networkx.drawing.tests.test_agraph', 'networkx.algorithms.approximation.vertex_cover', 'networkx.algorithms.bipartite.covering', 'networkx.algorithms.bipartite.redundancy', 'networkx.algorithms.centrality.betweenness_subset', 'networkx.linalg.tests.test_bethehessian', 'networkx.algorithms.flow.tests.test_gomory_hu', 'networkx.algorithms.approximation.tests.test_connectivity', 'networkx.tests.test_convert_scipy', 'networkx.readwrite.json_graph.tests.test_node_link', 'networkx.readwrite.json_graph.tree', 'networkx.generators.spectral_graph_forge', 'networkx.linalg.tests.test_spectrum', 'networkx.readwrite.gexf', 'networkx.algorithms.tests.test_cuts', 'networkx.algorithms.centrality.tests.test_dispersion', 'networkx.algorithms.threshold', 'networkx.algorithms.tests.test_threshold', 'networkx.algorithms.assortativity.mixing', 'networkx.linalg.attrmatrix', 'networkx.utils.contextmanagers', 'networkx.algorithms.components.weakly_connected', 'networkx.algorithms.flow.tests', 'networkx.classes.tests.test_graph', 'networkx.algorithms.centrality.group', 'networkx.generators.tests.test_cographs', 'networkx.algorithms.isomorphism.vf2userfunc', 'networkx.algorithms.centrality.reaching', 'networkx.algorithms.connectivity.tests.test_kcutsets', 'networkx.algorithms.assortativity.tests.test_connectivity', 'networkx.readwrite.tests.test_adjlist', 'networkx.readwrite.tests.test_gexf', 'networkx.utils.misc', 'networkx.algorithms.centrality.tests.test_second_order_centrality', 'networkx.algorithms.smallworld', 'networkx.algorithms.traversal.depth_first_search', 'networkx.algorithms.approximation.tests.test_ramsey', 'networkx.algorithms.shortest_paths.dense', 'networkx.algorithms.dominating', 'networkx.classes.filters', 'networkx.algorithms.node_classification.hmn', 'networkx.generators.tests.test_atlas', 'networkx.algorithms.tests.test_communicability', 'networkx.testing', 'networkx.algorithms.centrality.current_flow_betweenness', 'networkx.generators.small', 'networkx.algorithms.planarity', 'networkx.algorithms.link_analysis.tests.test_pagerank', 'networkx.generators.tests.test_degree_seq', 'networkx.algorithms.centrality.tests', 'networkx.algorithms.community.tests.test_kclique', 'networkx.algorithms.tests.test_planarity', 'networkx.algorithms.centrality.tests.test_voterank', 'networkx.algorithms.bipartite.basic', 'networkx.algorithms.tests.test_dominating', 'networkx.algorithms.assortativity.correlation', 'networkx.generators.tests.test_nonisomorphic_trees', 'networkx.generators.tests.test_random_clustered', 'networkx.algorithms.tests.test_boundary', 'networkx.algorithms.approximation.tests.test_independent_set', 'networkx.algorithms.tree.recognition', 'networkx.readwrite.gpickle', 'networkx.utils.tests.test_heaps', 'networkx.algorithms.community.modularity_max', 'networkx.algorithms.coloring.tests', 'networkx.algorithms.tree', 'networkx.algorithms.traversal', 'networkx.algorithms.connectivity.kcutsets', 'networkx.algorithms.approximation.tests.test_treewidth', 'networkx.algorithms.community.label_propagation', 'networkx.algorithms.operators.tests.test_product', 'networkx.classes.tests.test_graphviews', 'networkx.generators.tests.test_geometric', 'networkx.algorithms.link_analysis', 'networkx.algorithms.assortativity.neighbor_degree', 'networkx.algorithms.community.asyn_fluid', 'networkx.drawing.layout', 'networkx.algorithms.connectivity.tests.test_cuts', 'networkx.algorithms.connectivity.tests.test_stoer_wagner', 'networkx.algorithms.tree.tests.test_recognition', 'networkx.generators.tests.test_duplication', 'networkx.linalg.tests.test_laplacian', 'networkx.readwrite.json_graph.tests', 'networkx.algorithms.clique', 'networkx.algorithms.efficiency_measures', 'networkx.algorithms.tests.test_reciprocity', 'networkx.algorithms.centrality.load', 'networkx.generators.internet_as_graphs'}
79583 INFO: Loading module hook "hook-pydoc.py"...
79583 INFO: Loading module hook "hook-PyQt5.py"...
79692 INFO: Loading module hook "hook-PyQt5.QtCore.py"...
79692 DEBUG: add_qt5_dependencies: Examining c:\users\hatzakis group\pycharmprojects\deepfret-gui\venv2\lib\site-packages\PyQt5\QtCore.pyd, based on hook of c:\users\hatzakis group\pycharmprojects\deepfret-gui\venv2\lib\site-packages\PyInstaller\hooks\hook-PyQt5.QtCore.py.
79692 DEBUG: add_qt5_dependencies: raw lib C:\Users\Hatzakis group\AppData\Local\Programs\Python\Python36\vcruntime140.dll -> parsed lib vcruntime140
79692 DEBUG: add_qt5_dependencies: raw lib C:\WINDOWS\system32\kernel32.dll -> parsed lib kernel32
79707 DEBUG: add_qt5_dependencies: raw lib C:\Users\Hatzakis group\Anaconda3\api-ms-win-crt-heap-l1-1-0.dll -> parsed lib api-ms-win-crt-heap-l1-1-0
79707 DEBUG: add_qt5_dependencies: raw lib C:\Users\Hatzakis group\Anaconda3\api-ms-win-crt-string-l1-1-0.dll -> parsed lib api-ms-win-crt-string-l1-1-0
79707 DEBUG: add_qt5_dependencies: raw lib C:\Users\Hatzakis group\Anaconda3\api-ms-win-crt-runtime-l1-1-0.dll -> parsed lib api-ms-win-crt-runtime-l1-1-0
79707 DEBUG: add_qt5_dependencies: raw lib C:\Users\Hatzakis group\AppData\Local\Programs\Python\Python36\python3.dll -> parsed lib python3
79707 DEBUG: add_qt5_dependencies: raw lib C:\Users\Hatzakis group\Anaconda3\api-ms-win-crt-stdio-l1-1-0.dll -> parsed lib api-ms-win-crt-stdio-l1-1-0
79707 DEBUG: add_qt5_dependencies: raw lib c:\users\hatzakis group\pycharmprojects\deepfret-gui\venv2\lib\site-packages\PyQt5\Qt\bin\qt5core.dll -> parsed lib qt5core
79707 DEBUG: add_qt5_dependencies: Import of c:\users\hatzakis group\pycharmprojects\deepfret-gui\venv2\lib\site-packages\PyQt5\Qt\bin\qt5core.dll.
79723 DEBUG: add_qt5_dependencies: raw lib C:\WINDOWS\system32\user32.dll -> parsed lib user32
79723 DEBUG: add_qt5_dependencies: raw lib C:\WINDOWS\system32\userenv.dll -> parsed lib userenv
79739 DEBUG: add_qt5_dependencies: raw lib C:\WINDOWS\system32\version.dll -> parsed lib version
79739 DEBUG: add_qt5_dependencies: raw lib C:\Users\Hatzakis group\Anaconda3\api-ms-win-crt-math-l1-1-0.dll -> parsed lib api-ms-win-crt-math-l1-1-0
79739 DEBUG: add_qt5_dependencies: raw lib C:\Users\Hatzakis group\Anaconda3\api-ms-win-crt-environment-l1-1-0.dll -> parsed lib api-ms-win-crt-environment-l1-1-0
79739 DEBUG: add_qt5_dependencies: raw lib C:\WINDOWS\system32\shell32.dll -> parsed lib shell32
79739 DEBUG: add_qt5_dependencies: raw lib C:\WINDOWS\system32\winmm.dll -> parsed lib winmm
79739 DEBUG: add_qt5_dependencies: raw lib C:\WINDOWS\system32\msvcp140.dll -> parsed lib msvcp140
79739 DEBUG: add_qt5_dependencies: raw lib C:\WINDOWS\system32\ole32.dll -> parsed lib ole32
79739 DEBUG: add_qt5_dependencies: raw lib C:\Users\Hatzakis group\Anaconda3\api-ms-win-crt-filesystem-l1-1-0.dll -> parsed lib api-ms-win-crt-filesystem-l1-1-0
79739 DEBUG: add_qt5_dependencies: raw lib C:\WINDOWS\system32\netapi32.dll -> parsed lib netapi32
79754 DEBUG: add_qt5_dependencies: raw lib C:\WINDOWS\system32\advapi32.dll -> parsed lib advapi32
79754 DEBUG: add_qt5_dependencies: raw lib C:\Users\Hatzakis group\Anaconda3\api-ms-win-crt-time-l1-1-0.dll -> parsed lib api-ms-win-crt-time-l1-1-0
79754 DEBUG: add_qt5_dependencies: raw lib C:\Users\Hatzakis group\Anaconda3\api-ms-win-crt-convert-l1-1-0.dll -> parsed lib api-ms-win-crt-convert-l1-1-0
79754 DEBUG: add_qt5_dependencies: raw lib C:\WINDOWS\system32\kernel32.dll -> parsed lib kernel32
79754 DEBUG: add_qt5_dependencies: raw lib C:\Users\Hatzakis group\Anaconda3\api-ms-win-crt-heap-l1-1-0.dll -> parsed lib api-ms-win-crt-heap-l1-1-0
79754 DEBUG: add_qt5_dependencies: raw lib C:\Users\Hatzakis group\Anaconda3\api-ms-win-crt-string-l1-1-0.dll -> parsed lib api-ms-win-crt-string-l1-1-0
79754 DEBUG: add_qt5_dependencies: raw lib C:\WINDOWS\system32\ws2_32.dll -> parsed lib ws2_32
79754 DEBUG: add_qt5_dependencies: raw lib C:\Users\Hatzakis group\Anaconda3\api-ms-win-crt-runtime-l1-1-0.dll -> parsed lib api-ms-win-crt-runtime-l1-1-0
79754 DEBUG: add_qt5_dependencies: raw lib C:\Users\Hatzakis group\Anaconda3\api-ms-win-crt-utility-l1-1-0.dll -> parsed lib api-ms-win-crt-utility-l1-1-0
79754 DEBUG: add_qt5_dependencies: raw lib C:\WINDOWS\system32\mpr.dll -> parsed lib mpr
79770 DEBUG: add_qt5_dependencies: raw lib C:\Users\Hatzakis group\Anaconda3\api-ms-win-crt-stdio-l1-1-0.dll -> parsed lib api-ms-win-crt-stdio-l1-1-0
79770 DEBUG: add_qt5_dependencies: raw lib C:\Users\Hatzakis group\AppData\Local\Programs\Python\Python36\vcruntime140.dll -> parsed lib vcruntime140
79770 DEBUG: add_qt5_dependencies: imports from hook-PyQt5.QtCore:
  hiddenimports = ['PyQt5.QtCore']
  binaries = []
  datas = [('C:/users/hatzakis group/pycharmprojects/deepfret-gui/venv2/lib/site-packages/PyQt5/Qt/translations\\qtbase_*.qm', 'PyQt5\\Qt\\translations')]
79770 INFO: Loading module hook "hook-PyQt5.QtGui.py"...
79770 DEBUG: add_qt5_dependencies: Examining c:\users\hatzakis group\pycharmprojects\deepfret-gui\venv2\lib\site-packages\PyQt5\QtGui.pyd, based on hook of c:\users\hatzakis group\pycharmprojects\deepfret-gui\venv2\lib\site-packages\PyInstaller\hooks\hook-PyQt5.QtGui.py.
79770 DEBUG: add_qt5_dependencies: raw lib c:\users\hatzakis group\pycharmprojects\deepfret-gui\venv2\lib\site-packages\PyQt5\Qt\bin\qt5core.dll -> parsed lib qt5core
79770 DEBUG: add_qt5_dependencies: Import of c:\users\hatzakis group\pycharmprojects\deepfret-gui\venv2\lib\site-packages\PyQt5\Qt\bin\qt5core.dll.
79786 DEBUG: add_qt5_dependencies: raw lib C:\Users\Hatzakis group\Anaconda3\api-ms-win-crt-time-l1-1-0.dll -> parsed lib api-ms-win-crt-time-l1-1-0
79786 DEBUG: add_qt5_dependencies: raw lib C:\Users\Hatzakis group\Anaconda3\api-ms-win-crt-convert-l1-1-0.dll -> parsed lib api-ms-win-crt-convert-l1-1-0
79801 DEBUG: add_qt5_dependencies: raw lib C:\WINDOWS\system32\kernel32.dll -> parsed lib kernel32
79801 DEBUG: add_qt5_dependencies: raw lib C:\Users\Hatzakis group\Anaconda3\api-ms-win-crt-heap-l1-1-0.dll -> parsed lib api-ms-win-crt-heap-l1-1-0
79801 DEBUG: add_qt5_dependencies: raw lib C:\Users\Hatzakis group\Anaconda3\api-ms-win-crt-string-l1-1-0.dll -> parsed lib api-ms-win-crt-string-l1-1-0
79801 DEBUG: add_qt5_dependencies: raw lib C:\Users\Hatzakis group\Anaconda3\api-ms-win-crt-runtime-l1-1-0.dll -> parsed lib api-ms-win-crt-runtime-l1-1-0
79801 DEBUG: add_qt5_dependencies: raw lib C:\Users\Hatzakis group\AppData\Local\Programs\Python\Python36\python3.dll -> parsed lib python3
79801 DEBUG: add_qt5_dependencies: raw lib C:\WINDOWS\system32\ws2_32.dll -> parsed lib ws2_32
79801 DEBUG: add_qt5_dependencies: raw lib C:\Users\Hatzakis group\Anaconda3\api-ms-win-crt-utility-l1-1-0.dll -> parsed lib api-ms-win-crt-utility-l1-1-0
79801 DEBUG: add_qt5_dependencies: raw lib C:\WINDOWS\system32\mpr.dll -> parsed lib mpr
79801 DEBUG: add_qt5_dependencies: raw lib C:\Users\Hatzakis group\Anaconda3\api-ms-win-crt-stdio-l1-1-0.dll -> parsed lib api-ms-win-crt-stdio-l1-1-0
79817 DEBUG: add_qt5_dependencies: raw lib C:\Users\Hatzakis group\AppData\Local\Programs\Python\Python36\vcruntime140.dll -> parsed lib vcruntime140
79817 DEBUG: add_qt5_dependencies: raw lib C:\WINDOWS\system32\user32.dll -> parsed lib user32
79817 DEBUG: add_qt5_dependencies: raw lib C:\WINDOWS\system32\userenv.dll -> parsed lib userenv
79817 DEBUG: add_qt5_dependencies: raw lib C:\WINDOWS\system32\version.dll -> parsed lib version
79817 DEBUG: add_qt5_dependencies: raw lib C:\Users\Hatzakis group\Anaconda3\api-ms-win-crt-math-l1-1-0.dll -> parsed lib api-ms-win-crt-math-l1-1-0
79817 DEBUG: add_qt5_dependencies: raw lib C:\Users\Hatzakis group\Anaconda3\api-ms-win-crt-environment-l1-1-0.dll -> parsed lib api-ms-win-crt-environment-l1-1-0
79817 DEBUG: add_qt5_dependencies: raw lib C:\WINDOWS\system32\shell32.dll -> parsed lib shell32
79817 DEBUG: add_qt5_dependencies: raw lib C:\WINDOWS\system32\winmm.dll -> parsed lib winmm
79817 DEBUG: add_qt5_dependencies: raw lib C:\WINDOWS\system32\msvcp140.dll -> parsed lib msvcp140
79817 DEBUG: add_qt5_dependencies: raw lib C:\WINDOWS\system32\ole32.dll -> parsed lib ole32
79832 DEBUG: add_qt5_dependencies: raw lib C:\Users\Hatzakis group\Anaconda3\api-ms-win-crt-filesystem-l1-1-0.dll -> parsed lib api-ms-win-crt-filesystem-l1-1-0
79832 DEBUG: add_qt5_dependencies: raw lib c:\users\hatzakis group\pycharmprojects\deepfret-gui\venv2\lib\site-packages\PyQt5\Qt\bin\qt5gui.dll -> parsed lib qt5gui
79832 DEBUG: add_qt5_dependencies: Import of c:\users\hatzakis group\pycharmprojects\deepfret-gui\venv2\lib\site-packages\PyQt5\Qt\bin\qt5gui.dll.
79879 DEBUG: add_qt5_dependencies: raw lib C:\WINDOWS\system32\netapi32.dll -> parsed lib netapi32
79879 DEBUG: add_qt5_dependencies: raw lib C:\WINDOWS\system32\advapi32.dll -> parsed lib advapi32
79879 DEBUG: add_qt5_dependencies: raw lib C:\WINDOWS\system32\d3d11.dll -> parsed lib d3d11
79879 DEBUG: add_qt5_dependencies: raw lib C:\Users\Hatzakis group\Anaconda3\api-ms-win-crt-locale-l1-1-0.dll -> parsed lib api-ms-win-crt-locale-l1-1-0
79879 DEBUG: add_qt5_dependencies: raw lib C:\WINDOWS\system32\dxgi.dll -> parsed lib dxgi
79879 DEBUG: add_qt5_dependencies: raw lib C:\WINDOWS\system32\kernel32.dll -> parsed lib kernel32
79879 DEBUG: add_qt5_dependencies: raw lib C:\Users\Hatzakis group\Anaconda3\api-ms-win-crt-heap-l1-1-0.dll -> parsed lib api-ms-win-crt-heap-l1-1-0
79879 DEBUG: add_qt5_dependencies: raw lib C:\Users\Hatzakis group\Anaconda3\api-ms-win-crt-string-l1-1-0.dll -> parsed lib api-ms-win-crt-string-l1-1-0
79895 DEBUG: add_qt5_dependencies: raw lib C:\Users\Hatzakis group\Anaconda3\api-ms-win-crt-runtime-l1-1-0.dll -> parsed lib api-ms-win-crt-runtime-l1-1-0
79895 DEBUG: add_qt5_dependencies: raw lib C:\WINDOWS\system32\gdi32.dll -> parsed lib gdi32
79895 DEBUG: add_qt5_dependencies: raw lib C:\Users\Hatzakis group\Anaconda3\api-ms-win-crt-utility-l1-1-0.dll -> parsed lib api-ms-win-crt-utility-l1-1-0
79895 DEBUG: add_qt5_dependencies: raw lib C:\Users\Hatzakis group\Anaconda3\api-ms-win-crt-stdio-l1-1-0.dll -> parsed lib api-ms-win-crt-stdio-l1-1-0
79895 DEBUG: add_qt5_dependencies: raw lib C:\WINDOWS\system32\user32.dll -> parsed lib user32
79895 DEBUG: add_qt5_dependencies: raw lib C:\Users\Hatzakis group\AppData\Local\Programs\Python\Python36\vcruntime140.dll -> parsed lib vcruntime140
79895 DEBUG: add_qt5_dependencies: raw lib C:\Users\Hatzakis group\Anaconda3\api-ms-win-crt-math-l1-1-0.dll -> parsed lib api-ms-win-crt-math-l1-1-0
79895 DEBUG: add_qt5_dependencies: raw lib C:\Users\Hatzakis group\Anaconda3\api-ms-win-crt-environment-l1-1-0.dll -> parsed lib api-ms-win-crt-environment-l1-1-0
79895 DEBUG: add_qt5_dependencies: raw lib C:\WINDOWS\system32\msvcp140.dll -> parsed lib msvcp140
79911 DEBUG: add_qt5_dependencies: raw lib c:\users\hatzakis group\pycharmprojects\deepfret-gui\venv2\lib\site-packages\PyQt5\Qt\bin\qt5core.dll -> parsed lib qt5core
79911 DEBUG: add_qt5_dependencies: Import of c:\users\hatzakis group\pycharmprojects\deepfret-gui\venv2\lib\site-packages\PyQt5\Qt\bin\qt5core.dll.
79926 DEBUG: add_qt5_dependencies: raw lib C:\WINDOWS\system32\ole32.dll -> parsed lib ole32
79926 DEBUG: add_qt5_dependencies: raw lib C:\Users\Hatzakis group\Anaconda3\api-ms-win-crt-filesystem-l1-1-0.dll -> parsed lib api-ms-win-crt-filesystem-l1-1-0
79926 DEBUG: add_qt5_dependencies: raw lib C:\WINDOWS\system32\netapi32.dll -> parsed lib netapi32
79926 DEBUG: add_qt5_dependencies: raw lib C:\WINDOWS\system32\advapi32.dll -> parsed lib advapi32
79926 DEBUG: add_qt5_dependencies: raw lib C:\Users\Hatzakis group\Anaconda3\api-ms-win-crt-time-l1-1-0.dll -> parsed lib api-ms-win-crt-time-l1-1-0
79926 DEBUG: add_qt5_dependencies: raw lib C:\Users\Hatzakis group\Anaconda3\api-ms-win-crt-convert-l1-1-0.dll -> parsed lib api-ms-win-crt-convert-l1-1-0
79926 DEBUG: add_qt5_dependencies: raw lib C:\WINDOWS\system32\kernel32.dll -> parsed lib kernel32
79942 DEBUG: add_qt5_dependencies: raw lib C:\Users\Hatzakis group\Anaconda3\api-ms-win-crt-heap-l1-1-0.dll -> parsed lib api-ms-win-crt-heap-l1-1-0
79942 DEBUG: add_qt5_dependencies: raw lib C:\Users\Hatzakis group\Anaconda3\api-ms-win-crt-string-l1-1-0.dll -> parsed lib api-ms-win-crt-string-l1-1-0
79942 DEBUG: add_qt5_dependencies: raw lib C:\WINDOWS\system32\ws2_32.dll -> parsed lib ws2_32
79942 DEBUG: add_qt5_dependencies: raw lib C:\Users\Hatzakis group\Anaconda3\api-ms-win-crt-runtime-l1-1-0.dll -> parsed lib api-ms-win-crt-runtime-l1-1-0
79942 DEBUG: add_qt5_dependencies: raw lib C:\Users\Hatzakis group\Anaconda3\api-ms-win-crt-utility-l1-1-0.dll -> parsed lib api-ms-win-crt-utility-l1-1-0
79942 DEBUG: add_qt5_dependencies: raw lib C:\WINDOWS\system32\mpr.dll -> parsed lib mpr
79942 DEBUG: add_qt5_dependencies: raw lib C:\Users\Hatzakis group\Anaconda3\api-ms-win-crt-stdio-l1-1-0.dll -> parsed lib api-ms-win-crt-stdio-l1-1-0
79942 DEBUG: add_qt5_dependencies: raw lib C:\Users\Hatzakis group\AppData\Local\Programs\Python\Python36\vcruntime140.dll -> parsed lib vcruntime140
79942 DEBUG: add_qt5_dependencies: raw lib C:\WINDOWS\system32\user32.dll -> parsed lib user32
79957 DEBUG: add_qt5_dependencies: raw lib C:\WINDOWS\system32\userenv.dll -> parsed lib userenv
79957 DEBUG: add_qt5_dependencies: raw lib C:\WINDOWS\system32\version.dll -> parsed lib version
79957 DEBUG: add_qt5_dependencies: raw lib C:\Users\Hatzakis group\Anaconda3\api-ms-win-crt-math-l1-1-0.dll -> parsed lib api-ms-win-crt-math-l1-1-0
79957 DEBUG: add_qt5_dependencies: raw lib C:\Users\Hatzakis group\Anaconda3\api-ms-win-crt-environment-l1-1-0.dll -> parsed lib api-ms-win-crt-environment-l1-1-0
79957 DEBUG: add_qt5_dependencies: raw lib C:\WINDOWS\system32\shell32.dll -> parsed lib shell32
79957 DEBUG: add_qt5_dependencies: raw lib C:\WINDOWS\system32\winmm.dll -> parsed lib winmm
79957 DEBUG: add_qt5_dependencies: raw lib C:\WINDOWS\system32\msvcp140.dll -> parsed lib msvcp140
79957 DEBUG: Found plugin files [] for plugin 'platforminputcontexts
79957 DEBUG: Found plugin files ['C:/users/hatzakis group/pycharmprojects/deepfret-gui/venv2/lib/site-packages/PyQt5/Qt/plugins\\platformthemes\\qxdgdesktopportal.dll'] for plugin 'platformthemes
79957 DEBUG: Found plugin files ['C:/users/hatzakis group/pycharmprojects/deepfret-gui/venv2/lib/site-packages/PyQt5/Qt/plugins\\platforms\\qminimal.dll', 'C:/users/hatzakis group/pycharmprojects/deepfret-gui/venv2/lib/site-packages/PyQt5/Qt/plugins\\platforms\\qoffscreen.dll', 'C:/users/hatzakis group/pycharmprojects/deepfret-gui/venv2/lib/site-packages/PyQt5/Qt/plugins\\platforms\\qwebgl.dll', 'C:/users/hatzakis group/pycharmprojects/deepfret-gui/venv2/lib/site-packages/PyQt5/Qt/plugins\\platforms\\qwindows.dll'] for plugin 'platforms
79957 DEBUG: Found plugin files [] for plugin 'accessible
79957 DEBUG: Found plugin files ['C:/users/hatzakis group/pycharmprojects/deepfret-gui/venv2/lib/site-packages/PyQt5/Qt/plugins\\iconengines\\qsvgicon.dll'] for plugin 'iconengines
79957 DEBUG: Found plugin files ['C:/users/hatzakis group/pycharmprojects/deepfret-gui/venv2/lib/site-packages/PyQt5/Qt/plugins\\styles\\qwindowsvistastyle.dll'] for plugin 'styles
79957 DEBUG: Found plugin files ['C:/users/hatzakis group/pycharmprojects/deepfret-gui/venv2/lib/site-packages/PyQt5/Qt/plugins\\imageformats\\qgif.dll', 'C:/users/hatzakis group/pycharmprojects/deepfret-gui/venv2/lib/site-packages/PyQt5/Qt/plugins\\imageformats\\qicns.dll', 'C:/users/hatzakis group/pycharmprojects/deepfret-gui/venv2/lib/site-packages/PyQt5/Qt/plugins\\imageformats\\qico.dll', 'C:/users/hatzakis group/pycharmprojects/deepfret-gui/venv2/lib/site-packages/PyQt5/Qt/plugins\\imageformats\\qjpeg.dll', 'C:/users/hatzakis group/pycharmprojects/deepfret-gui/venv2/lib/site-packages/PyQt5/Qt/plugins\\imageformats\\qsvg.dll', 'C:/users/hatzakis group/pycharmprojects/deepfret-gui/venv2/lib/site-packages/PyQt5/Qt/plugins\\imageformats\\qtga.dll', 'C:/users/hatzakis group/pycharmprojects/deepfret-gui/venv2/lib/site-packages/PyQt5/Qt/plugins\\imageformats\\qtiff.dll', 'C:/users/hatzakis group/pycharmprojects/deepfret-gui/venv2/lib/site-packages/PyQt5/Qt/plugins\\imageformats\\qwbmp.dll', 'C:/users/hatzakis group/pycharmprojects/deepfret-gui/venv2/lib/site-packages/PyQt5/Qt/plugins\\imageformats\\qwebp.dll'] for plugin 'imageformats
79957 DEBUG: add_qt5_dependencies: imports from hook-PyQt5.QtGui:
  hiddenimports = ['PyQt5.QtCore', 'PyQt5.QtGui']
  binaries = [('C:/users/hatzakis group/pycharmprojects/deepfret-gui/venv2/lib/site-packages/PyQt5/Qt/plugins\\platformthemes\\qxdgdesktopportal.dll', 'PyQt5\\Qt\\plugins\\platformthemes'), ('C:/users/hatzakis group/pycharmprojects/deepfret-gui/venv2/lib/site-packages/PyQt5/Qt/plugins\\platforms\\qminimal.dll', 'PyQt5\\Qt\\plugins\\platforms'), ('C:/users/hatzakis group/pycharmprojects/deepfret-gui/venv2/lib/site-packages/PyQt5/Qt/plugins\\platforms\\qoffscreen.dll', 'PyQt5\\Qt\\plugins\\platforms'), ('C:/users/hatzakis group/pycharmprojects/deepfret-gui/venv2/lib/site-packages/PyQt5/Qt/plugins\\platforms\\qwebgl.dll', 'PyQt5\\Qt\\plugins\\platforms'), ('C:/users/hatzakis group/pycharmprojects/deepfret-gui/venv2/lib/site-packages/PyQt5/Qt/plugins\\platforms\\qwindows.dll', 'PyQt5\\Qt\\plugins\\platforms'), ('C:/users/hatzakis group/pycharmprojects/deepfret-gui/venv2/lib/site-packages/PyQt5/Qt/plugins\\iconengines\\qsvgicon.dll', 'PyQt5\\Qt\\plugins\\iconengines'), ('C:/users/hatzakis group/pycharmprojects/deepfret-gui/venv2/lib/site-packages/PyQt5/Qt/plugins\\styles\\qwindowsvistastyle.dll', 'PyQt5\\Qt\\plugins\\styles'), ('C:/users/hatzakis group/pycharmprojects/deepfret-gui/venv2/lib/site-packages/PyQt5/Qt/plugins\\imageformats\\qgif.dll', 'PyQt5\\Qt\\plugins\\imageformats'), ('C:/users/hatzakis group/pycharmprojects/deepfret-gui/venv2/lib/site-packages/PyQt5/Qt/plugins\\imageformats\\qicns.dll', 'PyQt5\\Qt\\plugins\\imageformats'), ('C:/users/hatzakis group/pycharmprojects/deepfret-gui/venv2/lib/site-packages/PyQt5/Qt/plugins\\imageformats\\qico.dll', 'PyQt5\\Qt\\plugins\\imageformats'), ('C:/users/hatzakis group/pycharmprojects/deepfret-gui/venv2/lib/site-packages/PyQt5/Qt/plugins\\imageformats\\qjpeg.dll', 'PyQt5\\Qt\\plugins\\imageformats'), ('C:/users/hatzakis group/pycharmprojects/deepfret-gui/venv2/lib/site-packages/PyQt5/Qt/plugins\\imageformats\\qsvg.dll', 'PyQt5\\Qt\\plugins\\imageformats'), ('C:/users/hatzakis group/pycharmprojects/deepfret-gui/venv2/lib/site-packages/PyQt5/Qt/plugins\\imageformats\\qtga.dll', 'PyQt5\\Qt\\plugins\\imageformats'), ('C:/users/hatzakis group/pycharmprojects/deepfret-gui/venv2/lib/site-packages/PyQt5/Qt/plugins\\imageformats\\qtiff.dll', 'PyQt5\\Qt\\plugins\\imageformats'), ('C:/users/hatzakis group/pycharmprojects/deepfret-gui/venv2/lib/site-packages/PyQt5/Qt/plugins\\imageformats\\qwbmp.dll', 'PyQt5\\Qt\\plugins\\imageformats'), ('C:/users/hatzakis group/pycharmprojects/deepfret-gui/venv2/lib/site-packages/PyQt5/Qt/plugins\\imageformats\\qwebp.dll', 'PyQt5\\Qt\\plugins\\imageformats')]
  datas = [('C:/users/hatzakis group/pycharmprojects/deepfret-gui/venv2/lib/site-packages/PyQt5/Qt/translations\\qtbase_*.qm', 'PyQt5\\Qt\\translations')]
79973 INFO: Loading module hook "hook-PyQt5.QtNetwork.py"...
79973 DEBUG: add_qt5_dependencies: Examining c:\users\hatzakis group\pycharmprojects\deepfret-gui\venv2\lib\site-packages\PyQt5\QtNetwork.pyd, based on hook of c:\users\hatzakis group\pycharmprojects\deepfret-gui\venv2\lib\site-packages\PyInstaller\hooks\hook-PyQt5.QtNetwork.py.
79973 DEBUG: add_qt5_dependencies: raw lib c:\users\hatzakis group\pycharmprojects\deepfret-gui\venv2\lib\site-packages\PyQt5\Qt\bin\qt5core.dll -> parsed lib qt5core
79973 DEBUG: add_qt5_dependencies: Import of c:\users\hatzakis group\pycharmprojects\deepfret-gui\venv2\lib\site-packages\PyQt5\Qt\bin\qt5core.dll.
79989 DEBUG: add_qt5_dependencies: raw lib C:\Users\Hatzakis group\Anaconda3\api-ms-win-crt-time-l1-1-0.dll -> parsed lib api-ms-win-crt-time-l1-1-0
79989 DEBUG: add_qt5_dependencies: raw lib C:\Users\Hatzakis group\Anaconda3\api-ms-win-crt-convert-l1-1-0.dll -> parsed lib api-ms-win-crt-convert-l1-1-0
79989 DEBUG: add_qt5_dependencies: raw lib C:\WINDOWS\system32\kernel32.dll -> parsed lib kernel32
79989 DEBUG: add_qt5_dependencies: raw lib C:\Users\Hatzakis group\Anaconda3\api-ms-win-crt-heap-l1-1-0.dll -> parsed lib api-ms-win-crt-heap-l1-1-0
80004 DEBUG: add_qt5_dependencies: raw lib C:\Users\Hatzakis group\Anaconda3\api-ms-win-crt-string-l1-1-0.dll -> parsed lib api-ms-win-crt-string-l1-1-0
80004 DEBUG: add_qt5_dependencies: raw lib C:\Users\Hatzakis group\Anaconda3\api-ms-win-crt-runtime-l1-1-0.dll -> parsed lib api-ms-win-crt-runtime-l1-1-0
80004 DEBUG: add_qt5_dependencies: raw lib C:\Users\Hatzakis group\AppData\Local\Programs\Python\Python36\python3.dll -> parsed lib python3
80004 DEBUG: add_qt5_dependencies: raw lib C:\WINDOWS\system32\ws2_32.dll -> parsed lib ws2_32
80004 DEBUG: add_qt5_dependencies: raw lib C:\Users\Hatzakis group\Anaconda3\api-ms-win-crt-utility-l1-1-0.dll -> parsed lib api-ms-win-crt-utility-l1-1-0
80004 DEBUG: add_qt5_dependencies: raw lib C:\WINDOWS\system32\mpr.dll -> parsed lib mpr
80004 DEBUG: add_qt5_dependencies: raw lib C:\Users\Hatzakis group\Anaconda3\api-ms-win-crt-stdio-l1-1-0.dll -> parsed lib api-ms-win-crt-stdio-l1-1-0
80004 DEBUG: add_qt5_dependencies: raw lib C:\Users\Hatzakis group\AppData\Local\Programs\Python\Python36\vcruntime140.dll -> parsed lib vcruntime140
80004 DEBUG: add_qt5_dependencies: raw lib C:\WINDOWS\system32\user32.dll -> parsed lib user32
80004 DEBUG: add_qt5_dependencies: raw lib C:\WINDOWS\system32\userenv.dll -> parsed lib userenv
80020 DEBUG: add_qt5_dependencies: raw lib C:\WINDOWS\system32\version.dll -> parsed lib version
80020 DEBUG: add_qt5_dependencies: raw lib c:\users\hatzakis group\pycharmprojects\deepfret-gui\venv2\lib\site-packages\PyQt5\Qt\bin\qt5network.dll -> parsed lib qt5network
80020 DEBUG: add_qt5_dependencies: Import of c:\users\hatzakis group\pycharmprojects\deepfret-gui\venv2\lib\site-packages\PyQt5\Qt\bin\qt5network.dll.
80020 DEBUG: add_qt5_dependencies: raw lib C:\Users\Hatzakis group\Anaconda3\api-ms-win-crt-math-l1-1-0.dll -> parsed lib api-ms-win-crt-math-l1-1-0
80020 DEBUG: add_qt5_dependencies: raw lib C:\Users\Hatzakis group\Anaconda3\api-ms-win-crt-environment-l1-1-0.dll -> parsed lib api-ms-win-crt-environment-l1-1-0
80020 DEBUG: add_qt5_dependencies: raw lib C:\WINDOWS\system32\shell32.dll -> parsed lib shell32
80020 DEBUG: add_qt5_dependencies: raw lib C:\WINDOWS\system32\winmm.dll -> parsed lib winmm
80036 DEBUG: add_qt5_dependencies: raw lib C:\WINDOWS\system32\msvcp140.dll -> parsed lib msvcp140
80036 DEBUG: add_qt5_dependencies: raw lib C:\WINDOWS\system32\ole32.dll -> parsed lib ole32
80036 DEBUG: add_qt5_dependencies: raw lib c:\users\hatzakis group\pycharmprojects\deepfret-gui\venv2\lib\site-packages\PyQt5\Qt\bin\qt5core.dll -> parsed lib qt5core
80036 DEBUG: add_qt5_dependencies: Import of c:\users\hatzakis group\pycharmprojects\deepfret-gui\venv2\lib\site-packages\PyQt5\Qt\bin\qt5core.dll.
80051 DEBUG: add_qt5_dependencies: raw lib C:\Users\Hatzakis group\Anaconda3\api-ms-win-crt-filesystem-l1-1-0.dll -> parsed lib api-ms-win-crt-filesystem-l1-1-0
80051 DEBUG: add_qt5_dependencies: raw lib C:\WINDOWS\system32\advapi32.dll -> parsed lib advapi32
80051 DEBUG: add_qt5_dependencies: raw lib C:\WINDOWS\system32\kernel32.dll -> parsed lib kernel32
80051 DEBUG: add_qt5_dependencies: raw lib C:\Users\Hatzakis group\Anaconda3\api-ms-win-crt-heap-l1-1-0.dll -> parsed lib api-ms-win-crt-heap-l1-1-0
80051 DEBUG: add_qt5_dependencies: raw lib C:\WINDOWS\system32\crypt32.dll -> parsed lib crypt32
80067 DEBUG: add_qt5_dependencies: raw lib C:\WINDOWS\system32\ws2_32.dll -> parsed lib ws2_32
80067 DEBUG: add_qt5_dependencies: raw lib C:\Users\Hatzakis group\Anaconda3\api-ms-win-crt-runtime-l1-1-0.dll -> parsed lib api-ms-win-crt-runtime-l1-1-0
80067 DEBUG: add_qt5_dependencies: raw lib C:\Users\Hatzakis group\Anaconda3\api-ms-win-crt-stdio-l1-1-0.dll -> parsed lib api-ms-win-crt-stdio-l1-1-0
80067 DEBUG: add_qt5_dependencies: raw lib C:\WINDOWS\system32\iphlpapi.dll -> parsed lib iphlpapi
80067 DEBUG: add_qt5_dependencies: raw lib C:\WINDOWS\system32\userenv.dll -> parsed lib userenv
80067 DEBUG: add_qt5_dependencies: raw lib C:\Users\Hatzakis group\Anaconda3\api-ms-win-crt-environment-l1-1-0.dll -> parsed lib api-ms-win-crt-environment-l1-1-0
80067 DEBUG: add_qt5_dependencies: raw lib C:\WINDOWS\system32\ole32.dll -> parsed lib ole32
80067 DEBUG: add_qt5_dependencies: raw lib C:\WINDOWS\system32\netapi32.dll -> parsed lib netapi32
80067 DEBUG: add_qt5_dependencies: raw lib C:\WINDOWS\system32\user32.dll -> parsed lib user32
80082 DEBUG: add_qt5_dependencies: raw lib C:\WINDOWS\system32\dnsapi.dll -> parsed lib dnsapi
80082 DEBUG: add_qt5_dependencies: raw lib C:\Users\Hatzakis group\Anaconda3\api-ms-win-crt-time-l1-1-0.dll -> parsed lib api-ms-win-crt-time-l1-1-0
80082 DEBUG: add_qt5_dependencies: raw lib C:\Users\Hatzakis group\Anaconda3\api-ms-win-crt-convert-l1-1-0.dll -> parsed lib api-ms-win-crt-convert-l1-1-0
80082 DEBUG: add_qt5_dependencies: raw lib C:\Users\Hatzakis group\Anaconda3\api-ms-win-crt-string-l1-1-0.dll -> parsed lib api-ms-win-crt-string-l1-1-0
80082 DEBUG: add_qt5_dependencies: raw lib C:\Users\Hatzakis group\Anaconda3\api-ms-win-crt-utility-l1-1-0.dll -> parsed lib api-ms-win-crt-utility-l1-1-0
80082 DEBUG: add_qt5_dependencies: raw lib C:\WINDOWS\system32\mpr.dll -> parsed lib mpr
80082 DEBUG: add_qt5_dependencies: raw lib C:\Users\Hatzakis group\AppData\Local\Programs\Python\Python36\vcruntime140.dll -> parsed lib vcruntime140
80082 DEBUG: add_qt5_dependencies: raw lib C:\WINDOWS\system32\version.dll -> parsed lib version
80082 DEBUG: add_qt5_dependencies: raw lib C:\Users\Hatzakis group\Anaconda3\api-ms-win-crt-math-l1-1-0.dll -> parsed lib api-ms-win-crt-math-l1-1-0
80098 DEBUG: add_qt5_dependencies: raw lib C:\WINDOWS\system32\shell32.dll -> parsed lib shell32
80098 DEBUG: add_qt5_dependencies: raw lib C:\WINDOWS\system32\winmm.dll -> parsed lib winmm
80098 DEBUG: add_qt5_dependencies: raw lib C:\WINDOWS\system32\msvcp140.dll -> parsed lib msvcp140
80098 DEBUG: Found plugin files ['C:/users/hatzakis group/pycharmprojects/deepfret-gui/venv2/lib/site-packages/PyQt5/Qt/plugins\\bearer\\qgenericbearer.dll'] for plugin 'bearer
80098 DEBUG: add_qt5_dependencies: imports from hook-PyQt5.QtNetwork:
  hiddenimports = ['PyQt5.QtNetwork', 'PyQt5.QtCore']
  binaries = [('C:/users/hatzakis group/pycharmprojects/deepfret-gui/venv2/lib/site-packages/PyQt5/Qt/plugins\\bearer\\qgenericbearer.dll', 'PyQt5\\Qt\\plugins\\bearer')]
  datas = [('C:/users/hatzakis group/pycharmprojects/deepfret-gui/venv2/lib/site-packages/PyQt5/Qt/translations\\qtbase_*.qm', 'PyQt5\\Qt\\translations')]
80098 INFO: Loading module hook "hook-PyQt5.QtWidgets.py"...
80098 DEBUG: add_qt5_dependencies: Examining c:\users\hatzakis group\pycharmprojects\deepfret-gui\venv2\lib\site-packages\PyQt5\QtWidgets.pyd, based on hook of c:\users\hatzakis group\pycharmprojects\deepfret-gui\venv2\lib\site-packages\PyInstaller\hooks\hook-PyQt5.QtWidgets.py.
80098 DEBUG: add_qt5_dependencies: raw lib C:\Users\Hatzakis group\AppData\Local\Programs\Python\Python36\vcruntime140.dll -> parsed lib vcruntime140
80098 DEBUG: add_qt5_dependencies: raw lib C:\WINDOWS\system32\kernel32.dll -> parsed lib kernel32
80098 DEBUG: add_qt5_dependencies: raw lib c:\users\hatzakis group\pycharmprojects\deepfret-gui\venv2\lib\site-packages\PyQt5\Qt\bin\qt5widgets.dll -> parsed lib qt5widgets
80098 DEBUG: add_qt5_dependencies: Import of c:\users\hatzakis group\pycharmprojects\deepfret-gui\venv2\lib\site-packages\PyQt5\Qt\bin\qt5widgets.dll.
80129 DEBUG: add_qt5_dependencies: raw lib C:\Users\Hatzakis group\Anaconda3\api-ms-win-crt-heap-l1-1-0.dll -> parsed lib api-ms-win-crt-heap-l1-1-0
80129 DEBUG: add_qt5_dependencies: raw lib C:\Users\Hatzakis group\Anaconda3\api-ms-win-crt-string-l1-1-0.dll -> parsed lib api-ms-win-crt-string-l1-1-0
80129 DEBUG: add_qt5_dependencies: raw lib C:\Users\Hatzakis group\Anaconda3\api-ms-win-crt-runtime-l1-1-0.dll -> parsed lib api-ms-win-crt-runtime-l1-1-0
80129 DEBUG: add_qt5_dependencies: raw lib C:\Users\Hatzakis group\AppData\Local\Programs\Python\Python36\python3.dll -> parsed lib python3
80129 DEBUG: add_qt5_dependencies: raw lib C:\WINDOWS\system32\gdi32.dll -> parsed lib gdi32
80129 DEBUG: add_qt5_dependencies: raw lib C:\WINDOWS\system32\user32.dll -> parsed lib user32
80129 DEBUG: add_qt5_dependencies: raw lib C:\Users\Hatzakis group\AppData\Local\Programs\Python\Python36\vcruntime140.dll -> parsed lib vcruntime140
80129 DEBUG: add_qt5_dependencies: raw lib C:\Users\Hatzakis group\Anaconda3\api-ms-win-crt-math-l1-1-0.dll -> parsed lib api-ms-win-crt-math-l1-1-0
80145 DEBUG: add_qt5_dependencies: raw lib C:\WINDOWS\system32\dwmapi.dll -> parsed lib dwmapi
80145 DEBUG: add_qt5_dependencies: raw lib C:\WINDOWS\system32\shell32.dll -> parsed lib shell32
80145 DEBUG: add_qt5_dependencies: raw lib C:\WINDOWS\system32\uxtheme.dll -> parsed lib uxtheme
80145 DEBUG: add_qt5_dependencies: raw lib C:\WINDOWS\system32\msvcp140.dll -> parsed lib msvcp140
80145 DEBUG: add_qt5_dependencies: raw lib C:\WINDOWS\system32\ole32.dll -> parsed lib ole32
80145 DEBUG: add_qt5_dependencies: raw lib c:\users\hatzakis group\pycharmprojects\deepfret-gui\venv2\lib\site-packages\PyQt5\Qt\bin\qt5gui.dll -> parsed lib qt5gui
80145 DEBUG: add_qt5_dependencies: Import of c:\users\hatzakis group\pycharmprojects\deepfret-gui\venv2\lib\site-packages\PyQt5\Qt\bin\qt5gui.dll.
80192 DEBUG: add_qt5_dependencies: raw lib c:\users\hatzakis group\pycharmprojects\deepfret-gui\venv2\lib\site-packages\PyQt5\Qt\bin\qt5core.dll -> parsed lib qt5core
80192 DEBUG: add_qt5_dependencies: Import of c:\users\hatzakis group\pycharmprojects\deepfret-gui\venv2\lib\site-packages\PyQt5\Qt\bin\qt5core.dll.
80207 DEBUG: add_qt5_dependencies: raw lib C:\WINDOWS\system32\d3d11.dll -> parsed lib d3d11
80207 DEBUG: add_qt5_dependencies: raw lib C:\Users\Hatzakis group\Anaconda3\api-ms-win-crt-locale-l1-1-0.dll -> parsed lib api-ms-win-crt-locale-l1-1-0
80207 DEBUG: add_qt5_dependencies: raw lib C:\WINDOWS\system32\kernel32.dll -> parsed lib kernel32
80223 DEBUG: add_qt5_dependencies: raw lib C:\WINDOWS\system32\dxgi.dll -> parsed lib dxgi
80223 DEBUG: add_qt5_dependencies: raw lib C:\Users\Hatzakis group\Anaconda3\api-ms-win-crt-heap-l1-1-0.dll -> parsed lib api-ms-win-crt-heap-l1-1-0
80223 DEBUG: add_qt5_dependencies: raw lib C:\Users\Hatzakis group\Anaconda3\api-ms-win-crt-runtime-l1-1-0.dll -> parsed lib api-ms-win-crt-runtime-l1-1-0
80223 DEBUG: add_qt5_dependencies: raw lib C:\WINDOWS\system32\ws2_32.dll -> parsed lib ws2_32
80223 DEBUG: add_qt5_dependencies: raw lib C:\Users\Hatzakis group\Anaconda3\api-ms-win-crt-stdio-l1-1-0.dll -> parsed lib api-ms-win-crt-stdio-l1-1-0
80223 DEBUG: add_qt5_dependencies: raw lib C:\WINDOWS\system32\userenv.dll -> parsed lib userenv
80223 DEBUG: add_qt5_dependencies: raw lib C:\Users\Hatzakis group\Anaconda3\api-ms-win-crt-environment-l1-1-0.dll -> parsed lib api-ms-win-crt-environment-l1-1-0
80223 DEBUG: add_qt5_dependencies: raw lib C:\WINDOWS\system32\ole32.dll -> parsed lib ole32
80223 DEBUG: add_qt5_dependencies: raw lib C:\WINDOWS\system32\netapi32.dll -> parsed lib netapi32
80239 DEBUG: add_qt5_dependencies: raw lib C:\WINDOWS\system32\user32.dll -> parsed lib user32
80239 DEBUG: add_qt5_dependencies: raw lib C:\Users\Hatzakis group\Anaconda3\api-ms-win-crt-time-l1-1-0.dll -> parsed lib api-ms-win-crt-time-l1-1-0
80239 DEBUG: add_qt5_dependencies: raw lib C:\Users\Hatzakis group\Anaconda3\api-ms-win-crt-convert-l1-1-0.dll -> parsed lib api-ms-win-crt-convert-l1-1-0
80239 DEBUG: add_qt5_dependencies: raw lib C:\Users\Hatzakis group\Anaconda3\api-ms-win-crt-string-l1-1-0.dll -> parsed lib api-ms-win-crt-string-l1-1-0
80239 DEBUG: add_qt5_dependencies: raw lib C:\WINDOWS\system32\gdi32.dll -> parsed lib gdi32
80239 DEBUG: add_qt5_dependencies: raw lib C:\Users\Hatzakis group\Anaconda3\api-ms-win-crt-utility-l1-1-0.dll -> parsed lib api-ms-win-crt-utility-l1-1-0
80239 DEBUG: add_qt5_dependencies: raw lib C:\WINDOWS\system32\mpr.dll -> parsed lib mpr
80239 DEBUG: add_qt5_dependencies: raw lib C:\Users\Hatzakis group\AppData\Local\Programs\Python\Python36\vcruntime140.dll -> parsed lib vcruntime140
80239 DEBUG: add_qt5_dependencies: raw lib C:\WINDOWS\system32\version.dll -> parsed lib version
80239 DEBUG: add_qt5_dependencies: raw lib C:\Users\Hatzakis group\Anaconda3\api-ms-win-crt-math-l1-1-0.dll -> parsed lib api-ms-win-crt-math-l1-1-0
80254 DEBUG: add_qt5_dependencies: raw lib C:\WINDOWS\system32\shell32.dll -> parsed lib shell32
80254 DEBUG: add_qt5_dependencies: raw lib C:\WINDOWS\system32\msvcp140.dll -> parsed lib msvcp140
80254 DEBUG: add_qt5_dependencies: raw lib C:\WINDOWS\system32\winmm.dll -> parsed lib winmm
80254 DEBUG: add_qt5_dependencies: raw lib C:\Users\Hatzakis group\Anaconda3\api-ms-win-crt-filesystem-l1-1-0.dll -> parsed lib api-ms-win-crt-filesystem-l1-1-0
80254 DEBUG: add_qt5_dependencies: raw lib C:\WINDOWS\system32\advapi32.dll -> parsed lib advapi32
80254 DEBUG: Found plugin files [] for plugin 'platforminputcontexts
80254 DEBUG: Found plugin files ['C:/users/hatzakis group/pycharmprojects/deepfret-gui/venv2/lib/site-packages/PyQt5/Qt/plugins\\platformthemes\\qxdgdesktopportal.dll'] for plugin 'platformthemes
80254 DEBUG: Found plugin files ['C:/users/hatzakis group/pycharmprojects/deepfret-gui/venv2/lib/site-packages/PyQt5/Qt/plugins\\platforms\\qminimal.dll', 'C:/users/hatzakis group/pycharmprojects/deepfret-gui/venv2/lib/site-packages/PyQt5/Qt/plugins\\platforms\\qoffscreen.dll', 'C:/users/hatzakis group/pycharmprojects/deepfret-gui/venv2/lib/site-packages/PyQt5/Qt/plugins\\platforms\\qwebgl.dll', 'C:/users/hatzakis group/pycharmprojects/deepfret-gui/venv2/lib/site-packages/PyQt5/Qt/plugins\\platforms\\qwindows.dll'] for plugin 'platforms
80254 DEBUG: Found plugin files [] for plugin 'accessible
80254 DEBUG: Found plugin files ['C:/users/hatzakis group/pycharmprojects/deepfret-gui/venv2/lib/site-packages/PyQt5/Qt/plugins\\iconengines\\qsvgicon.dll'] for plugin 'iconengines
80254 DEBUG: Found plugin files ['C:/users/hatzakis group/pycharmprojects/deepfret-gui/venv2/lib/site-packages/PyQt5/Qt/plugins\\styles\\qwindowsvistastyle.dll'] for plugin 'styles
80254 DEBUG: Found plugin files ['C:/users/hatzakis group/pycharmprojects/deepfret-gui/venv2/lib/site-packages/PyQt5/Qt/plugins\\imageformats\\qgif.dll', 'C:/users/hatzakis group/pycharmprojects/deepfret-gui/venv2/lib/site-packages/PyQt5/Qt/plugins\\imageformats\\qicns.dll', 'C:/users/hatzakis group/pycharmprojects/deepfret-gui/venv2/lib/site-packages/PyQt5/Qt/plugins\\imageformats\\qico.dll', 'C:/users/hatzakis group/pycharmprojects/deepfret-gui/venv2/lib/site-packages/PyQt5/Qt/plugins\\imageformats\\qjpeg.dll', 'C:/users/hatzakis group/pycharmprojects/deepfret-gui/venv2/lib/site-packages/PyQt5/Qt/plugins\\imageformats\\qsvg.dll', 'C:/users/hatzakis group/pycharmprojects/deepfret-gui/venv2/lib/site-packages/PyQt5/Qt/plugins\\imageformats\\qtga.dll', 'C:/users/hatzakis group/pycharmprojects/deepfret-gui/venv2/lib/site-packages/PyQt5/Qt/plugins\\imageformats\\qtiff.dll', 'C:/users/hatzakis group/pycharmprojects/deepfret-gui/venv2/lib/site-packages/PyQt5/Qt/plugins\\imageformats\\qwbmp.dll', 'C:/users/hatzakis group/pycharmprojects/deepfret-gui/venv2/lib/site-packages/PyQt5/Qt/plugins\\imageformats\\qwebp.dll'] for plugin 'imageformats
80254 DEBUG: add_qt5_dependencies: imports from hook-PyQt5.QtWidgets:
  hiddenimports = ['PyQt5.QtCore', 'PyQt5.QtGui', 'PyQt5.QtWidgets']
  binaries = [('C:/users/hatzakis group/pycharmprojects/deepfret-gui/venv2/lib/site-packages/PyQt5/Qt/plugins\\platformthemes\\qxdgdesktopportal.dll', 'PyQt5\\Qt\\plugins\\platformthemes'), ('C:/users/hatzakis group/pycharmprojects/deepfret-gui/venv2/lib/site-packages/PyQt5/Qt/plugins\\platforms\\qminimal.dll', 'PyQt5\\Qt\\plugins\\platforms'), ('C:/users/hatzakis group/pycharmprojects/deepfret-gui/venv2/lib/site-packages/PyQt5/Qt/plugins\\platforms\\qoffscreen.dll', 'PyQt5\\Qt\\plugins\\platforms'), ('C:/users/hatzakis group/pycharmprojects/deepfret-gui/venv2/lib/site-packages/PyQt5/Qt/plugins\\platforms\\qwebgl.dll', 'PyQt5\\Qt\\plugins\\platforms'), ('C:/users/hatzakis group/pycharmprojects/deepfret-gui/venv2/lib/site-packages/PyQt5/Qt/plugins\\platforms\\qwindows.dll', 'PyQt5\\Qt\\plugins\\platforms'), ('C:/users/hatzakis group/pycharmprojects/deepfret-gui/venv2/lib/site-packages/PyQt5/Qt/plugins\\iconengines\\qsvgicon.dll', 'PyQt5\\Qt\\plugins\\iconengines'), ('C:/users/hatzakis group/pycharmprojects/deepfret-gui/venv2/lib/site-packages/PyQt5/Qt/plugins\\styles\\qwindowsvistastyle.dll', 'PyQt5\\Qt\\plugins\\styles'), ('C:/users/hatzakis group/pycharmprojects/deepfret-gui/venv2/lib/site-packages/PyQt5/Qt/plugins\\imageformats\\qgif.dll', 'PyQt5\\Qt\\plugins\\imageformats'), ('C:/users/hatzakis group/pycharmprojects/deepfret-gui/venv2/lib/site-packages/PyQt5/Qt/plugins\\imageformats\\qicns.dll', 'PyQt5\\Qt\\plugins\\imageformats'), ('C:/users/hatzakis group/pycharmprojects/deepfret-gui/venv2/lib/site-packages/PyQt5/Qt/plugins\\imageformats\\qico.dll', 'PyQt5\\Qt\\plugins\\imageformats'), ('C:/users/hatzakis group/pycharmprojects/deepfret-gui/venv2/lib/site-packages/PyQt5/Qt/plugins\\imageformats\\qjpeg.dll', 'PyQt5\\Qt\\plugins\\imageformats'), ('C:/users/hatzakis group/pycharmprojects/deepfret-gui/venv2/lib/site-packages/PyQt5/Qt/plugins\\imageformats\\qsvg.dll', 'PyQt5\\Qt\\plugins\\imageformats'), ('C:/users/hatzakis group/pycharmprojects/deepfret-gui/venv2/lib/site-packages/PyQt5/Qt/plugins\\imageformats\\qtga.dll', 'PyQt5\\Qt\\plugins\\imageformats'), ('C:/users/hatzakis group/pycharmprojects/deepfret-gui/venv2/lib/site-packages/PyQt5/Qt/plugins\\imageformats\\qtiff.dll', 'PyQt5\\Qt\\plugins\\imageformats'), ('C:/users/hatzakis group/pycharmprojects/deepfret-gui/venv2/lib/site-packages/PyQt5/Qt/plugins\\imageformats\\qwbmp.dll', 'PyQt5\\Qt\\plugins\\imageformats'), ('C:/users/hatzakis group/pycharmprojects/deepfret-gui/venv2/lib/site-packages/PyQt5/Qt/plugins\\imageformats\\qwebp.dll', 'PyQt5\\Qt\\plugins\\imageformats')]
  datas = [('C:/users/hatzakis group/pycharmprojects/deepfret-gui/venv2/lib/site-packages/PyQt5/Qt/translations\\qtbase_*.qm', 'PyQt5\\Qt\\translations')]
80254 INFO: Loading module hook "hook-pythoncom.py"...
80520 INFO: Loading module hook "hook-pytz.py"...
80520 DEBUG: Collecting data files for pytz
80535 DEBUG: collect_data_files - Found files: [('c:\\users\\hatzakis group\\pycharmprojects\\deepfret-gui\\venv2\\lib\\site-packages\\pytz\\zoneinfo\\CET', 'pytz\\zoneinfo'), ('c:\\users\\hatzakis group\\pycharmprojects\\deepfret-gui\\venv2\\lib\\site-packages\\pytz\\zoneinfo\\CST6CDT', 'pytz\\zoneinfo'), ('c:\\users\\hatzakis group\\pycharmprojects\\deepfret-gui\\venv2\\lib\\site-packages\\pytz\\zoneinfo\\Cuba', 'pytz\\zoneinfo'), ('c:\\users\\hatzakis group\\pycharmprojects\\deepfret-gui\\venv2\\lib\\site-packages\\pytz\\zoneinfo\\EET', 'pytz\\zoneinfo'), ('c:\\users\\hatzakis group\\pycharmprojects\\deepfret-gui\\venv2\\lib\\site-packages\\pytz\\zoneinfo\\Egypt', 'pytz\\zoneinfo'), ('c:\\users\\hatzakis group\\pycharmprojects\\deepfret-gui\\venv2\\lib\\site-packages\\pytz\\zoneinfo\\Eire', 'pytz\\zoneinfo'), ('c:\\users\\hatzakis group\\pycharmprojects\\deepfret-gui\\venv2\\lib\\site-packages\\pytz\\zoneinfo\\EST', 'pytz\\zoneinfo'), ('c:\\users\\hatzakis group\\pycharmprojects\\deepfret-gui\\venv2\\lib\\site-packages\\pytz\\zoneinfo\\EST5EDT', 'pytz\\zoneinfo'), ('c:\\users\\hatzakis group\\pycharmprojects\\deepfret-gui\\venv2\\lib\\site-packages\\pytz\\zoneinfo\\Factory', 'pytz\\zoneinfo'), ('c:\\users\\hatzakis group\\pycharmprojects\\deepfret-gui\\venv2\\lib\\site-packages\\pytz\\zoneinfo\\GB', 'pytz\\zoneinfo'), ('c:\\users\\hatzakis group\\pycharmprojects\\deepfret-gui\\venv2\\lib\\site-packages\\pytz\\zoneinfo\\GB-Eire', 'pytz\\zoneinfo'), ('c:\\users\\hatzakis group\\pycharmprojects\\deepfret-gui\\venv2\\lib\\site-packages\\pytz\\zoneinfo\\GMT', 'pytz\\zoneinfo'), ('c:\\users\\hatzakis group\\pycharmprojects\\deepfret-gui\\venv2\\lib\\site-packages\\pytz\\zoneinfo\\GMT+0', 'pytz\\zoneinfo'), ('c:\\users\\hatzakis group\\pycharmprojects\\deepfret-gui\\venv2\\lib\\site-packages\\pytz\\zoneinfo\\GMT-0', 'pytz\\zoneinfo'), ('c:\\users\\hatzakis group\\pycharmprojects\\deepfret-gui\\venv2\\lib\\site-packages\\pytz\\zoneinfo\\GMT0', 'pytz\\zoneinfo'), ('c:\\users\\hatzakis group\\pycharmprojects\\deepfret-gui\\venv2\\lib\\site-packages\\pytz\\zoneinfo\\Greenwich', 'pytz\\zoneinfo'), ('c:\\users\\hatzakis group\\pycharmprojects\\deepfret-gui\\venv2\\lib\\site-packages\\pytz\\zoneinfo\\Hongkong', 'pytz\\zoneinfo'), ('c:\\users\\hatzakis group\\pycharmprojects\\deepfret-gui\\venv2\\lib\\site-packages\\pytz\\zoneinfo\\HST', 'pytz\\zoneinfo'), ('c:\\users\\hatzakis group\\pycharmprojects\\deepfret-gui\\venv2\\lib\\site-packages\\pytz\\zoneinfo\\Iceland', 'pytz\\zoneinfo'), ('c:\\users\\hatzakis group\\pycharmprojects\\deepfret-gui\\venv2\\lib\\site-packages\\pytz\\zoneinfo\\Iran', 'pytz\\zoneinfo'), ('c:\\users\\hatzakis group\\pycharmprojects\\deepfret-gui\\venv2\\lib\\site-packages\\pytz\\zoneinfo\\iso3166.tab', 'pytz\\zoneinfo'), ('c:\\users\\hatzakis group\\pycharmprojects\\deepfret-gui\\venv2\\lib\\site-packages\\pytz\\zoneinfo\\Israel', 'pytz\\zoneinfo'), ('c:\\users\\hatzakis group\\pycharmprojects\\deepfret-gui\\venv2\\lib\\site-packages\\pytz\\zoneinfo\\Jamaica', 'pytz\\zoneinfo'), ('c:\\users\\hatzakis group\\pycharmprojects\\deepfret-gui\\venv2\\lib\\site-packages\\pytz\\zoneinfo\\Japan', 'pytz\\zoneinfo'), ('c:\\users\\hatzakis group\\pycharmprojects\\deepfret-gui\\venv2\\lib\\site-packages\\pytz\\zoneinfo\\Kwajalein', 'pytz\\zoneinfo'), ('c:\\users\\hatzakis group\\pycharmprojects\\deepfret-gui\\venv2\\lib\\site-packages\\pytz\\zoneinfo\\leapseconds', 'pytz\\zoneinfo'), ('c:\\users\\hatzakis group\\pycharmprojects\\deepfret-gui\\venv2\\lib\\site-packages\\pytz\\zoneinfo\\Libya', 'pytz\\zoneinfo'), ('c:\\users\\hatzakis group\\pycharmprojects\\deepfret-gui\\venv2\\lib\\site-packages\\pytz\\zoneinfo\\MET', 'pytz\\zoneinfo'), ('c:\\users\\hatzakis group\\pycharmprojects\\deepfret-gui\\venv2\\lib\\site-packages\\pytz\\zoneinfo\\MST', 'pytz\\zoneinfo'), ('c:\\users\\hatzakis group\\pycharmprojects\\deepfret-gui\\venv2\\lib\\site-packages\\pytz\\zoneinfo\\MST7MDT', 'pytz\\zoneinfo'), ('c:\\users\\hatzakis group\\pycharmprojects\\deepfret-gui\\venv2\\lib\\site-packages\\pytz\\zoneinfo\\Navajo', 'pytz\\zoneinfo'), ('c:\\users\\hatzakis group\\pycharmprojects\\deepfret-gui\\venv2\\lib\\site-packages\\pytz\\zoneinfo\\NZ', 'pytz\\zoneinfo'), ('c:\\users\\hatzakis group\\pycharmprojects\\deepfret-gui\\venv2\\lib\\site-packages\\pytz\\zoneinfo\\NZ-CHAT', 'pytz\\zoneinfo'), ('c:\\users\\hatzakis group\\pycharmprojects\\deepfret-gui\\venv2\\lib\\site-packages\\pytz\\zoneinfo\\Poland', 'pytz\\zoneinfo'), ('c:\\users\\hatzakis group\\pycharmprojects\\deepfret-gui\\venv2\\lib\\site-packages\\pytz\\zoneinfo\\Portugal', 'pytz\\zoneinfo'), ('c:\\users\\hatzakis group\\pycharmprojects\\deepfret-gui\\venv2\\lib\\site-packages\\pytz\\zoneinfo\\posixrules', 'pytz\\zoneinfo'), ('c:\\users\\hatzakis group\\pycharmprojects\\deepfret-gui\\venv2\\lib\\site-packages\\pytz\\zoneinfo\\PRC', 'pytz\\zoneinfo'), ('c:\\users\\hatzakis group\\pycharmprojects\\deepfret-gui\\venv2\\lib\\site-packages\\pytz\\zoneinfo\\PST8PDT', 'pytz\\zoneinfo'), ('c:\\users\\hatzakis group\\pycharmprojects\\deepfret-gui\\venv2\\lib\\site-packages\\pytz\\zoneinfo\\ROC', 'pytz\\zoneinfo'), ('c:\\users\\hatzakis group\\pycharmprojects\\deepfret-gui\\venv2\\lib\\site-packages\\pytz\\zoneinfo\\ROK', 'pytz\\zoneinfo'), ('c:\\users\\hatzakis group\\pycharmprojects\\deepfret-gui\\venv2\\lib\\site-packages\\pytz\\zoneinfo\\Singapore', 'pytz\\zoneinfo'), ('c:\\users\\hatzakis group\\pycharmprojects\\deepfret-gui\\venv2\\lib\\site-packages\\pytz\\zoneinfo\\Turkey', 'pytz\\zoneinfo'), ('c:\\users\\hatzakis group\\pycharmprojects\\deepfret-gui\\venv2\\lib\\site-packages\\pytz\\zoneinfo\\tzdata.zi', 'pytz\\zoneinfo'), ('c:\\users\\hatzakis group\\pycharmprojects\\deepfret-gui\\venv2\\lib\\site-packages\\pytz\\zoneinfo\\UCT', 'pytz\\zoneinfo'), ('c:\\users\\hatzakis group\\pycharmprojects\\deepfret-gui\\venv2\\lib\\site-packages\\pytz\\zoneinfo\\Universal', 'pytz\\zoneinfo'), ('c:\\users\\hatzakis group\\pycharmprojects\\deepfret-gui\\venv2\\lib\\site-packages\\pytz\\zoneinfo\\UTC', 'pytz\\zoneinfo'), ('c:\\users\\hatzakis group\\pycharmprojects\\deepfret-gui\\venv2\\lib\\site-packages\\pytz\\zoneinfo\\W-SU', 'pytz\\zoneinfo'), ('c:\\users\\hatzakis group\\pycharmprojects\\deepfret-gui\\venv2\\lib\\site-packages\\pytz\\zoneinfo\\WET', 'pytz\\zoneinfo'), ('c:\\users\\hatzakis group\\pycharmprojects\\deepfret-gui\\venv2\\lib\\site-packages\\pytz\\zoneinfo\\zone.tab', 'pytz\\zoneinfo'), ('c:\\users\\hatzakis group\\pycharmprojects\\deepfret-gui\\venv2\\lib\\site-packages\\pytz\\zoneinfo\\zone1970.tab', 'pytz\\zoneinfo'), ('c:\\users\\hatzakis group\\pycharmprojects\\deepfret-gui\\venv2\\lib\\site-packages\\pytz\\zoneinfo\\Zulu', 'pytz\\zoneinfo'), ('c:\\users\\hatzakis group\\pycharmprojects\\deepfret-gui\\venv2\\lib\\site-packages\\pytz\\zoneinfo\\Africa\\Abidjan', 'pytz\\zoneinfo\\Africa'), ('c:\\users\\hatzakis group\\pycharmprojects\\deepfret-gui\\venv2\\lib\\site-packages\\pytz\\zoneinfo\\Africa\\Accra', 'pytz\\zoneinfo\\Africa'), ('c:\\users\\hatzakis group\\pycharmprojects\\deepfret-gui\\venv2\\lib\\site-packages\\pytz\\zoneinfo\\Africa\\Addis_Ababa', 'pytz\\zoneinfo\\Africa'), ('c:\\users\\hatzakis group\\pycharmprojects\\deepfret-gui\\venv2\\lib\\site-packages\\pytz\\zoneinfo\\Africa\\Algiers', 'pytz\\zoneinfo\\Africa'), ('c:\\users\\hatzakis group\\pycharmprojects\\deepfret-gui\\venv2\\lib\\site-packages\\pytz\\zoneinfo\\Africa\\Asmara', 'pytz\\zoneinfo\\Africa'), ('c:\\users\\hatzakis group\\pycharmprojects\\deepfret-gui\\venv2\\lib\\site-packages\\pytz\\zoneinfo\\Africa\\Asmera', 'pytz\\zoneinfo\\Africa'), ('c:\\users\\hatzakis group\\pycharmprojects\\deepfret-gui\\venv2\\lib\\site-packages\\pytz\\zoneinfo\\Africa\\Bamako', 'pytz\\zoneinfo\\Africa'), ('c:\\users\\hatzakis group\\pycharmprojects\\deepfret-gui\\venv2\\lib\\site-packages\\pytz\\zoneinfo\\Africa\\Bangui', 'pytz\\zoneinfo\\Africa'), ('c:\\users\\hatzakis group\\pycharmprojects\\deepfret-gui\\venv2\\lib\\site-packages\\pytz\\zoneinfo\\Africa\\Banjul', 'pytz\\zoneinfo\\Africa'), ('c:\\users\\hatzakis group\\pycharmprojects\\deepfret-gui\\venv2\\lib\\site-packages\\pytz\\zoneinfo\\Africa\\Bissau', 'pytz\\zoneinfo\\Africa'), ('c:\\users\\hatzakis group\\pycharmprojects\\deepfret-gui\\venv2\\lib\\site-packages\\pytz\\zoneinfo\\Africa\\Blantyre', 'pytz\\zoneinfo\\Africa'), ('c:\\users\\hatzakis group\\pycharmprojects\\deepfret-gui\\venv2\\lib\\site-packages\\pytz\\zoneinfo\\Africa\\Brazzaville', 'pytz\\zoneinfo\\Africa'), ('c:\\users\\hatzakis group\\pycharmprojects\\deepfret-gui\\venv2\\lib\\site-packages\\pytz\\zoneinfo\\Africa\\Bujumbura', 'pytz\\zoneinfo\\Africa'), ('c:\\users\\hatzakis group\\pycharmprojects\\deepfret-gui\\venv2\\lib\\site-packages\\pytz\\zoneinfo\\Africa\\Cairo', 'pytz\\zoneinfo\\Africa'), ('c:\\users\\hatzakis group\\pycharmprojects\\deepfret-gui\\venv2\\lib\\site-packages\\pytz\\zoneinfo\\Africa\\Casablanca', 'pytz\\zoneinfo\\Africa'), ('c:\\users\\hatzakis group\\pycharmprojects\\deepfret-gui\\venv2\\lib\\site-packages\\pytz\\zoneinfo\\Africa\\Ceuta', 'pytz\\zoneinfo\\Africa'), ('c:\\users\\hatzakis group\\pycharmprojects\\deepfret-gui\\venv2\\lib\\site-packages\\pytz\\zoneinfo\\Africa\\Conakry', 'pytz\\zoneinfo\\Africa'), ('c:\\users\\hatzakis group\\pycharmprojects\\deepfret-gui\\venv2\\lib\\site-packages\\pytz\\zoneinfo\\Africa\\Dakar', 'pytz\\zoneinfo\\Africa'), ('c:\\users\\hatzakis group\\pycharmprojects\\deepfret-gui\\venv2\\lib\\site-packages\\pytz\\zoneinfo\\Africa\\Dar_es_Salaam', 'pytz\\zoneinfo\\Africa'), ('c:\\users\\hatzakis group\\pycharmprojects\\deepfret-gui\\venv2\\lib\\site-packages\\pytz\\zoneinfo\\Africa\\Djibouti', 'pytz\\zoneinfo\\Africa'), ('c:\\users\\hatzakis group\\pycharmprojects\\deepfret-gui\\venv2\\lib\\site-packages\\pytz\\zoneinfo\\Africa\\Douala', 'pytz\\zoneinfo\\Africa'), ('c:\\users\\hatzakis group\\pycharmprojects\\deepfret-gui\\venv2\\lib\\site-packages\\pytz\\zoneinfo\\Africa\\El_Aaiun', 'pytz\\zoneinfo\\Africa'), ('c:\\users\\hatzakis group\\pycharmprojects\\deepfret-gui\\venv2\\lib\\site-packages\\pytz\\zoneinfo\\Africa\\Freetown', 'pytz\\zoneinfo\\Africa'), ('c:\\users\\hatzakis group\\pycharmprojects\\deepfret-gui\\venv2\\lib\\site-packages\\pytz\\zoneinfo\\Africa\\Gaborone', 'pytz\\zoneinfo\\Africa'), ('c:\\users\\hatzakis group\\pycharmprojects\\deepfret-gui\\venv2\\lib\\site-packages\\pytz\\zoneinfo\\Africa\\Harare', 'pytz\\zoneinfo\\Africa'), ('c:\\users\\hatzakis group\\pycharmprojects\\deepfret-gui\\venv2\\lib\\site-packages\\pytz\\zoneinfo\\Africa\\Johannesburg', 'pytz\\zoneinfo\\Africa'), ('c:\\users\\hatzakis group\\pycharmprojects\\deepfret-gui\\venv2\\lib\\site-packages\\pytz\\zoneinfo\\Africa\\Juba', 'pytz\\zoneinfo\\Africa'), ('c:\\users\\hatzakis group\\pycharmprojects\\deepfret-gui\\venv2\\lib\\site-packages\\pytz\\zoneinfo\\Africa\\Kampala', 'pytz\\zoneinfo\\Africa'), ('c:\\users\\hatzakis group\\pycharmprojects\\deepfret-gui\\venv2\\lib\\site-packages\\pytz\\zoneinfo\\Africa\\Khartoum', 'pytz\\zoneinfo\\Africa'), ('c:\\users\\hatzakis group\\pycharmprojects\\deepfret-gui\\venv2\\lib\\site-packages\\pytz\\zoneinfo\\Africa\\Kigali', 'pytz\\zoneinfo\\Africa'), ('c:\\users\\hatzakis group\\pycharmprojects\\deepfret-gui\\venv2\\lib\\site-packages\\pytz\\zoneinfo\\Africa\\Kinshasa', 'pytz\\zoneinfo\\Africa'), ('c:\\users\\hatzakis group\\pycharmprojects\\deepfret-gui\\venv2\\lib\\site-packages\\pytz\\zoneinfo\\Africa\\Lagos', 'pytz\\zoneinfo\\Africa'), ('c:\\users\\hatzakis group\\pycharmprojects\\deepfret-gui\\venv2\\lib\\site-packages\\pytz\\zoneinfo\\Africa\\Libreville', 'pytz\\zoneinfo\\Africa'), ('c:\\users\\hatzakis group\\pycharmprojects\\deepfret-gui\\venv2\\lib\\site-packages\\pytz\\zoneinfo\\Africa\\Lome', 'pytz\\zoneinfo\\Africa'), ('c:\\users\\hatzakis group\\pycharmprojects\\deepfret-gui\\venv2\\lib\\site-packages\\pytz\\zoneinfo\\Africa\\Luanda', 'pytz\\zoneinfo\\Africa'), ('c:\\users\\hatzakis group\\pycharmprojects\\deepfret-gui\\venv2\\lib\\site-packages\\pytz\\zoneinfo\\Africa\\Lubumbashi', 'pytz\\zoneinfo\\Africa'), ('c:\\users\\hatzakis group\\pycharmprojects\\deepfret-gui\\venv2\\lib\\site-packages\\pytz\\zoneinfo\\Africa\\Lusaka', 'pytz\\zoneinfo\\Africa'), ('c:\\users\\hatzakis group\\pycharmprojects\\deepfret-gui\\venv2\\lib\\site-packages\\pytz\\zoneinfo\\Africa\\Malabo', 'pytz\\zoneinfo\\Africa'), ('c:\\users\\hatzakis group\\pycharmprojects\\deepfret-gui\\venv2\\lib\\site-packages\\pytz\\zoneinfo\\Africa\\Maputo', 'pytz\\zoneinfo\\Africa'), ('c:\\users\\hatzakis group\\pycharmprojects\\deepfret-gui\\venv2\\lib\\site-packages\\pytz\\zoneinfo\\Africa\\Maseru', 'pytz\\zoneinfo\\Africa'), ('c:\\users\\hatzakis group\\pycharmprojects\\deepfret-gui\\venv2\\lib\\site-packages\\pytz\\zoneinfo\\Africa\\Mbabane', 'pytz\\zoneinfo\\Africa'), ('c:\\users\\hatzakis group\\pycharmprojects\\deepfret-gui\\venv2\\lib\\site-packages\\pytz\\zoneinfo\\Africa\\Mogadishu', 'pytz\\zoneinfo\\Africa'), ('c:\\users\\hatzakis group\\pycharmprojects\\deepfret-gui\\venv2\\lib\\site-packages\\pytz\\zoneinfo\\Africa\\Monrovia', 'pytz\\zoneinfo\\Africa'), ('c:\\users\\hatzakis group\\pycharmprojects\\deepfret-gui\\venv2\\lib\\site-packages\\pytz\\zoneinfo\\Africa\\Nairobi', 'pytz\\zoneinfo\\Africa'), ('c:\\users\\hatzakis group\\pycharmprojects\\deepfret-gui\\venv2\\lib\\site-packages\\pytz\\zoneinfo\\Africa\\Ndjamena', 'pytz\\zoneinfo\\Africa'), ('c:\\users\\hatzakis group\\pycharmprojects\\deepfret-gui\\venv2\\lib\\site-packages\\pytz\\zoneinfo\\Africa\\Niamey', 'pytz\\zoneinfo\\Africa'), ('c:\\users\\hatzakis group\\pycharmprojects\\deepfret-gui\\venv2\\lib\\site-packages\\pytz\\zoneinfo\\Africa\\Nouakchott', 'pytz\\zoneinfo\\Africa'), ('c:\\users\\hatzakis group\\pycharmprojects\\deepfret-gui\\venv2\\lib\\site-packages\\pytz\\zoneinfo\\Africa\\Ouagadougou', 'pytz\\zoneinfo\\Africa'), ('c:\\users\\hatzakis group\\pycharmprojects\\deepfret-gui\\venv2\\lib\\site-packages\\pytz\\zoneinfo\\Africa\\Porto-Novo', 'pytz\\zoneinfo\\Africa'), ('c:\\users\\hatzakis group\\pycharmprojects\\deepfret-gui\\venv2\\lib\\site-packages\\pytz\\zoneinfo\\Africa\\Sao_Tome', 'pytz\\zoneinfo\\Africa'), ('c:\\users\\hatzakis group\\pycharmprojects\\deepfret-gui\\venv2\\lib\\site-packages\\pytz\\zoneinfo\\Africa\\Timbuktu', 'pytz\\zoneinfo\\Africa'), ('c:\\users\\hatzakis group\\pycharmprojects\\deepfret-gui\\venv2\\lib\\site-packages\\pytz\\zoneinfo\\Africa\\Tripoli', 'pytz\\zoneinfo\\Africa'), ('c:\\users\\hatzakis group\\pycharmprojects\\deepfret-gui\\venv2\\lib\\site-packages\\pytz\\zoneinfo\\Africa\\Tunis', 'pytz\\zoneinfo\\Africa'), ('c:\\users\\hatzakis group\\pycharmprojects\\deepfret-gui\\venv2\\lib\\site-packages\\pytz\\zoneinfo\\Africa\\Windhoek', 'pytz\\zoneinfo\\Africa'), ('c:\\users\\hatzakis group\\pycharmprojects\\deepfret-gui\\venv2\\lib\\site-packages\\pytz\\zoneinfo\\America\\Adak', 'pytz\\zoneinfo\\America'), ('c:\\users\\hatzakis group\\pycharmprojects\\deepfret-gui\\venv2\\lib\\site-packages\\pytz\\zoneinfo\\America\\Anchorage', 'pytz\\zoneinfo\\America'), ('c:\\users\\hatzakis group\\pycharmprojects\\deepfret-gui\\venv2\\lib\\site-packages\\pytz\\zoneinfo\\America\\Anguilla', 'pytz\\zoneinfo\\America'), ('c:\\users\\hatzakis group\\pycharmprojects\\deepfret-gui\\venv2\\lib\\site-packages\\pytz\\zoneinfo\\America\\Antigua', 'pytz\\zoneinfo\\America'), ('c:\\users\\hatzakis group\\pycharmprojects\\deepfret-gui\\venv2\\lib\\site-packages\\pytz\\zoneinfo\\America\\Araguaina', 'pytz\\zoneinfo\\America'), ('c:\\users\\hatzakis group\\pycharmprojects\\deepfret-gui\\venv2\\lib\\site-packages\\pytz\\zoneinfo\\America\\Aruba', 'pytz\\zoneinfo\\America'), ('c:\\users\\hatzakis group\\pycharmprojects\\deepfret-gui\\venv2\\lib\\site-packages\\pytz\\zoneinfo\\America\\Asuncion', 'pytz\\zoneinfo\\America'), ('c:\\users\\hatzakis group\\pycharmprojects\\deepfret-gui\\venv2\\lib\\site-packages\\pytz\\zoneinfo\\America\\Atikokan', 'pytz\\zoneinfo\\America'), ('c:\\users\\hatzakis group\\pycharmprojects\\deepfret-gui\\venv2\\lib\\site-packages\\pytz\\zoneinfo\\America\\Atka', 'pytz\\zoneinfo\\America'), ('c:\\users\\hatzakis group\\pycharmprojects\\deepfret-gui\\venv2\\lib\\site-packages\\pytz\\zoneinfo\\America\\Bahia', 'pytz\\zoneinfo\\America'), ('c:\\users\\hatzakis group\\pycharmprojects\\deepfret-gui\\venv2\\lib\\site-packages\\pytz\\zoneinfo\\America\\Bahia_Banderas', 'pytz\\zoneinfo\\America'), ('c:\\users\\hatzakis group\\pycharmprojects\\deepfret-gui\\venv2\\lib\\site-packages\\pytz\\zoneinfo\\America\\Barbados', 'pytz\\zoneinfo\\America'), ('c:\\users\\hatzakis group\\pycharmprojects\\deepfret-gui\\venv2\\lib\\site-packages\\pytz\\zoneinfo\\America\\Belem', 'pytz\\zoneinfo\\America'), ('c:\\users\\hatzakis group\\pycharmprojects\\deepfret-gui\\venv2\\lib\\site-packages\\pytz\\zoneinfo\\America\\Belize', 'pytz\\zoneinfo\\America'), ('c:\\users\\hatzakis group\\pycharmprojects\\deepfret-gui\\venv2\\lib\\site-packages\\pytz\\zoneinfo\\America\\Blanc-Sablon', 'pytz\\zoneinfo\\America'), ('c:\\users\\hatzakis group\\pycharmprojects\\deepfret-gui\\venv2\\lib\\site-packages\\pytz\\zoneinfo\\America\\Boa_Vista', 'pytz\\zoneinfo\\America'), ('c:\\users\\hatzakis group\\pycharmprojects\\deepfret-gui\\venv2\\lib\\site-packages\\pytz\\zoneinfo\\America\\Bogota', 'pytz\\zoneinfo\\America'), ('c:\\users\\hatzakis group\\pycharmprojects\\deepfret-gui\\venv2\\lib\\site-packages\\pytz\\zoneinfo\\America\\Boise', 'pytz\\zoneinfo\\America'), ('c:\\users\\hatzakis group\\pycharmprojects\\deepfret-gui\\venv2\\lib\\site-packages\\pytz\\zoneinfo\\America\\Buenos_Aires', 'pytz\\zoneinfo\\America'), ('c:\\users\\hatzakis group\\pycharmprojects\\deepfret-gui\\venv2\\lib\\site-packages\\pytz\\zoneinfo\\America\\Cambridge_Bay', 'pytz\\zoneinfo\\America'), ('c:\\users\\hatzakis group\\pycharmprojects\\deepfret-gui\\venv2\\lib\\site-packages\\pytz\\zoneinfo\\America\\Campo_Grande', 'pytz\\zoneinfo\\America'), ('c:\\users\\hatzakis group\\pycharmprojects\\deepfret-gui\\venv2\\lib\\site-packages\\pytz\\zoneinfo\\America\\Cancun', 'pytz\\zoneinfo\\America'), ('c:\\users\\hatzakis group\\pycharmprojects\\deepfret-gui\\venv2\\lib\\site-packages\\pytz\\zoneinfo\\America\\Caracas', 'pytz\\zoneinfo\\America'), ('c:\\users\\hatzakis group\\pycharmprojects\\deepfret-gui\\venv2\\lib\\site-packages\\pytz\\zoneinfo\\America\\Catamarca', 'pytz\\zoneinfo\\America'), ('c:\\users\\hatzakis group\\pycharmprojects\\deepfret-gui\\venv2\\lib\\site-packages\\pytz\\zoneinfo\\America\\Cayenne', 'pytz\\zoneinfo\\America'), ('c:\\users\\hatzakis group\\pycharmprojects\\deepfret-gui\\venv2\\lib\\site-packages\\pytz\\zoneinfo\\America\\Cayman', 'pytz\\zoneinfo\\America'), ('c:\\users\\hatzakis group\\pycharmprojects\\deepfret-gui\\venv2\\lib\\site-packages\\pytz\\zoneinfo\\America\\Chicago', 'pytz\\zoneinfo\\America'), ('c:\\users\\hatzakis group\\pycharmprojects\\deepfret-gui\\venv2\\lib\\site-packages\\pytz\\zoneinfo\\America\\Chihuahua', 'pytz\\zoneinfo\\America'), ('c:\\users\\hatzakis group\\pycharmprojects\\deepfret-gui\\venv2\\lib\\site-packages\\pytz\\zoneinfo\\America\\Coral_Harbour', 'pytz\\zoneinfo\\America'), ('c:\\users\\hatzakis group\\pycharmprojects\\deepfret-gui\\venv2\\lib\\site-packages\\pytz\\zoneinfo\\America\\Cordoba', 'pytz\\zoneinfo\\America'), ('c:\\users\\hatzakis group\\pycharmprojects\\deepfret-gui\\venv2\\lib\\site-packages\\pytz\\zoneinfo\\America\\Costa_Rica', 'pytz\\zoneinfo\\America'), ('c:\\users\\hatzakis group\\pycharmprojects\\deepfret-gui\\venv2\\lib\\site-packages\\pytz\\zoneinfo\\America\\Creston', 'pytz\\zoneinfo\\America'), ('c:\\users\\hatzakis group\\pycharmprojects\\deepfret-gui\\venv2\\lib\\site-packages\\pytz\\zoneinfo\\America\\Cuiaba', 'pytz\\zoneinfo\\America'), ('c:\\users\\hatzakis group\\pycharmprojects\\deepfret-gui\\venv2\\lib\\site-packages\\pytz\\zoneinfo\\America\\Curacao', 'pytz\\zoneinfo\\America'), ('c:\\users\\hatzakis group\\pycharmprojects\\deepfret-gui\\venv2\\lib\\site-packages\\pytz\\zoneinfo\\America\\Danmarkshavn', 'pytz\\zoneinfo\\America'), ('c:\\users\\hatzakis group\\pycharmprojects\\deepfret-gui\\venv2\\lib\\site-packages\\pytz\\zoneinfo\\America\\Dawson', 'pytz\\zoneinfo\\America'), ('c:\\users\\hatzakis group\\pycharmprojects\\deepfret-gui\\venv2\\lib\\site-packages\\pytz\\zoneinfo\\America\\Dawson_Creek', 'pytz\\zoneinfo\\America'), ('c:\\users\\hatzakis group\\pycharmprojects\\deepfret-gui\\venv2\\lib\\site-packages\\pytz\\zoneinfo\\America\\Denver', 'pytz\\zoneinfo\\America'), ('c:\\users\\hatzakis group\\pycharmprojects\\deepfret-gui\\venv2\\lib\\site-packages\\pytz\\zoneinfo\\America\\Detroit', 'pytz\\zoneinfo\\America'), ('c:\\users\\hatzakis group\\pycharmprojects\\deepfret-gui\\venv2\\lib\\site-packages\\pytz\\zoneinfo\\America\\Dominica', 'pytz\\zoneinfo\\America'), ('c:\\users\\hatzakis group\\pycharmprojects\\deepfret-gui\\venv2\\lib\\site-packages\\pytz\\zoneinfo\\America\\Edmonton', 'pytz\\zoneinfo\\America'), ('c:\\users\\hatzakis group\\pycharmprojects\\deepfret-gui\\venv2\\lib\\site-packages\\pytz\\zoneinfo\\America\\Eirunepe', 'pytz\\zoneinfo\\America'), ('c:\\users\\hatzakis group\\pycharmprojects\\deepfret-gui\\venv2\\lib\\site-packages\\pytz\\zoneinfo\\America\\El_Salvador', 'pytz\\zoneinfo\\America'), ('c:\\users\\hatzakis group\\pycharmprojects\\deepfret-gui\\venv2\\lib\\site-packages\\pytz\\zoneinfo\\America\\Ensenada', 'pytz\\zoneinfo\\America'), ('c:\\users\\hatzakis group\\pycharmprojects\\deepfret-gui\\venv2\\lib\\site-packages\\pytz\\zoneinfo\\America\\Fortaleza', 'pytz\\zoneinfo\\America'), ('c:\\users\\hatzakis group\\pycharmprojects\\deepfret-gui\\venv2\\lib\\site-packages\\pytz\\zoneinfo\\America\\Fort_Nelson', 'pytz\\zoneinfo\\America'), ('c:\\users\\hatzakis group\\pycharmprojects\\deepfret-gui\\venv2\\lib\\site-packages\\pytz\\zoneinfo\\America\\Fort_Wayne', 'pytz\\zoneinfo\\America'), ('c:\\users\\hatzakis group\\pycharmprojects\\deepfret-gui\\venv2\\lib\\site-packages\\pytz\\zoneinfo\\America\\Glace_Bay', 'pytz\\zoneinfo\\America'), ('c:\\users\\hatzakis group\\pycharmprojects\\deepfret-gui\\venv2\\lib\\site-packages\\pytz\\zoneinfo\\America\\Godthab', 'pytz\\zoneinfo\\America'), ('c:\\users\\hatzakis group\\pycharmprojects\\deepfret-gui\\venv2\\lib\\site-packages\\pytz\\zoneinfo\\America\\Goose_Bay', 'pytz\\zoneinfo\\America'), ('c:\\users\\hatzakis group\\pycharmprojects\\deepfret-gui\\venv2\\lib\\site-packages\\pytz\\zoneinfo\\America\\Grand_Turk', 'pytz\\zoneinfo\\America'), ('c:\\users\\hatzakis group\\pycharmprojects\\deepfret-gui\\venv2\\lib\\site-packages\\pytz\\zoneinfo\\America\\Grenada', 'pytz\\zoneinfo\\America'), ('c:\\users\\hatzakis group\\pycharmprojects\\deepfret-gui\\venv2\\lib\\site-packages\\pytz\\zoneinfo\\America\\Guadeloupe', 'pytz\\zoneinfo\\America'), ('c:\\users\\hatzakis group\\pycharmprojects\\deepfret-gui\\venv2\\lib\\site-packages\\pytz\\zoneinfo\\America\\Guatemala', 'pytz\\zoneinfo\\America'), ('c:\\users\\hatzakis group\\pycharmprojects\\deepfret-gui\\venv2\\lib\\site-packages\\pytz\\zoneinfo\\America\\Guayaquil', 'pytz\\zoneinfo\\America'), ('c:\\users\\hatzakis group\\pycharmprojects\\deepfret-gui\\venv2\\lib\\site-packages\\pytz\\zoneinfo\\America\\Guyana', 'pytz\\zoneinfo\\America'), ('c:\\users\\hatzakis group\\pycharmprojects\\deepfret-gui\\venv2\\lib\\site-packages\\pytz\\zoneinfo\\America\\Halifax', 'pytz\\zoneinfo\\America'), ('c:\\users\\hatzakis group\\pycharmprojects\\deepfret-gui\\venv2\\lib\\site-packages\\pytz\\zoneinfo\\America\\Havana', 'pytz\\zoneinfo\\America'), ('c:\\users\\hatzakis group\\pycharmprojects\\deepfret-gui\\venv2\\lib\\site-packages\\pytz\\zoneinfo\\America\\Hermosillo', 'pytz\\zoneinfo\\America'), ('c:\\users\\hatzakis group\\pycharmprojects\\deepfret-gui\\venv2\\lib\\site-packages\\pytz\\zoneinfo\\America\\Indianapolis', 'pytz\\zoneinfo\\America'), ('c:\\users\\hatzakis group\\pycharmprojects\\deepfret-gui\\venv2\\lib\\site-packages\\pytz\\zoneinfo\\America\\Inuvik', 'pytz\\zoneinfo\\America'), ('c:\\users\\hatzakis group\\pycharmprojects\\deepfret-gui\\venv2\\lib\\site-packages\\pytz\\zoneinfo\\America\\Iqaluit', 'pytz\\zoneinfo\\America'), ('c:\\users\\hatzakis group\\pycharmprojects\\deepfret-gui\\venv2\\lib\\site-packages\\pytz\\zoneinfo\\America\\Jamaica', 'pytz\\zoneinfo\\America'), ('c:\\users\\hatzakis group\\pycharmprojects\\deepfret-gui\\venv2\\lib\\site-packages\\pytz\\zoneinfo\\America\\Jujuy', 'pytz\\zoneinfo\\America'), ('c:\\users\\hatzakis group\\pycharmprojects\\deepfret-gui\\venv2\\lib\\site-packages\\pytz\\zoneinfo\\America\\Juneau', 'pytz\\zoneinfo\\America'), ('c:\\users\\hatzakis group\\pycharmprojects\\deepfret-gui\\venv2\\lib\\site-packages\\pytz\\zoneinfo\\America\\Knox_IN', 'pytz\\zoneinfo\\America'), ('c:\\users\\hatzakis group\\pycharmprojects\\deepfret-gui\\venv2\\lib\\site-packages\\pytz\\zoneinfo\\America\\Kralendijk', 'pytz\\zoneinfo\\America'), ('c:\\users\\hatzakis group\\pycharmprojects\\deepfret-gui\\venv2\\lib\\site-packages\\pytz\\zoneinfo\\America\\La_Paz', 'pytz\\zoneinfo\\America'), ('c:\\users\\hatzakis group\\pycharmprojects\\deepfret-gui\\venv2\\lib\\site-packages\\pytz\\zoneinfo\\America\\Lima', 'pytz\\zoneinfo\\America'), ('c:\\users\\hatzakis group\\pycharmprojects\\deepfret-gui\\venv2\\lib\\site-packages\\pytz\\zoneinfo\\America\\Los_Angeles', 'pytz\\zoneinfo\\America'), ('c:\\users\\hatzakis group\\pycharmprojects\\deepfret-gui\\venv2\\lib\\site-packages\\pytz\\zoneinfo\\America\\Louisville', 'pytz\\zoneinfo\\America'), ('c:\\users\\hatzakis group\\pycharmprojects\\deepfret-gui\\venv2\\lib\\site-packages\\pytz\\zoneinfo\\America\\Lower_Princes', 'pytz\\zoneinfo\\America'), ('c:\\users\\hatzakis group\\pycharmprojects\\deepfret-gui\\venv2\\lib\\site-packages\\pytz\\zoneinfo\\America\\Maceio', 'pytz\\zoneinfo\\America'), ('c:\\users\\hatzakis group\\pycharmprojects\\deepfret-gui\\venv2\\lib\\site-packages\\pytz\\zoneinfo\\America\\Managua', 'pytz\\zoneinfo\\America'), ('c:\\users\\hatzakis group\\pycharmprojects\\deepfret-gui\\venv2\\lib\\site-packages\\pytz\\zoneinfo\\America\\Manaus', 'pytz\\zoneinfo\\America'), ('c:\\users\\hatzakis group\\pycharmprojects\\deepfret-gui\\venv2\\lib\\site-packages\\pytz\\zoneinfo\\America\\Marigot', 'pytz\\zoneinfo\\America'), ('c:\\users\\hatzakis group\\pycharmprojects\\deepfret-gui\\venv2\\lib\\site-packages\\pytz\\zoneinfo\\America\\Martinique', 'pytz\\zoneinfo\\America'), ('c:\\users\\hatzakis group\\pycharmprojects\\deepfret-gui\\venv2\\lib\\site-packages\\pytz\\zoneinfo\\America\\Matamoros', 'pytz\\zoneinfo\\America'), ('c:\\users\\hatzakis group\\pycharmprojects\\deepfret-gui\\venv2\\lib\\site-packages\\pytz\\zoneinfo\\America\\Mazatlan', 'pytz\\zoneinfo\\America'), ('c:\\users\\hatzakis group\\pycharmprojects\\deepfret-gui\\venv2\\lib\\site-packages\\pytz\\zoneinfo\\America\\Mendoza', 'pytz\\zoneinfo\\America'), ('c:\\users\\hatzakis group\\pycharmprojects\\deepfret-gui\\venv2\\lib\\site-packages\\pytz\\zoneinfo\\America\\Menominee', 'pytz\\zoneinfo\\America'), ('c:\\users\\hatzakis group\\pycharmprojects\\deepfret-gui\\venv2\\lib\\site-packages\\pytz\\zoneinfo\\America\\Merida', 'pytz\\zoneinfo\\America'), ('c:\\users\\hatzakis group\\pycharmprojects\\deepfret-gui\\venv2\\lib\\site-packages\\pytz\\zoneinfo\\America\\Metlakatla', 'pytz\\zoneinfo\\America'), ('c:\\users\\hatzakis group\\pycharmprojects\\deepfret-gui\\venv2\\lib\\site-packages\\pytz\\zoneinfo\\America\\Mexico_City', 'pytz\\zoneinfo\\America'), ('c:\\users\\hatzakis group\\pycharmprojects\\deepfret-gui\\venv2\\lib\\site-packages\\pytz\\zoneinfo\\America\\Miquelon', 'pytz\\zoneinfo\\America'), ('c:\\users\\hatzakis group\\pycharmprojects\\deepfret-gui\\venv2\\lib\\site-packages\\pytz\\zoneinfo\\America\\Moncton', 'pytz\\zoneinfo\\America'), ('c:\\users\\hatzakis group\\pycharmprojects\\deepfret-gui\\venv2\\lib\\site-packages\\pytz\\zoneinfo\\America\\Monterrey', 'pytz\\zoneinfo\\America'), ('c:\\users\\hatzakis group\\pycharmprojects\\deepfret-gui\\venv2\\lib\\site-packages\\pytz\\zoneinfo\\America\\Montevideo', 'pytz\\zoneinfo\\America'), ('c:\\users\\hatzakis group\\pycharmprojects\\deepfret-gui\\venv2\\lib\\site-packages\\pytz\\zoneinfo\\America\\Montreal', 'pytz\\zoneinfo\\America'), ('c:\\users\\hatzakis group\\pycharmprojects\\deepfret-gui\\venv2\\lib\\site-packages\\pytz\\zoneinfo\\America\\Montserrat', 'pytz\\zoneinfo\\America'), ('c:\\users\\hatzakis group\\pycharmprojects\\deepfret-gui\\venv2\\lib\\site-packages\\pytz\\zoneinfo\\America\\Nassau', 'pytz\\zoneinfo\\America'), ('c:\\users\\hatzakis group\\pycharmprojects\\deepfret-gui\\venv2\\lib\\site-packages\\pytz\\zoneinfo\\America\\New_York', 'pytz\\zoneinfo\\America'), ('c:\\users\\hatzakis group\\pycharmprojects\\deepfret-gui\\venv2\\lib\\site-packages\\pytz\\zoneinfo\\America\\Nipigon', 'pytz\\zoneinfo\\America'), ('c:\\users\\hatzakis group\\pycharmprojects\\deepfret-gui\\venv2\\lib\\site-packages\\pytz\\zoneinfo\\America\\Nome', 'pytz\\zoneinfo\\America'), ('c:\\users\\hatzakis group\\pycharmprojects\\deepfret-gui\\venv2\\lib\\site-packages\\pytz\\zoneinfo\\America\\Noronha', 'pytz\\zoneinfo\\America'), ('c:\\users\\hatzakis group\\pycharmprojects\\deepfret-gui\\venv2\\lib\\site-packages\\pytz\\zoneinfo\\America\\Ojinaga', 'pytz\\zoneinfo\\America'), ('c:\\users\\hatzakis group\\pycharmprojects\\deepfret-gui\\venv2\\lib\\site-packages\\pytz\\zoneinfo\\America\\Panama', 'pytz\\zoneinfo\\America'), ('c:\\users\\hatzakis group\\pycharmprojects\\deepfret-gui\\venv2\\lib\\site-packages\\pytz\\zoneinfo\\America\\Pangnirtung', 'pytz\\zoneinfo\\America'), ('c:\\users\\hatzakis group\\pycharmprojects\\deepfret-gui\\venv2\\lib\\site-packages\\pytz\\zoneinfo\\America\\Paramaribo', 'pytz\\zoneinfo\\America'), ('c:\\users\\hatzakis group\\pycharmprojects\\deepfret-gui\\venv2\\lib\\site-packages\\pytz\\zoneinfo\\America\\Phoenix', 'pytz\\zoneinfo\\America'), ('c:\\users\\hatzakis group\\pycharmprojects\\deepfret-gui\\venv2\\lib\\site-packages\\pytz\\zoneinfo\\America\\Port-au-Prince', 'pytz\\zoneinfo\\America'), ('c:\\users\\hatzakis group\\pycharmprojects\\deepfret-gui\\venv2\\lib\\site-packages\\pytz\\zoneinfo\\America\\Porto_Acre', 'pytz\\zoneinfo\\America'), ('c:\\users\\hatzakis group\\pycharmprojects\\deepfret-gui\\venv2\\lib\\site-packages\\pytz\\zoneinfo\\America\\Porto_Velho', 'pytz\\zoneinfo\\America'), ('c:\\users\\hatzakis group\\pycharmprojects\\deepfret-gui\\venv2\\lib\\site-packages\\pytz\\zoneinfo\\America\\Port_of_Spain', 'pytz\\zoneinfo\\America'), ('c:\\users\\hatzakis group\\pycharmprojects\\deepfret-gui\\venv2\\lib\\site-packages\\pytz\\zoneinfo\\America\\Puerto_Rico', 'pytz\\zoneinfo\\America'), ('c:\\users\\hatzakis group\\pycharmprojects\\deepfret-gui\\venv2\\lib\\site-packages\\pytz\\zoneinfo\\America\\Punta_Arenas', 'pytz\\zoneinfo\\America'), ('c:\\users\\hatzakis group\\pycharmprojects\\deepfret-gui\\venv2\\lib\\site-packages\\pytz\\zoneinfo\\America\\Rainy_River', 'pytz\\zoneinfo\\America'), ('c:\\users\\hatzakis group\\pycharmprojects\\deepfret-gui\\venv2\\lib\\site-packages\\pytz\\zoneinfo\\America\\Rankin_Inlet', 'pytz\\zoneinfo\\America'), ('c:\\users\\hatzakis group\\pycharmprojects\\deepfret-gui\\venv2\\lib\\site-packages\\pytz\\zoneinfo\\America\\Recife', 'pytz\\zoneinfo\\America'), ('c:\\users\\hatzakis group\\pycharmprojects\\deepfret-gui\\venv2\\lib\\site-packages\\pytz\\zoneinfo\\America\\Regina', 'pytz\\zoneinfo\\America'), ('c:\\users\\hatzakis group\\pycharmprojects\\deepfret-gui\\venv2\\lib\\site-packages\\pytz\\zoneinfo\\America\\Resolute', 'pytz\\zoneinfo\\America'), ('c:\\users\\hatzakis group\\pycharmprojects\\deepfret-gui\\venv2\\lib\\site-packages\\pytz\\zoneinfo\\America\\Rio_Branco', 'pytz\\zoneinfo\\America'), ('c:\\users\\hatzakis group\\pycharmprojects\\deepfret-gui\\venv2\\lib\\site-packages\\pytz\\zoneinfo\\America\\Rosario', 'pytz\\zoneinfo\\America'), ('c:\\users\\hatzakis group\\pycharmprojects\\deepfret-gui\\venv2\\lib\\site-packages\\pytz\\zoneinfo\\America\\Santarem', 'pytz\\zoneinfo\\America'), ('c:\\users\\hatzakis group\\pycharmprojects\\deepfret-gui\\venv2\\lib\\site-packages\\pytz\\zoneinfo\\America\\Santa_Isabel', 'pytz\\zoneinfo\\America'), ('c:\\users\\hatzakis group\\pycharmprojects\\deepfret-gui\\venv2\\lib\\site-packages\\pytz\\zoneinfo\\America\\Santiago', 'pytz\\zoneinfo\\America'), ('c:\\users\\hatzakis group\\pycharmprojects\\deepfret-gui\\venv2\\lib\\site-packages\\pytz\\zoneinfo\\America\\Santo_Domingo', 'pytz\\zoneinfo\\America'), ('c:\\users\\hatzakis group\\pycharmprojects\\deepfret-gui\\venv2\\lib\\site-packages\\pytz\\zoneinfo\\America\\Sao_Paulo', 'pytz\\zoneinfo\\America'), ('c:\\users\\hatzakis group\\pycharmprojects\\deepfret-gui\\venv2\\lib\\site-packages\\pytz\\zoneinfo\\America\\Scoresbysund', 'pytz\\zoneinfo\\America'), ('c:\\users\\hatzakis group\\pycharmprojects\\deepfret-gui\\venv2\\lib\\site-packages\\pytz\\zoneinfo\\America\\Shiprock', 'pytz\\zoneinfo\\America'), ('c:\\users\\hatzakis group\\pycharmprojects\\deepfret-gui\\venv2\\lib\\site-packages\\pytz\\zoneinfo\\America\\Sitka', 'pytz\\zoneinfo\\America'), ('c:\\users\\hatzakis group\\pycharmprojects\\deepfret-gui\\venv2\\lib\\site-packages\\pytz\\zoneinfo\\America\\St_Barthelemy', 'pytz\\zoneinfo\\America'), ('c:\\users\\hatzakis group\\pycharmprojects\\deepfret-gui\\venv2\\lib\\site-packages\\pytz\\zoneinfo\\America\\St_Johns', 'pytz\\zoneinfo\\America'), ('c:\\users\\hatzakis group\\pycharmprojects\\deepfret-gui\\venv2\\lib\\site-packages\\pytz\\zoneinfo\\America\\St_Kitts', 'pytz\\zoneinfo\\America'), ('c:\\users\\hatzakis group\\pycharmprojects\\deepfret-gui\\venv2\\lib\\site-packages\\pytz\\zoneinfo\\America\\St_Lucia', 'pytz\\zoneinfo\\America'), ('c:\\users\\hatzakis group\\pycharmprojects\\deepfret-gui\\venv2\\lib\\site-packages\\pytz\\zoneinfo\\America\\St_Thomas', 'pytz\\zoneinfo\\America'), ('c:\\users\\hatzakis group\\pycharmprojects\\deepfret-gui\\venv2\\lib\\site-packages\\pytz\\zoneinfo\\America\\St_Vincent', 'pytz\\zoneinfo\\America'), ('c:\\users\\hatzakis group\\pycharmprojects\\deepfret-gui\\venv2\\lib\\site-packages\\pytz\\zoneinfo\\America\\Swift_Current', 'pytz\\zoneinfo\\America'), ('c:\\users\\hatzakis group\\pycharmprojects\\deepfret-gui\\venv2\\lib\\site-packages\\pytz\\zoneinfo\\America\\Tegucigalpa', 'pytz\\zoneinfo\\America'), ('c:\\users\\hatzakis group\\pycharmprojects\\deepfret-gui\\venv2\\lib\\site-packages\\pytz\\zoneinfo\\America\\Thule', 'pytz\\zoneinfo\\America'), ('c:\\users\\hatzakis group\\pycharmprojects\\deepfret-gui\\venv2\\lib\\site-packages\\pytz\\zoneinfo\\America\\Thunder_Bay', 'pytz\\zoneinfo\\America'), ('c:\\users\\hatzakis group\\pycharmprojects\\deepfret-gui\\venv2\\lib\\site-packages\\pytz\\zoneinfo\\America\\Tijuana', 'pytz\\zoneinfo\\America'), ('c:\\users\\hatzakis group\\pycharmprojects\\deepfret-gui\\venv2\\lib\\site-packages\\pytz\\zoneinfo\\America\\Toronto', 'pytz\\zoneinfo\\America'), ('c:\\users\\hatzakis group\\pycharmprojects\\deepfret-gui\\venv2\\lib\\site-packages\\pytz\\zoneinfo\\America\\Tortola', 'pytz\\zoneinfo\\America'), ('c:\\users\\hatzakis group\\pycharmprojects\\deepfret-gui\\venv2\\lib\\site-packages\\pytz\\zoneinfo\\America\\Vancouver', 'pytz\\zoneinfo\\America'), ('c:\\users\\hatzakis group\\pycharmprojects\\deepfret-gui\\venv2\\lib\\site-packages\\pytz\\zoneinfo\\America\\Virgin', 'pytz\\zoneinfo\\America'), ('c:\\users\\hatzakis group\\pycharmprojects\\deepfret-gui\\venv2\\lib\\site-packages\\pytz\\zoneinfo\\America\\Whitehorse', 'pytz\\zoneinfo\\America'), ('c:\\users\\hatzakis group\\pycharmprojects\\deepfret-gui\\venv2\\lib\\site-packages\\pytz\\zoneinfo\\America\\Winnipeg', 'pytz\\zoneinfo\\America'), ('c:\\users\\hatzakis group\\pycharmprojects\\deepfret-gui\\venv2\\lib\\site-packages\\pytz\\zoneinfo\\America\\Yakutat', 'pytz\\zoneinfo\\America'), ('c:\\users\\hatzakis group\\pycharmprojects\\deepfret-gui\\venv2\\lib\\site-packages\\pytz\\zoneinfo\\America\\Yellowknife', 'pytz\\zoneinfo\\America'), ('c:\\users\\hatzakis group\\pycharmprojects\\deepfret-gui\\venv2\\lib\\site-packages\\pytz\\zoneinfo\\America\\Argentina\\Buenos_Aires', 'pytz\\zoneinfo\\America\\Argentina'), ('c:\\users\\hatzakis group\\pycharmprojects\\deepfret-gui\\venv2\\lib\\site-packages\\pytz\\zoneinfo\\America\\Argentina\\Catamarca', 'pytz\\zoneinfo\\America\\Argentina'), ('c:\\users\\hatzakis group\\pycharmprojects\\deepfret-gui\\venv2\\lib\\site-packages\\pytz\\zoneinfo\\America\\Argentina\\ComodRivadavia', 'pytz\\zoneinfo\\America\\Argentina'), ('c:\\users\\hatzakis group\\pycharmprojects\\deepfret-gui\\venv2\\lib\\site-packages\\pytz\\zoneinfo\\America\\Argentina\\Cordoba', 'pytz\\zoneinfo\\America\\Argentina'), ('c:\\users\\hatzakis group\\pycharmprojects\\deepfret-gui\\venv2\\lib\\site-packages\\pytz\\zoneinfo\\America\\Argentina\\Jujuy', 'pytz\\zoneinfo\\America\\Argentina'), ('c:\\users\\hatzakis group\\pycharmprojects\\deepfret-gui\\venv2\\lib\\site-packages\\pytz\\zoneinfo\\America\\Argentina\\La_Rioja', 'pytz\\zoneinfo\\America\\Argentina'), ('c:\\users\\hatzakis group\\pycharmprojects\\deepfret-gui\\venv2\\lib\\site-packages\\pytz\\zoneinfo\\America\\Argentina\\Mendoza', 'pytz\\zoneinfo\\America\\Argentina'), ('c:\\users\\hatzakis group\\pycharmprojects\\deepfret-gui\\venv2\\lib\\site-packages\\pytz\\zoneinfo\\America\\Argentina\\Rio_Gallegos', 'pytz\\zoneinfo\\America\\Argentina'), ('c:\\users\\hatzakis group\\pycharmprojects\\deepfret-gui\\venv2\\lib\\site-packages\\pytz\\zoneinfo\\America\\Argentina\\Salta', 'pytz\\zoneinfo\\America\\Argentina'), ('c:\\users\\hatzakis group\\pycharmprojects\\deepfret-gui\\venv2\\lib\\site-packages\\pytz\\zoneinfo\\America\\Argentina\\San_Juan', 'pytz\\zoneinfo\\America\\Argentina'), ('c:\\users\\hatzakis group\\pycharmprojects\\deepfret-gui\\venv2\\lib\\site-packages\\pytz\\zoneinfo\\America\\Argentina\\San_Luis', 'pytz\\zoneinfo\\America\\Argentina'), ('c:\\users\\hatzakis group\\pycharmprojects\\deepfret-gui\\venv2\\lib\\site-packages\\pytz\\zoneinfo\\America\\Argentina\\Tucuman', 'pytz\\zoneinfo\\America\\Argentina'), ('c:\\users\\hatzakis group\\pycharmprojects\\deepfret-gui\\venv2\\lib\\site-packages\\pytz\\zoneinfo\\America\\Argentina\\Ushuaia', 'pytz\\zoneinfo\\America\\Argentina'), ('c:\\users\\hatzakis group\\pycharmprojects\\deepfret-gui\\venv2\\lib\\site-packages\\pytz\\zoneinfo\\America\\Indiana\\Indianapolis', 'pytz\\zoneinfo\\America\\Indiana'), ('c:\\users\\hatzakis group\\pycharmprojects\\deepfret-gui\\venv2\\lib\\site-packages\\pytz\\zoneinfo\\America\\Indiana\\Knox', 'pytz\\zoneinfo\\America\\Indiana'), ('c:\\users\\hatzakis group\\pycharmprojects\\deepfret-gui\\venv2\\lib\\site-packages\\pytz\\zoneinfo\\America\\Indiana\\Marengo', 'pytz\\zoneinfo\\America\\Indiana'), ('c:\\users\\hatzakis group\\pycharmprojects\\deepfret-gui\\venv2\\lib\\site-packages\\pytz\\zoneinfo\\America\\Indiana\\Petersburg', 'pytz\\zoneinfo\\America\\Indiana'), ('c:\\users\\hatzakis group\\pycharmprojects\\deepfret-gui\\venv2\\lib\\site-packages\\pytz\\zoneinfo\\America\\Indiana\\Tell_City', 'pytz\\zoneinfo\\America\\Indiana'), ('c:\\users\\hatzakis group\\pycharmprojects\\deepfret-gui\\venv2\\lib\\site-packages\\pytz\\zoneinfo\\America\\Indiana\\Vevay', 'pytz\\zoneinfo\\America\\Indiana'), ('c:\\users\\hatzakis group\\pycharmprojects\\deepfret-gui\\venv2\\lib\\site-packages\\pytz\\zoneinfo\\America\\Indiana\\Vincennes', 'pytz\\zoneinfo\\America\\Indiana'), ('c:\\users\\hatzakis group\\pycharmprojects\\deepfret-gui\\venv2\\lib\\site-packages\\pytz\\zoneinfo\\America\\Indiana\\Winamac', 'pytz\\zoneinfo\\America\\Indiana'), ('c:\\users\\hatzakis group\\pycharmprojects\\deepfret-gui\\venv2\\lib\\site-packages\\pytz\\zoneinfo\\America\\Kentucky\\Louisville', 'pytz\\zoneinfo\\America\\Kentucky'), ('c:\\users\\hatzakis group\\pycharmprojects\\deepfret-gui\\venv2\\lib\\site-packages\\pytz\\zoneinfo\\America\\Kentucky\\Monticello', 'pytz\\zoneinfo\\America\\Kentucky'), ('c:\\users\\hatzakis group\\pycharmprojects\\deepfret-gui\\venv2\\lib\\site-packages\\pytz\\zoneinfo\\America\\North_Dakota\\Beulah', 'pytz\\zoneinfo\\America\\North_Dakota'), ('c:\\users\\hatzakis group\\pycharmprojects\\deepfret-gui\\venv2\\lib\\site-packages\\pytz\\zoneinfo\\America\\North_Dakota\\Center', 'pytz\\zoneinfo\\America\\North_Dakota'), ('c:\\users\\hatzakis group\\pycharmprojects\\deepfret-gui\\venv2\\lib\\site-packages\\pytz\\zoneinfo\\America\\North_Dakota\\New_Salem', 'pytz\\zoneinfo\\America\\North_Dakota'), ('c:\\users\\hatzakis group\\pycharmprojects\\deepfret-gui\\venv2\\lib\\site-packages\\pytz\\zoneinfo\\Antarctica\\Casey', 'pytz\\zoneinfo\\Antarctica'), ('c:\\users\\hatzakis group\\pycharmprojects\\deepfret-gui\\venv2\\lib\\site-packages\\pytz\\zoneinfo\\Antarctica\\Davis', 'pytz\\zoneinfo\\Antarctica'), ('c:\\users\\hatzakis group\\pycharmprojects\\deepfret-gui\\venv2\\lib\\site-packages\\pytz\\zoneinfo\\Antarctica\\DumontDUrville', 'pytz\\zoneinfo\\Antarctica'), ('c:\\users\\hatzakis group\\pycharmprojects\\deepfret-gui\\venv2\\lib\\site-packages\\pytz\\zoneinfo\\Antarctica\\Macquarie', 'pytz\\zoneinfo\\Antarctica'), ('c:\\users\\hatzakis group\\pycharmprojects\\deepfret-gui\\venv2\\lib\\site-packages\\pytz\\zoneinfo\\Antarctica\\Mawson', 'pytz\\zoneinfo\\Antarctica'), ('c:\\users\\hatzakis group\\pycharmprojects\\deepfret-gui\\venv2\\lib\\site-packages\\pytz\\zoneinfo\\Antarctica\\McMurdo', 'pytz\\zoneinfo\\Antarctica'), ('c:\\users\\hatzakis group\\pycharmprojects\\deepfret-gui\\venv2\\lib\\site-packages\\pytz\\zoneinfo\\Antarctica\\Palmer', 'pytz\\zoneinfo\\Antarctica'), ('c:\\users\\hatzakis group\\pycharmprojects\\deepfret-gui\\venv2\\lib\\site-packages\\pytz\\zoneinfo\\Antarctica\\Rothera', 'pytz\\zoneinfo\\Antarctica'), ('c:\\users\\hatzakis group\\pycharmprojects\\deepfret-gui\\venv2\\lib\\site-packages\\pytz\\zoneinfo\\Antarctica\\South_Pole', 'pytz\\zoneinfo\\Antarctica'), ('c:\\users\\hatzakis group\\pycharmprojects\\deepfret-gui\\venv2\\lib\\site-packages\\pytz\\zoneinfo\\Antarctica\\Syowa', 'pytz\\zoneinfo\\Antarctica'), ('c:\\users\\hatzakis group\\pycharmprojects\\deepfret-gui\\venv2\\lib\\site-packages\\pytz\\zoneinfo\\Antarctica\\Troll', 'pytz\\zoneinfo\\Antarctica'), ('c:\\users\\hatzakis group\\pycharmprojects\\deepfret-gui\\venv2\\lib\\site-packages\\pytz\\zoneinfo\\Antarctica\\Vostok', 'pytz\\zoneinfo\\Antarctica'), ('c:\\users\\hatzakis group\\pycharmprojects\\deepfret-gui\\venv2\\lib\\site-packages\\pytz\\zoneinfo\\Arctic\\Longyearbyen', 'pytz\\zoneinfo\\Arctic'), ('c:\\users\\hatzakis group\\pycharmprojects\\deepfret-gui\\venv2\\lib\\site-packages\\pytz\\zoneinfo\\Asia\\Aden', 'pytz\\zoneinfo\\Asia'), ('c:\\users\\hatzakis group\\pycharmprojects\\deepfret-gui\\venv2\\lib\\site-packages\\pytz\\zoneinfo\\Asia\\Almaty', 'pytz\\zoneinfo\\Asia'), ('c:\\users\\hatzakis group\\pycharmprojects\\deepfret-gui\\venv2\\lib\\site-packages\\pytz\\zoneinfo\\Asia\\Amman', 'pytz\\zoneinfo\\Asia'), ('c:\\users\\hatzakis group\\pycharmprojects\\deepfret-gui\\venv2\\lib\\site-packages\\pytz\\zoneinfo\\Asia\\Anadyr', 'pytz\\zoneinfo\\Asia'), ('c:\\users\\hatzakis group\\pycharmprojects\\deepfret-gui\\venv2\\lib\\site-packages\\pytz\\zoneinfo\\Asia\\Aqtau', 'pytz\\zoneinfo\\Asia'), ('c:\\users\\hatzakis group\\pycharmprojects\\deepfret-gui\\venv2\\lib\\site-packages\\pytz\\zoneinfo\\Asia\\Aqtobe', 'pytz\\zoneinfo\\Asia'), ('c:\\users\\hatzakis group\\pycharmprojects\\deepfret-gui\\venv2\\lib\\site-packages\\pytz\\zoneinfo\\Asia\\Ashgabat', 'pytz\\zoneinfo\\Asia'), ('c:\\users\\hatzakis group\\pycharmprojects\\deepfret-gui\\venv2\\lib\\site-packages\\pytz\\zoneinfo\\Asia\\Ashkhabad', 'pytz\\zoneinfo\\Asia'), ('c:\\users\\hatzakis group\\pycharmprojects\\deepfret-gui\\venv2\\lib\\site-packages\\pytz\\zoneinfo\\Asia\\Atyrau', 'pytz\\zoneinfo\\Asia'), ('c:\\users\\hatzakis group\\pycharmprojects\\deepfret-gui\\venv2\\lib\\site-packages\\pytz\\zoneinfo\\Asia\\Baghdad', 'pytz\\zoneinfo\\Asia'), ('c:\\users\\hatzakis group\\pycharmprojects\\deepfret-gui\\venv2\\lib\\site-packages\\pytz\\zoneinfo\\Asia\\Bahrain', 'pytz\\zoneinfo\\Asia'), ('c:\\users\\hatzakis group\\pycharmprojects\\deepfret-gui\\venv2\\lib\\site-packages\\pytz\\zoneinfo\\Asia\\Baku', 'pytz\\zoneinfo\\Asia'), ('c:\\users\\hatzakis group\\pycharmprojects\\deepfret-gui\\venv2\\lib\\site-packages\\pytz\\zoneinfo\\Asia\\Bangkok', 'pytz\\zoneinfo\\Asia'), ('c:\\users\\hatzakis group\\pycharmprojects\\deepfret-gui\\venv2\\lib\\site-packages\\pytz\\zoneinfo\\Asia\\Barnaul', 'pytz\\zoneinfo\\Asia'), ('c:\\users\\hatzakis group\\pycharmprojects\\deepfret-gui\\venv2\\lib\\site-packages\\pytz\\zoneinfo\\Asia\\Beirut', 'pytz\\zoneinfo\\Asia'), ('c:\\users\\hatzakis group\\pycharmprojects\\deepfret-gui\\venv2\\lib\\site-packages\\pytz\\zoneinfo\\Asia\\Bishkek', 'pytz\\zoneinfo\\Asia'), ('c:\\users\\hatzakis group\\pycharmprojects\\deepfret-gui\\venv2\\lib\\site-packages\\pytz\\zoneinfo\\Asia\\Brunei', 'pytz\\zoneinfo\\Asia'), ('c:\\users\\hatzakis group\\pycharmprojects\\deepfret-gui\\venv2\\lib\\site-packages\\pytz\\zoneinfo\\Asia\\Calcutta', 'pytz\\zoneinfo\\Asia'), ('c:\\users\\hatzakis group\\pycharmprojects\\deepfret-gui\\venv2\\lib\\site-packages\\pytz\\zoneinfo\\Asia\\Chita', 'pytz\\zoneinfo\\Asia'), ('c:\\users\\hatzakis group\\pycharmprojects\\deepfret-gui\\venv2\\lib\\site-packages\\pytz\\zoneinfo\\Asia\\Choibalsan', 'pytz\\zoneinfo\\Asia'), ('c:\\users\\hatzakis group\\pycharmprojects\\deepfret-gui\\venv2\\lib\\site-packages\\pytz\\zoneinfo\\Asia\\Chongqing', 'pytz\\zoneinfo\\Asia'), ('c:\\users\\hatzakis group\\pycharmprojects\\deepfret-gui\\venv2\\lib\\site-packages\\pytz\\zoneinfo\\Asia\\Chungking', 'pytz\\zoneinfo\\Asia'), ('c:\\users\\hatzakis group\\pycharmprojects\\deepfret-gui\\venv2\\lib\\site-packages\\pytz\\zoneinfo\\Asia\\Colombo', 'pytz\\zoneinfo\\Asia'), ('c:\\users\\hatzakis group\\pycharmprojects\\deepfret-gui\\venv2\\lib\\site-packages\\pytz\\zoneinfo\\Asia\\Dacca', 'pytz\\zoneinfo\\Asia'), ('c:\\users\\hatzakis group\\pycharmprojects\\deepfret-gui\\venv2\\lib\\site-packages\\pytz\\zoneinfo\\Asia\\Damascus', 'pytz\\zoneinfo\\Asia'), ('c:\\users\\hatzakis group\\pycharmprojects\\deepfret-gui\\venv2\\lib\\site-packages\\pytz\\zoneinfo\\Asia\\Dhaka', 'pytz\\zoneinfo\\Asia'), ('c:\\users\\hatzakis group\\pycharmprojects\\deepfret-gui\\venv2\\lib\\site-packages\\pytz\\zoneinfo\\Asia\\Dili', 'pytz\\zoneinfo\\Asia'), ('c:\\users\\hatzakis group\\pycharmprojects\\deepfret-gui\\venv2\\lib\\site-packages\\pytz\\zoneinfo\\Asia\\Dubai', 'pytz\\zoneinfo\\Asia'), ('c:\\users\\hatzakis group\\pycharmprojects\\deepfret-gui\\venv2\\lib\\site-packages\\pytz\\zoneinfo\\Asia\\Dushanbe', 'pytz\\zoneinfo\\Asia'), ('c:\\users\\hatzakis group\\pycharmprojects\\deepfret-gui\\venv2\\lib\\site-packages\\pytz\\zoneinfo\\Asia\\Famagusta', 'pytz\\zoneinfo\\Asia'), ('c:\\users\\hatzakis group\\pycharmprojects\\deepfret-gui\\venv2\\lib\\site-packages\\pytz\\zoneinfo\\Asia\\Gaza', 'pytz\\zoneinfo\\Asia'), ('c:\\users\\hatzakis group\\pycharmprojects\\deepfret-gui\\venv2\\lib\\site-packages\\pytz\\zoneinfo\\Asia\\Harbin', 'pytz\\zoneinfo\\Asia'), ('c:\\users\\hatzakis group\\pycharmprojects\\deepfret-gui\\venv2\\lib\\site-packages\\pytz\\zoneinfo\\Asia\\Hebron', 'pytz\\zoneinfo\\Asia'), ('c:\\users\\hatzakis group\\pycharmprojects\\deepfret-gui\\venv2\\lib\\site-packages\\pytz\\zoneinfo\\Asia\\Hong_Kong', 'pytz\\zoneinfo\\Asia'), ('c:\\users\\hatzakis group\\pycharmprojects\\deepfret-gui\\venv2\\lib\\site-packages\\pytz\\zoneinfo\\Asia\\Hovd', 'pytz\\zoneinfo\\Asia'), ('c:\\users\\hatzakis group\\pycharmprojects\\deepfret-gui\\venv2\\lib\\site-packages\\pytz\\zoneinfo\\Asia\\Ho_Chi_Minh', 'pytz\\zoneinfo\\Asia'), ('c:\\users\\hatzakis group\\pycharmprojects\\deepfret-gui\\venv2\\lib\\site-packages\\pytz\\zoneinfo\\Asia\\Irkutsk', 'pytz\\zoneinfo\\Asia'), ('c:\\users\\hatzakis group\\pycharmprojects\\deepfret-gui\\venv2\\lib\\site-packages\\pytz\\zoneinfo\\Asia\\Istanbul', 'pytz\\zoneinfo\\Asia'), ('c:\\users\\hatzakis group\\pycharmprojects\\deepfret-gui\\venv2\\lib\\site-packages\\pytz\\zoneinfo\\Asia\\Jakarta', 'pytz\\zoneinfo\\Asia'), ('c:\\users\\hatzakis group\\pycharmprojects\\deepfret-gui\\venv2\\lib\\site-packages\\pytz\\zoneinfo\\Asia\\Jayapura', 'pytz\\zoneinfo\\Asia'), ('c:\\users\\hatzakis group\\pycharmprojects\\deepfret-gui\\venv2\\lib\\site-packages\\pytz\\zoneinfo\\Asia\\Jerusalem', 'pytz\\zoneinfo\\Asia'), ('c:\\users\\hatzakis group\\pycharmprojects\\deepfret-gui\\venv2\\lib\\site-packages\\pytz\\zoneinfo\\Asia\\Kabul', 'pytz\\zoneinfo\\Asia'), ('c:\\users\\hatzakis group\\pycharmprojects\\deepfret-gui\\venv2\\lib\\site-packages\\pytz\\zoneinfo\\Asia\\Kamchatka', 'pytz\\zoneinfo\\Asia'), ('c:\\users\\hatzakis group\\pycharmprojects\\deepfret-gui\\venv2\\lib\\site-packages\\pytz\\zoneinfo\\Asia\\Karachi', 'pytz\\zoneinfo\\Asia'), ('c:\\users\\hatzakis group\\pycharmprojects\\deepfret-gui\\venv2\\lib\\site-packages\\pytz\\zoneinfo\\Asia\\Kashgar', 'pytz\\zoneinfo\\Asia'), ('c:\\users\\hatzakis group\\pycharmprojects\\deepfret-gui\\venv2\\lib\\site-packages\\pytz\\zoneinfo\\Asia\\Kathmandu', 'pytz\\zoneinfo\\Asia'), ('c:\\users\\hatzakis group\\pycharmprojects\\deepfret-gui\\venv2\\lib\\site-packages\\pytz\\zoneinfo\\Asia\\Katmandu', 'pytz\\zoneinfo\\Asia'), ('c:\\users\\hatzakis group\\pycharmprojects\\deepfret-gui\\venv2\\lib\\site-packages\\pytz\\zoneinfo\\Asia\\Khandyga', 'pytz\\zoneinfo\\Asia'), ('c:\\users\\hatzakis group\\pycharmprojects\\deepfret-gui\\venv2\\lib\\site-packages\\pytz\\zoneinfo\\Asia\\Kolkata', 'pytz\\zoneinfo\\Asia'), ('c:\\users\\hatzakis group\\pycharmprojects\\deepfret-gui\\venv2\\lib\\site-packages\\pytz\\zoneinfo\\Asia\\Krasnoyarsk', 'pytz\\zoneinfo\\Asia'), ('c:\\users\\hatzakis group\\pycharmprojects\\deepfret-gui\\venv2\\lib\\site-packages\\pytz\\zoneinfo\\Asia\\Kuala_Lumpur', 'pytz\\zoneinfo\\Asia'), ('c:\\users\\hatzakis group\\pycharmprojects\\deepfret-gui\\venv2\\lib\\site-packages\\pytz\\zoneinfo\\Asia\\Kuching', 'pytz\\zoneinfo\\Asia'), ('c:\\users\\hatzakis group\\pycharmprojects\\deepfret-gui\\venv2\\lib\\site-packages\\pytz\\zoneinfo\\Asia\\Kuwait', 'pytz\\zoneinfo\\Asia'), ('c:\\users\\hatzakis group\\pycharmprojects\\deepfret-gui\\venv2\\lib\\site-packages\\pytz\\zoneinfo\\Asia\\Macao', 'pytz\\zoneinfo\\Asia'), ('c:\\users\\hatzakis group\\pycharmprojects\\deepfret-gui\\venv2\\lib\\site-packages\\pytz\\zoneinfo\\Asia\\Macau', 'pytz\\zoneinfo\\Asia'), ('c:\\users\\hatzakis group\\pycharmprojects\\deepfret-gui\\venv2\\lib\\site-packages\\pytz\\zoneinfo\\Asia\\Magadan', 'pytz\\zoneinfo\\Asia'), ('c:\\users\\hatzakis group\\pycharmprojects\\deepfret-gui\\venv2\\lib\\site-packages\\pytz\\zoneinfo\\Asia\\Makassar', 'pytz\\zoneinfo\\Asia'), ('c:\\users\\hatzakis group\\pycharmprojects\\deepfret-gui\\venv2\\lib\\site-packages\\pytz\\zoneinfo\\Asia\\Manila', 'pytz\\zoneinfo\\Asia'), ('c:\\users\\hatzakis group\\pycharmprojects\\deepfret-gui\\venv2\\lib\\site-packages\\pytz\\zoneinfo\\Asia\\Muscat', 'pytz\\zoneinfo\\Asia'), ('c:\\users\\hatzakis group\\pycharmprojects\\deepfret-gui\\venv2\\lib\\site-packages\\pytz\\zoneinfo\\Asia\\Nicosia', 'pytz\\zoneinfo\\Asia'), ('c:\\users\\hatzakis group\\pycharmprojects\\deepfret-gui\\venv2\\lib\\site-packages\\pytz\\zoneinfo\\Asia\\Novokuznetsk', 'pytz\\zoneinfo\\Asia'), ('c:\\users\\hatzakis group\\pycharmprojects\\deepfret-gui\\venv2\\lib\\site-packages\\pytz\\zoneinfo\\Asia\\Novosibirsk', 'pytz\\zoneinfo\\Asia'), ('c:\\users\\hatzakis group\\pycharmprojects\\deepfret-gui\\venv2\\lib\\site-packages\\pytz\\zoneinfo\\Asia\\Omsk', 'pytz\\zoneinfo\\Asia'), ('c:\\users\\hatzakis group\\pycharmprojects\\deepfret-gui\\venv2\\lib\\site-packages\\pytz\\zoneinfo\\Asia\\Oral', 'pytz\\zoneinfo\\Asia'), ('c:\\users\\hatzakis group\\pycharmprojects\\deepfret-gui\\venv2\\lib\\site-packages\\pytz\\zoneinfo\\Asia\\Phnom_Penh', 'pytz\\zoneinfo\\Asia'), ('c:\\users\\hatzakis group\\pycharmprojects\\deepfret-gui\\venv2\\lib\\site-packages\\pytz\\zoneinfo\\Asia\\Pontianak', 'pytz\\zoneinfo\\Asia'), ('c:\\users\\hatzakis group\\pycharmprojects\\deepfret-gui\\venv2\\lib\\site-packages\\pytz\\zoneinfo\\Asia\\Pyongyang', 'pytz\\zoneinfo\\Asia'), ('c:\\users\\hatzakis group\\pycharmprojects\\deepfret-gui\\venv2\\lib\\site-packages\\pytz\\zoneinfo\\Asia\\Qatar', 'pytz\\zoneinfo\\Asia'), ('c:\\users\\hatzakis group\\pycharmprojects\\deepfret-gui\\venv2\\lib\\site-packages\\pytz\\zoneinfo\\Asia\\Qostanay', 'pytz\\zoneinfo\\Asia'), ('c:\\users\\hatzakis group\\pycharmprojects\\deepfret-gui\\venv2\\lib\\site-packages\\pytz\\zoneinfo\\Asia\\Qyzylorda', 'pytz\\zoneinfo\\Asia'), ('c:\\users\\hatzakis group\\pycharmprojects\\deepfret-gui\\venv2\\lib\\site-packages\\pytz\\zoneinfo\\Asia\\Rangoon', 'pytz\\zoneinfo\\Asia'), ('c:\\users\\hatzakis group\\pycharmprojects\\deepfret-gui\\venv2\\lib\\site-packages\\pytz\\zoneinfo\\Asia\\Riyadh', 'pytz\\zoneinfo\\Asia'), ('c:\\users\\hatzakis group\\pycharmprojects\\deepfret-gui\\venv2\\lib\\site-packages\\pytz\\zoneinfo\\Asia\\Saigon', 'pytz\\zoneinfo\\Asia'), ('c:\\users\\hatzakis group\\pycharmprojects\\deepfret-gui\\venv2\\lib\\site-packages\\pytz\\zoneinfo\\Asia\\Sakhalin', 'pytz\\zoneinfo\\Asia'), ('c:\\users\\hatzakis group\\pycharmprojects\\deepfret-gui\\venv2\\lib\\site-packages\\pytz\\zoneinfo\\Asia\\Samarkand', 'pytz\\zoneinfo\\Asia'), ('c:\\users\\hatzakis group\\pycharmprojects\\deepfret-gui\\venv2\\lib\\site-packages\\pytz\\zoneinfo\\Asia\\Seoul', 'pytz\\zoneinfo\\Asia'), ('c:\\users\\hatzakis group\\pycharmprojects\\deepfret-gui\\venv2\\lib\\site-packages\\pytz\\zoneinfo\\Asia\\Shanghai', 'pytz\\zoneinfo\\Asia'), ('c:\\users\\hatzakis group\\pycharmprojects\\deepfret-gui\\venv2\\lib\\site-packages\\pytz\\zoneinfo\\Asia\\Singapore', 'pytz\\zoneinfo\\Asia'), ('c:\\users\\hatzakis group\\pycharmprojects\\deepfret-gui\\venv2\\lib\\site-packages\\pytz\\zoneinfo\\Asia\\Srednekolymsk', 'pytz\\zoneinfo\\Asia'), ('c:\\users\\hatzakis group\\pycharmprojects\\deepfret-gui\\venv2\\lib\\site-packages\\pytz\\zoneinfo\\Asia\\Taipei', 'pytz\\zoneinfo\\Asia'), ('c:\\users\\hatzakis group\\pycharmprojects\\deepfret-gui\\venv2\\lib\\site-packages\\pytz\\zoneinfo\\Asia\\Tashkent', 'pytz\\zoneinfo\\Asia'), ('c:\\users\\hatzakis group\\pycharmprojects\\deepfret-gui\\venv2\\lib\\site-packages\\pytz\\zoneinfo\\Asia\\Tbilisi', 'pytz\\zoneinfo\\Asia'), ('c:\\users\\hatzakis group\\pycharmprojects\\deepfret-gui\\venv2\\lib\\site-packages\\pytz\\zoneinfo\\Asia\\Tehran', 'pytz\\zoneinfo\\Asia'), ('c:\\users\\hatzakis group\\pycharmprojects\\deepfret-gui\\venv2\\lib\\site-packages\\pytz\\zoneinfo\\Asia\\Tel_Aviv', 'pytz\\zoneinfo\\Asia'), ('c:\\users\\hatzakis group\\pycharmprojects\\deepfret-gui\\venv2\\lib\\site-packages\\pytz\\zoneinfo\\Asia\\Thimbu', 'pytz\\zoneinfo\\Asia'), ('c:\\users\\hatzakis group\\pycharmprojects\\deepfret-gui\\venv2\\lib\\site-packages\\pytz\\zoneinfo\\Asia\\Thimphu', 'pytz\\zoneinfo\\Asia'), ('c:\\users\\hatzakis group\\pycharmprojects\\deepfret-gui\\venv2\\lib\\site-packages\\pytz\\zoneinfo\\Asia\\Tokyo', 'pytz\\zoneinfo\\Asia'), ('c:\\users\\hatzakis group\\pycharmprojects\\deepfret-gui\\venv2\\lib\\site-packages\\pytz\\zoneinfo\\Asia\\Tomsk', 'pytz\\zoneinfo\\Asia'), ('c:\\users\\hatzakis group\\pycharmprojects\\deepfret-gui\\venv2\\lib\\site-packages\\pytz\\zoneinfo\\Asia\\Ujung_Pandang', 'pytz\\zoneinfo\\Asia'), ('c:\\users\\hatzakis group\\pycharmprojects\\deepfret-gui\\venv2\\lib\\site-packages\\pytz\\zoneinfo\\Asia\\Ulaanbaatar', 'pytz\\zoneinfo\\Asia'), ('c:\\users\\hatzakis group\\pycharmprojects\\deepfret-gui\\venv2\\lib\\site-packages\\pytz\\zoneinfo\\Asia\\Ulan_Bator', 'pytz\\zoneinfo\\Asia'), ('c:\\users\\hatzakis group\\pycharmprojects\\deepfret-gui\\venv2\\lib\\site-packages\\pytz\\zoneinfo\\Asia\\Urumqi', 'pytz\\zoneinfo\\Asia'), ('c:\\users\\hatzakis group\\pycharmprojects\\deepfret-gui\\venv2\\lib\\site-packages\\pytz\\zoneinfo\\Asia\\Ust-Nera', 'pytz\\zoneinfo\\Asia'), ('c:\\users\\hatzakis group\\pycharmprojects\\deepfret-gui\\venv2\\lib\\site-packages\\pytz\\zoneinfo\\Asia\\Vientiane', 'pytz\\zoneinfo\\Asia'), ('c:\\users\\hatzakis group\\pycharmprojects\\deepfret-gui\\venv2\\lib\\site-packages\\pytz\\zoneinfo\\Asia\\Vladivostok', 'pytz\\zoneinfo\\Asia'), ('c:\\users\\hatzakis group\\pycharmprojects\\deepfret-gui\\venv2\\lib\\site-packages\\pytz\\zoneinfo\\Asia\\Yakutsk', 'pytz\\zoneinfo\\Asia'), ('c:\\users\\hatzakis group\\pycharmprojects\\deepfret-gui\\venv2\\lib\\site-packages\\pytz\\zoneinfo\\Asia\\Yangon', 'pytz\\zoneinfo\\Asia'), ('c:\\users\\hatzakis group\\pycharmprojects\\deepfret-gui\\venv2\\lib\\site-packages\\pytz\\zoneinfo\\Asia\\Yekaterinburg', 'pytz\\zoneinfo\\Asia'), ('c:\\users\\hatzakis group\\pycharmprojects\\deepfret-gui\\venv2\\lib\\site-packages\\pytz\\zoneinfo\\Asia\\Yerevan', 'pytz\\zoneinfo\\Asia'), ('c:\\users\\hatzakis group\\pycharmprojects\\deepfret-gui\\venv2\\lib\\site-packages\\pytz\\zoneinfo\\Atlantic\\Azores', 'pytz\\zoneinfo\\Atlantic'), ('c:\\users\\hatzakis group\\pycharmprojects\\deepfret-gui\\venv2\\lib\\site-packages\\pytz\\zoneinfo\\Atlantic\\Bermuda', 'pytz\\zoneinfo\\Atlantic'), ('c:\\users\\hatzakis group\\pycharmprojects\\deepfret-gui\\venv2\\lib\\site-packages\\pytz\\zoneinfo\\Atlantic\\Canary', 'pytz\\zoneinfo\\Atlantic'), ('c:\\users\\hatzakis group\\pycharmprojects\\deepfret-gui\\venv2\\lib\\site-packages\\pytz\\zoneinfo\\Atlantic\\Cape_Verde', 'pytz\\zoneinfo\\Atlantic'), ('c:\\users\\hatzakis group\\pycharmprojects\\deepfret-gui\\venv2\\lib\\site-packages\\pytz\\zoneinfo\\Atlantic\\Faeroe', 'pytz\\zoneinfo\\Atlantic'), ('c:\\users\\hatzakis group\\pycharmprojects\\deepfret-gui\\venv2\\lib\\site-packages\\pytz\\zoneinfo\\Atlantic\\Faroe', 'pytz\\zoneinfo\\Atlantic'), ('c:\\users\\hatzakis group\\pycharmprojects\\deepfret-gui\\venv2\\lib\\site-packages\\pytz\\zoneinfo\\Atlantic\\Jan_Mayen', 'pytz\\zoneinfo\\Atlantic'), ('c:\\users\\hatzakis group\\pycharmprojects\\deepfret-gui\\venv2\\lib\\site-packages\\pytz\\zoneinfo\\Atlantic\\Madeira', 'pytz\\zoneinfo\\Atlantic'), ('c:\\users\\hatzakis group\\pycharmprojects\\deepfret-gui\\venv2\\lib\\site-packages\\pytz\\zoneinfo\\Atlantic\\Reykjavik', 'pytz\\zoneinfo\\Atlantic'), ('c:\\users\\hatzakis group\\pycharmprojects\\deepfret-gui\\venv2\\lib\\site-packages\\pytz\\zoneinfo\\Atlantic\\South_Georgia', 'pytz\\zoneinfo\\Atlantic'), ('c:\\users\\hatzakis group\\pycharmprojects\\deepfret-gui\\venv2\\lib\\site-packages\\pytz\\zoneinfo\\Atlantic\\Stanley', 'pytz\\zoneinfo\\Atlantic'), ('c:\\users\\hatzakis group\\pycharmprojects\\deepfret-gui\\venv2\\lib\\site-packages\\pytz\\zoneinfo\\Atlantic\\St_Helena', 'pytz\\zoneinfo\\Atlantic'), ('c:\\users\\hatzakis group\\pycharmprojects\\deepfret-gui\\venv2\\lib\\site-packages\\pytz\\zoneinfo\\Australia\\ACT', 'pytz\\zoneinfo\\Australia'), ('c:\\users\\hatzakis group\\pycharmprojects\\deepfret-gui\\venv2\\lib\\site-packages\\pytz\\zoneinfo\\Australia\\Adelaide', 'pytz\\zoneinfo\\Australia'), ('c:\\users\\hatzakis group\\pycharmprojects\\deepfret-gui\\venv2\\lib\\site-packages\\pytz\\zoneinfo\\Australia\\Brisbane', 'pytz\\zoneinfo\\Australia'), ('c:\\users\\hatzakis group\\pycharmprojects\\deepfret-gui\\venv2\\lib\\site-packages\\pytz\\zoneinfo\\Australia\\Broken_Hill', 'pytz\\zoneinfo\\Australia'), ('c:\\users\\hatzakis group\\pycharmprojects\\deepfret-gui\\venv2\\lib\\site-packages\\pytz\\zoneinfo\\Australia\\Canberra', 'pytz\\zoneinfo\\Australia'), ('c:\\users\\hatzakis group\\pycharmprojects\\deepfret-gui\\venv2\\lib\\site-packages\\pytz\\zoneinfo\\Australia\\Currie', 'pytz\\zoneinfo\\Australia'), ('c:\\users\\hatzakis group\\pycharmprojects\\deepfret-gui\\venv2\\lib\\site-packages\\pytz\\zoneinfo\\Australia\\Darwin', 'pytz\\zoneinfo\\Australia'), ('c:\\users\\hatzakis group\\pycharmprojects\\deepfret-gui\\venv2\\lib\\site-packages\\pytz\\zoneinfo\\Australia\\Eucla', 'pytz\\zoneinfo\\Australia'), ('c:\\users\\hatzakis group\\pycharmprojects\\deepfret-gui\\venv2\\lib\\site-packages\\pytz\\zoneinfo\\Australia\\Hobart', 'pytz\\zoneinfo\\Australia'), ('c:\\users\\hatzakis group\\pycharmprojects\\deepfret-gui\\venv2\\lib\\site-packages\\pytz\\zoneinfo\\Australia\\LHI', 'pytz\\zoneinfo\\Australia'), ('c:\\users\\hatzakis group\\pycharmprojects\\deepfret-gui\\venv2\\lib\\site-packages\\pytz\\zoneinfo\\Australia\\Lindeman', 'pytz\\zoneinfo\\Australia'), ('c:\\users\\hatzakis group\\pycharmprojects\\deepfret-gui\\venv2\\lib\\site-packages\\pytz\\zoneinfo\\Australia\\Lord_Howe', 'pytz\\zoneinfo\\Australia'), ('c:\\users\\hatzakis group\\pycharmprojects\\deepfret-gui\\venv2\\lib\\site-packages\\pytz\\zoneinfo\\Australia\\Melbourne', 'pytz\\zoneinfo\\Australia'), ('c:\\users\\hatzakis group\\pycharmprojects\\deepfret-gui\\venv2\\lib\\site-packages\\pytz\\zoneinfo\\Australia\\North', 'pytz\\zoneinfo\\Australia'), ('c:\\users\\hatzakis group\\pycharmprojects\\deepfret-gui\\venv2\\lib\\site-packages\\pytz\\zoneinfo\\Australia\\NSW', 'pytz\\zoneinfo\\Australia'), ('c:\\users\\hatzakis group\\pycharmprojects\\deepfret-gui\\venv2\\lib\\site-packages\\pytz\\zoneinfo\\Australia\\Perth', 'pytz\\zoneinfo\\Australia'), ('c:\\users\\hatzakis group\\pycharmprojects\\deepfret-gui\\venv2\\lib\\site-packages\\pytz\\zoneinfo\\Australia\\Queensland', 'pytz\\zoneinfo\\Australia'), ('c:\\users\\hatzakis group\\pycharmprojects\\deepfret-gui\\venv2\\lib\\site-packages\\pytz\\zoneinfo\\Australia\\South', 'pytz\\zoneinfo\\Australia'), ('c:\\users\\hatzakis group\\pycharmprojects\\deepfret-gui\\venv2\\lib\\site-packages\\pytz\\zoneinfo\\Australia\\Sydney', 'pytz\\zoneinfo\\Australia'), ('c:\\users\\hatzakis group\\pycharmprojects\\deepfret-gui\\venv2\\lib\\site-packages\\pytz\\zoneinfo\\Australia\\Tasmania', 'pytz\\zoneinfo\\Australia'), ('c:\\users\\hatzakis group\\pycharmprojects\\deepfret-gui\\venv2\\lib\\site-packages\\pytz\\zoneinfo\\Australia\\Victoria', 'pytz\\zoneinfo\\Australia'), ('c:\\users\\hatzakis group\\pycharmprojects\\deepfret-gui\\venv2\\lib\\site-packages\\pytz\\zoneinfo\\Australia\\West', 'pytz\\zoneinfo\\Australia'), ('c:\\users\\hatzakis group\\pycharmprojects\\deepfret-gui\\venv2\\lib\\site-packages\\pytz\\zoneinfo\\Australia\\Yancowinna', 'pytz\\zoneinfo\\Australia'), ('c:\\users\\hatzakis group\\pycharmprojects\\deepfret-gui\\venv2\\lib\\site-packages\\pytz\\zoneinfo\\Brazil\\Acre', 'pytz\\zoneinfo\\Brazil'), ('c:\\users\\hatzakis group\\pycharmprojects\\deepfret-gui\\venv2\\lib\\site-packages\\pytz\\zoneinfo\\Brazil\\DeNoronha', 'pytz\\zoneinfo\\Brazil'), ('c:\\users\\hatzakis group\\pycharmprojects\\deepfret-gui\\venv2\\lib\\site-packages\\pytz\\zoneinfo\\Brazil\\East', 'pytz\\zoneinfo\\Brazil'), ('c:\\users\\hatzakis group\\pycharmprojects\\deepfret-gui\\venv2\\lib\\site-packages\\pytz\\zoneinfo\\Brazil\\West', 'pytz\\zoneinfo\\Brazil'), ('c:\\users\\hatzakis group\\pycharmprojects\\deepfret-gui\\venv2\\lib\\site-packages\\pytz\\zoneinfo\\Canada\\Atlantic', 'pytz\\zoneinfo\\Canada'), ('c:\\users\\hatzakis group\\pycharmprojects\\deepfret-gui\\venv2\\lib\\site-packages\\pytz\\zoneinfo\\Canada\\Central', 'pytz\\zoneinfo\\Canada'), ('c:\\users\\hatzakis group\\pycharmprojects\\deepfret-gui\\venv2\\lib\\site-packages\\pytz\\zoneinfo\\Canada\\Eastern', 'pytz\\zoneinfo\\Canada'), ('c:\\users\\hatzakis group\\pycharmprojects\\deepfret-gui\\venv2\\lib\\site-packages\\pytz\\zoneinfo\\Canada\\Mountain', 'pytz\\zoneinfo\\Canada'), ('c:\\users\\hatzakis group\\pycharmprojects\\deepfret-gui\\venv2\\lib\\site-packages\\pytz\\zoneinfo\\Canada\\Newfoundland', 'pytz\\zoneinfo\\Canada'), ('c:\\users\\hatzakis group\\pycharmprojects\\deepfret-gui\\venv2\\lib\\site-packages\\pytz\\zoneinfo\\Canada\\Pacific', 'pytz\\zoneinfo\\Canada'), ('c:\\users\\hatzakis group\\pycharmprojects\\deepfret-gui\\venv2\\lib\\site-packages\\pytz\\zoneinfo\\Canada\\Saskatchewan', 'pytz\\zoneinfo\\Canada'), ('c:\\users\\hatzakis group\\pycharmprojects\\deepfret-gui\\venv2\\lib\\site-packages\\pytz\\zoneinfo\\Canada\\Yukon', 'pytz\\zoneinfo\\Canada'), ('c:\\users\\hatzakis group\\pycharmprojects\\deepfret-gui\\venv2\\lib\\site-packages\\pytz\\zoneinfo\\Chile\\Continental', 'pytz\\zoneinfo\\Chile'), ('c:\\users\\hatzakis group\\pycharmprojects\\deepfret-gui\\venv2\\lib\\site-packages\\pytz\\zoneinfo\\Chile\\EasterIsland', 'pytz\\zoneinfo\\Chile'), ('c:\\users\\hatzakis group\\pycharmprojects\\deepfret-gui\\venv2\\lib\\site-packages\\pytz\\zoneinfo\\Etc\\GMT', 'pytz\\zoneinfo\\Etc'), ('c:\\users\\hatzakis group\\pycharmprojects\\deepfret-gui\\venv2\\lib\\site-packages\\pytz\\zoneinfo\\Etc\\GMT+0', 'pytz\\zoneinfo\\Etc'), ('c:\\users\\hatzakis group\\pycharmprojects\\deepfret-gui\\venv2\\lib\\site-packages\\pytz\\zoneinfo\\Etc\\GMT+1', 'pytz\\zoneinfo\\Etc'), ('c:\\users\\hatzakis group\\pycharmprojects\\deepfret-gui\\venv2\\lib\\site-packages\\pytz\\zoneinfo\\Etc\\GMT+10', 'pytz\\zoneinfo\\Etc'), ('c:\\users\\hatzakis group\\pycharmprojects\\deepfret-gui\\venv2\\lib\\site-packages\\pytz\\zoneinfo\\Etc\\GMT+11', 'pytz\\zoneinfo\\Etc'), ('c:\\users\\hatzakis group\\pycharmprojects\\deepfret-gui\\venv2\\lib\\site-packages\\pytz\\zoneinfo\\Etc\\GMT+12', 'pytz\\zoneinfo\\Etc'), ('c:\\users\\hatzakis group\\pycharmprojects\\deepfret-gui\\venv2\\lib\\site-packages\\pytz\\zoneinfo\\Etc\\GMT+2', 'pytz\\zoneinfo\\Etc'), ('c:\\users\\hatzakis group\\pycharmprojects\\deepfret-gui\\venv2\\lib\\site-packages\\pytz\\zoneinfo\\Etc\\GMT+3', 'pytz\\zoneinfo\\Etc'), ('c:\\users\\hatzakis group\\pycharmprojects\\deepfret-gui\\venv2\\lib\\site-packages\\pytz\\zoneinfo\\Etc\\GMT+4', 'pytz\\zoneinfo\\Etc'), ('c:\\users\\hatzakis group\\pycharmprojects\\deepfret-gui\\venv2\\lib\\site-packages\\pytz\\zoneinfo\\Etc\\GMT+5', 'pytz\\zoneinfo\\Etc'), ('c:\\users\\hatzakis group\\pycharmprojects\\deepfret-gui\\venv2\\lib\\site-packages\\pytz\\zoneinfo\\Etc\\GMT+6', 'pytz\\zoneinfo\\Etc'), ('c:\\users\\hatzakis group\\pycharmprojects\\deepfret-gui\\venv2\\lib\\site-packages\\pytz\\zoneinfo\\Etc\\GMT+7', 'pytz\\zoneinfo\\Etc'), ('c:\\users\\hatzakis group\\pycharmprojects\\deepfret-gui\\venv2\\lib\\site-packages\\pytz\\zoneinfo\\Etc\\GMT+8', 'pytz\\zoneinfo\\Etc'), ('c:\\users\\hatzakis group\\pycharmprojects\\deepfret-gui\\venv2\\lib\\site-packages\\pytz\\zoneinfo\\Etc\\GMT+9', 'pytz\\zoneinfo\\Etc'), ('c:\\users\\hatzakis group\\pycharmprojects\\deepfret-gui\\venv2\\lib\\site-packages\\pytz\\zoneinfo\\Etc\\GMT-0', 'pytz\\zoneinfo\\Etc'), ('c:\\users\\hatzakis group\\pycharmprojects\\deepfret-gui\\venv2\\lib\\site-packages\\pytz\\zoneinfo\\Etc\\GMT-1', 'pytz\\zoneinfo\\Etc'), ('c:\\users\\hatzakis group\\pycharmprojects\\deepfret-gui\\venv2\\lib\\site-packages\\pytz\\zoneinfo\\Etc\\GMT-10', 'pytz\\zoneinfo\\Etc'), ('c:\\users\\hatzakis group\\pycharmprojects\\deepfret-gui\\venv2\\lib\\site-packages\\pytz\\zoneinfo\\Etc\\GMT-11', 'pytz\\zoneinfo\\Etc'), ('c:\\users\\hatzakis group\\pycharmprojects\\deepfret-gui\\venv2\\lib\\site-packages\\pytz\\zoneinfo\\Etc\\GMT-12', 'pytz\\zoneinfo\\Etc'), ('c:\\users\\hatzakis group\\pycharmprojects\\deepfret-gui\\venv2\\lib\\site-packages\\pytz\\zoneinfo\\Etc\\GMT-13', 'pytz\\zoneinfo\\Etc'), ('c:\\users\\hatzakis group\\pycharmprojects\\deepfret-gui\\venv2\\lib\\site-packages\\pytz\\zoneinfo\\Etc\\GMT-14', 'pytz\\zoneinfo\\Etc'), ('c:\\users\\hatzakis group\\pycharmprojects\\deepfret-gui\\venv2\\lib\\site-packages\\pytz\\zoneinfo\\Etc\\GMT-2', 'pytz\\zoneinfo\\Etc'), ('c:\\users\\hatzakis group\\pycharmprojects\\deepfret-gui\\venv2\\lib\\site-packages\\pytz\\zoneinfo\\Etc\\GMT-3', 'pytz\\zoneinfo\\Etc'), ('c:\\users\\hatzakis group\\pycharmprojects\\deepfret-gui\\venv2\\lib\\site-packages\\pytz\\zoneinfo\\Etc\\GMT-4', 'pytz\\zoneinfo\\Etc'), ('c:\\users\\hatzakis group\\pycharmprojects\\deepfret-gui\\venv2\\lib\\site-packages\\pytz\\zoneinfo\\Etc\\GMT-5', 'pytz\\zoneinfo\\Etc'), ('c:\\users\\hatzakis group\\pycharmprojects\\deepfret-gui\\venv2\\lib\\site-packages\\pytz\\zoneinfo\\Etc\\GMT-6', 'pytz\\zoneinfo\\Etc'), ('c:\\users\\hatzakis group\\pycharmprojects\\deepfret-gui\\venv2\\lib\\site-packages\\pytz\\zoneinfo\\Etc\\GMT-7', 'pytz\\zoneinfo\\Etc'), ('c:\\users\\hatzakis group\\pycharmprojects\\deepfret-gui\\venv2\\lib\\site-packages\\pytz\\zoneinfo\\Etc\\GMT-8', 'pytz\\zoneinfo\\Etc'), ('c:\\users\\hatzakis group\\pycharmprojects\\deepfret-gui\\venv2\\lib\\site-packages\\pytz\\zoneinfo\\Etc\\GMT-9', 'pytz\\zoneinfo\\Etc'), ('c:\\users\\hatzakis group\\pycharmprojects\\deepfret-gui\\venv2\\lib\\site-packages\\pytz\\zoneinfo\\Etc\\GMT0', 'pytz\\zoneinfo\\Etc'), ('c:\\users\\hatzakis group\\pycharmprojects\\deepfret-gui\\venv2\\lib\\site-packages\\pytz\\zoneinfo\\Etc\\Greenwich', 'pytz\\zoneinfo\\Etc'), ('c:\\users\\hatzakis group\\pycharmprojects\\deepfret-gui\\venv2\\lib\\site-packages\\pytz\\zoneinfo\\Etc\\UCT', 'pytz\\zoneinfo\\Etc'), ('c:\\users\\hatzakis group\\pycharmprojects\\deepfret-gui\\venv2\\lib\\site-packages\\pytz\\zoneinfo\\Etc\\Universal', 'pytz\\zoneinfo\\Etc'), ('c:\\users\\hatzakis group\\pycharmprojects\\deepfret-gui\\venv2\\lib\\site-packages\\pytz\\zoneinfo\\Etc\\UTC', 'pytz\\zoneinfo\\Etc'), ('c:\\users\\hatzakis group\\pycharmprojects\\deepfret-gui\\venv2\\lib\\site-packages\\pytz\\zoneinfo\\Etc\\Zulu', 'pytz\\zoneinfo\\Etc'), ('c:\\users\\hatzakis group\\pycharmprojects\\deepfret-gui\\venv2\\lib\\site-packages\\pytz\\zoneinfo\\Europe\\Amsterdam', 'pytz\\zoneinfo\\Europe'), ('c:\\users\\hatzakis group\\pycharmprojects\\deepfret-gui\\venv2\\lib\\site-packages\\pytz\\zoneinfo\\Europe\\Andorra', 'pytz\\zoneinfo\\Europe'), ('c:\\users\\hatzakis group\\pycharmprojects\\deepfret-gui\\venv2\\lib\\site-packages\\pytz\\zoneinfo\\Europe\\Astrakhan', 'pytz\\zoneinfo\\Europe'), ('c:\\users\\hatzakis group\\pycharmprojects\\deepfret-gui\\venv2\\lib\\site-packages\\pytz\\zoneinfo\\Europe\\Athens', 'pytz\\zoneinfo\\Europe'), ('c:\\users\\hatzakis group\\pycharmprojects\\deepfret-gui\\venv2\\lib\\site-packages\\pytz\\zoneinfo\\Europe\\Belfast', 'pytz\\zoneinfo\\Europe'), ('c:\\users\\hatzakis group\\pycharmprojects\\deepfret-gui\\venv2\\lib\\site-packages\\pytz\\zoneinfo\\Europe\\Belgrade', 'pytz\\zoneinfo\\Europe'), ('c:\\users\\hatzakis group\\pycharmprojects\\deepfret-gui\\venv2\\lib\\site-packages\\pytz\\zoneinfo\\Europe\\Berlin', 'pytz\\zoneinfo\\Europe'), ('c:\\users\\hatzakis group\\pycharmprojects\\deepfret-gui\\venv2\\lib\\site-packages\\pytz\\zoneinfo\\Europe\\Bratislava', 'pytz\\zoneinfo\\Europe'), ('c:\\users\\hatzakis group\\pycharmprojects\\deepfret-gui\\venv2\\lib\\site-packages\\pytz\\zoneinfo\\Europe\\Brussels', 'pytz\\zoneinfo\\Europe'), ('c:\\users\\hatzakis group\\pycharmprojects\\deepfret-gui\\venv2\\lib\\site-packages\\pytz\\zoneinfo\\Europe\\Bucharest', 'pytz\\zoneinfo\\Europe'), ('c:\\users\\hatzakis group\\pycharmprojects\\deepfret-gui\\venv2\\lib\\site-packages\\pytz\\zoneinfo\\Europe\\Budapest', 'pytz\\zoneinfo\\Europe'), ('c:\\users\\hatzakis group\\pycharmprojects\\deepfret-gui\\venv2\\lib\\site-packages\\pytz\\zoneinfo\\Europe\\Busingen', 'pytz\\zoneinfo\\Europe'), ('c:\\users\\hatzakis group\\pycharmprojects\\deepfret-gui\\venv2\\lib\\site-packages\\pytz\\zoneinfo\\Europe\\Chisinau', 'pytz\\zoneinfo\\Europe'), ('c:\\users\\hatzakis group\\pycharmprojects\\deepfret-gui\\venv2\\lib\\site-packages\\pytz\\zoneinfo\\Europe\\Copenhagen', 'pytz\\zoneinfo\\Europe'), ('c:\\users\\hatzakis group\\pycharmprojects\\deepfret-gui\\venv2\\lib\\site-packages\\pytz\\zoneinfo\\Europe\\Dublin', 'pytz\\zoneinfo\\Europe'), ('c:\\users\\hatzakis group\\pycharmprojects\\deepfret-gui\\venv2\\lib\\site-packages\\pytz\\zoneinfo\\Europe\\Gibraltar', 'pytz\\zoneinfo\\Europe'), ('c:\\users\\hatzakis group\\pycharmprojects\\deepfret-gui\\venv2\\lib\\site-packages\\pytz\\zoneinfo\\Europe\\Guernsey', 'pytz\\zoneinfo\\Europe'), ('c:\\users\\hatzakis group\\pycharmprojects\\deepfret-gui\\venv2\\lib\\site-packages\\pytz\\zoneinfo\\Europe\\Helsinki', 'pytz\\zoneinfo\\Europe'), ('c:\\users\\hatzakis group\\pycharmprojects\\deepfret-gui\\venv2\\lib\\site-packages\\pytz\\zoneinfo\\Europe\\Isle_of_Man', 'pytz\\zoneinfo\\Europe'), ('c:\\users\\hatzakis group\\pycharmprojects\\deepfret-gui\\venv2\\lib\\site-packages\\pytz\\zoneinfo\\Europe\\Istanbul', 'pytz\\zoneinfo\\Europe'), ('c:\\users\\hatzakis group\\pycharmprojects\\deepfret-gui\\venv2\\lib\\site-packages\\pytz\\zoneinfo\\Europe\\Jersey', 'pytz\\zoneinfo\\Europe'), ('c:\\users\\hatzakis group\\pycharmprojects\\deepfret-gui\\venv2\\lib\\site-packages\\pytz\\zoneinfo\\Europe\\Kaliningrad', 'pytz\\zoneinfo\\Europe'), ('c:\\users\\hatzakis group\\pycharmprojects\\deepfret-gui\\venv2\\lib\\site-packages\\pytz\\zoneinfo\\Europe\\Kiev', 'pytz\\zoneinfo\\Europe'), ('c:\\users\\hatzakis group\\pycharmprojects\\deepfret-gui\\venv2\\lib\\site-packages\\pytz\\zoneinfo\\Europe\\Kirov', 'pytz\\zoneinfo\\Europe'), ('c:\\users\\hatzakis group\\pycharmprojects\\deepfret-gui\\venv2\\lib\\site-packages\\pytz\\zoneinfo\\Europe\\Lisbon', 'pytz\\zoneinfo\\Europe'), ('c:\\users\\hatzakis group\\pycharmprojects\\deepfret-gui\\venv2\\lib\\site-packages\\pytz\\zoneinfo\\Europe\\Ljubljana', 'pytz\\zoneinfo\\Europe'), ('c:\\users\\hatzakis group\\pycharmprojects\\deepfret-gui\\venv2\\lib\\site-packages\\pytz\\zoneinfo\\Europe\\London', 'pytz\\zoneinfo\\Europe'), ('c:\\users\\hatzakis group\\pycharmprojects\\deepfret-gui\\venv2\\lib\\site-packages\\pytz\\zoneinfo\\Europe\\Luxembourg', 'pytz\\zoneinfo\\Europe'), ('c:\\users\\hatzakis group\\pycharmprojects\\deepfret-gui\\venv2\\lib\\site-packages\\pytz\\zoneinfo\\Europe\\Madrid', 'pytz\\zoneinfo\\Europe'), ('c:\\users\\hatzakis group\\pycharmprojects\\deepfret-gui\\venv2\\lib\\site-packages\\pytz\\zoneinfo\\Europe\\Malta', 'pytz\\zoneinfo\\Europe'), ('c:\\users\\hatzakis group\\pycharmprojects\\deepfret-gui\\venv2\\lib\\site-packages\\pytz\\zoneinfo\\Europe\\Mariehamn', 'pytz\\zoneinfo\\Europe'), ('c:\\users\\hatzakis group\\pycharmprojects\\deepfret-gui\\venv2\\lib\\site-packages\\pytz\\zoneinfo\\Europe\\Minsk', 'pytz\\zoneinfo\\Europe'), ('c:\\users\\hatzakis group\\pycharmprojects\\deepfret-gui\\venv2\\lib\\site-packages\\pytz\\zoneinfo\\Europe\\Monaco', 'pytz\\zoneinfo\\Europe'), ('c:\\users\\hatzakis group\\pycharmprojects\\deepfret-gui\\venv2\\lib\\site-packages\\pytz\\zoneinfo\\Europe\\Moscow', 'pytz\\zoneinfo\\Europe'), ('c:\\users\\hatzakis group\\pycharmprojects\\deepfret-gui\\venv2\\lib\\site-packages\\pytz\\zoneinfo\\Europe\\Nicosia', 'pytz\\zoneinfo\\Europe'), ('c:\\users\\hatzakis group\\pycharmprojects\\deepfret-gui\\venv2\\lib\\site-packages\\pytz\\zoneinfo\\Europe\\Oslo', 'pytz\\zoneinfo\\Europe'), ('c:\\users\\hatzakis group\\pycharmprojects\\deepfret-gui\\venv2\\lib\\site-packages\\pytz\\zoneinfo\\Europe\\Paris', 'pytz\\zoneinfo\\Europe'), ('c:\\users\\hatzakis group\\pycharmprojects\\deepfret-gui\\venv2\\lib\\site-packages\\pytz\\zoneinfo\\Europe\\Podgorica', 'pytz\\zoneinfo\\Europe'), ('c:\\users\\hatzakis group\\pycharmprojects\\deepfret-gui\\venv2\\lib\\site-packages\\pytz\\zoneinfo\\Europe\\Prague', 'pytz\\zoneinfo\\Europe'), ('c:\\users\\hatzakis group\\pycharmprojects\\deepfret-gui\\venv2\\lib\\site-packages\\pytz\\zoneinfo\\Europe\\Riga', 'pytz\\zoneinfo\\Europe'), ('c:\\users\\hatzakis group\\pycharmprojects\\deepfret-gui\\venv2\\lib\\site-packages\\pytz\\zoneinfo\\Europe\\Rome', 'pytz\\zoneinfo\\Europe'), ('c:\\users\\hatzakis group\\pycharmprojects\\deepfret-gui\\venv2\\lib\\site-packages\\pytz\\zoneinfo\\Europe\\Samara', 'pytz\\zoneinfo\\Europe'), ('c:\\users\\hatzakis group\\pycharmprojects\\deepfret-gui\\venv2\\lib\\site-packages\\pytz\\zoneinfo\\Europe\\San_Marino', 'pytz\\zoneinfo\\Europe'), ('c:\\users\\hatzakis group\\pycharmprojects\\deepfret-gui\\venv2\\lib\\site-packages\\pytz\\zoneinfo\\Europe\\Sarajevo', 'pytz\\zoneinfo\\Europe'), ('c:\\users\\hatzakis group\\pycharmprojects\\deepfret-gui\\venv2\\lib\\site-packages\\pytz\\zoneinfo\\Europe\\Saratov', 'pytz\\zoneinfo\\Europe'), ('c:\\users\\hatzakis group\\pycharmprojects\\deepfret-gui\\venv2\\lib\\site-packages\\pytz\\zoneinfo\\Europe\\Simferopol', 'pytz\\zoneinfo\\Europe'), ('c:\\users\\hatzakis group\\pycharmprojects\\deepfret-gui\\venv2\\lib\\site-packages\\pytz\\zoneinfo\\Europe\\Skopje', 'pytz\\zoneinfo\\Europe'), ('c:\\users\\hatzakis group\\pycharmprojects\\deepfret-gui\\venv2\\lib\\site-packages\\pytz\\zoneinfo\\Europe\\Sofia', 'pytz\\zoneinfo\\Europe'), ('c:\\users\\hatzakis group\\pycharmprojects\\deepfret-gui\\venv2\\lib\\site-packages\\pytz\\zoneinfo\\Europe\\Stockholm', 'pytz\\zoneinfo\\Europe'), ('c:\\users\\hatzakis group\\pycharmprojects\\deepfret-gui\\venv2\\lib\\site-packages\\pytz\\zoneinfo\\Europe\\Tallinn', 'pytz\\zoneinfo\\Europe'), ('c:\\users\\hatzakis group\\pycharmprojects\\deepfret-gui\\venv2\\lib\\site-packages\\pytz\\zoneinfo\\Europe\\Tirane', 'pytz\\zoneinfo\\Europe'), ('c:\\users\\hatzakis group\\pycharmprojects\\deepfret-gui\\venv2\\lib\\site-packages\\pytz\\zoneinfo\\Europe\\Tiraspol', 'pytz\\zoneinfo\\Europe'), ('c:\\users\\hatzakis group\\pycharmprojects\\deepfret-gui\\venv2\\lib\\site-packages\\pytz\\zoneinfo\\Europe\\Ulyanovsk', 'pytz\\zoneinfo\\Europe'), ('c:\\users\\hatzakis group\\pycharmprojects\\deepfret-gui\\venv2\\lib\\site-packages\\pytz\\zoneinfo\\Europe\\Uzhgorod', 'pytz\\zoneinfo\\Europe'), ('c:\\users\\hatzakis group\\pycharmprojects\\deepfret-gui\\venv2\\lib\\site-packages\\pytz\\zoneinfo\\Europe\\Vaduz', 'pytz\\zoneinfo\\Europe'), ('c:\\users\\hatzakis group\\pycharmprojects\\deepfret-gui\\venv2\\lib\\site-packages\\pytz\\zoneinfo\\Europe\\Vatican', 'pytz\\zoneinfo\\Europe'), ('c:\\users\\hatzakis group\\pycharmprojects\\deepfret-gui\\venv2\\lib\\site-packages\\pytz\\zoneinfo\\Europe\\Vienna', 'pytz\\zoneinfo\\Europe'), ('c:\\users\\hatzakis group\\pycharmprojects\\deepfret-gui\\venv2\\lib\\site-packages\\pytz\\zoneinfo\\Europe\\Vilnius', 'pytz\\zoneinfo\\Europe'), ('c:\\users\\hatzakis group\\pycharmprojects\\deepfret-gui\\venv2\\lib\\site-packages\\pytz\\zoneinfo\\Europe\\Volgograd', 'pytz\\zoneinfo\\Europe'), ('c:\\users\\hatzakis group\\pycharmprojects\\deepfret-gui\\venv2\\lib\\site-packages\\pytz\\zoneinfo\\Europe\\Warsaw', 'pytz\\zoneinfo\\Europe'), ('c:\\users\\hatzakis group\\pycharmprojects\\deepfret-gui\\venv2\\lib\\site-packages\\pytz\\zoneinfo\\Europe\\Zagreb', 'pytz\\zoneinfo\\Europe'), ('c:\\users\\hatzakis group\\pycharmprojects\\deepfret-gui\\venv2\\lib\\site-packages\\pytz\\zoneinfo\\Europe\\Zaporozhye', 'pytz\\zoneinfo\\Europe'), ('c:\\users\\hatzakis group\\pycharmprojects\\deepfret-gui\\venv2\\lib\\site-packages\\pytz\\zoneinfo\\Europe\\Zurich', 'pytz\\zoneinfo\\Europe'), ('c:\\users\\hatzakis group\\pycharmprojects\\deepfret-gui\\venv2\\lib\\site-packages\\pytz\\zoneinfo\\Indian\\Antananarivo', 'pytz\\zoneinfo\\Indian'), ('c:\\users\\hatzakis group\\pycharmprojects\\deepfret-gui\\venv2\\lib\\site-packages\\pytz\\zoneinfo\\Indian\\Chagos', 'pytz\\zoneinfo\\Indian'), ('c:\\users\\hatzakis group\\pycharmprojects\\deepfret-gui\\venv2\\lib\\site-packages\\pytz\\zoneinfo\\Indian\\Christmas', 'pytz\\zoneinfo\\Indian'), ('c:\\users\\hatzakis group\\pycharmprojects\\deepfret-gui\\venv2\\lib\\site-packages\\pytz\\zoneinfo\\Indian\\Cocos', 'pytz\\zoneinfo\\Indian'), ('c:\\users\\hatzakis group\\pycharmprojects\\deepfret-gui\\venv2\\lib\\site-packages\\pytz\\zoneinfo\\Indian\\Comoro', 'pytz\\zoneinfo\\Indian'), ('c:\\users\\hatzakis group\\pycharmprojects\\deepfret-gui\\venv2\\lib\\site-packages\\pytz\\zoneinfo\\Indian\\Kerguelen', 'pytz\\zoneinfo\\Indian'), ('c:\\users\\hatzakis group\\pycharmprojects\\deepfret-gui\\venv2\\lib\\site-packages\\pytz\\zoneinfo\\Indian\\Mahe', 'pytz\\zoneinfo\\Indian'), ('c:\\users\\hatzakis group\\pycharmprojects\\deepfret-gui\\venv2\\lib\\site-packages\\pytz\\zoneinfo\\Indian\\Maldives', 'pytz\\zoneinfo\\Indian'), ('c:\\users\\hatzakis group\\pycharmprojects\\deepfret-gui\\venv2\\lib\\site-packages\\pytz\\zoneinfo\\Indian\\Mauritius', 'pytz\\zoneinfo\\Indian'), ('c:\\users\\hatzakis group\\pycharmprojects\\deepfret-gui\\venv2\\lib\\site-packages\\pytz\\zoneinfo\\Indian\\Mayotte', 'pytz\\zoneinfo\\Indian'), ('c:\\users\\hatzakis group\\pycharmprojects\\deepfret-gui\\venv2\\lib\\site-packages\\pytz\\zoneinfo\\Indian\\Reunion', 'pytz\\zoneinfo\\Indian'), ('c:\\users\\hatzakis group\\pycharmprojects\\deepfret-gui\\venv2\\lib\\site-packages\\pytz\\zoneinfo\\Mexico\\BajaNorte', 'pytz\\zoneinfo\\Mexico'), ('c:\\users\\hatzakis group\\pycharmprojects\\deepfret-gui\\venv2\\lib\\site-packages\\pytz\\zoneinfo\\Mexico\\BajaSur', 'pytz\\zoneinfo\\Mexico'), ('c:\\users\\hatzakis group\\pycharmprojects\\deepfret-gui\\venv2\\lib\\site-packages\\pytz\\zoneinfo\\Mexico\\General', 'pytz\\zoneinfo\\Mexico'), ('c:\\users\\hatzakis group\\pycharmprojects\\deepfret-gui\\venv2\\lib\\site-packages\\pytz\\zoneinfo\\Pacific\\Apia', 'pytz\\zoneinfo\\Pacific'), ('c:\\users\\hatzakis group\\pycharmprojects\\deepfret-gui\\venv2\\lib\\site-packages\\pytz\\zoneinfo\\Pacific\\Auckland', 'pytz\\zoneinfo\\Pacific'), ('c:\\users\\hatzakis group\\pycharmprojects\\deepfret-gui\\venv2\\lib\\site-packages\\pytz\\zoneinfo\\Pacific\\Bougainville', 'pytz\\zoneinfo\\Pacific'), ('c:\\users\\hatzakis group\\pycharmprojects\\deepfret-gui\\venv2\\lib\\site-packages\\pytz\\zoneinfo\\Pacific\\Chatham', 'pytz\\zoneinfo\\Pacific'), ('c:\\users\\hatzakis group\\pycharmprojects\\deepfret-gui\\venv2\\lib\\site-packages\\pytz\\zoneinfo\\Pacific\\Chuuk', 'pytz\\zoneinfo\\Pacific'), ('c:\\users\\hatzakis group\\pycharmprojects\\deepfret-gui\\venv2\\lib\\site-packages\\pytz\\zoneinfo\\Pacific\\Easter', 'pytz\\zoneinfo\\Pacific'), ('c:\\users\\hatzakis group\\pycharmprojects\\deepfret-gui\\venv2\\lib\\site-packages\\pytz\\zoneinfo\\Pacific\\Efate', 'pytz\\zoneinfo\\Pacific'), ('c:\\users\\hatzakis group\\pycharmprojects\\deepfret-gui\\venv2\\lib\\site-packages\\pytz\\zoneinfo\\Pacific\\Enderbury', 'pytz\\zoneinfo\\Pacific'), ('c:\\users\\hatzakis group\\pycharmprojects\\deepfret-gui\\venv2\\lib\\site-packages\\pytz\\zoneinfo\\Pacific\\Fakaofo', 'pytz\\zoneinfo\\Pacific'), ('c:\\users\\hatzakis group\\pycharmprojects\\deepfret-gui\\venv2\\lib\\site-packages\\pytz\\zoneinfo\\Pacific\\Fiji', 'pytz\\zoneinfo\\Pacific'), ('c:\\users\\hatzakis group\\pycharmprojects\\deepfret-gui\\venv2\\lib\\site-packages\\pytz\\zoneinfo\\Pacific\\Funafuti', 'pytz\\zoneinfo\\Pacific'), ('c:\\users\\hatzakis group\\pycharmprojects\\deepfret-gui\\venv2\\lib\\site-packages\\pytz\\zoneinfo\\Pacific\\Galapagos', 'pytz\\zoneinfo\\Pacific'), ('c:\\users\\hatzakis group\\pycharmprojects\\deepfret-gui\\venv2\\lib\\site-packages\\pytz\\zoneinfo\\Pacific\\Gambier', 'pytz\\zoneinfo\\Pacific'), ('c:\\users\\hatzakis group\\pycharmprojects\\deepfret-gui\\venv2\\lib\\site-packages\\pytz\\zoneinfo\\Pacific\\Guadalcanal', 'pytz\\zoneinfo\\Pacific'), ('c:\\users\\hatzakis group\\pycharmprojects\\deepfret-gui\\venv2\\lib\\site-packages\\pytz\\zoneinfo\\Pacific\\Guam', 'pytz\\zoneinfo\\Pacific'), ('c:\\users\\hatzakis group\\pycharmprojects\\deepfret-gui\\venv2\\lib\\site-packages\\pytz\\zoneinfo\\Pacific\\Honolulu', 'pytz\\zoneinfo\\Pacific'), ('c:\\users\\hatzakis group\\pycharmprojects\\deepfret-gui\\venv2\\lib\\site-packages\\pytz\\zoneinfo\\Pacific\\Johnston', 'pytz\\zoneinfo\\Pacific'), ('c:\\users\\hatzakis group\\pycharmprojects\\deepfret-gui\\venv2\\lib\\site-packages\\pytz\\zoneinfo\\Pacific\\Kiritimati', 'pytz\\zoneinfo\\Pacific'), ('c:\\users\\hatzakis group\\pycharmprojects\\deepfret-gui\\venv2\\lib\\site-packages\\pytz\\zoneinfo\\Pacific\\Kosrae', 'pytz\\zoneinfo\\Pacific'), ('c:\\users\\hatzakis group\\pycharmprojects\\deepfret-gui\\venv2\\lib\\site-packages\\pytz\\zoneinfo\\Pacific\\Kwajalein', 'pytz\\zoneinfo\\Pacific'), ('c:\\users\\hatzakis group\\pycharmprojects\\deepfret-gui\\venv2\\lib\\site-packages\\pytz\\zoneinfo\\Pacific\\Majuro', 'pytz\\zoneinfo\\Pacific'), ('c:\\users\\hatzakis group\\pycharmprojects\\deepfret-gui\\venv2\\lib\\site-packages\\pytz\\zoneinfo\\Pacific\\Marquesas', 'pytz\\zoneinfo\\Pacific'), ('c:\\users\\hatzakis group\\pycharmprojects\\deepfret-gui\\venv2\\lib\\site-packages\\pytz\\zoneinfo\\Pacific\\Midway', 'pytz\\zoneinfo\\Pacific'), ('c:\\users\\hatzakis group\\pycharmprojects\\deepfret-gui\\venv2\\lib\\site-packages\\pytz\\zoneinfo\\Pacific\\Nauru', 'pytz\\zoneinfo\\Pacific'), ('c:\\users\\hatzakis group\\pycharmprojects\\deepfret-gui\\venv2\\lib\\site-packages\\pytz\\zoneinfo\\Pacific\\Niue', 'pytz\\zoneinfo\\Pacific'), ('c:\\users\\hatzakis group\\pycharmprojects\\deepfret-gui\\venv2\\lib\\site-packages\\pytz\\zoneinfo\\Pacific\\Norfolk', 'pytz\\zoneinfo\\Pacific'), ('c:\\users\\hatzakis group\\pycharmprojects\\deepfret-gui\\venv2\\lib\\site-packages\\pytz\\zoneinfo\\Pacific\\Noumea', 'pytz\\zoneinfo\\Pacific'), ('c:\\users\\hatzakis group\\pycharmprojects\\deepfret-gui\\venv2\\lib\\site-packages\\pytz\\zoneinfo\\Pacific\\Pago_Pago', 'pytz\\zoneinfo\\Pacific'), ('c:\\users\\hatzakis group\\pycharmprojects\\deepfret-gui\\venv2\\lib\\site-packages\\pytz\\zoneinfo\\Pacific\\Palau', 'pytz\\zoneinfo\\Pacific'), ('c:\\users\\hatzakis group\\pycharmprojects\\deepfret-gui\\venv2\\lib\\site-packages\\pytz\\zoneinfo\\Pacific\\Pitcairn', 'pytz\\zoneinfo\\Pacific'), ('c:\\users\\hatzakis group\\pycharmprojects\\deepfret-gui\\venv2\\lib\\site-packages\\pytz\\zoneinfo\\Pacific\\Pohnpei', 'pytz\\zoneinfo\\Pacific'), ('c:\\users\\hatzakis group\\pycharmprojects\\deepfret-gui\\venv2\\lib\\site-packages\\pytz\\zoneinfo\\Pacific\\Ponape', 'pytz\\zoneinfo\\Pacific'), ('c:\\users\\hatzakis group\\pycharmprojects\\deepfret-gui\\venv2\\lib\\site-packages\\pytz\\zoneinfo\\Pacific\\Port_Moresby', 'pytz\\zoneinfo\\Pacific'), ('c:\\users\\hatzakis group\\pycharmprojects\\deepfret-gui\\venv2\\lib\\site-packages\\pytz\\zoneinfo\\Pacific\\Rarotonga', 'pytz\\zoneinfo\\Pacific'), ('c:\\users\\hatzakis group\\pycharmprojects\\deepfret-gui\\venv2\\lib\\site-packages\\pytz\\zoneinfo\\Pacific\\Saipan', 'pytz\\zoneinfo\\Pacific'), ('c:\\users\\hatzakis group\\pycharmprojects\\deepfret-gui\\venv2\\lib\\site-packages\\pytz\\zoneinfo\\Pacific\\Samoa', 'pytz\\zoneinfo\\Pacific'), ('c:\\users\\hatzakis group\\pycharmprojects\\deepfret-gui\\venv2\\lib\\site-packages\\pytz\\zoneinfo\\Pacific\\Tahiti', 'pytz\\zoneinfo\\Pacific'), ('c:\\users\\hatzakis group\\pycharmprojects\\deepfret-gui\\venv2\\lib\\site-packages\\pytz\\zoneinfo\\Pacific\\Tarawa', 'pytz\\zoneinfo\\Pacific'), ('c:\\users\\hatzakis group\\pycharmprojects\\deepfret-gui\\venv2\\lib\\site-packages\\pytz\\zoneinfo\\Pacific\\Tongatapu', 'pytz\\zoneinfo\\Pacific'), ('c:\\users\\hatzakis group\\pycharmprojects\\deepfret-gui\\venv2\\lib\\site-packages\\pytz\\zoneinfo\\Pacific\\Truk', 'pytz\\zoneinfo\\Pacific'), ('c:\\users\\hatzakis group\\pycharmprojects\\deepfret-gui\\venv2\\lib\\site-packages\\pytz\\zoneinfo\\Pacific\\Wake', 'pytz\\zoneinfo\\Pacific'), ('c:\\users\\hatzakis group\\pycharmprojects\\deepfret-gui\\venv2\\lib\\site-packages\\pytz\\zoneinfo\\Pacific\\Wallis', 'pytz\\zoneinfo\\Pacific'), ('c:\\users\\hatzakis group\\pycharmprojects\\deepfret-gui\\venv2\\lib\\site-packages\\pytz\\zoneinfo\\Pacific\\Yap', 'pytz\\zoneinfo\\Pacific'), ('c:\\users\\hatzakis group\\pycharmprojects\\deepfret-gui\\venv2\\lib\\site-packages\\pytz\\zoneinfo\\US\\Alaska', 'pytz\\zoneinfo\\US'), ('c:\\users\\hatzakis group\\pycharmprojects\\deepfret-gui\\venv2\\lib\\site-packages\\pytz\\zoneinfo\\US\\Aleutian', 'pytz\\zoneinfo\\US'), ('c:\\users\\hatzakis group\\pycharmprojects\\deepfret-gui\\venv2\\lib\\site-packages\\pytz\\zoneinfo\\US\\Arizona', 'pytz\\zoneinfo\\US'), ('c:\\users\\hatzakis group\\pycharmprojects\\deepfret-gui\\venv2\\lib\\site-packages\\pytz\\zoneinfo\\US\\Central', 'pytz\\zoneinfo\\US'), ('c:\\users\\hatzakis group\\pycharmprojects\\deepfret-gui\\venv2\\lib\\site-packages\\pytz\\zoneinfo\\US\\East-Indiana', 'pytz\\zoneinfo\\US'), ('c:\\users\\hatzakis group\\pycharmprojects\\deepfret-gui\\venv2\\lib\\site-packages\\pytz\\zoneinfo\\US\\Eastern', 'pytz\\zoneinfo\\US'), ('c:\\users\\hatzakis group\\pycharmprojects\\deepfret-gui\\venv2\\lib\\site-packages\\pytz\\zoneinfo\\US\\Hawaii', 'pytz\\zoneinfo\\US'), ('c:\\users\\hatzakis group\\pycharmprojects\\deepfret-gui\\venv2\\lib\\site-packages\\pytz\\zoneinfo\\US\\Indiana-Starke', 'pytz\\zoneinfo\\US'), ('c:\\users\\hatzakis group\\pycharmprojects\\deepfret-gui\\venv2\\lib\\site-packages\\pytz\\zoneinfo\\US\\Michigan', 'pytz\\zoneinfo\\US'), ('c:\\users\\hatzakis group\\pycharmprojects\\deepfret-gui\\venv2\\lib\\site-packages\\pytz\\zoneinfo\\US\\Mountain', 'pytz\\zoneinfo\\US'), ('c:\\users\\hatzakis group\\pycharmprojects\\deepfret-gui\\venv2\\lib\\site-packages\\pytz\\zoneinfo\\US\\Pacific', 'pytz\\zoneinfo\\US'), ('c:\\users\\hatzakis group\\pycharmprojects\\deepfret-gui\\venv2\\lib\\site-packages\\pytz\\zoneinfo\\US\\Samoa', 'pytz\\zoneinfo\\US')]
80567 INFO: Loading module hook "hook-pywintypes.py"...
80848 INFO: Loading module hook "hook-pywt.py"...
80848 INFO: Loading module hook "hook-scipy.io.matlab.py"...
80848 INFO: Loading module hook "hook-scipy.linalg.py"...
80848 INFO: Loading module hook "hook-scipy.py"...
80848 INFO: Loading module hook "hook-scipy.sparse.csgraph.py"...
80863 INFO: Loading module hook "hook-scipy.special._ellip_harm_2.py"...
80863 INFO: Loading module hook "hook-scipy.special._ufuncs.py"...
80863 INFO: Loading module hook "hook-setuptools.py"...
80863 DEBUG: Collecting submodules for setuptools._vendor
81207 DEBUG: collect_submodules - Found submodules: {'setuptools._vendor.pyparsing', 'setuptools._vendor', 'setuptools._vendor.six', 'setuptools._vendor.packaging.version', 'setuptools._vendor.packaging', 'setuptools._vendor.packaging.requirements', 'setuptools._vendor.packaging._structures', 'setuptools._vendor.packaging.markers', 'setuptools._vendor.packaging.utils', 'setuptools._vendor.packaging._compat', 'setuptools._vendor.packaging.specifiers', 'setuptools._vendor.packaging.__about__'}
81441 INFO: Loading module hook "hook-shelve.py"...
81441 INFO: Loading module hook "hook-skimage.io.py"...
81441 DEBUG: Collecting data files for skimage.io._plugins
81863 DEBUG: collect_data_files - Found files: [('c:\\users\\hatzakis group\\pycharmprojects\\deepfret-gui\\venv2\\lib\\site-packages\\skimage\\io\\_plugins\\fits_plugin.ini', 'skimage\\io\\_plugins'), ('c:\\users\\hatzakis group\\pycharmprojects\\deepfret-gui\\venv2\\lib\\site-packages\\skimage\\io\\_plugins\\gdal_plugin.ini', 'skimage\\io\\_plugins'), ('c:\\users\\hatzakis group\\pycharmprojects\\deepfret-gui\\venv2\\lib\\site-packages\\skimage\\io\\_plugins\\gtk_plugin.ini', 'skimage\\io\\_plugins'), ('c:\\users\\hatzakis group\\pycharmprojects\\deepfret-gui\\venv2\\lib\\site-packages\\skimage\\io\\_plugins\\imageio_plugin.ini', 'skimage\\io\\_plugins'), ('c:\\users\\hatzakis group\\pycharmprojects\\deepfret-gui\\venv2\\lib\\site-packages\\skimage\\io\\_plugins\\imread_plugin.ini', 'skimage\\io\\_plugins'), ('c:\\users\\hatzakis group\\pycharmprojects\\deepfret-gui\\venv2\\lib\\site-packages\\skimage\\io\\_plugins\\matplotlib_plugin.ini', 'skimage\\io\\_plugins'), ('c:\\users\\hatzakis group\\pycharmprojects\\deepfret-gui\\venv2\\lib\\site-packages\\skimage\\io\\_plugins\\pil_plugin.ini', 'skimage\\io\\_plugins'), ('c:\\users\\hatzakis group\\pycharmprojects\\deepfret-gui\\venv2\\lib\\site-packages\\skimage\\io\\_plugins\\qt_plugin.ini', 'skimage\\io\\_plugins'), ('c:\\users\\hatzakis group\\pycharmprojects\\deepfret-gui\\venv2\\lib\\site-packages\\skimage\\io\\_plugins\\simpleitk_plugin.ini', 'skimage\\io\\_plugins'), ('c:\\users\\hatzakis group\\pycharmprojects\\deepfret-gui\\venv2\\lib\\site-packages\\skimage\\io\\_plugins\\tifffile_plugin.ini', 'skimage\\io\\_plugins')]
81863 DEBUG: Collecting submodules for skimage.io._plugins
81941 DEBUG: collect_submodules - Found submodules: {'skimage.io._plugins.tifffile_plugin', 'skimage.io._plugins.skivi', 'skimage.io._plugins.imageio_plugin', 'skimage.io._plugins._colormixer', 'skimage.io._plugins.util', 'skimage.io._plugins.gdal_plugin', 'skimage.io._plugins.imread_plugin', 'skimage.io._plugins.gtk_plugin', 'skimage.io._plugins.matplotlib_plugin', 'skimage.io._plugins.pil_plugin', 'skimage.io._plugins', 'skimage.io._plugins.q_color_mixer', 'skimage.io._plugins.q_histogram', 'skimage.io._plugins.qt_plugin', 'skimage.io._plugins.simpleitk_plugin', 'skimage.io._plugins.fits_plugin', 'skimage.io._plugins._histograms'}
82738 INFO: Loading module hook "hook-skimage.transform.py"...
82738 DEBUG: Collecting data files for skimage
82754 DEBUG: collect_data_files - Found files: [('c:\\users\\hatzakis group\\pycharmprojects\\deepfret-gui\\venv2\\lib\\site-packages\\skimage\\color\\tests\\ciede2000_test_data.txt', 'skimage\\color\\tests'), ('c:\\users\\hatzakis group\\pycharmprojects\\deepfret-gui\\venv2\\lib\\site-packages\\skimage\\color\\tests\\data\\lab_array_a_2.npy', 'skimage\\color\\tests\\data'), ('c:\\users\\hatzakis group\\pycharmprojects\\deepfret-gui\\venv2\\lib\\site-packages\\skimage\\color\\tests\\data\\lab_array_d50_10.npy', 'skimage\\color\\tests\\data'), ('c:\\users\\hatzakis group\\pycharmprojects\\deepfret-gui\\venv2\\lib\\site-packages\\skimage\\color\\tests\\data\\lab_array_d50_2.npy', 'skimage\\color\\tests\\data'), ('c:\\users\\hatzakis group\\pycharmprojects\\deepfret-gui\\venv2\\lib\\site-packages\\skimage\\color\\tests\\data\\lab_array_d55_10.npy', 'skimage\\color\\tests\\data'), ('c:\\users\\hatzakis group\\pycharmprojects\\deepfret-gui\\venv2\\lib\\site-packages\\skimage\\color\\tests\\data\\lab_array_d55_2.npy', 'skimage\\color\\tests\\data'), ('c:\\users\\hatzakis group\\pycharmprojects\\deepfret-gui\\venv2\\lib\\site-packages\\skimage\\color\\tests\\data\\lab_array_d65_10.npy', 'skimage\\color\\tests\\data'), ('c:\\users\\hatzakis group\\pycharmprojects\\deepfret-gui\\venv2\\lib\\site-packages\\skimage\\color\\tests\\data\\lab_array_d65_2.npy', 'skimage\\color\\tests\\data'), ('c:\\users\\hatzakis group\\pycharmprojects\\deepfret-gui\\venv2\\lib\\site-packages\\skimage\\color\\tests\\data\\lab_array_d75_10.npy', 'skimage\\color\\tests\\data'), ('c:\\users\\hatzakis group\\pycharmprojects\\deepfret-gui\\venv2\\lib\\site-packages\\skimage\\color\\tests\\data\\lab_array_d75_2.npy', 'skimage\\color\\tests\\data'), ('c:\\users\\hatzakis group\\pycharmprojects\\deepfret-gui\\venv2\\lib\\site-packages\\skimage\\color\\tests\\data\\lab_array_e_2.npy', 'skimage\\color\\tests\\data'), ('c:\\users\\hatzakis group\\pycharmprojects\\deepfret-gui\\venv2\\lib\\site-packages\\skimage\\color\\tests\\data\\luv_array_a_2.npy', 'skimage\\color\\tests\\data'), ('c:\\users\\hatzakis group\\pycharmprojects\\deepfret-gui\\venv2\\lib\\site-packages\\skimage\\color\\tests\\data\\luv_array_d50_10.npy', 'skimage\\color\\tests\\data'), ('c:\\users\\hatzakis group\\pycharmprojects\\deepfret-gui\\venv2\\lib\\site-packages\\skimage\\color\\tests\\data\\luv_array_d50_2.npy', 'skimage\\color\\tests\\data'), ('c:\\users\\hatzakis group\\pycharmprojects\\deepfret-gui\\venv2\\lib\\site-packages\\skimage\\color\\tests\\data\\luv_array_d55_10.npy', 'skimage\\color\\tests\\data'), ('c:\\users\\hatzakis group\\pycharmprojects\\deepfret-gui\\venv2\\lib\\site-packages\\skimage\\color\\tests\\data\\luv_array_d55_2.npy', 'skimage\\color\\tests\\data'), ('c:\\users\\hatzakis group\\pycharmprojects\\deepfret-gui\\venv2\\lib\\site-packages\\skimage\\color\\tests\\data\\luv_array_d65_10.npy', 'skimage\\color\\tests\\data'), ('c:\\users\\hatzakis group\\pycharmprojects\\deepfret-gui\\venv2\\lib\\site-packages\\skimage\\color\\tests\\data\\luv_array_d65_2.npy', 'skimage\\color\\tests\\data'), ('c:\\users\\hatzakis group\\pycharmprojects\\deepfret-gui\\venv2\\lib\\site-packages\\skimage\\color\\tests\\data\\luv_array_d75_10.npy', 'skimage\\color\\tests\\data'), ('c:\\users\\hatzakis group\\pycharmprojects\\deepfret-gui\\venv2\\lib\\site-packages\\skimage\\color\\tests\\data\\luv_array_d75_2.npy', 'skimage\\color\\tests\\data'), ('c:\\users\\hatzakis group\\pycharmprojects\\deepfret-gui\\venv2\\lib\\site-packages\\skimage\\color\\tests\\data\\luv_array_e_2.npy', 'skimage\\color\\tests\\data'), ('c:\\users\\hatzakis group\\pycharmprojects\\deepfret-gui\\venv2\\lib\\site-packages\\skimage\\data\\astronaut.png', 'skimage\\data'), ('c:\\users\\hatzakis group\\pycharmprojects\\deepfret-gui\\venv2\\lib\\site-packages\\skimage\\data\\astronaut_GRAY_hog_L1.npy', 'skimage\\data'), ('c:\\users\\hatzakis group\\pycharmprojects\\deepfret-gui\\venv2\\lib\\site-packages\\skimage\\data\\astronaut_GRAY_hog_L2-Hys.npy', 'skimage\\data'), ('c:\\users\\hatzakis group\\pycharmprojects\\deepfret-gui\\venv2\\lib\\site-packages\\skimage\\data\\block.png', 'skimage\\data'), ('c:\\users\\hatzakis group\\pycharmprojects\\deepfret-gui\\venv2\\lib\\site-packages\\skimage\\data\\brick.png', 'skimage\\data'), ('c:\\users\\hatzakis group\\pycharmprojects\\deepfret-gui\\venv2\\lib\\site-packages\\skimage\\data\\bw_text.png', 'skimage\\data'), ('c:\\users\\hatzakis group\\pycharmprojects\\deepfret-gui\\venv2\\lib\\site-packages\\skimage\\data\\bw_text_skeleton.npy', 'skimage\\data'), ('c:\\users\\hatzakis group\\pycharmprojects\\deepfret-gui\\venv2\\lib\\site-packages\\skimage\\data\\camera.png', 'skimage\\data'), ('c:\\users\\hatzakis group\\pycharmprojects\\deepfret-gui\\venv2\\lib\\site-packages\\skimage\\data\\checker_bilevel.png', 'skimage\\data'), ('c:\\users\\hatzakis group\\pycharmprojects\\deepfret-gui\\venv2\\lib\\site-packages\\skimage\\data\\chelsea.png', 'skimage\\data'), ('c:\\users\\hatzakis group\\pycharmprojects\\deepfret-gui\\venv2\\lib\\site-packages\\skimage\\data\\chessboard_GRAY.png', 'skimage\\data'), ('c:\\users\\hatzakis group\\pycharmprojects\\deepfret-gui\\venv2\\lib\\site-packages\\skimage\\data\\chessboard_GRAY_U16.tif', 'skimage\\data'), ('c:\\users\\hatzakis group\\pycharmprojects\\deepfret-gui\\venv2\\lib\\site-packages\\skimage\\data\\chessboard_GRAY_U16B.tif', 'skimage\\data'), ('c:\\users\\hatzakis group\\pycharmprojects\\deepfret-gui\\venv2\\lib\\site-packages\\skimage\\data\\chessboard_GRAY_U8.npy', 'skimage\\data'), ('c:\\users\\hatzakis group\\pycharmprojects\\deepfret-gui\\venv2\\lib\\site-packages\\skimage\\data\\chessboard_GRAY_U8.npz', 'skimage\\data'), ('c:\\users\\hatzakis group\\pycharmprojects\\deepfret-gui\\venv2\\lib\\site-packages\\skimage\\data\\chessboard_RGB.png', 'skimage\\data'), ('c:\\users\\hatzakis group\\pycharmprojects\\deepfret-gui\\venv2\\lib\\site-packages\\skimage\\data\\chessboard_RGB_U8.npy', 'skimage\\data'), ('c:\\users\\hatzakis group\\pycharmprojects\\deepfret-gui\\venv2\\lib\\site-packages\\skimage\\data\\chessboard_RGB_U8.npz', 'skimage\\data'), ('c:\\users\\hatzakis group\\pycharmprojects\\deepfret-gui\\venv2\\lib\\site-packages\\skimage\\data\\clock_motion.png', 'skimage\\data'), ('c:\\users\\hatzakis group\\pycharmprojects\\deepfret-gui\\venv2\\lib\\site-packages\\skimage\\data\\coffee.png', 'skimage\\data'), ('c:\\users\\hatzakis group\\pycharmprojects\\deepfret-gui\\venv2\\lib\\site-packages\\skimage\\data\\coins.png', 'skimage\\data'), ('c:\\users\\hatzakis group\\pycharmprojects\\deepfret-gui\\venv2\\lib\\site-packages\\skimage\\data\\color.png', 'skimage\\data'), ('c:\\users\\hatzakis group\\pycharmprojects\\deepfret-gui\\venv2\\lib\\site-packages\\skimage\\data\\diamond-matlab-output.npz', 'skimage\\data'), ('c:\\users\\hatzakis group\\pycharmprojects\\deepfret-gui\\venv2\\lib\\site-packages\\skimage\\data\\disk-matlab-output.npz', 'skimage\\data'), ('c:\\users\\hatzakis group\\pycharmprojects\\deepfret-gui\\venv2\\lib\\site-packages\\skimage\\data\\foo3x5x4indexed.png', 'skimage\\data'), ('c:\\users\\hatzakis group\\pycharmprojects\\deepfret-gui\\venv2\\lib\\site-packages\\skimage\\data\\grass.png', 'skimage\\data'), ('c:\\users\\hatzakis group\\pycharmprojects\\deepfret-gui\\venv2\\lib\\site-packages\\skimage\\data\\gray_morph_output.npz', 'skimage\\data'), ('c:\\users\\hatzakis group\\pycharmprojects\\deepfret-gui\\venv2\\lib\\site-packages\\skimage\\data\\green_palette.png', 'skimage\\data'), ('c:\\users\\hatzakis group\\pycharmprojects\\deepfret-gui\\venv2\\lib\\site-packages\\skimage\\data\\horse.png', 'skimage\\data'), ('c:\\users\\hatzakis group\\pycharmprojects\\deepfret-gui\\venv2\\lib\\site-packages\\skimage\\data\\hubble_deep_field.jpg', 'skimage\\data'), ('c:\\users\\hatzakis group\\pycharmprojects\\deepfret-gui\\venv2\\lib\\site-packages\\skimage\\data\\ihc.png', 'skimage\\data'), ('c:\\users\\hatzakis group\\pycharmprojects\\deepfret-gui\\venv2\\lib\\site-packages\\skimage\\data\\lbpcascade_frontalface_opencv.xml', 'skimage\\data'), ('c:\\users\\hatzakis group\\pycharmprojects\\deepfret-gui\\venv2\\lib\\site-packages\\skimage\\data\\lfw_subset.npy', 'skimage\\data'), ('c:\\users\\hatzakis group\\pycharmprojects\\deepfret-gui\\venv2\\lib\\site-packages\\skimage\\data\\logo.png', 'skimage\\data'), ('c:\\users\\hatzakis group\\pycharmprojects\\deepfret-gui\\venv2\\lib\\site-packages\\skimage\\data\\microaneurysms.png', 'skimage\\data'), ('c:\\users\\hatzakis group\\pycharmprojects\\deepfret-gui\\venv2\\lib\\site-packages\\skimage\\data\\moon.png', 'skimage\\data'), ('c:\\users\\hatzakis group\\pycharmprojects\\deepfret-gui\\venv2\\lib\\site-packages\\skimage\\data\\motorcycle_disp.npz', 'skimage\\data'), ('c:\\users\\hatzakis group\\pycharmprojects\\deepfret-gui\\venv2\\lib\\site-packages\\skimage\\data\\motorcycle_left.png', 'skimage\\data'), ('c:\\users\\hatzakis group\\pycharmprojects\\deepfret-gui\\venv2\\lib\\site-packages\\skimage\\data\\motorcycle_right.png', 'skimage\\data'), ('c:\\users\\hatzakis group\\pycharmprojects\\deepfret-gui\\venv2\\lib\\site-packages\\skimage\\data\\mssim_matlab_output.npz', 'skimage\\data'), ('c:\\users\\hatzakis group\\pycharmprojects\\deepfret-gui\\venv2\\lib\\site-packages\\skimage\\data\\multi.fits', 'skimage\\data'), ('c:\\users\\hatzakis group\\pycharmprojects\\deepfret-gui\\venv2\\lib\\site-packages\\skimage\\data\\multipage.tif', 'skimage\\data'), ('c:\\users\\hatzakis group\\pycharmprojects\\deepfret-gui\\venv2\\lib\\site-packages\\skimage\\data\\multipage_rgb.tif', 'skimage\\data'), ('c:\\users\\hatzakis group\\pycharmprojects\\deepfret-gui\\venv2\\lib\\site-packages\\skimage\\data\\no_time_for_that_tiny.gif', 'skimage\\data'), ('c:\\users\\hatzakis group\\pycharmprojects\\deepfret-gui\\venv2\\lib\\site-packages\\skimage\\data\\orb_descriptor_positions.txt', 'skimage\\data'), ('c:\\users\\hatzakis group\\pycharmprojects\\deepfret-gui\\venv2\\lib\\site-packages\\skimage\\data\\page.png', 'skimage\\data'), ('c:\\users\\hatzakis group\\pycharmprojects\\deepfret-gui\\venv2\\lib\\site-packages\\skimage\\data\\palette_color.png', 'skimage\\data'), ('c:\\users\\hatzakis group\\pycharmprojects\\deepfret-gui\\venv2\\lib\\site-packages\\skimage\\data\\palette_gray.png', 'skimage\\data'), ('c:\\users\\hatzakis group\\pycharmprojects\\deepfret-gui\\venv2\\lib\\site-packages\\skimage\\data\\phantom.png', 'skimage\\data'), ('c:\\users\\hatzakis group\\pycharmprojects\\deepfret-gui\\venv2\\lib\\site-packages\\skimage\\data\\rank_filter_tests.npz', 'skimage\\data'), ('c:\\users\\hatzakis group\\pycharmprojects\\deepfret-gui\\venv2\\lib\\site-packages\\skimage\\data\\retina.jpg', 'skimage\\data'), ('c:\\users\\hatzakis group\\pycharmprojects\\deepfret-gui\\venv2\\lib\\site-packages\\skimage\\data\\rocket.jpg', 'skimage\\data'), ('c:\\users\\hatzakis group\\pycharmprojects\\deepfret-gui\\venv2\\lib\\site-packages\\skimage\\data\\rough-wall.png', 'skimage\\data'), ('c:\\users\\hatzakis group\\pycharmprojects\\deepfret-gui\\venv2\\lib\\site-packages\\skimage\\data\\simple.fits', 'skimage\\data'), ('c:\\users\\hatzakis group\\pycharmprojects\\deepfret-gui\\venv2\\lib\\site-packages\\skimage\\data\\text.png', 'skimage\\data'), ('c:\\users\\hatzakis group\\pycharmprojects\\deepfret-gui\\venv2\\lib\\site-packages\\skimage\\data\\truncated.jpg', 'skimage\\data'), ('c:\\users\\hatzakis group\\pycharmprojects\\deepfret-gui\\venv2\\lib\\site-packages\\skimage\\data\\_blobs_3d_fiji_skeleton.tif', 'skimage\\data'), ('c:\\users\\hatzakis group\\pycharmprojects\\deepfret-gui\\venv2\\lib\\site-packages\\skimage\\feature\\tests\\data\\OriginalX-130Y130.png', 'skimage\\feature\\tests\\data'), ('c:\\users\\hatzakis group\\pycharmprojects\\deepfret-gui\\venv2\\lib\\site-packages\\skimage\\feature\\tests\\data\\OriginalX130Y130.png', 'skimage\\feature\\tests\\data'), ('c:\\users\\hatzakis group\\pycharmprojects\\deepfret-gui\\venv2\\lib\\site-packages\\skimage\\feature\\tests\\data\\OriginalX75Y75.png', 'skimage\\feature\\tests\\data'), ('c:\\users\\hatzakis group\\pycharmprojects\\deepfret-gui\\venv2\\lib\\site-packages\\skimage\\feature\\tests\\data\\TransformedX-130Y130.png', 'skimage\\feature\\tests\\data'), ('c:\\users\\hatzakis group\\pycharmprojects\\deepfret-gui\\venv2\\lib\\site-packages\\skimage\\feature\\tests\\data\\TransformedX130Y130.png', 'skimage\\feature\\tests\\data'), ('c:\\users\\hatzakis group\\pycharmprojects\\deepfret-gui\\venv2\\lib\\site-packages\\skimage\\feature\\tests\\data\\TransformedX75Y75.png', 'skimage\\feature\\tests\\data'), ('c:\\users\\hatzakis group\\pycharmprojects\\deepfret-gui\\venv2\\lib\\site-packages\\skimage\\io\\_plugins\\fits_plugin.ini', 'skimage\\io\\_plugins'), ('c:\\users\\hatzakis group\\pycharmprojects\\deepfret-gui\\venv2\\lib\\site-packages\\skimage\\io\\_plugins\\gdal_plugin.ini', 'skimage\\io\\_plugins'), ('c:\\users\\hatzakis group\\pycharmprojects\\deepfret-gui\\venv2\\lib\\site-packages\\skimage\\io\\_plugins\\gtk_plugin.ini', 'skimage\\io\\_plugins'), ('c:\\users\\hatzakis group\\pycharmprojects\\deepfret-gui\\venv2\\lib\\site-packages\\skimage\\io\\_plugins\\imageio_plugin.ini', 'skimage\\io\\_plugins'), ('c:\\users\\hatzakis group\\pycharmprojects\\deepfret-gui\\venv2\\lib\\site-packages\\skimage\\io\\_plugins\\imread_plugin.ini', 'skimage\\io\\_plugins'), ('c:\\users\\hatzakis group\\pycharmprojects\\deepfret-gui\\venv2\\lib\\site-packages\\skimage\\io\\_plugins\\matplotlib_plugin.ini', 'skimage\\io\\_plugins'), ('c:\\users\\hatzakis group\\pycharmprojects\\deepfret-gui\\venv2\\lib\\site-packages\\skimage\\io\\_plugins\\pil_plugin.ini', 'skimage\\io\\_plugins'), ('c:\\users\\hatzakis group\\pycharmprojects\\deepfret-gui\\venv2\\lib\\site-packages\\skimage\\io\\_plugins\\qt_plugin.ini', 'skimage\\io\\_plugins'), ('c:\\users\\hatzakis group\\pycharmprojects\\deepfret-gui\\venv2\\lib\\site-packages\\skimage\\io\\_plugins\\simpleitk_plugin.ini', 'skimage\\io\\_plugins'), ('c:\\users\\hatzakis group\\pycharmprojects\\deepfret-gui\\venv2\\lib\\site-packages\\skimage\\io\\_plugins\\tifffile_plugin.ini', 'skimage\\io\\_plugins'), ('c:\\users\\hatzakis group\\pycharmprojects\\deepfret-gui\\venv2\\lib\\site-packages\\skimage\\restoration\\tests\\camera_rl.npy', 'skimage\\restoration\\tests'), ('c:\\users\\hatzakis group\\pycharmprojects\\deepfret-gui\\venv2\\lib\\site-packages\\skimage\\restoration\\tests\\camera_unsup.npy', 'skimage\\restoration\\tests'), ('c:\\users\\hatzakis group\\pycharmprojects\\deepfret-gui\\venv2\\lib\\site-packages\\skimage\\restoration\\tests\\camera_unsup2.npy', 'skimage\\restoration\\tests'), ('c:\\users\\hatzakis group\\pycharmprojects\\deepfret-gui\\venv2\\lib\\site-packages\\skimage\\restoration\\tests\\camera_wiener.npy', 'skimage\\restoration\\tests')]
82754 INFO: Loading module hook "hook-sklearn.cluster.py"...
82754 WARNING: Hidden import "sklearn.utils.sparsetools._graph_validation" not found!
82754 WARNING: Hidden import "sklearn.utils.sparsetools._graph_tools" not found!
82754 INFO: Loading module hook "hook-sklearn.metrics.cluster.py"...
82754 WARNING: Hidden import "sklearn.utils.sparsetools._graph_validation" not found!
82754 WARNING: Hidden import "sklearn.utils.sparsetools._graph_tools" not found!
82754 INFO: Loading module hook "hook-sklearn.neighbors.py"...
82754 WARNING: Hidden import "sklearn.utils.sparsetools._graph_validation" not found!
82754 WARNING: Hidden import "sklearn.utils.sparsetools._graph_tools" not found!
82754 INFO: Loading module hook "hook-sklearn.py"...
82769 WARNING: Hidden import "sklearn.utils.sparsetools._graph_validation" not found!
82769 WARNING: Hidden import "sklearn.utils.sparsetools._graph_tools" not found!
82957 INFO: Loading module hook "hook-sklearn.tree.py"...
82957 INFO: Loading module hook "hook-sqlite3.py"...
82957 DEBUG: Collecting submodules for sqlite3
83035 DEBUG: collect_submodules - Found submodules: {'sqlite3.test', 'sqlite3.test.types', 'sqlite3.dbapi2', 'sqlite3.test.transactions', 'sqlite3', 'sqlite3.test.regression', 'sqlite3.test.dbapi', 'sqlite3.test.hooks', 'sqlite3.test.factory', 'sqlite3.test.userfunctions', 'sqlite3.dump', 'sqlite3.test.dump'}
83050 INFO: Loading module hook "hook-sysconfig.py"...
83050 INFO: Loading module hook "hook-tensorflow_core.py"...
83050 DEBUG: Collecting submodules for tensorflow_core
83332 DEBUG: collect_submodules - Found submodules: {'tensorflow_core.compiler', 'tensorflow_core', 'tensorflow_core.python', 'tensorflow_core.contrib', 'tensorflow_core._api', 'tensorflow_core.examples', 'tensorflow_core.lite', 'tensorflow_core.tools', 'tensorflow_core.core'}
83332 DEBUG: Collecting data files for tensorflow_core
83535 DEBUG: collect_data_files - Found files: [('c:\\users\\hatzakis group\\pycharmprojects\\deepfret-gui\\venv2\\lib\\site-packages\\tensorflow_core\\compiler\\tf2xla\\ops\\_xla_ops.so', 'tensorflow_core\\compiler\\tf2xla\\ops'), ('c:\\users\\hatzakis group\\pycharmprojects\\deepfret-gui\\venv2\\lib\\site-packages\\tensorflow_core\\include\\absl\\algorithm\\algorithm.h', 'tensorflow_core\\include\\absl\\algorithm'), ('c:\\users\\hatzakis group\\pycharmprojects\\deepfret-gui\\venv2\\lib\\site-packages\\tensorflow_core\\include\\absl\\algorithm\\container.h', 'tensorflow_core\\include\\absl\\algorithm'), ('c:\\users\\hatzakis group\\pycharmprojects\\deepfret-gui\\venv2\\lib\\site-packages\\tensorflow_core\\include\\absl\\base\\attributes.h', 'tensorflow_core\\include\\absl\\base'), ('c:\\users\\hatzakis group\\pycharmprojects\\deepfret-gui\\venv2\\lib\\site-packages\\tensorflow_core\\include\\absl\\base\\call_once.h', 'tensorflow_core\\include\\absl\\base'), ('c:\\users\\hatzakis group\\pycharmprojects\\deepfret-gui\\venv2\\lib\\site-packages\\tensorflow_core\\include\\absl\\base\\casts.h', 'tensorflow_core\\include\\absl\\base'), ('c:\\users\\hatzakis group\\pycharmprojects\\deepfret-gui\\venv2\\lib\\site-packages\\tensorflow_core\\include\\absl\\base\\config.h', 'tensorflow_core\\include\\absl\\base'), ('c:\\users\\hatzakis group\\pycharmprojects\\deepfret-gui\\venv2\\lib\\site-packages\\tensorflow_core\\include\\absl\\base\\const_init.h', 'tensorflow_core\\include\\absl\\base'), ('c:\\users\\hatzakis group\\pycharmprojects\\deepfret-gui\\venv2\\lib\\site-packages\\tensorflow_core\\include\\absl\\base\\dynamic_annotations.h', 'tensorflow_core\\include\\absl\\base'), ('c:\\users\\hatzakis group\\pycharmprojects\\deepfret-gui\\venv2\\lib\\site-packages\\tensorflow_core\\include\\absl\\base\\log_severity.h', 'tensorflow_core\\include\\absl\\base'), ('c:\\users\\hatzakis group\\pycharmprojects\\deepfret-gui\\venv2\\lib\\site-packages\\tensorflow_core\\include\\absl\\base\\macros.h', 'tensorflow_core\\include\\absl\\base'), ('c:\\users\\hatzakis group\\pycharmprojects\\deepfret-gui\\venv2\\lib\\site-packages\\tensorflow_core\\include\\absl\\base\\optimization.h', 'tensorflow_core\\include\\absl\\base'), ('c:\\users\\hatzakis group\\pycharmprojects\\deepfret-gui\\venv2\\lib\\site-packages\\tensorflow_core\\include\\absl\\base\\policy_checks.h', 'tensorflow_core\\include\\absl\\base'), ('c:\\users\\hatzakis group\\pycharmprojects\\deepfret-gui\\venv2\\lib\\site-packages\\tensorflow_core\\include\\absl\\base\\port.h', 'tensorflow_core\\include\\absl\\base'), ('c:\\users\\hatzakis group\\pycharmprojects\\deepfret-gui\\venv2\\lib\\site-packages\\tensorflow_core\\include\\absl\\base\\thread_annotations.h', 'tensorflow_core\\include\\absl\\base'), ('c:\\users\\hatzakis group\\pycharmprojects\\deepfret-gui\\venv2\\lib\\site-packages\\tensorflow_core\\include\\absl\\base\\internal\\atomic_hook.h', 'tensorflow_core\\include\\absl\\base\\internal'), ('c:\\users\\hatzakis group\\pycharmprojects\\deepfret-gui\\venv2\\lib\\site-packages\\tensorflow_core\\include\\absl\\base\\internal\\bits.h', 'tensorflow_core\\include\\absl\\base\\internal'), ('c:\\users\\hatzakis group\\pycharmprojects\\deepfret-gui\\venv2\\lib\\site-packages\\tensorflow_core\\include\\absl\\base\\internal\\cycleclock.h', 'tensorflow_core\\include\\absl\\base\\internal'), ('c:\\users\\hatzakis group\\pycharmprojects\\deepfret-gui\\venv2\\lib\\site-packages\\tensorflow_core\\include\\absl\\base\\internal\\direct_mmap.h', 'tensorflow_core\\include\\absl\\base\\internal'), ('c:\\users\\hatzakis group\\pycharmprojects\\deepfret-gui\\venv2\\lib\\site-packages\\tensorflow_core\\include\\absl\\base\\internal\\endian.h', 'tensorflow_core\\include\\absl\\base\\internal'), ('c:\\users\\hatzakis group\\pycharmprojects\\deepfret-gui\\venv2\\lib\\site-packages\\tensorflow_core\\include\\absl\\base\\internal\\hide_ptr.h', 'tensorflow_core\\include\\absl\\base\\internal'), ('c:\\users\\hatzakis group\\pycharmprojects\\deepfret-gui\\venv2\\lib\\site-packages\\tensorflow_core\\include\\absl\\base\\internal\\identity.h', 'tensorflow_core\\include\\absl\\base\\internal'), ('c:\\users\\hatzakis group\\pycharmprojects\\deepfret-gui\\venv2\\lib\\site-packages\\tensorflow_core\\include\\absl\\base\\internal\\inline_variable.h', 'tensorflow_core\\include\\absl\\base\\internal'), ('c:\\users\\hatzakis group\\pycharmprojects\\deepfret-gui\\venv2\\lib\\site-packages\\tensorflow_core\\include\\absl\\base\\internal\\invoke.h', 'tensorflow_core\\include\\absl\\base\\internal'), ('c:\\users\\hatzakis group\\pycharmprojects\\deepfret-gui\\venv2\\lib\\site-packages\\tensorflow_core\\include\\absl\\base\\internal\\low_level_alloc.h', 'tensorflow_core\\include\\absl\\base\\internal'), ('c:\\users\\hatzakis group\\pycharmprojects\\deepfret-gui\\venv2\\lib\\site-packages\\tensorflow_core\\include\\absl\\base\\internal\\low_level_scheduling.h', 'tensorflow_core\\include\\absl\\base\\internal'), ('c:\\users\\hatzakis group\\pycharmprojects\\deepfret-gui\\venv2\\lib\\site-packages\\tensorflow_core\\include\\absl\\base\\internal\\per_thread_tls.h', 'tensorflow_core\\include\\absl\\base\\internal'), ('c:\\users\\hatzakis group\\pycharmprojects\\deepfret-gui\\venv2\\lib\\site-packages\\tensorflow_core\\include\\absl\\base\\internal\\raw_logging.h', 'tensorflow_core\\include\\absl\\base\\internal'), ('c:\\users\\hatzakis group\\pycharmprojects\\deepfret-gui\\venv2\\lib\\site-packages\\tensorflow_core\\include\\absl\\base\\internal\\scheduling_mode.h', 'tensorflow_core\\include\\absl\\base\\internal'), ('c:\\users\\hatzakis group\\pycharmprojects\\deepfret-gui\\venv2\\lib\\site-packages\\tensorflow_core\\include\\absl\\base\\internal\\spinlock.h', 'tensorflow_core\\include\\absl\\base\\internal'), ('c:\\users\\hatzakis group\\pycharmprojects\\deepfret-gui\\venv2\\lib\\site-packages\\tensorflow_core\\include\\absl\\base\\internal\\spinlock_akaros.inc', 'tensorflow_core\\include\\absl\\base\\internal'), ('c:\\users\\hatzakis group\\pycharmprojects\\deepfret-gui\\venv2\\lib\\site-packages\\tensorflow_core\\include\\absl\\base\\internal\\spinlock_linux.inc', 'tensorflow_core\\include\\absl\\base\\internal'), ('c:\\users\\hatzakis group\\pycharmprojects\\deepfret-gui\\venv2\\lib\\site-packages\\tensorflow_core\\include\\absl\\base\\internal\\spinlock_posix.inc', 'tensorflow_core\\include\\absl\\base\\internal'), ('c:\\users\\hatzakis group\\pycharmprojects\\deepfret-gui\\venv2\\lib\\site-packages\\tensorflow_core\\include\\absl\\base\\internal\\spinlock_wait.h', 'tensorflow_core\\include\\absl\\base\\internal'), ('c:\\users\\hatzakis group\\pycharmprojects\\deepfret-gui\\venv2\\lib\\site-packages\\tensorflow_core\\include\\absl\\base\\internal\\spinlock_win32.inc', 'tensorflow_core\\include\\absl\\base\\internal'), ('c:\\users\\hatzakis group\\pycharmprojects\\deepfret-gui\\venv2\\lib\\site-packages\\tensorflow_core\\include\\absl\\base\\internal\\sysinfo.h', 'tensorflow_core\\include\\absl\\base\\internal'), ('c:\\users\\hatzakis group\\pycharmprojects\\deepfret-gui\\venv2\\lib\\site-packages\\tensorflow_core\\include\\absl\\base\\internal\\thread_annotations.h', 'tensorflow_core\\include\\absl\\base\\internal'), ('c:\\users\\hatzakis group\\pycharmprojects\\deepfret-gui\\venv2\\lib\\site-packages\\tensorflow_core\\include\\absl\\base\\internal\\thread_identity.h', 'tensorflow_core\\include\\absl\\base\\internal'), ('c:\\users\\hatzakis group\\pycharmprojects\\deepfret-gui\\venv2\\lib\\site-packages\\tensorflow_core\\include\\absl\\base\\internal\\throw_delegate.h', 'tensorflow_core\\include\\absl\\base\\internal'), ('c:\\users\\hatzakis group\\pycharmprojects\\deepfret-gui\\venv2\\lib\\site-packages\\tensorflow_core\\include\\absl\\base\\internal\\tsan_mutex_interface.h', 'tensorflow_core\\include\\absl\\base\\internal'), ('c:\\users\\hatzakis group\\pycharmprojects\\deepfret-gui\\venv2\\lib\\site-packages\\tensorflow_core\\include\\absl\\base\\internal\\unaligned_access.h', 'tensorflow_core\\include\\absl\\base\\internal'), ('c:\\users\\hatzakis group\\pycharmprojects\\deepfret-gui\\venv2\\lib\\site-packages\\tensorflow_core\\include\\absl\\base\\internal\\unscaledcycleclock.h', 'tensorflow_core\\include\\absl\\base\\internal'), ('c:\\users\\hatzakis group\\pycharmprojects\\deepfret-gui\\venv2\\lib\\site-packages\\tensorflow_core\\include\\absl\\container\\fixed_array.h', 'tensorflow_core\\include\\absl\\container'), ('c:\\users\\hatzakis group\\pycharmprojects\\deepfret-gui\\venv2\\lib\\site-packages\\tensorflow_core\\include\\absl\\container\\flat_hash_map.h', 'tensorflow_core\\include\\absl\\container'), ('c:\\users\\hatzakis group\\pycharmprojects\\deepfret-gui\\venv2\\lib\\site-packages\\tensorflow_core\\include\\absl\\container\\flat_hash_set.h', 'tensorflow_core\\include\\absl\\container'), ('c:\\users\\hatzakis group\\pycharmprojects\\deepfret-gui\\venv2\\lib\\site-packages\\tensorflow_core\\include\\absl\\container\\inlined_vector.h', 'tensorflow_core\\include\\absl\\container'), ('c:\\users\\hatzakis group\\pycharmprojects\\deepfret-gui\\venv2\\lib\\site-packages\\tensorflow_core\\include\\absl\\container\\internal\\common.h', 'tensorflow_core\\include\\absl\\container\\internal'), ('c:\\users\\hatzakis group\\pycharmprojects\\deepfret-gui\\venv2\\lib\\site-packages\\tensorflow_core\\include\\absl\\container\\internal\\compressed_tuple.h', 'tensorflow_core\\include\\absl\\container\\internal'), ('c:\\users\\hatzakis group\\pycharmprojects\\deepfret-gui\\venv2\\lib\\site-packages\\tensorflow_core\\include\\absl\\container\\internal\\container_memory.h', 'tensorflow_core\\include\\absl\\container\\internal'), ('c:\\users\\hatzakis group\\pycharmprojects\\deepfret-gui\\venv2\\lib\\site-packages\\tensorflow_core\\include\\absl\\container\\internal\\hashtablez_sampler.h', 'tensorflow_core\\include\\absl\\container\\internal'), ('c:\\users\\hatzakis group\\pycharmprojects\\deepfret-gui\\venv2\\lib\\site-packages\\tensorflow_core\\include\\absl\\container\\internal\\hashtable_debug_hooks.h', 'tensorflow_core\\include\\absl\\container\\internal'), ('c:\\users\\hatzakis group\\pycharmprojects\\deepfret-gui\\venv2\\lib\\site-packages\\tensorflow_core\\include\\absl\\container\\internal\\hash_function_defaults.h', 'tensorflow_core\\include\\absl\\container\\internal'), ('c:\\users\\hatzakis group\\pycharmprojects\\deepfret-gui\\venv2\\lib\\site-packages\\tensorflow_core\\include\\absl\\container\\internal\\hash_policy_traits.h', 'tensorflow_core\\include\\absl\\container\\internal'), ('c:\\users\\hatzakis group\\pycharmprojects\\deepfret-gui\\venv2\\lib\\site-packages\\tensorflow_core\\include\\absl\\container\\internal\\have_sse.h', 'tensorflow_core\\include\\absl\\container\\internal'), ('c:\\users\\hatzakis group\\pycharmprojects\\deepfret-gui\\venv2\\lib\\site-packages\\tensorflow_core\\include\\absl\\container\\internal\\inlined_vector.h', 'tensorflow_core\\include\\absl\\container\\internal'), ('c:\\users\\hatzakis group\\pycharmprojects\\deepfret-gui\\venv2\\lib\\site-packages\\tensorflow_core\\include\\absl\\container\\internal\\layout.h', 'tensorflow_core\\include\\absl\\container\\internal'), ('c:\\users\\hatzakis group\\pycharmprojects\\deepfret-gui\\venv2\\lib\\site-packages\\tensorflow_core\\include\\absl\\container\\internal\\raw_hash_map.h', 'tensorflow_core\\include\\absl\\container\\internal'), ('c:\\users\\hatzakis group\\pycharmprojects\\deepfret-gui\\venv2\\lib\\site-packages\\tensorflow_core\\include\\absl\\container\\internal\\raw_hash_set.h', 'tensorflow_core\\include\\absl\\container\\internal'), ('c:\\users\\hatzakis group\\pycharmprojects\\deepfret-gui\\venv2\\lib\\site-packages\\tensorflow_core\\include\\absl\\debugging\\stacktrace.h', 'tensorflow_core\\include\\absl\\debugging'), ('c:\\users\\hatzakis group\\pycharmprojects\\deepfret-gui\\venv2\\lib\\site-packages\\tensorflow_core\\include\\absl\\debugging\\symbolize.h', 'tensorflow_core\\include\\absl\\debugging'), ('c:\\users\\hatzakis group\\pycharmprojects\\deepfret-gui\\venv2\\lib\\site-packages\\tensorflow_core\\include\\absl\\debugging\\symbolize_elf.inc', 'tensorflow_core\\include\\absl\\debugging'), ('c:\\users\\hatzakis group\\pycharmprojects\\deepfret-gui\\venv2\\lib\\site-packages\\tensorflow_core\\include\\absl\\debugging\\symbolize_unimplemented.inc', 'tensorflow_core\\include\\absl\\debugging'), ('c:\\users\\hatzakis group\\pycharmprojects\\deepfret-gui\\venv2\\lib\\site-packages\\tensorflow_core\\include\\absl\\debugging\\symbolize_win32.inc', 'tensorflow_core\\include\\absl\\debugging'), ('c:\\users\\hatzakis group\\pycharmprojects\\deepfret-gui\\venv2\\lib\\site-packages\\tensorflow_core\\include\\absl\\debugging\\internal\\address_is_readable.h', 'tensorflow_core\\include\\absl\\debugging\\internal'), ('c:\\users\\hatzakis group\\pycharmprojects\\deepfret-gui\\venv2\\lib\\site-packages\\tensorflow_core\\include\\absl\\debugging\\internal\\demangle.h', 'tensorflow_core\\include\\absl\\debugging\\internal'), ('c:\\users\\hatzakis group\\pycharmprojects\\deepfret-gui\\venv2\\lib\\site-packages\\tensorflow_core\\include\\absl\\debugging\\internal\\elf_mem_image.h', 'tensorflow_core\\include\\absl\\debugging\\internal'), ('c:\\users\\hatzakis group\\pycharmprojects\\deepfret-gui\\venv2\\lib\\site-packages\\tensorflow_core\\include\\absl\\debugging\\internal\\stacktrace_aarch64-inl.inc', 'tensorflow_core\\include\\absl\\debugging\\internal'), ('c:\\users\\hatzakis group\\pycharmprojects\\deepfret-gui\\venv2\\lib\\site-packages\\tensorflow_core\\include\\absl\\debugging\\internal\\stacktrace_arm-inl.inc', 'tensorflow_core\\include\\absl\\debugging\\internal'), ('c:\\users\\hatzakis group\\pycharmprojects\\deepfret-gui\\venv2\\lib\\site-packages\\tensorflow_core\\include\\absl\\debugging\\internal\\stacktrace_config.h', 'tensorflow_core\\include\\absl\\debugging\\internal'), ('c:\\users\\hatzakis group\\pycharmprojects\\deepfret-gui\\venv2\\lib\\site-packages\\tensorflow_core\\include\\absl\\debugging\\internal\\stacktrace_generic-inl.inc', 'tensorflow_core\\include\\absl\\debugging\\internal'), ('c:\\users\\hatzakis group\\pycharmprojects\\deepfret-gui\\venv2\\lib\\site-packages\\tensorflow_core\\include\\absl\\debugging\\internal\\stacktrace_powerpc-inl.inc', 'tensorflow_core\\include\\absl\\debugging\\internal'), ('c:\\users\\hatzakis group\\pycharmprojects\\deepfret-gui\\venv2\\lib\\site-packages\\tensorflow_core\\include\\absl\\debugging\\internal\\stacktrace_unimplemented-inl.inc', 'tensorflow_core\\include\\absl\\debugging\\internal'), ('c:\\users\\hatzakis group\\pycharmprojects\\deepfret-gui\\venv2\\lib\\site-packages\\tensorflow_core\\include\\absl\\debugging\\internal\\stacktrace_win32-inl.inc', 'tensorflow_core\\include\\absl\\debugging\\internal'), ('c:\\users\\hatzakis group\\pycharmprojects\\deepfret-gui\\venv2\\lib\\site-packages\\tensorflow_core\\include\\absl\\debugging\\internal\\stacktrace_x86-inl.inc', 'tensorflow_core\\include\\absl\\debugging\\internal'), ('c:\\users\\hatzakis group\\pycharmprojects\\deepfret-gui\\venv2\\lib\\site-packages\\tensorflow_core\\include\\absl\\debugging\\internal\\symbolize.h', 'tensorflow_core\\include\\absl\\debugging\\internal'), ('c:\\users\\hatzakis group\\pycharmprojects\\deepfret-gui\\venv2\\lib\\site-packages\\tensorflow_core\\include\\absl\\debugging\\internal\\vdso_support.h', 'tensorflow_core\\include\\absl\\debugging\\internal'), ('c:\\users\\hatzakis group\\pycharmprojects\\deepfret-gui\\venv2\\lib\\site-packages\\tensorflow_core\\include\\absl\\hash\\hash.h', 'tensorflow_core\\include\\absl\\hash'), ('c:\\users\\hatzakis group\\pycharmprojects\\deepfret-gui\\venv2\\lib\\site-packages\\tensorflow_core\\include\\absl\\hash\\internal\\city.h', 'tensorflow_core\\include\\absl\\hash\\internal'), ('c:\\users\\hatzakis group\\pycharmprojects\\deepfret-gui\\venv2\\lib\\site-packages\\tensorflow_core\\include\\absl\\hash\\internal\\hash.h', 'tensorflow_core\\include\\absl\\hash\\internal'), ('c:\\users\\hatzakis group\\pycharmprojects\\deepfret-gui\\venv2\\lib\\site-packages\\tensorflow_core\\include\\absl\\memory\\memory.h', 'tensorflow_core\\include\\absl\\memory'), ('c:\\users\\hatzakis group\\pycharmprojects\\deepfret-gui\\venv2\\lib\\site-packages\\tensorflow_core\\include\\absl\\meta\\type_traits.h', 'tensorflow_core\\include\\absl\\meta'), ('c:\\users\\hatzakis group\\pycharmprojects\\deepfret-gui\\venv2\\lib\\site-packages\\tensorflow_core\\include\\absl\\numeric\\int128.h', 'tensorflow_core\\include\\absl\\numeric'), ('c:\\users\\hatzakis group\\pycharmprojects\\deepfret-gui\\venv2\\lib\\site-packages\\tensorflow_core\\include\\absl\\numeric\\int128_have_intrinsic.inc', 'tensorflow_core\\include\\absl\\numeric'), ('c:\\users\\hatzakis group\\pycharmprojects\\deepfret-gui\\venv2\\lib\\site-packages\\tensorflow_core\\include\\absl\\numeric\\int128_no_intrinsic.inc', 'tensorflow_core\\include\\absl\\numeric'), ('c:\\users\\hatzakis group\\pycharmprojects\\deepfret-gui\\venv2\\lib\\site-packages\\tensorflow_core\\include\\absl\\strings\\ascii.h', 'tensorflow_core\\include\\absl\\strings'), ('c:\\users\\hatzakis group\\pycharmprojects\\deepfret-gui\\venv2\\lib\\site-packages\\tensorflow_core\\include\\absl\\strings\\charconv.h', 'tensorflow_core\\include\\absl\\strings'), ('c:\\users\\hatzakis group\\pycharmprojects\\deepfret-gui\\venv2\\lib\\site-packages\\tensorflow_core\\include\\absl\\strings\\escaping.h', 'tensorflow_core\\include\\absl\\strings'), ('c:\\users\\hatzakis group\\pycharmprojects\\deepfret-gui\\venv2\\lib\\site-packages\\tensorflow_core\\include\\absl\\strings\\match.h', 'tensorflow_core\\include\\absl\\strings'), ('c:\\users\\hatzakis group\\pycharmprojects\\deepfret-gui\\venv2\\lib\\site-packages\\tensorflow_core\\include\\absl\\strings\\numbers.h', 'tensorflow_core\\include\\absl\\strings'), ('c:\\users\\hatzakis group\\pycharmprojects\\deepfret-gui\\venv2\\lib\\site-packages\\tensorflow_core\\include\\absl\\strings\\string_view.h', 'tensorflow_core\\include\\absl\\strings'), ('c:\\users\\hatzakis group\\pycharmprojects\\deepfret-gui\\venv2\\lib\\site-packages\\tensorflow_core\\include\\absl\\strings\\strip.h', 'tensorflow_core\\include\\absl\\strings'), ('c:\\users\\hatzakis group\\pycharmprojects\\deepfret-gui\\venv2\\lib\\site-packages\\tensorflow_core\\include\\absl\\strings\\str_cat.h', 'tensorflow_core\\include\\absl\\strings'), ('c:\\users\\hatzakis group\\pycharmprojects\\deepfret-gui\\venv2\\lib\\site-packages\\tensorflow_core\\include\\absl\\strings\\str_format.h', 'tensorflow_core\\include\\absl\\strings'), ('c:\\users\\hatzakis group\\pycharmprojects\\deepfret-gui\\venv2\\lib\\site-packages\\tensorflow_core\\include\\absl\\strings\\str_join.h', 'tensorflow_core\\include\\absl\\strings'), ('c:\\users\\hatzakis group\\pycharmprojects\\deepfret-gui\\venv2\\lib\\site-packages\\tensorflow_core\\include\\absl\\strings\\str_replace.h', 'tensorflow_core\\include\\absl\\strings'), ('c:\\users\\hatzakis group\\pycharmprojects\\deepfret-gui\\venv2\\lib\\site-packages\\tensorflow_core\\include\\absl\\strings\\str_split.h', 'tensorflow_core\\include\\absl\\strings'), ('c:\\users\\hatzakis group\\pycharmprojects\\deepfret-gui\\venv2\\lib\\site-packages\\tensorflow_core\\include\\absl\\strings\\substitute.h', 'tensorflow_core\\include\\absl\\strings'), ('c:\\users\\hatzakis group\\pycharmprojects\\deepfret-gui\\venv2\\lib\\site-packages\\tensorflow_core\\include\\absl\\strings\\internal\\charconv_bigint.h', 'tensorflow_core\\include\\absl\\strings\\internal'), ('c:\\users\\hatzakis group\\pycharmprojects\\deepfret-gui\\venv2\\lib\\site-packages\\tensorflow_core\\include\\absl\\strings\\internal\\charconv_parse.h', 'tensorflow_core\\include\\absl\\strings\\internal'), ('c:\\users\\hatzakis group\\pycharmprojects\\deepfret-gui\\venv2\\lib\\site-packages\\tensorflow_core\\include\\absl\\strings\\internal\\char_map.h', 'tensorflow_core\\include\\absl\\strings\\internal'), ('c:\\users\\hatzakis group\\pycharmprojects\\deepfret-gui\\venv2\\lib\\site-packages\\tensorflow_core\\include\\absl\\strings\\internal\\memutil.h', 'tensorflow_core\\include\\absl\\strings\\internal'), ('c:\\users\\hatzakis group\\pycharmprojects\\deepfret-gui\\venv2\\lib\\site-packages\\tensorflow_core\\include\\absl\\strings\\internal\\ostringstream.h', 'tensorflow_core\\include\\absl\\strings\\internal'), ('c:\\users\\hatzakis group\\pycharmprojects\\deepfret-gui\\venv2\\lib\\site-packages\\tensorflow_core\\include\\absl\\strings\\internal\\resize_uninitialized.h', 'tensorflow_core\\include\\absl\\strings\\internal'), ('c:\\users\\hatzakis group\\pycharmprojects\\deepfret-gui\\venv2\\lib\\site-packages\\tensorflow_core\\include\\absl\\strings\\internal\\stl_type_traits.h', 'tensorflow_core\\include\\absl\\strings\\internal'), ('c:\\users\\hatzakis group\\pycharmprojects\\deepfret-gui\\venv2\\lib\\site-packages\\tensorflow_core\\include\\absl\\strings\\internal\\str_join_internal.h', 'tensorflow_core\\include\\absl\\strings\\internal'), ('c:\\users\\hatzakis group\\pycharmprojects\\deepfret-gui\\venv2\\lib\\site-packages\\tensorflow_core\\include\\absl\\strings\\internal\\str_split_internal.h', 'tensorflow_core\\include\\absl\\strings\\internal'), ('c:\\users\\hatzakis group\\pycharmprojects\\deepfret-gui\\venv2\\lib\\site-packages\\tensorflow_core\\include\\absl\\strings\\internal\\utf8.h', 'tensorflow_core\\include\\absl\\strings\\internal'), ('c:\\users\\hatzakis group\\pycharmprojects\\deepfret-gui\\venv2\\lib\\site-packages\\tensorflow_core\\include\\absl\\strings\\internal\\str_format\\arg.h', 'tensorflow_core\\include\\absl\\strings\\internal\\str_format'), ('c:\\users\\hatzakis group\\pycharmprojects\\deepfret-gui\\venv2\\lib\\site-packages\\tensorflow_core\\include\\absl\\strings\\internal\\str_format\\bind.h', 'tensorflow_core\\include\\absl\\strings\\internal\\str_format'), ('c:\\users\\hatzakis group\\pycharmprojects\\deepfret-gui\\venv2\\lib\\site-packages\\tensorflow_core\\include\\absl\\strings\\internal\\str_format\\checker.h', 'tensorflow_core\\include\\absl\\strings\\internal\\str_format'), ('c:\\users\\hatzakis group\\pycharmprojects\\deepfret-gui\\venv2\\lib\\site-packages\\tensorflow_core\\include\\absl\\strings\\internal\\str_format\\extension.h', 'tensorflow_core\\include\\absl\\strings\\internal\\str_format'), ('c:\\users\\hatzakis group\\pycharmprojects\\deepfret-gui\\venv2\\lib\\site-packages\\tensorflow_core\\include\\absl\\strings\\internal\\str_format\\float_conversion.h', 'tensorflow_core\\include\\absl\\strings\\internal\\str_format'), ('c:\\users\\hatzakis group\\pycharmprojects\\deepfret-gui\\venv2\\lib\\site-packages\\tensorflow_core\\include\\absl\\strings\\internal\\str_format\\output.h', 'tensorflow_core\\include\\absl\\strings\\internal\\str_format'), ('c:\\users\\hatzakis group\\pycharmprojects\\deepfret-gui\\venv2\\lib\\site-packages\\tensorflow_core\\include\\absl\\strings\\internal\\str_format\\parser.h', 'tensorflow_core\\include\\absl\\strings\\internal\\str_format'), ('c:\\users\\hatzakis group\\pycharmprojects\\deepfret-gui\\venv2\\lib\\site-packages\\tensorflow_core\\include\\absl\\synchronization\\barrier.h', 'tensorflow_core\\include\\absl\\synchronization'), ('c:\\users\\hatzakis group\\pycharmprojects\\deepfret-gui\\venv2\\lib\\site-packages\\tensorflow_core\\include\\absl\\synchronization\\blocking_counter.h', 'tensorflow_core\\include\\absl\\synchronization'), ('c:\\users\\hatzakis group\\pycharmprojects\\deepfret-gui\\venv2\\lib\\site-packages\\tensorflow_core\\include\\absl\\synchronization\\mutex.h', 'tensorflow_core\\include\\absl\\synchronization'), ('c:\\users\\hatzakis group\\pycharmprojects\\deepfret-gui\\venv2\\lib\\site-packages\\tensorflow_core\\include\\absl\\synchronization\\notification.h', 'tensorflow_core\\include\\absl\\synchronization'), ('c:\\users\\hatzakis group\\pycharmprojects\\deepfret-gui\\venv2\\lib\\site-packages\\tensorflow_core\\include\\absl\\synchronization\\internal\\create_thread_identity.h', 'tensorflow_core\\include\\absl\\synchronization\\internal'), ('c:\\users\\hatzakis group\\pycharmprojects\\deepfret-gui\\venv2\\lib\\site-packages\\tensorflow_core\\include\\absl\\synchronization\\internal\\graphcycles.h', 'tensorflow_core\\include\\absl\\synchronization\\internal'), ('c:\\users\\hatzakis group\\pycharmprojects\\deepfret-gui\\venv2\\lib\\site-packages\\tensorflow_core\\include\\absl\\synchronization\\internal\\kernel_timeout.h', 'tensorflow_core\\include\\absl\\synchronization\\internal'), ('c:\\users\\hatzakis group\\pycharmprojects\\deepfret-gui\\venv2\\lib\\site-packages\\tensorflow_core\\include\\absl\\synchronization\\internal\\mutex_nonprod.inc', 'tensorflow_core\\include\\absl\\synchronization\\internal'), ('c:\\users\\hatzakis group\\pycharmprojects\\deepfret-gui\\venv2\\lib\\site-packages\\tensorflow_core\\include\\absl\\synchronization\\internal\\per_thread_sem.h', 'tensorflow_core\\include\\absl\\synchronization\\internal'), ('c:\\users\\hatzakis group\\pycharmprojects\\deepfret-gui\\venv2\\lib\\site-packages\\tensorflow_core\\include\\absl\\synchronization\\internal\\waiter.h', 'tensorflow_core\\include\\absl\\synchronization\\internal'), ('c:\\users\\hatzakis group\\pycharmprojects\\deepfret-gui\\venv2\\lib\\site-packages\\tensorflow_core\\include\\absl\\time\\civil_time.h', 'tensorflow_core\\include\\absl\\time'), ('c:\\users\\hatzakis group\\pycharmprojects\\deepfret-gui\\venv2\\lib\\site-packages\\tensorflow_core\\include\\absl\\time\\clock.h', 'tensorflow_core\\include\\absl\\time'), ('c:\\users\\hatzakis group\\pycharmprojects\\deepfret-gui\\venv2\\lib\\site-packages\\tensorflow_core\\include\\absl\\time\\time.h', 'tensorflow_core\\include\\absl\\time'), ('c:\\users\\hatzakis group\\pycharmprojects\\deepfret-gui\\venv2\\lib\\site-packages\\tensorflow_core\\include\\absl\\time\\internal\\get_current_time_chrono.inc', 'tensorflow_core\\include\\absl\\time\\internal'), ('c:\\users\\hatzakis group\\pycharmprojects\\deepfret-gui\\venv2\\lib\\site-packages\\tensorflow_core\\include\\absl\\time\\internal\\get_current_time_posix.inc', 'tensorflow_core\\include\\absl\\time\\internal'), ('c:\\users\\hatzakis group\\pycharmprojects\\deepfret-gui\\venv2\\lib\\site-packages\\tensorflow_core\\include\\absl\\time\\internal\\cctz\\include\\cctz\\civil_time.h', 'tensorflow_core\\include\\absl\\time\\internal\\cctz\\include\\cctz'), ('c:\\users\\hatzakis group\\pycharmprojects\\deepfret-gui\\venv2\\lib\\site-packages\\tensorflow_core\\include\\absl\\time\\internal\\cctz\\include\\cctz\\civil_time_detail.h', 'tensorflow_core\\include\\absl\\time\\internal\\cctz\\include\\cctz'), ('c:\\users\\hatzakis group\\pycharmprojects\\deepfret-gui\\venv2\\lib\\site-packages\\tensorflow_core\\include\\absl\\time\\internal\\cctz\\include\\cctz\\time_zone.h', 'tensorflow_core\\include\\absl\\time\\internal\\cctz\\include\\cctz'), ('c:\\users\\hatzakis group\\pycharmprojects\\deepfret-gui\\venv2\\lib\\site-packages\\tensorflow_core\\include\\absl\\time\\internal\\cctz\\include\\cctz\\zone_info_source.h', 'tensorflow_core\\include\\absl\\time\\internal\\cctz\\include\\cctz'), ('c:\\users\\hatzakis group\\pycharmprojects\\deepfret-gui\\venv2\\lib\\site-packages\\tensorflow_core\\include\\absl\\time\\internal\\cctz\\src\\time_zone_fixed.h', 'tensorflow_core\\include\\absl\\time\\internal\\cctz\\src'), ('c:\\users\\hatzakis group\\pycharmprojects\\deepfret-gui\\venv2\\lib\\site-packages\\tensorflow_core\\include\\absl\\time\\internal\\cctz\\src\\time_zone_if.h', 'tensorflow_core\\include\\absl\\time\\internal\\cctz\\src'), ('c:\\users\\hatzakis group\\pycharmprojects\\deepfret-gui\\venv2\\lib\\site-packages\\tensorflow_core\\include\\absl\\time\\internal\\cctz\\src\\time_zone_impl.h', 'tensorflow_core\\include\\absl\\time\\internal\\cctz\\src'), ('c:\\users\\hatzakis group\\pycharmprojects\\deepfret-gui\\venv2\\lib\\site-packages\\tensorflow_core\\include\\absl\\time\\internal\\cctz\\src\\time_zone_info.h', 'tensorflow_core\\include\\absl\\time\\internal\\cctz\\src'), ('c:\\users\\hatzakis group\\pycharmprojects\\deepfret-gui\\venv2\\lib\\site-packages\\tensorflow_core\\include\\absl\\time\\internal\\cctz\\src\\time_zone_libc.h', 'tensorflow_core\\include\\absl\\time\\internal\\cctz\\src'), ('c:\\users\\hatzakis group\\pycharmprojects\\deepfret-gui\\venv2\\lib\\site-packages\\tensorflow_core\\include\\absl\\time\\internal\\cctz\\src\\time_zone_posix.h', 'tensorflow_core\\include\\absl\\time\\internal\\cctz\\src'), ('c:\\users\\hatzakis group\\pycharmprojects\\deepfret-gui\\venv2\\lib\\site-packages\\tensorflow_core\\include\\absl\\time\\internal\\cctz\\src\\tzfile.h', 'tensorflow_core\\include\\absl\\time\\internal\\cctz\\src'), ('c:\\users\\hatzakis group\\pycharmprojects\\deepfret-gui\\venv2\\lib\\site-packages\\tensorflow_core\\include\\absl\\types\\bad_optional_access.h', 'tensorflow_core\\include\\absl\\types'), ('c:\\users\\hatzakis group\\pycharmprojects\\deepfret-gui\\venv2\\lib\\site-packages\\tensorflow_core\\include\\absl\\types\\bad_variant_access.h', 'tensorflow_core\\include\\absl\\types'), ('c:\\users\\hatzakis group\\pycharmprojects\\deepfret-gui\\venv2\\lib\\site-packages\\tensorflow_core\\include\\absl\\types\\optional.h', 'tensorflow_core\\include\\absl\\types'), ('c:\\users\\hatzakis group\\pycharmprojects\\deepfret-gui\\venv2\\lib\\site-packages\\tensorflow_core\\include\\absl\\types\\span.h', 'tensorflow_core\\include\\absl\\types'), ('c:\\users\\hatzakis group\\pycharmprojects\\deepfret-gui\\venv2\\lib\\site-packages\\tensorflow_core\\include\\absl\\types\\variant.h', 'tensorflow_core\\include\\absl\\types'), ('c:\\users\\hatzakis group\\pycharmprojects\\deepfret-gui\\venv2\\lib\\site-packages\\tensorflow_core\\include\\absl\\types\\internal\\optional.h', 'tensorflow_core\\include\\absl\\types\\internal'), ('c:\\users\\hatzakis group\\pycharmprojects\\deepfret-gui\\venv2\\lib\\site-packages\\tensorflow_core\\include\\absl\\types\\internal\\span.h', 'tensorflow_core\\include\\absl\\types\\internal'), ('c:\\users\\hatzakis group\\pycharmprojects\\deepfret-gui\\venv2\\lib\\site-packages\\tensorflow_core\\include\\absl\\types\\internal\\variant.h', 'tensorflow_core\\include\\absl\\types\\internal'), ('c:\\users\\hatzakis group\\pycharmprojects\\deepfret-gui\\venv2\\lib\\site-packages\\tensorflow_core\\include\\absl\\utility\\utility.h', 'tensorflow_core\\include\\absl\\utility'), ('c:\\users\\hatzakis group\\pycharmprojects\\deepfret-gui\\venv2\\lib\\site-packages\\tensorflow_core\\include\\Eigen\\Cholesky', 'tensorflow_core\\include\\Eigen'), ('c:\\users\\hatzakis group\\pycharmprojects\\deepfret-gui\\venv2\\lib\\site-packages\\tensorflow_core\\include\\Eigen\\CholmodSupport', 'tensorflow_core\\include\\Eigen'), ('c:\\users\\hatzakis group\\pycharmprojects\\deepfret-gui\\venv2\\lib\\site-packages\\tensorflow_core\\include\\Eigen\\Core', 'tensorflow_core\\include\\Eigen'), ('c:\\users\\hatzakis group\\pycharmprojects\\deepfret-gui\\venv2\\lib\\site-packages\\tensorflow_core\\include\\Eigen\\Dense', 'tensorflow_core\\include\\Eigen'), ('c:\\users\\hatzakis group\\pycharmprojects\\deepfret-gui\\venv2\\lib\\site-packages\\tensorflow_core\\include\\Eigen\\Eigenvalues', 'tensorflow_core\\include\\Eigen'), ('c:\\users\\hatzakis group\\pycharmprojects\\deepfret-gui\\venv2\\lib\\site-packages\\tensorflow_core\\include\\Eigen\\Geometry', 'tensorflow_core\\include\\Eigen'), ('c:\\users\\hatzakis group\\pycharmprojects\\deepfret-gui\\venv2\\lib\\site-packages\\tensorflow_core\\include\\Eigen\\Householder', 'tensorflow_core\\include\\Eigen'), ('c:\\users\\hatzakis group\\pycharmprojects\\deepfret-gui\\venv2\\lib\\site-packages\\tensorflow_core\\include\\Eigen\\Jacobi', 'tensorflow_core\\include\\Eigen'), ('c:\\users\\hatzakis group\\pycharmprojects\\deepfret-gui\\venv2\\lib\\site-packages\\tensorflow_core\\include\\Eigen\\KLUSupport', 'tensorflow_core\\include\\Eigen'), ('c:\\users\\hatzakis group\\pycharmprojects\\deepfret-gui\\venv2\\lib\\site-packages\\tensorflow_core\\include\\Eigen\\LU', 'tensorflow_core\\include\\Eigen'), ('c:\\users\\hatzakis group\\pycharmprojects\\deepfret-gui\\venv2\\lib\\site-packages\\tensorflow_core\\include\\Eigen\\OrderingMethods', 'tensorflow_core\\include\\Eigen'), ('c:\\users\\hatzakis group\\pycharmprojects\\deepfret-gui\\venv2\\lib\\site-packages\\tensorflow_core\\include\\Eigen\\PardisoSupport', 'tensorflow_core\\include\\Eigen'), ('c:\\users\\hatzakis group\\pycharmprojects\\deepfret-gui\\venv2\\lib\\site-packages\\tensorflow_core\\include\\Eigen\\PaStiXSupport', 'tensorflow_core\\include\\Eigen'), ('c:\\users\\hatzakis group\\pycharmprojects\\deepfret-gui\\venv2\\lib\\site-packages\\tensorflow_core\\include\\Eigen\\QR', 'tensorflow_core\\include\\Eigen'), ('c:\\users\\hatzakis group\\pycharmprojects\\deepfret-gui\\venv2\\lib\\site-packages\\tensorflow_core\\include\\Eigen\\QtAlignedMalloc', 'tensorflow_core\\include\\Eigen'), ('c:\\users\\hatzakis group\\pycharmprojects\\deepfret-gui\\venv2\\lib\\site-packages\\tensorflow_core\\include\\Eigen\\SparseCore', 'tensorflow_core\\include\\Eigen'), ('c:\\users\\hatzakis group\\pycharmprojects\\deepfret-gui\\venv2\\lib\\site-packages\\tensorflow_core\\include\\Eigen\\SparseQR', 'tensorflow_core\\include\\Eigen'), ('c:\\users\\hatzakis group\\pycharmprojects\\deepfret-gui\\venv2\\lib\\site-packages\\tensorflow_core\\include\\Eigen\\SPQRSupport', 'tensorflow_core\\include\\Eigen'), ('c:\\users\\hatzakis group\\pycharmprojects\\deepfret-gui\\venv2\\lib\\site-packages\\tensorflow_core\\include\\Eigen\\StdDeque', 'tensorflow_core\\include\\Eigen'), ('c:\\users\\hatzakis group\\pycharmprojects\\deepfret-gui\\venv2\\lib\\site-packages\\tensorflow_core\\include\\Eigen\\StdList', 'tensorflow_core\\include\\Eigen'), ('c:\\users\\hatzakis group\\pycharmprojects\\deepfret-gui\\venv2\\lib\\site-packages\\tensorflow_core\\include\\Eigen\\StdVector', 'tensorflow_core\\include\\Eigen'), ('c:\\users\\hatzakis group\\pycharmprojects\\deepfret-gui\\venv2\\lib\\site-packages\\tensorflow_core\\include\\Eigen\\SuperLUSupport', 'tensorflow_core\\include\\Eigen'), ('c:\\users\\hatzakis group\\pycharmprojects\\deepfret-gui\\venv2\\lib\\site-packages\\tensorflow_core\\include\\Eigen\\SVD', 'tensorflow_core\\include\\Eigen'), ('c:\\users\\hatzakis group\\pycharmprojects\\deepfret-gui\\venv2\\lib\\site-packages\\tensorflow_core\\include\\Eigen\\UmfPackSupport', 'tensorflow_core\\include\\Eigen'), ('c:\\users\\hatzakis group\\pycharmprojects\\deepfret-gui\\venv2\\lib\\site-packages\\tensorflow_core\\include\\Eigen\\src\\Cholesky\\LDLT.h', 'tensorflow_core\\include\\Eigen\\src\\Cholesky'), ('c:\\users\\hatzakis group\\pycharmprojects\\deepfret-gui\\venv2\\lib\\site-packages\\tensorflow_core\\include\\Eigen\\src\\Cholesky\\LLT.h', 'tensorflow_core\\include\\Eigen\\src\\Cholesky'), ('c:\\users\\hatzakis group\\pycharmprojects\\deepfret-gui\\venv2\\lib\\site-packages\\tensorflow_core\\include\\Eigen\\src\\Cholesky\\LLT_LAPACKE.h', 'tensorflow_core\\include\\Eigen\\src\\Cholesky'), ('c:\\users\\hatzakis group\\pycharmprojects\\deepfret-gui\\venv2\\lib\\site-packages\\tensorflow_core\\include\\Eigen\\src\\CholmodSupport\\CholmodSupport.h', 'tensorflow_core\\include\\Eigen\\src\\CholmodSupport'), ('c:\\users\\hatzakis group\\pycharmprojects\\deepfret-gui\\venv2\\lib\\site-packages\\tensorflow_core\\include\\Eigen\\src\\Core\\ArithmeticSequence.h', 'tensorflow_core\\include\\Eigen\\src\\Core'), ('c:\\users\\hatzakis group\\pycharmprojects\\deepfret-gui\\venv2\\lib\\site-packages\\tensorflow_core\\include\\Eigen\\src\\Core\\Array.h', 'tensorflow_core\\include\\Eigen\\src\\Core'), ('c:\\users\\hatzakis group\\pycharmprojects\\deepfret-gui\\venv2\\lib\\site-packages\\tensorflow_core\\include\\Eigen\\src\\Core\\ArrayBase.h', 'tensorflow_core\\include\\Eigen\\src\\Core'), ('c:\\users\\hatzakis group\\pycharmprojects\\deepfret-gui\\venv2\\lib\\site-packages\\tensorflow_core\\include\\Eigen\\src\\Core\\ArrayWrapper.h', 'tensorflow_core\\include\\Eigen\\src\\Core'), ('c:\\users\\hatzakis group\\pycharmprojects\\deepfret-gui\\venv2\\lib\\site-packages\\tensorflow_core\\include\\Eigen\\src\\Core\\Assign.h', 'tensorflow_core\\include\\Eigen\\src\\Core'), ('c:\\users\\hatzakis group\\pycharmprojects\\deepfret-gui\\venv2\\lib\\site-packages\\tensorflow_core\\include\\Eigen\\src\\Core\\AssignEvaluator.h', 'tensorflow_core\\include\\Eigen\\src\\Core'), ('c:\\users\\hatzakis group\\pycharmprojects\\deepfret-gui\\venv2\\lib\\site-packages\\tensorflow_core\\include\\Eigen\\src\\Core\\Assign_MKL.h', 'tensorflow_core\\include\\Eigen\\src\\Core'), ('c:\\users\\hatzakis group\\pycharmprojects\\deepfret-gui\\venv2\\lib\\site-packages\\tensorflow_core\\include\\Eigen\\src\\Core\\BandMatrix.h', 'tensorflow_core\\include\\Eigen\\src\\Core'), ('c:\\users\\hatzakis group\\pycharmprojects\\deepfret-gui\\venv2\\lib\\site-packages\\tensorflow_core\\include\\Eigen\\src\\Core\\Block.h', 'tensorflow_core\\include\\Eigen\\src\\Core'), ('c:\\users\\hatzakis group\\pycharmprojects\\deepfret-gui\\venv2\\lib\\site-packages\\tensorflow_core\\include\\Eigen\\src\\Core\\BooleanRedux.h', 'tensorflow_core\\include\\Eigen\\src\\Core'), ('c:\\users\\hatzakis group\\pycharmprojects\\deepfret-gui\\venv2\\lib\\site-packages\\tensorflow_core\\include\\Eigen\\src\\Core\\CommaInitializer.h', 'tensorflow_core\\include\\Eigen\\src\\Core'), ('c:\\users\\hatzakis group\\pycharmprojects\\deepfret-gui\\venv2\\lib\\site-packages\\tensorflow_core\\include\\Eigen\\src\\Core\\ConditionEstimator.h', 'tensorflow_core\\include\\Eigen\\src\\Core'), ('c:\\users\\hatzakis group\\pycharmprojects\\deepfret-gui\\venv2\\lib\\site-packages\\tensorflow_core\\include\\Eigen\\src\\Core\\CoreEvaluators.h', 'tensorflow_core\\include\\Eigen\\src\\Core'), ('c:\\users\\hatzakis group\\pycharmprojects\\deepfret-gui\\venv2\\lib\\site-packages\\tensorflow_core\\include\\Eigen\\src\\Core\\CoreIterators.h', 'tensorflow_core\\include\\Eigen\\src\\Core'), ('c:\\users\\hatzakis group\\pycharmprojects\\deepfret-gui\\venv2\\lib\\site-packages\\tensorflow_core\\include\\Eigen\\src\\Core\\CwiseBinaryOp.h', 'tensorflow_core\\include\\Eigen\\src\\Core'), ('c:\\users\\hatzakis group\\pycharmprojects\\deepfret-gui\\venv2\\lib\\site-packages\\tensorflow_core\\include\\Eigen\\src\\Core\\CwiseNullaryOp.h', 'tensorflow_core\\include\\Eigen\\src\\Core'), ('c:\\users\\hatzakis group\\pycharmprojects\\deepfret-gui\\venv2\\lib\\site-packages\\tensorflow_core\\include\\Eigen\\src\\Core\\CwiseTernaryOp.h', 'tensorflow_core\\include\\Eigen\\src\\Core'), ('c:\\users\\hatzakis group\\pycharmprojects\\deepfret-gui\\venv2\\lib\\site-packages\\tensorflow_core\\include\\Eigen\\src\\Core\\CwiseUnaryOp.h', 'tensorflow_core\\include\\Eigen\\src\\Core'), ('c:\\users\\hatzakis group\\pycharmprojects\\deepfret-gui\\venv2\\lib\\site-packages\\tensorflow_core\\include\\Eigen\\src\\Core\\CwiseUnaryView.h', 'tensorflow_core\\include\\Eigen\\src\\Core'), ('c:\\users\\hatzakis group\\pycharmprojects\\deepfret-gui\\venv2\\lib\\site-packages\\tensorflow_core\\include\\Eigen\\src\\Core\\DenseBase.h', 'tensorflow_core\\include\\Eigen\\src\\Core'), ('c:\\users\\hatzakis group\\pycharmprojects\\deepfret-gui\\venv2\\lib\\site-packages\\tensorflow_core\\include\\Eigen\\src\\Core\\DenseCoeffsBase.h', 'tensorflow_core\\include\\Eigen\\src\\Core'), ('c:\\users\\hatzakis group\\pycharmprojects\\deepfret-gui\\venv2\\lib\\site-packages\\tensorflow_core\\include\\Eigen\\src\\Core\\DenseStorage.h', 'tensorflow_core\\include\\Eigen\\src\\Core'), ('c:\\users\\hatzakis group\\pycharmprojects\\deepfret-gui\\venv2\\lib\\site-packages\\tensorflow_core\\include\\Eigen\\src\\Core\\Diagonal.h', 'tensorflow_core\\include\\Eigen\\src\\Core'), ('c:\\users\\hatzakis group\\pycharmprojects\\deepfret-gui\\venv2\\lib\\site-packages\\tensorflow_core\\include\\Eigen\\src\\Core\\DiagonalMatrix.h', 'tensorflow_core\\include\\Eigen\\src\\Core'), ('c:\\users\\hatzakis group\\pycharmprojects\\deepfret-gui\\venv2\\lib\\site-packages\\tensorflow_core\\include\\Eigen\\src\\Core\\DiagonalProduct.h', 'tensorflow_core\\include\\Eigen\\src\\Core'), ('c:\\users\\hatzakis group\\pycharmprojects\\deepfret-gui\\venv2\\lib\\site-packages\\tensorflow_core\\include\\Eigen\\src\\Core\\Dot.h', 'tensorflow_core\\include\\Eigen\\src\\Core'), ('c:\\users\\hatzakis group\\pycharmprojects\\deepfret-gui\\venv2\\lib\\site-packages\\tensorflow_core\\include\\Eigen\\src\\Core\\EigenBase.h', 'tensorflow_core\\include\\Eigen\\src\\Core'), ('c:\\users\\hatzakis group\\pycharmprojects\\deepfret-gui\\venv2\\lib\\site-packages\\tensorflow_core\\include\\Eigen\\src\\Core\\ForceAlignedAccess.h', 'tensorflow_core\\include\\Eigen\\src\\Core'), ('c:\\users\\hatzakis group\\pycharmprojects\\deepfret-gui\\venv2\\lib\\site-packages\\tensorflow_core\\include\\Eigen\\src\\Core\\Fuzzy.h', 'tensorflow_core\\include\\Eigen\\src\\Core'), ('c:\\users\\hatzakis group\\pycharmprojects\\deepfret-gui\\venv2\\lib\\site-packages\\tensorflow_core\\include\\Eigen\\src\\Core\\GeneralProduct.h', 'tensorflow_core\\include\\Eigen\\src\\Core'), ('c:\\users\\hatzakis group\\pycharmprojects\\deepfret-gui\\venv2\\lib\\site-packages\\tensorflow_core\\include\\Eigen\\src\\Core\\GenericPacketMath.h', 'tensorflow_core\\include\\Eigen\\src\\Core'), ('c:\\users\\hatzakis group\\pycharmprojects\\deepfret-gui\\venv2\\lib\\site-packages\\tensorflow_core\\include\\Eigen\\src\\Core\\GlobalFunctions.h', 'tensorflow_core\\include\\Eigen\\src\\Core'), ('c:\\users\\hatzakis group\\pycharmprojects\\deepfret-gui\\venv2\\lib\\site-packages\\tensorflow_core\\include\\Eigen\\src\\Core\\IndexedView.h', 'tensorflow_core\\include\\Eigen\\src\\Core'), ('c:\\users\\hatzakis group\\pycharmprojects\\deepfret-gui\\venv2\\lib\\site-packages\\tensorflow_core\\include\\Eigen\\src\\Core\\Inverse.h', 'tensorflow_core\\include\\Eigen\\src\\Core'), ('c:\\users\\hatzakis group\\pycharmprojects\\deepfret-gui\\venv2\\lib\\site-packages\\tensorflow_core\\include\\Eigen\\src\\Core\\IO.h', 'tensorflow_core\\include\\Eigen\\src\\Core'), ('c:\\users\\hatzakis group\\pycharmprojects\\deepfret-gui\\venv2\\lib\\site-packages\\tensorflow_core\\include\\Eigen\\src\\Core\\Map.h', 'tensorflow_core\\include\\Eigen\\src\\Core'), ('c:\\users\\hatzakis group\\pycharmprojects\\deepfret-gui\\venv2\\lib\\site-packages\\tensorflow_core\\include\\Eigen\\src\\Core\\MapBase.h', 'tensorflow_core\\include\\Eigen\\src\\Core'), ('c:\\users\\hatzakis group\\pycharmprojects\\deepfret-gui\\venv2\\lib\\site-packages\\tensorflow_core\\include\\Eigen\\src\\Core\\MathFunctions.h', 'tensorflow_core\\include\\Eigen\\src\\Core'), ('c:\\users\\hatzakis group\\pycharmprojects\\deepfret-gui\\venv2\\lib\\site-packages\\tensorflow_core\\include\\Eigen\\src\\Core\\MathFunctionsImpl.h', 'tensorflow_core\\include\\Eigen\\src\\Core'), ('c:\\users\\hatzakis group\\pycharmprojects\\deepfret-gui\\venv2\\lib\\site-packages\\tensorflow_core\\include\\Eigen\\src\\Core\\Matrix.h', 'tensorflow_core\\include\\Eigen\\src\\Core'), ('c:\\users\\hatzakis group\\pycharmprojects\\deepfret-gui\\venv2\\lib\\site-packages\\tensorflow_core\\include\\Eigen\\src\\Core\\MatrixBase.h', 'tensorflow_core\\include\\Eigen\\src\\Core'), ('c:\\users\\hatzakis group\\pycharmprojects\\deepfret-gui\\venv2\\lib\\site-packages\\tensorflow_core\\include\\Eigen\\src\\Core\\NestByValue.h', 'tensorflow_core\\include\\Eigen\\src\\Core'), ('c:\\users\\hatzakis group\\pycharmprojects\\deepfret-gui\\venv2\\lib\\site-packages\\tensorflow_core\\include\\Eigen\\src\\Core\\NoAlias.h', 'tensorflow_core\\include\\Eigen\\src\\Core'), ('c:\\users\\hatzakis group\\pycharmprojects\\deepfret-gui\\venv2\\lib\\site-packages\\tensorflow_core\\include\\Eigen\\src\\Core\\NumTraits.h', 'tensorflow_core\\include\\Eigen\\src\\Core'), ('c:\\users\\hatzakis group\\pycharmprojects\\deepfret-gui\\venv2\\lib\\site-packages\\tensorflow_core\\include\\Eigen\\src\\Core\\PartialReduxEvaluator.h', 'tensorflow_core\\include\\Eigen\\src\\Core'), ('c:\\users\\hatzakis group\\pycharmprojects\\deepfret-gui\\venv2\\lib\\site-packages\\tensorflow_core\\include\\Eigen\\src\\Core\\PermutationMatrix.h', 'tensorflow_core\\include\\Eigen\\src\\Core'), ('c:\\users\\hatzakis group\\pycharmprojects\\deepfret-gui\\venv2\\lib\\site-packages\\tensorflow_core\\include\\Eigen\\src\\Core\\PlainObjectBase.h', 'tensorflow_core\\include\\Eigen\\src\\Core'), ('c:\\users\\hatzakis group\\pycharmprojects\\deepfret-gui\\venv2\\lib\\site-packages\\tensorflow_core\\include\\Eigen\\src\\Core\\Product.h', 'tensorflow_core\\include\\Eigen\\src\\Core'), ('c:\\users\\hatzakis group\\pycharmprojects\\deepfret-gui\\venv2\\lib\\site-packages\\tensorflow_core\\include\\Eigen\\src\\Core\\ProductEvaluators.h', 'tensorflow_core\\include\\Eigen\\src\\Core'), ('c:\\users\\hatzakis group\\pycharmprojects\\deepfret-gui\\venv2\\lib\\site-packages\\tensorflow_core\\include\\Eigen\\src\\Core\\Random.h', 'tensorflow_core\\include\\Eigen\\src\\Core'), ('c:\\users\\hatzakis group\\pycharmprojects\\deepfret-gui\\venv2\\lib\\site-packages\\tensorflow_core\\include\\Eigen\\src\\Core\\Redux.h', 'tensorflow_core\\include\\Eigen\\src\\Core'), ('c:\\users\\hatzakis group\\pycharmprojects\\deepfret-gui\\venv2\\lib\\site-packages\\tensorflow_core\\include\\Eigen\\src\\Core\\Ref.h', 'tensorflow_core\\include\\Eigen\\src\\Core'), ('c:\\users\\hatzakis group\\pycharmprojects\\deepfret-gui\\venv2\\lib\\site-packages\\tensorflow_core\\include\\Eigen\\src\\Core\\Replicate.h', 'tensorflow_core\\include\\Eigen\\src\\Core'), ('c:\\users\\hatzakis group\\pycharmprojects\\deepfret-gui\\venv2\\lib\\site-packages\\tensorflow_core\\include\\Eigen\\src\\Core\\Reshaped.h', 'tensorflow_core\\include\\Eigen\\src\\Core'), ('c:\\users\\hatzakis group\\pycharmprojects\\deepfret-gui\\venv2\\lib\\site-packages\\tensorflow_core\\include\\Eigen\\src\\Core\\ReturnByValue.h', 'tensorflow_core\\include\\Eigen\\src\\Core'), ('c:\\users\\hatzakis group\\pycharmprojects\\deepfret-gui\\venv2\\lib\\site-packages\\tensorflow_core\\include\\Eigen\\src\\Core\\Reverse.h', 'tensorflow_core\\include\\Eigen\\src\\Core'), ('c:\\users\\hatzakis group\\pycharmprojects\\deepfret-gui\\venv2\\lib\\site-packages\\tensorflow_core\\include\\Eigen\\src\\Core\\Select.h', 'tensorflow_core\\include\\Eigen\\src\\Core'), ('c:\\users\\hatzakis group\\pycharmprojects\\deepfret-gui\\venv2\\lib\\site-packages\\tensorflow_core\\include\\Eigen\\src\\Core\\SelfAdjointView.h', 'tensorflow_core\\include\\Eigen\\src\\Core'), ('c:\\users\\hatzakis group\\pycharmprojects\\deepfret-gui\\venv2\\lib\\site-packages\\tensorflow_core\\include\\Eigen\\src\\Core\\SelfCwiseBinaryOp.h', 'tensorflow_core\\include\\Eigen\\src\\Core'), ('c:\\users\\hatzakis group\\pycharmprojects\\deepfret-gui\\venv2\\lib\\site-packages\\tensorflow_core\\include\\Eigen\\src\\Core\\Solve.h', 'tensorflow_core\\include\\Eigen\\src\\Core'), ('c:\\users\\hatzakis group\\pycharmprojects\\deepfret-gui\\venv2\\lib\\site-packages\\tensorflow_core\\include\\Eigen\\src\\Core\\SolverBase.h', 'tensorflow_core\\include\\Eigen\\src\\Core'), ('c:\\users\\hatzakis group\\pycharmprojects\\deepfret-gui\\venv2\\lib\\site-packages\\tensorflow_core\\include\\Eigen\\src\\Core\\SolveTriangular.h', 'tensorflow_core\\include\\Eigen\\src\\Core'), ('c:\\users\\hatzakis group\\pycharmprojects\\deepfret-gui\\venv2\\lib\\site-packages\\tensorflow_core\\include\\Eigen\\src\\Core\\StableNorm.h', 'tensorflow_core\\include\\Eigen\\src\\Core'), ('c:\\users\\hatzakis group\\pycharmprojects\\deepfret-gui\\venv2\\lib\\site-packages\\tensorflow_core\\include\\Eigen\\src\\Core\\StlIterators.h', 'tensorflow_core\\include\\Eigen\\src\\Core'), ('c:\\users\\hatzakis group\\pycharmprojects\\deepfret-gui\\venv2\\lib\\site-packages\\tensorflow_core\\include\\Eigen\\src\\Core\\Stride.h', 'tensorflow_core\\include\\Eigen\\src\\Core'), ('c:\\users\\hatzakis group\\pycharmprojects\\deepfret-gui\\venv2\\lib\\site-packages\\tensorflow_core\\include\\Eigen\\src\\Core\\Swap.h', 'tensorflow_core\\include\\Eigen\\src\\Core'), ('c:\\users\\hatzakis group\\pycharmprojects\\deepfret-gui\\venv2\\lib\\site-packages\\tensorflow_core\\include\\Eigen\\src\\Core\\Transpose.h', 'tensorflow_core\\include\\Eigen\\src\\Core'), ('c:\\users\\hatzakis group\\pycharmprojects\\deepfret-gui\\venv2\\lib\\site-packages\\tensorflow_core\\include\\Eigen\\src\\Core\\Transpositions.h', 'tensorflow_core\\include\\Eigen\\src\\Core'), ('c:\\users\\hatzakis group\\pycharmprojects\\deepfret-gui\\venv2\\lib\\site-packages\\tensorflow_core\\include\\Eigen\\src\\Core\\TriangularMatrix.h', 'tensorflow_core\\include\\Eigen\\src\\Core'), ('c:\\users\\hatzakis group\\pycharmprojects\\deepfret-gui\\venv2\\lib\\site-packages\\tensorflow_core\\include\\Eigen\\src\\Core\\VectorBlock.h', 'tensorflow_core\\include\\Eigen\\src\\Core'), ('c:\\users\\hatzakis group\\pycharmprojects\\deepfret-gui\\venv2\\lib\\site-packages\\tensorflow_core\\include\\Eigen\\src\\Core\\VectorwiseOp.h', 'tensorflow_core\\include\\Eigen\\src\\Core'), ('c:\\users\\hatzakis group\\pycharmprojects\\deepfret-gui\\venv2\\lib\\site-packages\\tensorflow_core\\include\\Eigen\\src\\Core\\Visitor.h', 'tensorflow_core\\include\\Eigen\\src\\Core'), ('c:\\users\\hatzakis group\\pycharmprojects\\deepfret-gui\\venv2\\lib\\site-packages\\tensorflow_core\\include\\Eigen\\src\\Core\\arch\\AltiVec\\Complex.h', 'tensorflow_core\\include\\Eigen\\src\\Core\\arch\\AltiVec'), ('c:\\users\\hatzakis group\\pycharmprojects\\deepfret-gui\\venv2\\lib\\site-packages\\tensorflow_core\\include\\Eigen\\src\\Core\\arch\\AltiVec\\MathFunctions.h', 'tensorflow_core\\include\\Eigen\\src\\Core\\arch\\AltiVec'), ('c:\\users\\hatzakis group\\pycharmprojects\\deepfret-gui\\venv2\\lib\\site-packages\\tensorflow_core\\include\\Eigen\\src\\Core\\arch\\AltiVec\\PacketMath.h', 'tensorflow_core\\include\\Eigen\\src\\Core\\arch\\AltiVec'), ('c:\\users\\hatzakis group\\pycharmprojects\\deepfret-gui\\venv2\\lib\\site-packages\\tensorflow_core\\include\\Eigen\\src\\Core\\arch\\AVX\\Complex.h', 'tensorflow_core\\include\\Eigen\\src\\Core\\arch\\AVX'), ('c:\\users\\hatzakis group\\pycharmprojects\\deepfret-gui\\venv2\\lib\\site-packages\\tensorflow_core\\include\\Eigen\\src\\Core\\arch\\AVX\\MathFunctions.h', 'tensorflow_core\\include\\Eigen\\src\\Core\\arch\\AVX'), ('c:\\users\\hatzakis group\\pycharmprojects\\deepfret-gui\\venv2\\lib\\site-packages\\tensorflow_core\\include\\Eigen\\src\\Core\\arch\\AVX\\PacketMath.h', 'tensorflow_core\\include\\Eigen\\src\\Core\\arch\\AVX'), ('c:\\users\\hatzakis group\\pycharmprojects\\deepfret-gui\\venv2\\lib\\site-packages\\tensorflow_core\\include\\Eigen\\src\\Core\\arch\\AVX\\TypeCasting.h', 'tensorflow_core\\include\\Eigen\\src\\Core\\arch\\AVX'), ('c:\\users\\hatzakis group\\pycharmprojects\\deepfret-gui\\venv2\\lib\\site-packages\\tensorflow_core\\include\\Eigen\\src\\Core\\arch\\AVX512\\Complex.h', 'tensorflow_core\\include\\Eigen\\src\\Core\\arch\\AVX512'), ('c:\\users\\hatzakis group\\pycharmprojects\\deepfret-gui\\venv2\\lib\\site-packages\\tensorflow_core\\include\\Eigen\\src\\Core\\arch\\AVX512\\MathFunctions.h', 'tensorflow_core\\include\\Eigen\\src\\Core\\arch\\AVX512'), ('c:\\users\\hatzakis group\\pycharmprojects\\deepfret-gui\\venv2\\lib\\site-packages\\tensorflow_core\\include\\Eigen\\src\\Core\\arch\\AVX512\\PacketMath.h', 'tensorflow_core\\include\\Eigen\\src\\Core\\arch\\AVX512'), ('c:\\users\\hatzakis group\\pycharmprojects\\deepfret-gui\\venv2\\lib\\site-packages\\tensorflow_core\\include\\Eigen\\src\\Core\\arch\\CUDA\\Complex.h', 'tensorflow_core\\include\\Eigen\\src\\Core\\arch\\CUDA'), ('c:\\users\\hatzakis group\\pycharmprojects\\deepfret-gui\\venv2\\lib\\site-packages\\tensorflow_core\\include\\Eigen\\src\\Core\\arch\\Default\\ConjHelper.h', 'tensorflow_core\\include\\Eigen\\src\\Core\\arch\\Default'), ('c:\\users\\hatzakis group\\pycharmprojects\\deepfret-gui\\venv2\\lib\\site-packages\\tensorflow_core\\include\\Eigen\\src\\Core\\arch\\Default\\GenericPacketMathFunctions.h', 'tensorflow_core\\include\\Eigen\\src\\Core\\arch\\Default'), ('c:\\users\\hatzakis group\\pycharmprojects\\deepfret-gui\\venv2\\lib\\site-packages\\tensorflow_core\\include\\Eigen\\src\\Core\\arch\\Default\\Settings.h', 'tensorflow_core\\include\\Eigen\\src\\Core\\arch\\Default'), ('c:\\users\\hatzakis group\\pycharmprojects\\deepfret-gui\\venv2\\lib\\site-packages\\tensorflow_core\\include\\Eigen\\src\\Core\\arch\\GPU\\Half.h', 'tensorflow_core\\include\\Eigen\\src\\Core\\arch\\GPU'), ('c:\\users\\hatzakis group\\pycharmprojects\\deepfret-gui\\venv2\\lib\\site-packages\\tensorflow_core\\include\\Eigen\\src\\Core\\arch\\GPU\\MathFunctions.h', 'tensorflow_core\\include\\Eigen\\src\\Core\\arch\\GPU'), ('c:\\users\\hatzakis group\\pycharmprojects\\deepfret-gui\\venv2\\lib\\site-packages\\tensorflow_core\\include\\Eigen\\src\\Core\\arch\\GPU\\PacketMath.h', 'tensorflow_core\\include\\Eigen\\src\\Core\\arch\\GPU'), ('c:\\users\\hatzakis group\\pycharmprojects\\deepfret-gui\\venv2\\lib\\site-packages\\tensorflow_core\\include\\Eigen\\src\\Core\\arch\\GPU\\PacketMathHalf.h', 'tensorflow_core\\include\\Eigen\\src\\Core\\arch\\GPU'), ('c:\\users\\hatzakis group\\pycharmprojects\\deepfret-gui\\venv2\\lib\\site-packages\\tensorflow_core\\include\\Eigen\\src\\Core\\arch\\GPU\\TypeCasting.h', 'tensorflow_core\\include\\Eigen\\src\\Core\\arch\\GPU'), ('c:\\users\\hatzakis group\\pycharmprojects\\deepfret-gui\\venv2\\lib\\site-packages\\tensorflow_core\\include\\Eigen\\src\\Core\\arch\\HIP\\hcc\\math_constants.h', 'tensorflow_core\\include\\Eigen\\src\\Core\\arch\\HIP\\hcc'), ('c:\\users\\hatzakis group\\pycharmprojects\\deepfret-gui\\venv2\\lib\\site-packages\\tensorflow_core\\include\\Eigen\\src\\Core\\arch\\MSA\\Complex.h', 'tensorflow_core\\include\\Eigen\\src\\Core\\arch\\MSA'), ('c:\\users\\hatzakis group\\pycharmprojects\\deepfret-gui\\venv2\\lib\\site-packages\\tensorflow_core\\include\\Eigen\\src\\Core\\arch\\MSA\\MathFunctions.h', 'tensorflow_core\\include\\Eigen\\src\\Core\\arch\\MSA'), ('c:\\users\\hatzakis group\\pycharmprojects\\deepfret-gui\\venv2\\lib\\site-packages\\tensorflow_core\\include\\Eigen\\src\\Core\\arch\\MSA\\PacketMath.h', 'tensorflow_core\\include\\Eigen\\src\\Core\\arch\\MSA'), ('c:\\users\\hatzakis group\\pycharmprojects\\deepfret-gui\\venv2\\lib\\site-packages\\tensorflow_core\\include\\Eigen\\src\\Core\\arch\\NEON\\Complex.h', 'tensorflow_core\\include\\Eigen\\src\\Core\\arch\\NEON'), ('c:\\users\\hatzakis group\\pycharmprojects\\deepfret-gui\\venv2\\lib\\site-packages\\tensorflow_core\\include\\Eigen\\src\\Core\\arch\\NEON\\MathFunctions.h', 'tensorflow_core\\include\\Eigen\\src\\Core\\arch\\NEON'), ('c:\\users\\hatzakis group\\pycharmprojects\\deepfret-gui\\venv2\\lib\\site-packages\\tensorflow_core\\include\\Eigen\\src\\Core\\arch\\NEON\\PacketMath.h', 'tensorflow_core\\include\\Eigen\\src\\Core\\arch\\NEON'), ('c:\\users\\hatzakis group\\pycharmprojects\\deepfret-gui\\venv2\\lib\\site-packages\\tensorflow_core\\include\\Eigen\\src\\Core\\arch\\NEON\\TypeCasting.h', 'tensorflow_core\\include\\Eigen\\src\\Core\\arch\\NEON'), ('c:\\users\\hatzakis group\\pycharmprojects\\deepfret-gui\\venv2\\lib\\site-packages\\tensorflow_core\\include\\Eigen\\src\\Core\\arch\\SSE\\Complex.h', 'tensorflow_core\\include\\Eigen\\src\\Core\\arch\\SSE'), ('c:\\users\\hatzakis group\\pycharmprojects\\deepfret-gui\\venv2\\lib\\site-packages\\tensorflow_core\\include\\Eigen\\src\\Core\\arch\\SSE\\MathFunctions.h', 'tensorflow_core\\include\\Eigen\\src\\Core\\arch\\SSE'), ('c:\\users\\hatzakis group\\pycharmprojects\\deepfret-gui\\venv2\\lib\\site-packages\\tensorflow_core\\include\\Eigen\\src\\Core\\arch\\SSE\\PacketMath.h', 'tensorflow_core\\include\\Eigen\\src\\Core\\arch\\SSE'), ('c:\\users\\hatzakis group\\pycharmprojects\\deepfret-gui\\venv2\\lib\\site-packages\\tensorflow_core\\include\\Eigen\\src\\Core\\arch\\SSE\\TypeCasting.h', 'tensorflow_core\\include\\Eigen\\src\\Core\\arch\\SSE'), ('c:\\users\\hatzakis group\\pycharmprojects\\deepfret-gui\\venv2\\lib\\site-packages\\tensorflow_core\\include\\Eigen\\src\\Core\\arch\\SYCL\\InteropHeaders.h', 'tensorflow_core\\include\\Eigen\\src\\Core\\arch\\SYCL'), ('c:\\users\\hatzakis group\\pycharmprojects\\deepfret-gui\\venv2\\lib\\site-packages\\tensorflow_core\\include\\Eigen\\src\\Core\\arch\\SYCL\\MathFunctions.h', 'tensorflow_core\\include\\Eigen\\src\\Core\\arch\\SYCL'), ('c:\\users\\hatzakis group\\pycharmprojects\\deepfret-gui\\venv2\\lib\\site-packages\\tensorflow_core\\include\\Eigen\\src\\Core\\arch\\SYCL\\PacketMath.h', 'tensorflow_core\\include\\Eigen\\src\\Core\\arch\\SYCL'), ('c:\\users\\hatzakis group\\pycharmprojects\\deepfret-gui\\venv2\\lib\\site-packages\\tensorflow_core\\include\\Eigen\\src\\Core\\arch\\SYCL\\SyclMemoryModel.h', 'tensorflow_core\\include\\Eigen\\src\\Core\\arch\\SYCL'), ('c:\\users\\hatzakis group\\pycharmprojects\\deepfret-gui\\venv2\\lib\\site-packages\\tensorflow_core\\include\\Eigen\\src\\Core\\arch\\SYCL\\TypeCasting.h', 'tensorflow_core\\include\\Eigen\\src\\Core\\arch\\SYCL'), ('c:\\users\\hatzakis group\\pycharmprojects\\deepfret-gui\\venv2\\lib\\site-packages\\tensorflow_core\\include\\Eigen\\src\\Core\\arch\\ZVector\\Complex.h', 'tensorflow_core\\include\\Eigen\\src\\Core\\arch\\ZVector'), ('c:\\users\\hatzakis group\\pycharmprojects\\deepfret-gui\\venv2\\lib\\site-packages\\tensorflow_core\\include\\Eigen\\src\\Core\\arch\\ZVector\\MathFunctions.h', 'tensorflow_core\\include\\Eigen\\src\\Core\\arch\\ZVector'), ('c:\\users\\hatzakis group\\pycharmprojects\\deepfret-gui\\venv2\\lib\\site-packages\\tensorflow_core\\include\\Eigen\\src\\Core\\arch\\ZVector\\PacketMath.h', 'tensorflow_core\\include\\Eigen\\src\\Core\\arch\\ZVector'), ('c:\\users\\hatzakis group\\pycharmprojects\\deepfret-gui\\venv2\\lib\\site-packages\\tensorflow_core\\include\\Eigen\\src\\Core\\functors\\AssignmentFunctors.h', 'tensorflow_core\\include\\Eigen\\src\\Core\\functors'), ('c:\\users\\hatzakis group\\pycharmprojects\\deepfret-gui\\venv2\\lib\\site-packages\\tensorflow_core\\include\\Eigen\\src\\Core\\functors\\BinaryFunctors.h', 'tensorflow_core\\include\\Eigen\\src\\Core\\functors'), ('c:\\users\\hatzakis group\\pycharmprojects\\deepfret-gui\\venv2\\lib\\site-packages\\tensorflow_core\\include\\Eigen\\src\\Core\\functors\\NullaryFunctors.h', 'tensorflow_core\\include\\Eigen\\src\\Core\\functors'), ('c:\\users\\hatzakis group\\pycharmprojects\\deepfret-gui\\venv2\\lib\\site-packages\\tensorflow_core\\include\\Eigen\\src\\Core\\functors\\StlFunctors.h', 'tensorflow_core\\include\\Eigen\\src\\Core\\functors'), ('c:\\users\\hatzakis group\\pycharmprojects\\deepfret-gui\\venv2\\lib\\site-packages\\tensorflow_core\\include\\Eigen\\src\\Core\\functors\\TernaryFunctors.h', 'tensorflow_core\\include\\Eigen\\src\\Core\\functors'), ('c:\\users\\hatzakis group\\pycharmprojects\\deepfret-gui\\venv2\\lib\\site-packages\\tensorflow_core\\include\\Eigen\\src\\Core\\functors\\UnaryFunctors.h', 'tensorflow_core\\include\\Eigen\\src\\Core\\functors'), ('c:\\users\\hatzakis group\\pycharmprojects\\deepfret-gui\\venv2\\lib\\site-packages\\tensorflow_core\\include\\Eigen\\src\\Core\\products\\GeneralBlockPanelKernel.h', 'tensorflow_core\\include\\Eigen\\src\\Core\\products'), ('c:\\users\\hatzakis group\\pycharmprojects\\deepfret-gui\\venv2\\lib\\site-packages\\tensorflow_core\\include\\Eigen\\src\\Core\\products\\GeneralMatrixMatrix.h', 'tensorflow_core\\include\\Eigen\\src\\Core\\products'), ('c:\\users\\hatzakis group\\pycharmprojects\\deepfret-gui\\venv2\\lib\\site-packages\\tensorflow_core\\include\\Eigen\\src\\Core\\products\\GeneralMatrixMatrixTriangular.h', 'tensorflow_core\\include\\Eigen\\src\\Core\\products'), ('c:\\users\\hatzakis group\\pycharmprojects\\deepfret-gui\\venv2\\lib\\site-packages\\tensorflow_core\\include\\Eigen\\src\\Core\\products\\GeneralMatrixMatrixTriangular_BLAS.h', 'tensorflow_core\\include\\Eigen\\src\\Core\\products'), ('c:\\users\\hatzakis group\\pycharmprojects\\deepfret-gui\\venv2\\lib\\site-packages\\tensorflow_core\\include\\Eigen\\src\\Core\\products\\GeneralMatrixMatrix_BLAS.h', 'tensorflow_core\\include\\Eigen\\src\\Core\\products'), ('c:\\users\\hatzakis group\\pycharmprojects\\deepfret-gui\\venv2\\lib\\site-packages\\tensorflow_core\\include\\Eigen\\src\\Core\\products\\GeneralMatrixVector.h', 'tensorflow_core\\include\\Eigen\\src\\Core\\products'), ('c:\\users\\hatzakis group\\pycharmprojects\\deepfret-gui\\venv2\\lib\\site-packages\\tensorflow_core\\include\\Eigen\\src\\Core\\products\\GeneralMatrixVector_BLAS.h', 'tensorflow_core\\include\\Eigen\\src\\Core\\products'), ('c:\\users\\hatzakis group\\pycharmprojects\\deepfret-gui\\venv2\\lib\\site-packages\\tensorflow_core\\include\\Eigen\\src\\Core\\products\\Parallelizer.h', 'tensorflow_core\\include\\Eigen\\src\\Core\\products'), ('c:\\users\\hatzakis group\\pycharmprojects\\deepfret-gui\\venv2\\lib\\site-packages\\tensorflow_core\\include\\Eigen\\src\\Core\\products\\SelfadjointMatrixMatrix.h', 'tensorflow_core\\include\\Eigen\\src\\Core\\products'), ('c:\\users\\hatzakis group\\pycharmprojects\\deepfret-gui\\venv2\\lib\\site-packages\\tensorflow_core\\include\\Eigen\\src\\Core\\products\\SelfadjointMatrixMatrix_BLAS.h', 'tensorflow_core\\include\\Eigen\\src\\Core\\products'), ('c:\\users\\hatzakis group\\pycharmprojects\\deepfret-gui\\venv2\\lib\\site-packages\\tensorflow_core\\include\\Eigen\\src\\Core\\products\\SelfadjointMatrixVector.h', 'tensorflow_core\\include\\Eigen\\src\\Core\\products'), ('c:\\users\\hatzakis group\\pycharmprojects\\deepfret-gui\\venv2\\lib\\site-packages\\tensorflow_core\\include\\Eigen\\src\\Core\\products\\SelfadjointMatrixVector_BLAS.h', 'tensorflow_core\\include\\Eigen\\src\\Core\\products'), ('c:\\users\\hatzakis group\\pycharmprojects\\deepfret-gui\\venv2\\lib\\site-packages\\tensorflow_core\\include\\Eigen\\src\\Core\\products\\SelfadjointProduct.h', 'tensorflow_core\\include\\Eigen\\src\\Core\\products'), ('c:\\users\\hatzakis group\\pycharmprojects\\deepfret-gui\\venv2\\lib\\site-packages\\tensorflow_core\\include\\Eigen\\src\\Core\\products\\SelfadjointRank2Update.h', 'tensorflow_core\\include\\Eigen\\src\\Core\\products'), ('c:\\users\\hatzakis group\\pycharmprojects\\deepfret-gui\\venv2\\lib\\site-packages\\tensorflow_core\\include\\Eigen\\src\\Core\\products\\TriangularMatrixMatrix.h', 'tensorflow_core\\include\\Eigen\\src\\Core\\products'), ('c:\\users\\hatzakis group\\pycharmprojects\\deepfret-gui\\venv2\\lib\\site-packages\\tensorflow_core\\include\\Eigen\\src\\Core\\products\\TriangularMatrixMatrix_BLAS.h', 'tensorflow_core\\include\\Eigen\\src\\Core\\products'), ('c:\\users\\hatzakis group\\pycharmprojects\\deepfret-gui\\venv2\\lib\\site-packages\\tensorflow_core\\include\\Eigen\\src\\Core\\products\\TriangularMatrixVector.h', 'tensorflow_core\\include\\Eigen\\src\\Core\\products'), ('c:\\users\\hatzakis group\\pycharmprojects\\deepfret-gui\\venv2\\lib\\site-packages\\tensorflow_core\\include\\Eigen\\src\\Core\\products\\TriangularMatrixVector_BLAS.h', 'tensorflow_core\\include\\Eigen\\src\\Core\\products'), ('c:\\users\\hatzakis group\\pycharmprojects\\deepfret-gui\\venv2\\lib\\site-packages\\tensorflow_core\\include\\Eigen\\src\\Core\\products\\TriangularSolverMatrix.h', 'tensorflow_core\\include\\Eigen\\src\\Core\\products'), ('c:\\users\\hatzakis group\\pycharmprojects\\deepfret-gui\\venv2\\lib\\site-packages\\tensorflow_core\\include\\Eigen\\src\\Core\\products\\TriangularSolverMatrix_BLAS.h', 'tensorflow_core\\include\\Eigen\\src\\Core\\products'), ('c:\\users\\hatzakis group\\pycharmprojects\\deepfret-gui\\venv2\\lib\\site-packages\\tensorflow_core\\include\\Eigen\\src\\Core\\products\\TriangularSolverVector.h', 'tensorflow_core\\include\\Eigen\\src\\Core\\products'), ('c:\\users\\hatzakis group\\pycharmprojects\\deepfret-gui\\venv2\\lib\\site-packages\\tensorflow_core\\include\\Eigen\\src\\Core\\util\\BlasUtil.h', 'tensorflow_core\\include\\Eigen\\src\\Core\\util'), ('c:\\users\\hatzakis group\\pycharmprojects\\deepfret-gui\\venv2\\lib\\site-packages\\tensorflow_core\\include\\Eigen\\src\\Core\\util\\ConfigureVectorization.h', 'tensorflow_core\\include\\Eigen\\src\\Core\\util'), ('c:\\users\\hatzakis group\\pycharmprojects\\deepfret-gui\\venv2\\lib\\site-packages\\tensorflow_core\\include\\Eigen\\src\\Core\\util\\Constants.h', 'tensorflow_core\\include\\Eigen\\src\\Core\\util'), ('c:\\users\\hatzakis group\\pycharmprojects\\deepfret-gui\\venv2\\lib\\site-packages\\tensorflow_core\\include\\Eigen\\src\\Core\\util\\DisableStupidWarnings.h', 'tensorflow_core\\include\\Eigen\\src\\Core\\util'), ('c:\\users\\hatzakis group\\pycharmprojects\\deepfret-gui\\venv2\\lib\\site-packages\\tensorflow_core\\include\\Eigen\\src\\Core\\util\\ForwardDeclarations.h', 'tensorflow_core\\include\\Eigen\\src\\Core\\util'), ('c:\\users\\hatzakis group\\pycharmprojects\\deepfret-gui\\venv2\\lib\\site-packages\\tensorflow_core\\include\\Eigen\\src\\Core\\util\\IndexedViewHelper.h', 'tensorflow_core\\include\\Eigen\\src\\Core\\util'), ('c:\\users\\hatzakis group\\pycharmprojects\\deepfret-gui\\venv2\\lib\\site-packages\\tensorflow_core\\include\\Eigen\\src\\Core\\util\\IntegralConstant.h', 'tensorflow_core\\include\\Eigen\\src\\Core\\util'), ('c:\\users\\hatzakis group\\pycharmprojects\\deepfret-gui\\venv2\\lib\\site-packages\\tensorflow_core\\include\\Eigen\\src\\Core\\util\\Macros.h', 'tensorflow_core\\include\\Eigen\\src\\Core\\util'), ('c:\\users\\hatzakis group\\pycharmprojects\\deepfret-gui\\venv2\\lib\\site-packages\\tensorflow_core\\include\\Eigen\\src\\Core\\util\\Memory.h', 'tensorflow_core\\include\\Eigen\\src\\Core\\util'), ('c:\\users\\hatzakis group\\pycharmprojects\\deepfret-gui\\venv2\\lib\\site-packages\\tensorflow_core\\include\\Eigen\\src\\Core\\util\\Meta.h', 'tensorflow_core\\include\\Eigen\\src\\Core\\util'), ('c:\\users\\hatzakis group\\pycharmprojects\\deepfret-gui\\venv2\\lib\\site-packages\\tensorflow_core\\include\\Eigen\\src\\Core\\util\\MKL_support.h', 'tensorflow_core\\include\\Eigen\\src\\Core\\util'), ('c:\\users\\hatzakis group\\pycharmprojects\\deepfret-gui\\venv2\\lib\\site-packages\\tensorflow_core\\include\\Eigen\\src\\Core\\util\\ReenableStupidWarnings.h', 'tensorflow_core\\include\\Eigen\\src\\Core\\util'), ('c:\\users\\hatzakis group\\pycharmprojects\\deepfret-gui\\venv2\\lib\\site-packages\\tensorflow_core\\include\\Eigen\\src\\Core\\util\\ReshapedHelper.h', 'tensorflow_core\\include\\Eigen\\src\\Core\\util'), ('c:\\users\\hatzakis group\\pycharmprojects\\deepfret-gui\\venv2\\lib\\site-packages\\tensorflow_core\\include\\Eigen\\src\\Core\\util\\StaticAssert.h', 'tensorflow_core\\include\\Eigen\\src\\Core\\util'), ('c:\\users\\hatzakis group\\pycharmprojects\\deepfret-gui\\venv2\\lib\\site-packages\\tensorflow_core\\include\\Eigen\\src\\Core\\util\\SymbolicIndex.h', 'tensorflow_core\\include\\Eigen\\src\\Core\\util'), ('c:\\users\\hatzakis group\\pycharmprojects\\deepfret-gui\\venv2\\lib\\site-packages\\tensorflow_core\\include\\Eigen\\src\\Core\\util\\XprHelper.h', 'tensorflow_core\\include\\Eigen\\src\\Core\\util'), ('c:\\users\\hatzakis group\\pycharmprojects\\deepfret-gui\\venv2\\lib\\site-packages\\tensorflow_core\\include\\Eigen\\src\\Eigenvalues\\ComplexEigenSolver.h', 'tensorflow_core\\include\\Eigen\\src\\Eigenvalues'), ('c:\\users\\hatzakis group\\pycharmprojects\\deepfret-gui\\venv2\\lib\\site-packages\\tensorflow_core\\include\\Eigen\\src\\Eigenvalues\\ComplexSchur.h', 'tensorflow_core\\include\\Eigen\\src\\Eigenvalues'), ('c:\\users\\hatzakis group\\pycharmprojects\\deepfret-gui\\venv2\\lib\\site-packages\\tensorflow_core\\include\\Eigen\\src\\Eigenvalues\\ComplexSchur_LAPACKE.h', 'tensorflow_core\\include\\Eigen\\src\\Eigenvalues'), ('c:\\users\\hatzakis group\\pycharmprojects\\deepfret-gui\\venv2\\lib\\site-packages\\tensorflow_core\\include\\Eigen\\src\\Eigenvalues\\EigenSolver.h', 'tensorflow_core\\include\\Eigen\\src\\Eigenvalues'), ('c:\\users\\hatzakis group\\pycharmprojects\\deepfret-gui\\venv2\\lib\\site-packages\\tensorflow_core\\include\\Eigen\\src\\Eigenvalues\\GeneralizedEigenSolver.h', 'tensorflow_core\\include\\Eigen\\src\\Eigenvalues'), ('c:\\users\\hatzakis group\\pycharmprojects\\deepfret-gui\\venv2\\lib\\site-packages\\tensorflow_core\\include\\Eigen\\src\\Eigenvalues\\GeneralizedSelfAdjointEigenSolver.h', 'tensorflow_core\\include\\Eigen\\src\\Eigenvalues'), ('c:\\users\\hatzakis group\\pycharmprojects\\deepfret-gui\\venv2\\lib\\site-packages\\tensorflow_core\\include\\Eigen\\src\\Eigenvalues\\HessenbergDecomposition.h', 'tensorflow_core\\include\\Eigen\\src\\Eigenvalues'), ('c:\\users\\hatzakis group\\pycharmprojects\\deepfret-gui\\venv2\\lib\\site-packages\\tensorflow_core\\include\\Eigen\\src\\Eigenvalues\\MatrixBaseEigenvalues.h', 'tensorflow_core\\include\\Eigen\\src\\Eigenvalues'), ('c:\\users\\hatzakis group\\pycharmprojects\\deepfret-gui\\venv2\\lib\\site-packages\\tensorflow_core\\include\\Eigen\\src\\Eigenvalues\\RealQZ.h', 'tensorflow_core\\include\\Eigen\\src\\Eigenvalues'), ('c:\\users\\hatzakis group\\pycharmprojects\\deepfret-gui\\venv2\\lib\\site-packages\\tensorflow_core\\include\\Eigen\\src\\Eigenvalues\\RealSchur.h', 'tensorflow_core\\include\\Eigen\\src\\Eigenvalues'), ('c:\\users\\hatzakis group\\pycharmprojects\\deepfret-gui\\venv2\\lib\\site-packages\\tensorflow_core\\include\\Eigen\\src\\Eigenvalues\\RealSchur_LAPACKE.h', 'tensorflow_core\\include\\Eigen\\src\\Eigenvalues'), ('c:\\users\\hatzakis group\\pycharmprojects\\deepfret-gui\\venv2\\lib\\site-packages\\tensorflow_core\\include\\Eigen\\src\\Eigenvalues\\SelfAdjointEigenSolver.h', 'tensorflow_core\\include\\Eigen\\src\\Eigenvalues'), ('c:\\users\\hatzakis group\\pycharmprojects\\deepfret-gui\\venv2\\lib\\site-packages\\tensorflow_core\\include\\Eigen\\src\\Eigenvalues\\SelfAdjointEigenSolver_LAPACKE.h', 'tensorflow_core\\include\\Eigen\\src\\Eigenvalues'), ('c:\\users\\hatzakis group\\pycharmprojects\\deepfret-gui\\venv2\\lib\\site-packages\\tensorflow_core\\include\\Eigen\\src\\Eigenvalues\\Tridiagonalization.h', 'tensorflow_core\\include\\Eigen\\src\\Eigenvalues'), ('c:\\users\\hatzakis group\\pycharmprojects\\deepfret-gui\\venv2\\lib\\site-packages\\tensorflow_core\\include\\Eigen\\src\\Geometry\\AlignedBox.h', 'tensorflow_core\\include\\Eigen\\src\\Geometry'), ('c:\\users\\hatzakis group\\pycharmprojects\\deepfret-gui\\venv2\\lib\\site-packages\\tensorflow_core\\include\\Eigen\\src\\Geometry\\AngleAxis.h', 'tensorflow_core\\include\\Eigen\\src\\Geometry'), ('c:\\users\\hatzakis group\\pycharmprojects\\deepfret-gui\\venv2\\lib\\site-packages\\tensorflow_core\\include\\Eigen\\src\\Geometry\\EulerAngles.h', 'tensorflow_core\\include\\Eigen\\src\\Geometry'), ('c:\\users\\hatzakis group\\pycharmprojects\\deepfret-gui\\venv2\\lib\\site-packages\\tensorflow_core\\include\\Eigen\\src\\Geometry\\Homogeneous.h', 'tensorflow_core\\include\\Eigen\\src\\Geometry'), ('c:\\users\\hatzakis group\\pycharmprojects\\deepfret-gui\\venv2\\lib\\site-packages\\tensorflow_core\\include\\Eigen\\src\\Geometry\\Hyperplane.h', 'tensorflow_core\\include\\Eigen\\src\\Geometry'), ('c:\\users\\hatzakis group\\pycharmprojects\\deepfret-gui\\venv2\\lib\\site-packages\\tensorflow_core\\include\\Eigen\\src\\Geometry\\OrthoMethods.h', 'tensorflow_core\\include\\Eigen\\src\\Geometry'), ('c:\\users\\hatzakis group\\pycharmprojects\\deepfret-gui\\venv2\\lib\\site-packages\\tensorflow_core\\include\\Eigen\\src\\Geometry\\ParametrizedLine.h', 'tensorflow_core\\include\\Eigen\\src\\Geometry'), ('c:\\users\\hatzakis group\\pycharmprojects\\deepfret-gui\\venv2\\lib\\site-packages\\tensorflow_core\\include\\Eigen\\src\\Geometry\\Quaternion.h', 'tensorflow_core\\include\\Eigen\\src\\Geometry'), ('c:\\users\\hatzakis group\\pycharmprojects\\deepfret-gui\\venv2\\lib\\site-packages\\tensorflow_core\\include\\Eigen\\src\\Geometry\\Rotation2D.h', 'tensorflow_core\\include\\Eigen\\src\\Geometry'), ('c:\\users\\hatzakis group\\pycharmprojects\\deepfret-gui\\venv2\\lib\\site-packages\\tensorflow_core\\include\\Eigen\\src\\Geometry\\RotationBase.h', 'tensorflow_core\\include\\Eigen\\src\\Geometry'), ('c:\\users\\hatzakis group\\pycharmprojects\\deepfret-gui\\venv2\\lib\\site-packages\\tensorflow_core\\include\\Eigen\\src\\Geometry\\Scaling.h', 'tensorflow_core\\include\\Eigen\\src\\Geometry'), ('c:\\users\\hatzakis group\\pycharmprojects\\deepfret-gui\\venv2\\lib\\site-packages\\tensorflow_core\\include\\Eigen\\src\\Geometry\\Transform.h', 'tensorflow_core\\include\\Eigen\\src\\Geometry'), ('c:\\users\\hatzakis group\\pycharmprojects\\deepfret-gui\\venv2\\lib\\site-packages\\tensorflow_core\\include\\Eigen\\src\\Geometry\\Translation.h', 'tensorflow_core\\include\\Eigen\\src\\Geometry'), ('c:\\users\\hatzakis group\\pycharmprojects\\deepfret-gui\\venv2\\lib\\site-packages\\tensorflow_core\\include\\Eigen\\src\\Geometry\\Umeyama.h', 'tensorflow_core\\include\\Eigen\\src\\Geometry'), ('c:\\users\\hatzakis group\\pycharmprojects\\deepfret-gui\\venv2\\lib\\site-packages\\tensorflow_core\\include\\Eigen\\src\\Geometry\\arch\\Geometry_SSE.h', 'tensorflow_core\\include\\Eigen\\src\\Geometry\\arch'), ('c:\\users\\hatzakis group\\pycharmprojects\\deepfret-gui\\venv2\\lib\\site-packages\\tensorflow_core\\include\\Eigen\\src\\Householder\\BlockHouseholder.h', 'tensorflow_core\\include\\Eigen\\src\\Householder'), ('c:\\users\\hatzakis group\\pycharmprojects\\deepfret-gui\\venv2\\lib\\site-packages\\tensorflow_core\\include\\Eigen\\src\\Householder\\Householder.h', 'tensorflow_core\\include\\Eigen\\src\\Householder'), ('c:\\users\\hatzakis group\\pycharmprojects\\deepfret-gui\\venv2\\lib\\site-packages\\tensorflow_core\\include\\Eigen\\src\\Householder\\HouseholderSequence.h', 'tensorflow_core\\include\\Eigen\\src\\Householder'), ('c:\\users\\hatzakis group\\pycharmprojects\\deepfret-gui\\venv2\\lib\\site-packages\\tensorflow_core\\include\\Eigen\\src\\IterativeLinearSolvers\\BasicPreconditioners.h', 'tensorflow_core\\include\\Eigen\\src\\IterativeLinearSolvers'), ('c:\\users\\hatzakis group\\pycharmprojects\\deepfret-gui\\venv2\\lib\\site-packages\\tensorflow_core\\include\\Eigen\\src\\IterativeLinearSolvers\\BiCGSTAB.h', 'tensorflow_core\\include\\Eigen\\src\\IterativeLinearSolvers'), ('c:\\users\\hatzakis group\\pycharmprojects\\deepfret-gui\\venv2\\lib\\site-packages\\tensorflow_core\\include\\Eigen\\src\\IterativeLinearSolvers\\ConjugateGradient.h', 'tensorflow_core\\include\\Eigen\\src\\IterativeLinearSolvers'), ('c:\\users\\hatzakis group\\pycharmprojects\\deepfret-gui\\venv2\\lib\\site-packages\\tensorflow_core\\include\\Eigen\\src\\IterativeLinearSolvers\\IncompleteCholesky.h', 'tensorflow_core\\include\\Eigen\\src\\IterativeLinearSolvers'), ('c:\\users\\hatzakis group\\pycharmprojects\\deepfret-gui\\venv2\\lib\\site-packages\\tensorflow_core\\include\\Eigen\\src\\IterativeLinearSolvers\\IncompleteLUT.h', 'tensorflow_core\\include\\Eigen\\src\\IterativeLinearSolvers'), ('c:\\users\\hatzakis group\\pycharmprojects\\deepfret-gui\\venv2\\lib\\site-packages\\tensorflow_core\\include\\Eigen\\src\\IterativeLinearSolvers\\IterativeSolverBase.h', 'tensorflow_core\\include\\Eigen\\src\\IterativeLinearSolvers'), ('c:\\users\\hatzakis group\\pycharmprojects\\deepfret-gui\\venv2\\lib\\site-packages\\tensorflow_core\\include\\Eigen\\src\\IterativeLinearSolvers\\LeastSquareConjugateGradient.h', 'tensorflow_core\\include\\Eigen\\src\\IterativeLinearSolvers'), ('c:\\users\\hatzakis group\\pycharmprojects\\deepfret-gui\\venv2\\lib\\site-packages\\tensorflow_core\\include\\Eigen\\src\\IterativeLinearSolvers\\SolveWithGuess.h', 'tensorflow_core\\include\\Eigen\\src\\IterativeLinearSolvers'), ('c:\\users\\hatzakis group\\pycharmprojects\\deepfret-gui\\venv2\\lib\\site-packages\\tensorflow_core\\include\\Eigen\\src\\Jacobi\\Jacobi.h', 'tensorflow_core\\include\\Eigen\\src\\Jacobi'), ('c:\\users\\hatzakis group\\pycharmprojects\\deepfret-gui\\venv2\\lib\\site-packages\\tensorflow_core\\include\\Eigen\\src\\KLUSupport\\KLUSupport.h', 'tensorflow_core\\include\\Eigen\\src\\KLUSupport'), ('c:\\users\\hatzakis group\\pycharmprojects\\deepfret-gui\\venv2\\lib\\site-packages\\tensorflow_core\\include\\Eigen\\src\\LU\\Determinant.h', 'tensorflow_core\\include\\Eigen\\src\\LU'), ('c:\\users\\hatzakis group\\pycharmprojects\\deepfret-gui\\venv2\\lib\\site-packages\\tensorflow_core\\include\\Eigen\\src\\LU\\FullPivLU.h', 'tensorflow_core\\include\\Eigen\\src\\LU'), ('c:\\users\\hatzakis group\\pycharmprojects\\deepfret-gui\\venv2\\lib\\site-packages\\tensorflow_core\\include\\Eigen\\src\\LU\\InverseImpl.h', 'tensorflow_core\\include\\Eigen\\src\\LU'), ('c:\\users\\hatzakis group\\pycharmprojects\\deepfret-gui\\venv2\\lib\\site-packages\\tensorflow_core\\include\\Eigen\\src\\LU\\PartialPivLU.h', 'tensorflow_core\\include\\Eigen\\src\\LU'), ('c:\\users\\hatzakis group\\pycharmprojects\\deepfret-gui\\venv2\\lib\\site-packages\\tensorflow_core\\include\\Eigen\\src\\LU\\PartialPivLU_LAPACKE.h', 'tensorflow_core\\include\\Eigen\\src\\LU'), ('c:\\users\\hatzakis group\\pycharmprojects\\deepfret-gui\\venv2\\lib\\site-packages\\tensorflow_core\\include\\Eigen\\src\\LU\\arch\\Inverse_SSE.h', 'tensorflow_core\\include\\Eigen\\src\\LU\\arch'), ('c:\\users\\hatzakis group\\pycharmprojects\\deepfret-gui\\venv2\\lib\\site-packages\\tensorflow_core\\include\\Eigen\\src\\MetisSupport\\MetisSupport.h', 'tensorflow_core\\include\\Eigen\\src\\MetisSupport'), ('c:\\users\\hatzakis group\\pycharmprojects\\deepfret-gui\\venv2\\lib\\site-packages\\tensorflow_core\\include\\Eigen\\src\\misc\\blas.h', 'tensorflow_core\\include\\Eigen\\src\\misc'), ('c:\\users\\hatzakis group\\pycharmprojects\\deepfret-gui\\venv2\\lib\\site-packages\\tensorflow_core\\include\\Eigen\\src\\misc\\Image.h', 'tensorflow_core\\include\\Eigen\\src\\misc'), ('c:\\users\\hatzakis group\\pycharmprojects\\deepfret-gui\\venv2\\lib\\site-packages\\tensorflow_core\\include\\Eigen\\src\\misc\\Kernel.h', 'tensorflow_core\\include\\Eigen\\src\\misc'), ('c:\\users\\hatzakis group\\pycharmprojects\\deepfret-gui\\venv2\\lib\\site-packages\\tensorflow_core\\include\\Eigen\\src\\misc\\lapack.h', 'tensorflow_core\\include\\Eigen\\src\\misc'), ('c:\\users\\hatzakis group\\pycharmprojects\\deepfret-gui\\venv2\\lib\\site-packages\\tensorflow_core\\include\\Eigen\\src\\misc\\lapacke.h', 'tensorflow_core\\include\\Eigen\\src\\misc'), ('c:\\users\\hatzakis group\\pycharmprojects\\deepfret-gui\\venv2\\lib\\site-packages\\tensorflow_core\\include\\Eigen\\src\\misc\\lapacke_mangling.h', 'tensorflow_core\\include\\Eigen\\src\\misc'), ('c:\\users\\hatzakis group\\pycharmprojects\\deepfret-gui\\venv2\\lib\\site-packages\\tensorflow_core\\include\\Eigen\\src\\misc\\RealSvd2x2.h', 'tensorflow_core\\include\\Eigen\\src\\misc'), ('c:\\users\\hatzakis group\\pycharmprojects\\deepfret-gui\\venv2\\lib\\site-packages\\tensorflow_core\\include\\Eigen\\src\\OrderingMethods\\Eigen_Colamd.h', 'tensorflow_core\\include\\Eigen\\src\\OrderingMethods'), ('c:\\users\\hatzakis group\\pycharmprojects\\deepfret-gui\\venv2\\lib\\site-packages\\tensorflow_core\\include\\Eigen\\src\\OrderingMethods\\Ordering.h', 'tensorflow_core\\include\\Eigen\\src\\OrderingMethods'), ('c:\\users\\hatzakis group\\pycharmprojects\\deepfret-gui\\venv2\\lib\\site-packages\\tensorflow_core\\include\\Eigen\\src\\PardisoSupport\\PardisoSupport.h', 'tensorflow_core\\include\\Eigen\\src\\PardisoSupport'), ('c:\\users\\hatzakis group\\pycharmprojects\\deepfret-gui\\venv2\\lib\\site-packages\\tensorflow_core\\include\\Eigen\\src\\PaStiXSupport\\PaStiXSupport.h', 'tensorflow_core\\include\\Eigen\\src\\PaStiXSupport'), ('c:\\users\\hatzakis group\\pycharmprojects\\deepfret-gui\\venv2\\lib\\site-packages\\tensorflow_core\\include\\Eigen\\src\\plugins\\ArrayCwiseBinaryOps.h', 'tensorflow_core\\include\\Eigen\\src\\plugins'), ('c:\\users\\hatzakis group\\pycharmprojects\\deepfret-gui\\venv2\\lib\\site-packages\\tensorflow_core\\include\\Eigen\\src\\plugins\\ArrayCwiseUnaryOps.h', 'tensorflow_core\\include\\Eigen\\src\\plugins'), ('c:\\users\\hatzakis group\\pycharmprojects\\deepfret-gui\\venv2\\lib\\site-packages\\tensorflow_core\\include\\Eigen\\src\\plugins\\BlockMethods.h', 'tensorflow_core\\include\\Eigen\\src\\plugins'), ('c:\\users\\hatzakis group\\pycharmprojects\\deepfret-gui\\venv2\\lib\\site-packages\\tensorflow_core\\include\\Eigen\\src\\plugins\\CommonCwiseBinaryOps.h', 'tensorflow_core\\include\\Eigen\\src\\plugins'), ('c:\\users\\hatzakis group\\pycharmprojects\\deepfret-gui\\venv2\\lib\\site-packages\\tensorflow_core\\include\\Eigen\\src\\plugins\\CommonCwiseUnaryOps.h', 'tensorflow_core\\include\\Eigen\\src\\plugins'), ('c:\\users\\hatzakis group\\pycharmprojects\\deepfret-gui\\venv2\\lib\\site-packages\\tensorflow_core\\include\\Eigen\\src\\plugins\\IndexedViewMethods.h', 'tensorflow_core\\include\\Eigen\\src\\plugins'), ('c:\\users\\hatzakis group\\pycharmprojects\\deepfret-gui\\venv2\\lib\\site-packages\\tensorflow_core\\include\\Eigen\\src\\plugins\\MatrixCwiseBinaryOps.h', 'tensorflow_core\\include\\Eigen\\src\\plugins'), ('c:\\users\\hatzakis group\\pycharmprojects\\deepfret-gui\\venv2\\lib\\site-packages\\tensorflow_core\\include\\Eigen\\src\\plugins\\MatrixCwiseUnaryOps.h', 'tensorflow_core\\include\\Eigen\\src\\plugins'), ('c:\\users\\hatzakis group\\pycharmprojects\\deepfret-gui\\venv2\\lib\\site-packages\\tensorflow_core\\include\\Eigen\\src\\plugins\\ReshapedMethods.h', 'tensorflow_core\\include\\Eigen\\src\\plugins'), ('c:\\users\\hatzakis group\\pycharmprojects\\deepfret-gui\\venv2\\lib\\site-packages\\tensorflow_core\\include\\Eigen\\src\\QR\\ColPivHouseholderQR.h', 'tensorflow_core\\include\\Eigen\\src\\QR'), ('c:\\users\\hatzakis group\\pycharmprojects\\deepfret-gui\\venv2\\lib\\site-packages\\tensorflow_core\\include\\Eigen\\src\\QR\\ColPivHouseholderQR_LAPACKE.h', 'tensorflow_core\\include\\Eigen\\src\\QR'), ('c:\\users\\hatzakis group\\pycharmprojects\\deepfret-gui\\venv2\\lib\\site-packages\\tensorflow_core\\include\\Eigen\\src\\QR\\CompleteOrthogonalDecomposition.h', 'tensorflow_core\\include\\Eigen\\src\\QR'), ('c:\\users\\hatzakis group\\pycharmprojects\\deepfret-gui\\venv2\\lib\\site-packages\\tensorflow_core\\include\\Eigen\\src\\QR\\FullPivHouseholderQR.h', 'tensorflow_core\\include\\Eigen\\src\\QR'), ('c:\\users\\hatzakis group\\pycharmprojects\\deepfret-gui\\venv2\\lib\\site-packages\\tensorflow_core\\include\\Eigen\\src\\QR\\HouseholderQR.h', 'tensorflow_core\\include\\Eigen\\src\\QR'), ('c:\\users\\hatzakis group\\pycharmprojects\\deepfret-gui\\venv2\\lib\\site-packages\\tensorflow_core\\include\\Eigen\\src\\QR\\HouseholderQR_LAPACKE.h', 'tensorflow_core\\include\\Eigen\\src\\QR'), ('c:\\users\\hatzakis group\\pycharmprojects\\deepfret-gui\\venv2\\lib\\site-packages\\tensorflow_core\\include\\Eigen\\src\\SparseCore\\AmbiVector.h', 'tensorflow_core\\include\\Eigen\\src\\SparseCore'), ('c:\\users\\hatzakis group\\pycharmprojects\\deepfret-gui\\venv2\\lib\\site-packages\\tensorflow_core\\include\\Eigen\\src\\SparseCore\\CompressedStorage.h', 'tensorflow_core\\include\\Eigen\\src\\SparseCore'), ('c:\\users\\hatzakis group\\pycharmprojects\\deepfret-gui\\venv2\\lib\\site-packages\\tensorflow_core\\include\\Eigen\\src\\SparseCore\\ConservativeSparseSparseProduct.h', 'tensorflow_core\\include\\Eigen\\src\\SparseCore'), ('c:\\users\\hatzakis group\\pycharmprojects\\deepfret-gui\\venv2\\lib\\site-packages\\tensorflow_core\\include\\Eigen\\src\\SparseCore\\MappedSparseMatrix.h', 'tensorflow_core\\include\\Eigen\\src\\SparseCore'), ('c:\\users\\hatzakis group\\pycharmprojects\\deepfret-gui\\venv2\\lib\\site-packages\\tensorflow_core\\include\\Eigen\\src\\SparseCore\\SparseAssign.h', 'tensorflow_core\\include\\Eigen\\src\\SparseCore'), ('c:\\users\\hatzakis group\\pycharmprojects\\deepfret-gui\\venv2\\lib\\site-packages\\tensorflow_core\\include\\Eigen\\src\\SparseCore\\SparseBlock.h', 'tensorflow_core\\include\\Eigen\\src\\SparseCore'), ('c:\\users\\hatzakis group\\pycharmprojects\\deepfret-gui\\venv2\\lib\\site-packages\\tensorflow_core\\include\\Eigen\\src\\SparseCore\\SparseColEtree.h', 'tensorflow_core\\include\\Eigen\\src\\SparseCore'), ('c:\\users\\hatzakis group\\pycharmprojects\\deepfret-gui\\venv2\\lib\\site-packages\\tensorflow_core\\include\\Eigen\\src\\SparseCore\\SparseCompressedBase.h', 'tensorflow_core\\include\\Eigen\\src\\SparseCore'), ('c:\\users\\hatzakis group\\pycharmprojects\\deepfret-gui\\venv2\\lib\\site-packages\\tensorflow_core\\include\\Eigen\\src\\SparseCore\\SparseCwiseBinaryOp.h', 'tensorflow_core\\include\\Eigen\\src\\SparseCore'), ('c:\\users\\hatzakis group\\pycharmprojects\\deepfret-gui\\venv2\\lib\\site-packages\\tensorflow_core\\include\\Eigen\\src\\SparseCore\\SparseCwiseUnaryOp.h', 'tensorflow_core\\include\\Eigen\\src\\SparseCore'), ('c:\\users\\hatzakis group\\pycharmprojects\\deepfret-gui\\venv2\\lib\\site-packages\\tensorflow_core\\include\\Eigen\\src\\SparseCore\\SparseDenseProduct.h', 'tensorflow_core\\include\\Eigen\\src\\SparseCore'), ('c:\\users\\hatzakis group\\pycharmprojects\\deepfret-gui\\venv2\\lib\\site-packages\\tensorflow_core\\include\\Eigen\\src\\SparseCore\\SparseDiagonalProduct.h', 'tensorflow_core\\include\\Eigen\\src\\SparseCore'), ('c:\\users\\hatzakis group\\pycharmprojects\\deepfret-gui\\venv2\\lib\\site-packages\\tensorflow_core\\include\\Eigen\\src\\SparseCore\\SparseDot.h', 'tensorflow_core\\include\\Eigen\\src\\SparseCore'), ('c:\\users\\hatzakis group\\pycharmprojects\\deepfret-gui\\venv2\\lib\\site-packages\\tensorflow_core\\include\\Eigen\\src\\SparseCore\\SparseFuzzy.h', 'tensorflow_core\\include\\Eigen\\src\\SparseCore'), ('c:\\users\\hatzakis group\\pycharmprojects\\deepfret-gui\\venv2\\lib\\site-packages\\tensorflow_core\\include\\Eigen\\src\\SparseCore\\SparseMap.h', 'tensorflow_core\\include\\Eigen\\src\\SparseCore'), ('c:\\users\\hatzakis group\\pycharmprojects\\deepfret-gui\\venv2\\lib\\site-packages\\tensorflow_core\\include\\Eigen\\src\\SparseCore\\SparseMatrix.h', 'tensorflow_core\\include\\Eigen\\src\\SparseCore'), ('c:\\users\\hatzakis group\\pycharmprojects\\deepfret-gui\\venv2\\lib\\site-packages\\tensorflow_core\\include\\Eigen\\src\\SparseCore\\SparseMatrixBase.h', 'tensorflow_core\\include\\Eigen\\src\\SparseCore'), ('c:\\users\\hatzakis group\\pycharmprojects\\deepfret-gui\\venv2\\lib\\site-packages\\tensorflow_core\\include\\Eigen\\src\\SparseCore\\SparsePermutation.h', 'tensorflow_core\\include\\Eigen\\src\\SparseCore'), ('c:\\users\\hatzakis group\\pycharmprojects\\deepfret-gui\\venv2\\lib\\site-packages\\tensorflow_core\\include\\Eigen\\src\\SparseCore\\SparseProduct.h', 'tensorflow_core\\include\\Eigen\\src\\SparseCore'), ('c:\\users\\hatzakis group\\pycharmprojects\\deepfret-gui\\venv2\\lib\\site-packages\\tensorflow_core\\include\\Eigen\\src\\SparseCore\\SparseRedux.h', 'tensorflow_core\\include\\Eigen\\src\\SparseCore'), ('c:\\users\\hatzakis group\\pycharmprojects\\deepfret-gui\\venv2\\lib\\site-packages\\tensorflow_core\\include\\Eigen\\src\\SparseCore\\SparseRef.h', 'tensorflow_core\\include\\Eigen\\src\\SparseCore'), ('c:\\users\\hatzakis group\\pycharmprojects\\deepfret-gui\\venv2\\lib\\site-packages\\tensorflow_core\\include\\Eigen\\src\\SparseCore\\SparseSelfAdjointView.h', 'tensorflow_core\\include\\Eigen\\src\\SparseCore'), ('c:\\users\\hatzakis group\\pycharmprojects\\deepfret-gui\\venv2\\lib\\site-packages\\tensorflow_core\\include\\Eigen\\src\\SparseCore\\SparseSolverBase.h', 'tensorflow_core\\include\\Eigen\\src\\SparseCore'), ('c:\\users\\hatzakis group\\pycharmprojects\\deepfret-gui\\venv2\\lib\\site-packages\\tensorflow_core\\include\\Eigen\\src\\SparseCore\\SparseSparseProductWithPruning.h', 'tensorflow_core\\include\\Eigen\\src\\SparseCore'), ('c:\\users\\hatzakis group\\pycharmprojects\\deepfret-gui\\venv2\\lib\\site-packages\\tensorflow_core\\include\\Eigen\\src\\SparseCore\\SparseTranspose.h', 'tensorflow_core\\include\\Eigen\\src\\SparseCore'), ('c:\\users\\hatzakis group\\pycharmprojects\\deepfret-gui\\venv2\\lib\\site-packages\\tensorflow_core\\include\\Eigen\\src\\SparseCore\\SparseTriangularView.h', 'tensorflow_core\\include\\Eigen\\src\\SparseCore'), ('c:\\users\\hatzakis group\\pycharmprojects\\deepfret-gui\\venv2\\lib\\site-packages\\tensorflow_core\\include\\Eigen\\src\\SparseCore\\SparseUtil.h', 'tensorflow_core\\include\\Eigen\\src\\SparseCore'), ('c:\\users\\hatzakis group\\pycharmprojects\\deepfret-gui\\venv2\\lib\\site-packages\\tensorflow_core\\include\\Eigen\\src\\SparseCore\\SparseVector.h', 'tensorflow_core\\include\\Eigen\\src\\SparseCore'), ('c:\\users\\hatzakis group\\pycharmprojects\\deepfret-gui\\venv2\\lib\\site-packages\\tensorflow_core\\include\\Eigen\\src\\SparseCore\\SparseView.h', 'tensorflow_core\\include\\Eigen\\src\\SparseCore'), ('c:\\users\\hatzakis group\\pycharmprojects\\deepfret-gui\\venv2\\lib\\site-packages\\tensorflow_core\\include\\Eigen\\src\\SparseCore\\TriangularSolver.h', 'tensorflow_core\\include\\Eigen\\src\\SparseCore'), ('c:\\users\\hatzakis group\\pycharmprojects\\deepfret-gui\\venv2\\lib\\site-packages\\tensorflow_core\\include\\Eigen\\src\\SparseLU\\SparseLU.h', 'tensorflow_core\\include\\Eigen\\src\\SparseLU'), ('c:\\users\\hatzakis group\\pycharmprojects\\deepfret-gui\\venv2\\lib\\site-packages\\tensorflow_core\\include\\Eigen\\src\\SparseLU\\SparseLUImpl.h', 'tensorflow_core\\include\\Eigen\\src\\SparseLU'), ('c:\\users\\hatzakis group\\pycharmprojects\\deepfret-gui\\venv2\\lib\\site-packages\\tensorflow_core\\include\\Eigen\\src\\SparseLU\\SparseLU_column_bmod.h', 'tensorflow_core\\include\\Eigen\\src\\SparseLU'), ('c:\\users\\hatzakis group\\pycharmprojects\\deepfret-gui\\venv2\\lib\\site-packages\\tensorflow_core\\include\\Eigen\\src\\SparseLU\\SparseLU_column_dfs.h', 'tensorflow_core\\include\\Eigen\\src\\SparseLU'), ('c:\\users\\hatzakis group\\pycharmprojects\\deepfret-gui\\venv2\\lib\\site-packages\\tensorflow_core\\include\\Eigen\\src\\SparseLU\\SparseLU_copy_to_ucol.h', 'tensorflow_core\\include\\Eigen\\src\\SparseLU'), ('c:\\users\\hatzakis group\\pycharmprojects\\deepfret-gui\\venv2\\lib\\site-packages\\tensorflow_core\\include\\Eigen\\src\\SparseLU\\SparseLU_gemm_kernel.h', 'tensorflow_core\\include\\Eigen\\src\\SparseLU'), ('c:\\users\\hatzakis group\\pycharmprojects\\deepfret-gui\\venv2\\lib\\site-packages\\tensorflow_core\\include\\Eigen\\src\\SparseLU\\SparseLU_heap_relax_snode.h', 'tensorflow_core\\include\\Eigen\\src\\SparseLU'), ('c:\\users\\hatzakis group\\pycharmprojects\\deepfret-gui\\venv2\\lib\\site-packages\\tensorflow_core\\include\\Eigen\\src\\SparseLU\\SparseLU_kernel_bmod.h', 'tensorflow_core\\include\\Eigen\\src\\SparseLU'), ('c:\\users\\hatzakis group\\pycharmprojects\\deepfret-gui\\venv2\\lib\\site-packages\\tensorflow_core\\include\\Eigen\\src\\SparseLU\\SparseLU_Memory.h', 'tensorflow_core\\include\\Eigen\\src\\SparseLU'), ('c:\\users\\hatzakis group\\pycharmprojects\\deepfret-gui\\venv2\\lib\\site-packages\\tensorflow_core\\include\\Eigen\\src\\SparseLU\\SparseLU_panel_bmod.h', 'tensorflow_core\\include\\Eigen\\src\\SparseLU'), ('c:\\users\\hatzakis group\\pycharmprojects\\deepfret-gui\\venv2\\lib\\site-packages\\tensorflow_core\\include\\Eigen\\src\\SparseLU\\SparseLU_panel_dfs.h', 'tensorflow_core\\include\\Eigen\\src\\SparseLU'), ('c:\\users\\hatzakis group\\pycharmprojects\\deepfret-gui\\venv2\\lib\\site-packages\\tensorflow_core\\include\\Eigen\\src\\SparseLU\\SparseLU_pivotL.h', 'tensorflow_core\\include\\Eigen\\src\\SparseLU'), ('c:\\users\\hatzakis group\\pycharmprojects\\deepfret-gui\\venv2\\lib\\site-packages\\tensorflow_core\\include\\Eigen\\src\\SparseLU\\SparseLU_pruneL.h', 'tensorflow_core\\include\\Eigen\\src\\SparseLU'), ('c:\\users\\hatzakis group\\pycharmprojects\\deepfret-gui\\venv2\\lib\\site-packages\\tensorflow_core\\include\\Eigen\\src\\SparseLU\\SparseLU_relax_snode.h', 'tensorflow_core\\include\\Eigen\\src\\SparseLU'), ('c:\\users\\hatzakis group\\pycharmprojects\\deepfret-gui\\venv2\\lib\\site-packages\\tensorflow_core\\include\\Eigen\\src\\SparseLU\\SparseLU_Structs.h', 'tensorflow_core\\include\\Eigen\\src\\SparseLU'), ('c:\\users\\hatzakis group\\pycharmprojects\\deepfret-gui\\venv2\\lib\\site-packages\\tensorflow_core\\include\\Eigen\\src\\SparseLU\\SparseLU_SupernodalMatrix.h', 'tensorflow_core\\include\\Eigen\\src\\SparseLU'), ('c:\\users\\hatzakis group\\pycharmprojects\\deepfret-gui\\venv2\\lib\\site-packages\\tensorflow_core\\include\\Eigen\\src\\SparseLU\\SparseLU_Utils.h', 'tensorflow_core\\include\\Eigen\\src\\SparseLU'), ('c:\\users\\hatzakis group\\pycharmprojects\\deepfret-gui\\venv2\\lib\\site-packages\\tensorflow_core\\include\\Eigen\\src\\SparseQR\\SparseQR.h', 'tensorflow_core\\include\\Eigen\\src\\SparseQR'), ('c:\\users\\hatzakis group\\pycharmprojects\\deepfret-gui\\venv2\\lib\\site-packages\\tensorflow_core\\include\\Eigen\\src\\SPQRSupport\\SuiteSparseQRSupport.h', 'tensorflow_core\\include\\Eigen\\src\\SPQRSupport'), ('c:\\users\\hatzakis group\\pycharmprojects\\deepfret-gui\\venv2\\lib\\site-packages\\tensorflow_core\\include\\Eigen\\src\\StlSupport\\details.h', 'tensorflow_core\\include\\Eigen\\src\\StlSupport'), ('c:\\users\\hatzakis group\\pycharmprojects\\deepfret-gui\\venv2\\lib\\site-packages\\tensorflow_core\\include\\Eigen\\src\\StlSupport\\StdDeque.h', 'tensorflow_core\\include\\Eigen\\src\\StlSupport'), ('c:\\users\\hatzakis group\\pycharmprojects\\deepfret-gui\\venv2\\lib\\site-packages\\tensorflow_core\\include\\Eigen\\src\\StlSupport\\StdList.h', 'tensorflow_core\\include\\Eigen\\src\\StlSupport'), ('c:\\users\\hatzakis group\\pycharmprojects\\deepfret-gui\\venv2\\lib\\site-packages\\tensorflow_core\\include\\Eigen\\src\\StlSupport\\StdVector.h', 'tensorflow_core\\include\\Eigen\\src\\StlSupport'), ('c:\\users\\hatzakis group\\pycharmprojects\\deepfret-gui\\venv2\\lib\\site-packages\\tensorflow_core\\include\\Eigen\\src\\SuperLUSupport\\SuperLUSupport.h', 'tensorflow_core\\include\\Eigen\\src\\SuperLUSupport'), ('c:\\users\\hatzakis group\\pycharmprojects\\deepfret-gui\\venv2\\lib\\site-packages\\tensorflow_core\\include\\Eigen\\src\\SVD\\BDCSVD.h', 'tensorflow_core\\include\\Eigen\\src\\SVD'), ('c:\\users\\hatzakis group\\pycharmprojects\\deepfret-gui\\venv2\\lib\\site-packages\\tensorflow_core\\include\\Eigen\\src\\SVD\\JacobiSVD.h', 'tensorflow_core\\include\\Eigen\\src\\SVD'), ('c:\\users\\hatzakis group\\pycharmprojects\\deepfret-gui\\venv2\\lib\\site-packages\\tensorflow_core\\include\\Eigen\\src\\SVD\\JacobiSVD_LAPACKE.h', 'tensorflow_core\\include\\Eigen\\src\\SVD'), ('c:\\users\\hatzakis group\\pycharmprojects\\deepfret-gui\\venv2\\lib\\site-packages\\tensorflow_core\\include\\Eigen\\src\\SVD\\SVDBase.h', 'tensorflow_core\\include\\Eigen\\src\\SVD'), ('c:\\users\\hatzakis group\\pycharmprojects\\deepfret-gui\\venv2\\lib\\site-packages\\tensorflow_core\\include\\Eigen\\src\\SVD\\UpperBidiagonalization.h', 'tensorflow_core\\include\\Eigen\\src\\SVD'), ('c:\\users\\hatzakis group\\pycharmprojects\\deepfret-gui\\venv2\\lib\\site-packages\\tensorflow_core\\include\\Eigen\\src\\UmfPackSupport\\UmfPackSupport.h', 'tensorflow_core\\include\\Eigen\\src\\UmfPackSupport'), ('c:\\users\\hatzakis group\\pycharmprojects\\deepfret-gui\\venv2\\lib\\site-packages\\tensorflow_core\\include\\external\\absl_py\\absl\\LICENSE', 'tensorflow_core\\include\\external\\absl_py\\absl'), ('c:\\users\\hatzakis group\\pycharmprojects\\deepfret-gui\\venv2\\lib\\site-packages\\tensorflow_core\\include\\external\\absl_py\\absl\\flags\\LICENSE', 'tensorflow_core\\include\\external\\absl_py\\absl\\flags'), ('c:\\users\\hatzakis group\\pycharmprojects\\deepfret-gui\\venv2\\lib\\site-packages\\tensorflow_core\\include\\external\\absl_py\\absl\\logging\\LICENSE', 'tensorflow_core\\include\\external\\absl_py\\absl\\logging'), ('c:\\users\\hatzakis group\\pycharmprojects\\deepfret-gui\\venv2\\lib\\site-packages\\tensorflow_core\\include\\external\\absl_py\\absl\\testing\\LICENSE', 'tensorflow_core\\include\\external\\absl_py\\absl\\testing'), ('c:\\users\\hatzakis group\\pycharmprojects\\deepfret-gui\\venv2\\lib\\site-packages\\tensorflow_core\\include\\external\\absl_py\\absl\\third_party\\unittest3_backport\\LICENSE', 'tensorflow_core\\include\\external\\absl_py\\absl\\third_party\\unittest3_backport'), ('c:\\users\\hatzakis group\\pycharmprojects\\deepfret-gui\\venv2\\lib\\site-packages\\tensorflow_core\\include\\external\\arm_neon_2_x86_sse\\LICENSE', 'tensorflow_core\\include\\external\\arm_neon_2_x86_sse'), ('c:\\users\\hatzakis group\\pycharmprojects\\deepfret-gui\\venv2\\lib\\site-packages\\tensorflow_core\\include\\external\\astor_archive\\LICENSE', 'tensorflow_core\\include\\external\\astor_archive'), ('c:\\users\\hatzakis group\\pycharmprojects\\deepfret-gui\\venv2\\lib\\site-packages\\tensorflow_core\\include\\external\\boringssl\\LICENSE', 'tensorflow_core\\include\\external\\boringssl'), ('c:\\users\\hatzakis group\\pycharmprojects\\deepfret-gui\\venv2\\lib\\site-packages\\tensorflow_core\\include\\external\\com_googlesource_code_re2\\LICENSE', 'tensorflow_core\\include\\external\\com_googlesource_code_re2'), ('c:\\users\\hatzakis group\\pycharmprojects\\deepfret-gui\\venv2\\lib\\site-packages\\tensorflow_core\\include\\external\\com_googlesource_code_re2\\re2\\bitmap256.h', 'tensorflow_core\\include\\external\\com_googlesource_code_re2\\re2'), ('c:\\users\\hatzakis group\\pycharmprojects\\deepfret-gui\\venv2\\lib\\site-packages\\tensorflow_core\\include\\external\\com_googlesource_code_re2\\re2\\filtered_re2.h', 'tensorflow_core\\include\\external\\com_googlesource_code_re2\\re2'), ('c:\\users\\hatzakis group\\pycharmprojects\\deepfret-gui\\venv2\\lib\\site-packages\\tensorflow_core\\include\\external\\com_googlesource_code_re2\\re2\\prefilter.h', 'tensorflow_core\\include\\external\\com_googlesource_code_re2\\re2'), ('c:\\users\\hatzakis group\\pycharmprojects\\deepfret-gui\\venv2\\lib\\site-packages\\tensorflow_core\\include\\external\\com_googlesource_code_re2\\re2\\prefilter_tree.h', 'tensorflow_core\\include\\external\\com_googlesource_code_re2\\re2'), ('c:\\users\\hatzakis group\\pycharmprojects\\deepfret-gui\\venv2\\lib\\site-packages\\tensorflow_core\\include\\external\\com_googlesource_code_re2\\re2\\prog.h', 'tensorflow_core\\include\\external\\com_googlesource_code_re2\\re2'), ('c:\\users\\hatzakis group\\pycharmprojects\\deepfret-gui\\venv2\\lib\\site-packages\\tensorflow_core\\include\\external\\com_googlesource_code_re2\\re2\\re2.h', 'tensorflow_core\\include\\external\\com_googlesource_code_re2\\re2'), ('c:\\users\\hatzakis group\\pycharmprojects\\deepfret-gui\\venv2\\lib\\site-packages\\tensorflow_core\\include\\external\\com_googlesource_code_re2\\re2\\regexp.h', 'tensorflow_core\\include\\external\\com_googlesource_code_re2\\re2'), ('c:\\users\\hatzakis group\\pycharmprojects\\deepfret-gui\\venv2\\lib\\site-packages\\tensorflow_core\\include\\external\\com_googlesource_code_re2\\re2\\set.h', 'tensorflow_core\\include\\external\\com_googlesource_code_re2\\re2'), ('c:\\users\\hatzakis group\\pycharmprojects\\deepfret-gui\\venv2\\lib\\site-packages\\tensorflow_core\\include\\external\\com_googlesource_code_re2\\re2\\unicode_casefold.h', 'tensorflow_core\\include\\external\\com_googlesource_code_re2\\re2'), ('c:\\users\\hatzakis group\\pycharmprojects\\deepfret-gui\\venv2\\lib\\site-packages\\tensorflow_core\\include\\external\\com_googlesource_code_re2\\re2\\unicode_groups.h', 'tensorflow_core\\include\\external\\com_googlesource_code_re2\\re2'), ('c:\\users\\hatzakis group\\pycharmprojects\\deepfret-gui\\venv2\\lib\\site-packages\\tensorflow_core\\include\\external\\com_googlesource_code_re2\\re2\\walker-inl.h', 'tensorflow_core\\include\\external\\com_googlesource_code_re2\\re2'), ('c:\\users\\hatzakis group\\pycharmprojects\\deepfret-gui\\venv2\\lib\\site-packages\\tensorflow_core\\include\\external\\com_googlesource_code_re2\\util\\flags.h', 'tensorflow_core\\include\\external\\com_googlesource_code_re2\\util'), ('c:\\users\\hatzakis group\\pycharmprojects\\deepfret-gui\\venv2\\lib\\site-packages\\tensorflow_core\\include\\external\\com_googlesource_code_re2\\util\\logging.h', 'tensorflow_core\\include\\external\\com_googlesource_code_re2\\util'), ('c:\\users\\hatzakis group\\pycharmprojects\\deepfret-gui\\venv2\\lib\\site-packages\\tensorflow_core\\include\\external\\com_googlesource_code_re2\\util\\pod_array.h', 'tensorflow_core\\include\\external\\com_googlesource_code_re2\\util'), ('c:\\users\\hatzakis group\\pycharmprojects\\deepfret-gui\\venv2\\lib\\site-packages\\tensorflow_core\\include\\external\\com_googlesource_code_re2\\util\\sparse_array.h', 'tensorflow_core\\include\\external\\com_googlesource_code_re2\\util'), ('c:\\users\\hatzakis group\\pycharmprojects\\deepfret-gui\\venv2\\lib\\site-packages\\tensorflow_core\\include\\external\\com_googlesource_code_re2\\util\\sparse_set.h', 'tensorflow_core\\include\\external\\com_googlesource_code_re2\\util'), ('c:\\users\\hatzakis group\\pycharmprojects\\deepfret-gui\\venv2\\lib\\site-packages\\tensorflow_core\\include\\external\\com_googlesource_code_re2\\util\\strutil.h', 'tensorflow_core\\include\\external\\com_googlesource_code_re2\\util'), ('c:\\users\\hatzakis group\\pycharmprojects\\deepfret-gui\\venv2\\lib\\site-packages\\tensorflow_core\\include\\external\\com_googlesource_code_re2\\util\\utf.h', 'tensorflow_core\\include\\external\\com_googlesource_code_re2\\util'), ('c:\\users\\hatzakis group\\pycharmprojects\\deepfret-gui\\venv2\\lib\\site-packages\\tensorflow_core\\include\\external\\com_googlesource_code_re2\\util\\util.h', 'tensorflow_core\\include\\external\\com_googlesource_code_re2\\util'), ('c:\\users\\hatzakis group\\pycharmprojects\\deepfret-gui\\venv2\\lib\\site-packages\\tensorflow_core\\include\\external\\com_google_absl\\LICENSE', 'tensorflow_core\\include\\external\\com_google_absl'), ('c:\\users\\hatzakis group\\pycharmprojects\\deepfret-gui\\venv2\\lib\\site-packages\\tensorflow_core\\include\\external\\com_google_protobuf\\LICENSE', 'tensorflow_core\\include\\external\\com_google_protobuf'), ('c:\\users\\hatzakis group\\pycharmprojects\\deepfret-gui\\venv2\\lib\\site-packages\\tensorflow_core\\include\\external\\curl\\COPYING', 'tensorflow_core\\include\\external\\curl'), ('c:\\users\\hatzakis group\\pycharmprojects\\deepfret-gui\\venv2\\lib\\site-packages\\tensorflow_core\\include\\external\\double_conversion\\LICENSE', 'tensorflow_core\\include\\external\\double_conversion'), ('c:\\users\\hatzakis group\\pycharmprojects\\deepfret-gui\\venv2\\lib\\site-packages\\tensorflow_core\\include\\external\\double_conversion\\double-conversion\\bignum-dtoa.h', 'tensorflow_core\\include\\external\\double_conversion\\double-conversion'), ('c:\\users\\hatzakis group\\pycharmprojects\\deepfret-gui\\venv2\\lib\\site-packages\\tensorflow_core\\include\\external\\double_conversion\\double-conversion\\bignum.h', 'tensorflow_core\\include\\external\\double_conversion\\double-conversion'), ('c:\\users\\hatzakis group\\pycharmprojects\\deepfret-gui\\venv2\\lib\\site-packages\\tensorflow_core\\include\\external\\double_conversion\\double-conversion\\cached-powers.h', 'tensorflow_core\\include\\external\\double_conversion\\double-conversion'), ('c:\\users\\hatzakis group\\pycharmprojects\\deepfret-gui\\venv2\\lib\\site-packages\\tensorflow_core\\include\\external\\double_conversion\\double-conversion\\diy-fp.h', 'tensorflow_core\\include\\external\\double_conversion\\double-conversion'), ('c:\\users\\hatzakis group\\pycharmprojects\\deepfret-gui\\venv2\\lib\\site-packages\\tensorflow_core\\include\\external\\double_conversion\\double-conversion\\double-conversion.h', 'tensorflow_core\\include\\external\\double_conversion\\double-conversion'), ('c:\\users\\hatzakis group\\pycharmprojects\\deepfret-gui\\venv2\\lib\\site-packages\\tensorflow_core\\include\\external\\double_conversion\\double-conversion\\fast-dtoa.h', 'tensorflow_core\\include\\external\\double_conversion\\double-conversion'), ('c:\\users\\hatzakis group\\pycharmprojects\\deepfret-gui\\venv2\\lib\\site-packages\\tensorflow_core\\include\\external\\double_conversion\\double-conversion\\fixed-dtoa.h', 'tensorflow_core\\include\\external\\double_conversion\\double-conversion'), ('c:\\users\\hatzakis group\\pycharmprojects\\deepfret-gui\\venv2\\lib\\site-packages\\tensorflow_core\\include\\external\\double_conversion\\double-conversion\\ieee.h', 'tensorflow_core\\include\\external\\double_conversion\\double-conversion'), ('c:\\users\\hatzakis group\\pycharmprojects\\deepfret-gui\\venv2\\lib\\site-packages\\tensorflow_core\\include\\external\\double_conversion\\double-conversion\\strtod.h', 'tensorflow_core\\include\\external\\double_conversion\\double-conversion'), ('c:\\users\\hatzakis group\\pycharmprojects\\deepfret-gui\\venv2\\lib\\site-packages\\tensorflow_core\\include\\external\\double_conversion\\double-conversion\\utils.h', 'tensorflow_core\\include\\external\\double_conversion\\double-conversion'), ('c:\\users\\hatzakis group\\pycharmprojects\\deepfret-gui\\venv2\\lib\\site-packages\\tensorflow_core\\include\\external\\eigen_archive\\COPYING.MPL2', 'tensorflow_core\\include\\external\\eigen_archive'), ('c:\\users\\hatzakis group\\pycharmprojects\\deepfret-gui\\venv2\\lib\\site-packages\\tensorflow_core\\include\\external\\enum34_archive\\LICENSE', 'tensorflow_core\\include\\external\\enum34_archive'), ('c:\\users\\hatzakis group\\pycharmprojects\\deepfret-gui\\venv2\\lib\\site-packages\\tensorflow_core\\include\\external\\farmhash_archive\\COPYING', 'tensorflow_core\\include\\external\\farmhash_archive'), ('c:\\users\\hatzakis group\\pycharmprojects\\deepfret-gui\\venv2\\lib\\site-packages\\tensorflow_core\\include\\external\\farmhash_archive\\src\\farmhash.h', 'tensorflow_core\\include\\external\\farmhash_archive\\src'), ('c:\\users\\hatzakis group\\pycharmprojects\\deepfret-gui\\venv2\\lib\\site-packages\\tensorflow_core\\include\\external\\fft2d\\fft2d\\readme2d.txt', 'tensorflow_core\\include\\external\\fft2d\\fft2d'), ('c:\\users\\hatzakis group\\pycharmprojects\\deepfret-gui\\venv2\\lib\\site-packages\\tensorflow_core\\include\\external\\flatbuffers\\LICENSE.txt', 'tensorflow_core\\include\\external\\flatbuffers'), ('c:\\users\\hatzakis group\\pycharmprojects\\deepfret-gui\\venv2\\lib\\site-packages\\tensorflow_core\\include\\external\\functools32_archive\\LICENSE', 'tensorflow_core\\include\\external\\functools32_archive'), ('c:\\users\\hatzakis group\\pycharmprojects\\deepfret-gui\\venv2\\lib\\site-packages\\tensorflow_core\\include\\external\\gast_archive\\PKG-INFO', 'tensorflow_core\\include\\external\\gast_archive'), ('c:\\users\\hatzakis group\\pycharmprojects\\deepfret-gui\\venv2\\lib\\site-packages\\tensorflow_core\\include\\external\\gemmlowp\\LICENSE', 'tensorflow_core\\include\\external\\gemmlowp'), ('c:\\users\\hatzakis group\\pycharmprojects\\deepfret-gui\\venv2\\lib\\site-packages\\tensorflow_core\\include\\external\\gif_archive\\COPYING', 'tensorflow_core\\include\\external\\gif_archive'), ('c:\\users\\hatzakis group\\pycharmprojects\\deepfret-gui\\venv2\\lib\\site-packages\\tensorflow_core\\include\\external\\gif_archive\\gif_hash.h', 'tensorflow_core\\include\\external\\gif_archive'), ('c:\\users\\hatzakis group\\pycharmprojects\\deepfret-gui\\venv2\\lib\\site-packages\\tensorflow_core\\include\\external\\gif_archive\\gif_lib.h', 'tensorflow_core\\include\\external\\gif_archive'), ('c:\\users\\hatzakis group\\pycharmprojects\\deepfret-gui\\venv2\\lib\\site-packages\\tensorflow_core\\include\\external\\gif_archive\\gif_lib_private.h', 'tensorflow_core\\include\\external\\gif_archive'), ('c:\\users\\hatzakis group\\pycharmprojects\\deepfret-gui\\venv2\\lib\\site-packages\\tensorflow_core\\include\\external\\gif_archive\\windows\\unistd.h', 'tensorflow_core\\include\\external\\gif_archive\\windows'), ('c:\\users\\hatzakis group\\pycharmprojects\\deepfret-gui\\venv2\\lib\\site-packages\\tensorflow_core\\include\\external\\grpc\\LICENSE', 'tensorflow_core\\include\\external\\grpc'), ('c:\\users\\hatzakis group\\pycharmprojects\\deepfret-gui\\venv2\\lib\\site-packages\\tensorflow_core\\include\\external\\grpc\\third_party\\address_sorting\\LICENSE', 'tensorflow_core\\include\\external\\grpc\\third_party\\address_sorting'), ('c:\\users\\hatzakis group\\pycharmprojects\\deepfret-gui\\venv2\\lib\\site-packages\\tensorflow_core\\include\\external\\highwayhash\\LICENSE', 'tensorflow_core\\include\\external\\highwayhash'), ('c:\\users\\hatzakis group\\pycharmprojects\\deepfret-gui\\venv2\\lib\\site-packages\\tensorflow_core\\include\\external\\highwayhash\\highwayhash\\arch_specific.h', 'tensorflow_core\\include\\external\\highwayhash\\highwayhash'), ('c:\\users\\hatzakis group\\pycharmprojects\\deepfret-gui\\venv2\\lib\\site-packages\\tensorflow_core\\include\\external\\highwayhash\\highwayhash\\compiler_specific.h', 'tensorflow_core\\include\\external\\highwayhash\\highwayhash'), ('c:\\users\\hatzakis group\\pycharmprojects\\deepfret-gui\\venv2\\lib\\site-packages\\tensorflow_core\\include\\external\\highwayhash\\highwayhash\\endianess.h', 'tensorflow_core\\include\\external\\highwayhash\\highwayhash'), ('c:\\users\\hatzakis group\\pycharmprojects\\deepfret-gui\\venv2\\lib\\site-packages\\tensorflow_core\\include\\external\\highwayhash\\highwayhash\\sip_hash.h', 'tensorflow_core\\include\\external\\highwayhash\\highwayhash'), ('c:\\users\\hatzakis group\\pycharmprojects\\deepfret-gui\\venv2\\lib\\site-packages\\tensorflow_core\\include\\external\\highwayhash\\highwayhash\\state_helpers.h', 'tensorflow_core\\include\\external\\highwayhash\\highwayhash'), ('c:\\users\\hatzakis group\\pycharmprojects\\deepfret-gui\\venv2\\lib\\site-packages\\tensorflow_core\\include\\external\\hwloc\\COPYING', 'tensorflow_core\\include\\external\\hwloc'), ('c:\\users\\hatzakis group\\pycharmprojects\\deepfret-gui\\venv2\\lib\\site-packages\\tensorflow_core\\include\\external\\icu\\icu4c\\LICENSE', 'tensorflow_core\\include\\external\\icu\\icu4c'), ('c:\\users\\hatzakis group\\pycharmprojects\\deepfret-gui\\venv2\\lib\\site-packages\\tensorflow_core\\include\\external\\jpeg\\jccolext.c', 'tensorflow_core\\include\\external\\jpeg'), ('c:\\users\\hatzakis group\\pycharmprojects\\deepfret-gui\\venv2\\lib\\site-packages\\tensorflow_core\\include\\external\\jpeg\\jchuff.h', 'tensorflow_core\\include\\external\\jpeg'), ('c:\\users\\hatzakis group\\pycharmprojects\\deepfret-gui\\venv2\\lib\\site-packages\\tensorflow_core\\include\\external\\jpeg\\jconfig.h', 'tensorflow_core\\include\\external\\jpeg'), ('c:\\users\\hatzakis group\\pycharmprojects\\deepfret-gui\\venv2\\lib\\site-packages\\tensorflow_core\\include\\external\\jpeg\\jconfigint.h', 'tensorflow_core\\include\\external\\jpeg'), ('c:\\users\\hatzakis group\\pycharmprojects\\deepfret-gui\\venv2\\lib\\site-packages\\tensorflow_core\\include\\external\\jpeg\\jdcoefct.h', 'tensorflow_core\\include\\external\\jpeg'), ('c:\\users\\hatzakis group\\pycharmprojects\\deepfret-gui\\venv2\\lib\\site-packages\\tensorflow_core\\include\\external\\jpeg\\jdcol565.c', 'tensorflow_core\\include\\external\\jpeg'), ('c:\\users\\hatzakis group\\pycharmprojects\\deepfret-gui\\venv2\\lib\\site-packages\\tensorflow_core\\include\\external\\jpeg\\jdcolext.c', 'tensorflow_core\\include\\external\\jpeg'), ('c:\\users\\hatzakis group\\pycharmprojects\\deepfret-gui\\venv2\\lib\\site-packages\\tensorflow_core\\include\\external\\jpeg\\jdct.h', 'tensorflow_core\\include\\external\\jpeg'), ('c:\\users\\hatzakis group\\pycharmprojects\\deepfret-gui\\venv2\\lib\\site-packages\\tensorflow_core\\include\\external\\jpeg\\jdhuff.h', 'tensorflow_core\\include\\external\\jpeg'), ('c:\\users\\hatzakis group\\pycharmprojects\\deepfret-gui\\venv2\\lib\\site-packages\\tensorflow_core\\include\\external\\jpeg\\jdmainct.h', 'tensorflow_core\\include\\external\\jpeg'), ('c:\\users\\hatzakis group\\pycharmprojects\\deepfret-gui\\venv2\\lib\\site-packages\\tensorflow_core\\include\\external\\jpeg\\jdmaster.h', 'tensorflow_core\\include\\external\\jpeg'), ('c:\\users\\hatzakis group\\pycharmprojects\\deepfret-gui\\venv2\\lib\\site-packages\\tensorflow_core\\include\\external\\jpeg\\jdmrg565.c', 'tensorflow_core\\include\\external\\jpeg'), ('c:\\users\\hatzakis group\\pycharmprojects\\deepfret-gui\\venv2\\lib\\site-packages\\tensorflow_core\\include\\external\\jpeg\\jdmrgext.c', 'tensorflow_core\\include\\external\\jpeg'), ('c:\\users\\hatzakis group\\pycharmprojects\\deepfret-gui\\venv2\\lib\\site-packages\\tensorflow_core\\include\\external\\jpeg\\jdsample.h', 'tensorflow_core\\include\\external\\jpeg'), ('c:\\users\\hatzakis group\\pycharmprojects\\deepfret-gui\\venv2\\lib\\site-packages\\tensorflow_core\\include\\external\\jpeg\\jerror.h', 'tensorflow_core\\include\\external\\jpeg'), ('c:\\users\\hatzakis group\\pycharmprojects\\deepfret-gui\\venv2\\lib\\site-packages\\tensorflow_core\\include\\external\\jpeg\\jinclude.h', 'tensorflow_core\\include\\external\\jpeg'), ('c:\\users\\hatzakis group\\pycharmprojects\\deepfret-gui\\venv2\\lib\\site-packages\\tensorflow_core\\include\\external\\jpeg\\jmemsys.h', 'tensorflow_core\\include\\external\\jpeg'), ('c:\\users\\hatzakis group\\pycharmprojects\\deepfret-gui\\venv2\\lib\\site-packages\\tensorflow_core\\include\\external\\jpeg\\jmorecfg.h', 'tensorflow_core\\include\\external\\jpeg'), ('c:\\users\\hatzakis group\\pycharmprojects\\deepfret-gui\\venv2\\lib\\site-packages\\tensorflow_core\\include\\external\\jpeg\\jpegcomp.h', 'tensorflow_core\\include\\external\\jpeg'), ('c:\\users\\hatzakis group\\pycharmprojects\\deepfret-gui\\venv2\\lib\\site-packages\\tensorflow_core\\include\\external\\jpeg\\jpegint.h', 'tensorflow_core\\include\\external\\jpeg'), ('c:\\users\\hatzakis group\\pycharmprojects\\deepfret-gui\\venv2\\lib\\site-packages\\tensorflow_core\\include\\external\\jpeg\\jpeglib.h', 'tensorflow_core\\include\\external\\jpeg'), ('c:\\users\\hatzakis group\\pycharmprojects\\deepfret-gui\\venv2\\lib\\site-packages\\tensorflow_core\\include\\external\\jpeg\\jpeg_nbits_table.h', 'tensorflow_core\\include\\external\\jpeg'), ('c:\\users\\hatzakis group\\pycharmprojects\\deepfret-gui\\venv2\\lib\\site-packages\\tensorflow_core\\include\\external\\jpeg\\jsimd.h', 'tensorflow_core\\include\\external\\jpeg'), ('c:\\users\\hatzakis group\\pycharmprojects\\deepfret-gui\\venv2\\lib\\site-packages\\tensorflow_core\\include\\external\\jpeg\\jsimddct.h', 'tensorflow_core\\include\\external\\jpeg'), ('c:\\users\\hatzakis group\\pycharmprojects\\deepfret-gui\\venv2\\lib\\site-packages\\tensorflow_core\\include\\external\\jpeg\\jstdhuff.c', 'tensorflow_core\\include\\external\\jpeg'), ('c:\\users\\hatzakis group\\pycharmprojects\\deepfret-gui\\venv2\\lib\\site-packages\\tensorflow_core\\include\\external\\jpeg\\jversion.h', 'tensorflow_core\\include\\external\\jpeg'), ('c:\\users\\hatzakis group\\pycharmprojects\\deepfret-gui\\venv2\\lib\\site-packages\\tensorflow_core\\include\\external\\jpeg\\LICENSE.md', 'tensorflow_core\\include\\external\\jpeg'), ('c:\\users\\hatzakis group\\pycharmprojects\\deepfret-gui\\venv2\\lib\\site-packages\\tensorflow_core\\include\\external\\jpeg\\simd\\jsimd.h', 'tensorflow_core\\include\\external\\jpeg\\simd'), ('c:\\users\\hatzakis group\\pycharmprojects\\deepfret-gui\\venv2\\lib\\site-packages\\tensorflow_core\\include\\external\\keras_applications_archive\\LICENSE', 'tensorflow_core\\include\\external\\keras_applications_archive'), ('c:\\users\\hatzakis group\\pycharmprojects\\deepfret-gui\\venv2\\lib\\site-packages\\tensorflow_core\\include\\external\\kissfft\\COPYING', 'tensorflow_core\\include\\external\\kissfft'), ('c:\\users\\hatzakis group\\pycharmprojects\\deepfret-gui\\venv2\\lib\\site-packages\\tensorflow_core\\include\\external\\lmdb\\LICENSE', 'tensorflow_core\\include\\external\\lmdb'), ('c:\\users\\hatzakis group\\pycharmprojects\\deepfret-gui\\venv2\\lib\\site-packages\\tensorflow_core\\include\\external\\local_config_cuda\\cuda\\cuda\\cuda_config.h', 'tensorflow_core\\include\\external\\local_config_cuda\\cuda\\cuda'), ('c:\\users\\hatzakis group\\pycharmprojects\\deepfret-gui\\venv2\\lib\\site-packages\\tensorflow_core\\include\\external\\local_config_mlir\\LICENSE.TXT', 'tensorflow_core\\include\\external\\local_config_mlir'), ('c:\\users\\hatzakis group\\pycharmprojects\\deepfret-gui\\venv2\\lib\\site-packages\\tensorflow_core\\include\\external\\local_config_sycl\\sycl\\LICENSE.text', 'tensorflow_core\\include\\external\\local_config_sycl\\sycl'), ('c:\\users\\hatzakis group\\pycharmprojects\\deepfret-gui\\venv2\\lib\\site-packages\\tensorflow_core\\include\\external\\nasm\\LICENSE', 'tensorflow_core\\include\\external\\nasm'), ('c:\\users\\hatzakis group\\pycharmprojects\\deepfret-gui\\venv2\\lib\\site-packages\\tensorflow_core\\include\\external\\nsync\\LICENSE', 'tensorflow_core\\include\\external\\nsync'), ('c:\\users\\hatzakis group\\pycharmprojects\\deepfret-gui\\venv2\\lib\\site-packages\\tensorflow_core\\include\\external\\nsync\\internal\\common.h', 'tensorflow_core\\include\\external\\nsync\\internal'), ('c:\\users\\hatzakis group\\pycharmprojects\\deepfret-gui\\venv2\\lib\\site-packages\\tensorflow_core\\include\\external\\nsync\\internal\\dll.h', 'tensorflow_core\\include\\external\\nsync\\internal'), ('c:\\users\\hatzakis group\\pycharmprojects\\deepfret-gui\\venv2\\lib\\site-packages\\tensorflow_core\\include\\external\\nsync\\internal\\headers.h', 'tensorflow_core\\include\\external\\nsync\\internal'), ('c:\\users\\hatzakis group\\pycharmprojects\\deepfret-gui\\venv2\\lib\\site-packages\\tensorflow_core\\include\\external\\nsync\\internal\\sem.h', 'tensorflow_core\\include\\external\\nsync\\internal'), ('c:\\users\\hatzakis group\\pycharmprojects\\deepfret-gui\\venv2\\lib\\site-packages\\tensorflow_core\\include\\external\\nsync\\internal\\wait_internal.h', 'tensorflow_core\\include\\external\\nsync\\internal'), ('c:\\users\\hatzakis group\\pycharmprojects\\deepfret-gui\\venv2\\lib\\site-packages\\tensorflow_core\\include\\external\\nsync\\platform\\aarch64\\cputype.h', 'tensorflow_core\\include\\external\\nsync\\platform\\aarch64'), ('c:\\users\\hatzakis group\\pycharmprojects\\deepfret-gui\\venv2\\lib\\site-packages\\tensorflow_core\\include\\external\\nsync\\platform\\alpha\\cputype.h', 'tensorflow_core\\include\\external\\nsync\\platform\\alpha'), ('c:\\users\\hatzakis group\\pycharmprojects\\deepfret-gui\\venv2\\lib\\site-packages\\tensorflow_core\\include\\external\\nsync\\platform\\arm\\cputype.h', 'tensorflow_core\\include\\external\\nsync\\platform\\arm'), ('c:\\users\\hatzakis group\\pycharmprojects\\deepfret-gui\\venv2\\lib\\site-packages\\tensorflow_core\\include\\external\\nsync\\platform\\atomic_ind\\atomic.h', 'tensorflow_core\\include\\external\\nsync\\platform\\atomic_ind'), ('c:\\users\\hatzakis group\\pycharmprojects\\deepfret-gui\\venv2\\lib\\site-packages\\tensorflow_core\\include\\external\\nsync\\platform\\c++11\\atomic.h', 'tensorflow_core\\include\\external\\nsync\\platform\\c++11'), ('c:\\users\\hatzakis group\\pycharmprojects\\deepfret-gui\\venv2\\lib\\site-packages\\tensorflow_core\\include\\external\\nsync\\platform\\c++11\\platform.h', 'tensorflow_core\\include\\external\\nsync\\platform\\c++11'), ('c:\\users\\hatzakis group\\pycharmprojects\\deepfret-gui\\venv2\\lib\\site-packages\\tensorflow_core\\include\\external\\nsync\\platform\\c++11.futex\\platform.h', 'tensorflow_core\\include\\external\\nsync\\platform\\c++11.futex'), ('c:\\users\\hatzakis group\\pycharmprojects\\deepfret-gui\\venv2\\lib\\site-packages\\tensorflow_core\\include\\external\\nsync\\platform\\c11\\atomic.h', 'tensorflow_core\\include\\external\\nsync\\platform\\c11'), ('c:\\users\\hatzakis group\\pycharmprojects\\deepfret-gui\\venv2\\lib\\site-packages\\tensorflow_core\\include\\external\\nsync\\platform\\clang\\atomic.h', 'tensorflow_core\\include\\external\\nsync\\platform\\clang'), ('c:\\users\\hatzakis group\\pycharmprojects\\deepfret-gui\\venv2\\lib\\site-packages\\tensorflow_core\\include\\external\\nsync\\platform\\clang\\compiler.h', 'tensorflow_core\\include\\external\\nsync\\platform\\clang'), ('c:\\users\\hatzakis group\\pycharmprojects\\deepfret-gui\\venv2\\lib\\site-packages\\tensorflow_core\\include\\external\\nsync\\platform\\cygwin\\platform.h', 'tensorflow_core\\include\\external\\nsync\\platform\\cygwin'), ('c:\\users\\hatzakis group\\pycharmprojects\\deepfret-gui\\venv2\\lib\\site-packages\\tensorflow_core\\include\\external\\nsync\\platform\\decc\\compiler.h', 'tensorflow_core\\include\\external\\nsync\\platform\\decc'), ('c:\\users\\hatzakis group\\pycharmprojects\\deepfret-gui\\venv2\\lib\\site-packages\\tensorflow_core\\include\\external\\nsync\\platform\\freebsd\\platform.h', 'tensorflow_core\\include\\external\\nsync\\platform\\freebsd'), ('c:\\users\\hatzakis group\\pycharmprojects\\deepfret-gui\\venv2\\lib\\site-packages\\tensorflow_core\\include\\external\\nsync\\platform\\gcc\\atomic.h', 'tensorflow_core\\include\\external\\nsync\\platform\\gcc'), ('c:\\users\\hatzakis group\\pycharmprojects\\deepfret-gui\\venv2\\lib\\site-packages\\tensorflow_core\\include\\external\\nsync\\platform\\gcc\\compiler.h', 'tensorflow_core\\include\\external\\nsync\\platform\\gcc'), ('c:\\users\\hatzakis group\\pycharmprojects\\deepfret-gui\\venv2\\lib\\site-packages\\tensorflow_core\\include\\external\\nsync\\platform\\gcc_new\\atomic.h', 'tensorflow_core\\include\\external\\nsync\\platform\\gcc_new'), ('c:\\users\\hatzakis group\\pycharmprojects\\deepfret-gui\\venv2\\lib\\site-packages\\tensorflow_core\\include\\external\\nsync\\platform\\gcc_new_debug\\atomic.h', 'tensorflow_core\\include\\external\\nsync\\platform\\gcc_new_debug'), ('c:\\users\\hatzakis group\\pycharmprojects\\deepfret-gui\\venv2\\lib\\site-packages\\tensorflow_core\\include\\external\\nsync\\platform\\gcc_no_tls\\compiler.h', 'tensorflow_core\\include\\external\\nsync\\platform\\gcc_no_tls'), ('c:\\users\\hatzakis group\\pycharmprojects\\deepfret-gui\\venv2\\lib\\site-packages\\tensorflow_core\\include\\external\\nsync\\platform\\gcc_old\\atomic.h', 'tensorflow_core\\include\\external\\nsync\\platform\\gcc_old'), ('c:\\users\\hatzakis group\\pycharmprojects\\deepfret-gui\\venv2\\lib\\site-packages\\tensorflow_core\\include\\external\\nsync\\platform\\lcc\\compiler.h', 'tensorflow_core\\include\\external\\nsync\\platform\\lcc'), ('c:\\users\\hatzakis group\\pycharmprojects\\deepfret-gui\\venv2\\lib\\site-packages\\tensorflow_core\\include\\external\\nsync\\platform\\lcc\\nsync_time_init.h', 'tensorflow_core\\include\\external\\nsync\\platform\\lcc'), ('c:\\users\\hatzakis group\\pycharmprojects\\deepfret-gui\\venv2\\lib\\site-packages\\tensorflow_core\\include\\external\\nsync\\platform\\linux\\platform.h', 'tensorflow_core\\include\\external\\nsync\\platform\\linux'), ('c:\\users\\hatzakis group\\pycharmprojects\\deepfret-gui\\venv2\\lib\\site-packages\\tensorflow_core\\include\\external\\nsync\\platform\\macos\\atomic.h', 'tensorflow_core\\include\\external\\nsync\\platform\\macos'), ('c:\\users\\hatzakis group\\pycharmprojects\\deepfret-gui\\venv2\\lib\\site-packages\\tensorflow_core\\include\\external\\nsync\\platform\\macos\\platform.h', 'tensorflow_core\\include\\external\\nsync\\platform\\macos'), ('c:\\users\\hatzakis group\\pycharmprojects\\deepfret-gui\\venv2\\lib\\site-packages\\tensorflow_core\\include\\external\\nsync\\platform\\macos\\platform_c++11_os.h', 'tensorflow_core\\include\\external\\nsync\\platform\\macos'), ('c:\\users\\hatzakis group\\pycharmprojects\\deepfret-gui\\venv2\\lib\\site-packages\\tensorflow_core\\include\\external\\nsync\\platform\\msvc\\compiler.h', 'tensorflow_core\\include\\external\\nsync\\platform\\msvc'), ('c:\\users\\hatzakis group\\pycharmprojects\\deepfret-gui\\venv2\\lib\\site-packages\\tensorflow_core\\include\\external\\nsync\\platform\\netbsd\\atomic.h', 'tensorflow_core\\include\\external\\nsync\\platform\\netbsd'), ('c:\\users\\hatzakis group\\pycharmprojects\\deepfret-gui\\venv2\\lib\\site-packages\\tensorflow_core\\include\\external\\nsync\\platform\\netbsd\\platform.h', 'tensorflow_core\\include\\external\\nsync\\platform\\netbsd'), ('c:\\users\\hatzakis group\\pycharmprojects\\deepfret-gui\\venv2\\lib\\site-packages\\tensorflow_core\\include\\external\\nsync\\platform\\openbsd\\platform.h', 'tensorflow_core\\include\\external\\nsync\\platform\\openbsd'), ('c:\\users\\hatzakis group\\pycharmprojects\\deepfret-gui\\venv2\\lib\\site-packages\\tensorflow_core\\include\\external\\nsync\\platform\\osf1\\platform.h', 'tensorflow_core\\include\\external\\nsync\\platform\\osf1'), ('c:\\users\\hatzakis group\\pycharmprojects\\deepfret-gui\\venv2\\lib\\site-packages\\tensorflow_core\\include\\external\\nsync\\platform\\pmax\\cputype.h', 'tensorflow_core\\include\\external\\nsync\\platform\\pmax'), ('c:\\users\\hatzakis group\\pycharmprojects\\deepfret-gui\\venv2\\lib\\site-packages\\tensorflow_core\\include\\external\\nsync\\platform\\posix\\cputype.h', 'tensorflow_core\\include\\external\\nsync\\platform\\posix'), ('c:\\users\\hatzakis group\\pycharmprojects\\deepfret-gui\\venv2\\lib\\site-packages\\tensorflow_core\\include\\external\\nsync\\platform\\posix\\nsync_time_init.h', 'tensorflow_core\\include\\external\\nsync\\platform\\posix'), ('c:\\users\\hatzakis group\\pycharmprojects\\deepfret-gui\\venv2\\lib\\site-packages\\tensorflow_core\\include\\external\\nsync\\platform\\posix\\platform_c++11_os.h', 'tensorflow_core\\include\\external\\nsync\\platform\\posix'), ('c:\\users\\hatzakis group\\pycharmprojects\\deepfret-gui\\venv2\\lib\\site-packages\\tensorflow_core\\include\\external\\nsync\\platform\\ppc32\\cputype.h', 'tensorflow_core\\include\\external\\nsync\\platform\\ppc32'), ('c:\\users\\hatzakis group\\pycharmprojects\\deepfret-gui\\venv2\\lib\\site-packages\\tensorflow_core\\include\\external\\nsync\\platform\\ppc64\\cputype.h', 'tensorflow_core\\include\\external\\nsync\\platform\\ppc64'), ('c:\\users\\hatzakis group\\pycharmprojects\\deepfret-gui\\venv2\\lib\\site-packages\\tensorflow_core\\include\\external\\nsync\\platform\\s390x\\cputype.h', 'tensorflow_core\\include\\external\\nsync\\platform\\s390x'), ('c:\\users\\hatzakis group\\pycharmprojects\\deepfret-gui\\venv2\\lib\\site-packages\\tensorflow_core\\include\\external\\nsync\\platform\\shark\\cputype.h', 'tensorflow_core\\include\\external\\nsync\\platform\\shark'), ('c:\\users\\hatzakis group\\pycharmprojects\\deepfret-gui\\venv2\\lib\\site-packages\\tensorflow_core\\include\\external\\nsync\\platform\\tcc\\compiler.h', 'tensorflow_core\\include\\external\\nsync\\platform\\tcc'), ('c:\\users\\hatzakis group\\pycharmprojects\\deepfret-gui\\venv2\\lib\\site-packages\\tensorflow_core\\include\\external\\nsync\\platform\\win32\\atomic.h', 'tensorflow_core\\include\\external\\nsync\\platform\\win32'), ('c:\\users\\hatzakis group\\pycharmprojects\\deepfret-gui\\venv2\\lib\\site-packages\\tensorflow_core\\include\\external\\nsync\\platform\\win32\\platform.h', 'tensorflow_core\\include\\external\\nsync\\platform\\win32'), ('c:\\users\\hatzakis group\\pycharmprojects\\deepfret-gui\\venv2\\lib\\site-packages\\tensorflow_core\\include\\external\\nsync\\platform\\win32\\platform_c++11_os.h', 'tensorflow_core\\include\\external\\nsync\\platform\\win32'), ('c:\\users\\hatzakis group\\pycharmprojects\\deepfret-gui\\venv2\\lib\\site-packages\\tensorflow_core\\include\\external\\nsync\\platform\\x86_32\\cputype.h', 'tensorflow_core\\include\\external\\nsync\\platform\\x86_32'), ('c:\\users\\hatzakis group\\pycharmprojects\\deepfret-gui\\venv2\\lib\\site-packages\\tensorflow_core\\include\\external\\nsync\\platform\\x86_64\\cputype.h', 'tensorflow_core\\include\\external\\nsync\\platform\\x86_64'), ('c:\\users\\hatzakis group\\pycharmprojects\\deepfret-gui\\venv2\\lib\\site-packages\\tensorflow_core\\include\\external\\nsync\\public\\nsync.h', 'tensorflow_core\\include\\external\\nsync\\public'), ('c:\\users\\hatzakis group\\pycharmprojects\\deepfret-gui\\venv2\\lib\\site-packages\\tensorflow_core\\include\\external\\nsync\\public\\nsync_atomic.h', 'tensorflow_core\\include\\external\\nsync\\public'), ('c:\\users\\hatzakis group\\pycharmprojects\\deepfret-gui\\venv2\\lib\\site-packages\\tensorflow_core\\include\\external\\nsync\\public\\nsync_counter.h', 'tensorflow_core\\include\\external\\nsync\\public'), ('c:\\users\\hatzakis group\\pycharmprojects\\deepfret-gui\\venv2\\lib\\site-packages\\tensorflow_core\\include\\external\\nsync\\public\\nsync_cpp.h', 'tensorflow_core\\include\\external\\nsync\\public'), ('c:\\users\\hatzakis group\\pycharmprojects\\deepfret-gui\\venv2\\lib\\site-packages\\tensorflow_core\\include\\external\\nsync\\public\\nsync_cv.h', 'tensorflow_core\\include\\external\\nsync\\public'), ('c:\\users\\hatzakis group\\pycharmprojects\\deepfret-gui\\venv2\\lib\\site-packages\\tensorflow_core\\include\\external\\nsync\\public\\nsync_debug.h', 'tensorflow_core\\include\\external\\nsync\\public'), ('c:\\users\\hatzakis group\\pycharmprojects\\deepfret-gui\\venv2\\lib\\site-packages\\tensorflow_core\\include\\external\\nsync\\public\\nsync_mu.h', 'tensorflow_core\\include\\external\\nsync\\public'), ('c:\\users\\hatzakis group\\pycharmprojects\\deepfret-gui\\venv2\\lib\\site-packages\\tensorflow_core\\include\\external\\nsync\\public\\nsync_mu_wait.h', 'tensorflow_core\\include\\external\\nsync\\public'), ('c:\\users\\hatzakis group\\pycharmprojects\\deepfret-gui\\venv2\\lib\\site-packages\\tensorflow_core\\include\\external\\nsync\\public\\nsync_note.h', 'tensorflow_core\\include\\external\\nsync\\public'), ('c:\\users\\hatzakis group\\pycharmprojects\\deepfret-gui\\venv2\\lib\\site-packages\\tensorflow_core\\include\\external\\nsync\\public\\nsync_once.h', 'tensorflow_core\\include\\external\\nsync\\public'), ('c:\\users\\hatzakis group\\pycharmprojects\\deepfret-gui\\venv2\\lib\\site-packages\\tensorflow_core\\include\\external\\nsync\\public\\nsync_time.h', 'tensorflow_core\\include\\external\\nsync\\public'), ('c:\\users\\hatzakis group\\pycharmprojects\\deepfret-gui\\venv2\\lib\\site-packages\\tensorflow_core\\include\\external\\nsync\\public\\nsync_time_internal.h', 'tensorflow_core\\include\\external\\nsync\\public'), ('c:\\users\\hatzakis group\\pycharmprojects\\deepfret-gui\\venv2\\lib\\site-packages\\tensorflow_core\\include\\external\\nsync\\public\\nsync_waiter.h', 'tensorflow_core\\include\\external\\nsync\\public'), ('c:\\users\\hatzakis group\\pycharmprojects\\deepfret-gui\\venv2\\lib\\site-packages\\tensorflow_core\\include\\external\\opt_einsum_archive\\LICENSE', 'tensorflow_core\\include\\external\\opt_einsum_archive'), ('c:\\users\\hatzakis group\\pycharmprojects\\deepfret-gui\\venv2\\lib\\site-packages\\tensorflow_core\\include\\external\\org_python_pypi_backports_weakref\\LICENSE', 'tensorflow_core\\include\\external\\org_python_pypi_backports_weakref'), ('c:\\users\\hatzakis group\\pycharmprojects\\deepfret-gui\\venv2\\lib\\site-packages\\tensorflow_core\\include\\external\\pasta\\LICENSE', 'tensorflow_core\\include\\external\\pasta'), ('c:\\users\\hatzakis group\\pycharmprojects\\deepfret-gui\\venv2\\lib\\site-packages\\tensorflow_core\\include\\external\\pcre\\LICENCE', 'tensorflow_core\\include\\external\\pcre'), ('c:\\users\\hatzakis group\\pycharmprojects\\deepfret-gui\\venv2\\lib\\site-packages\\tensorflow_core\\include\\external\\png_archive\\LICENSE', 'tensorflow_core\\include\\external\\png_archive'), ('c:\\users\\hatzakis group\\pycharmprojects\\deepfret-gui\\venv2\\lib\\site-packages\\tensorflow_core\\include\\external\\six_archive\\LICENSE', 'tensorflow_core\\include\\external\\six_archive'), ('c:\\users\\hatzakis group\\pycharmprojects\\deepfret-gui\\venv2\\lib\\site-packages\\tensorflow_core\\include\\external\\snappy\\config.h', 'tensorflow_core\\include\\external\\snappy'), ('c:\\users\\hatzakis group\\pycharmprojects\\deepfret-gui\\venv2\\lib\\site-packages\\tensorflow_core\\include\\external\\snappy\\COPYING', 'tensorflow_core\\include\\external\\snappy'), ('c:\\users\\hatzakis group\\pycharmprojects\\deepfret-gui\\venv2\\lib\\site-packages\\tensorflow_core\\include\\external\\snappy\\snappy-internal.h', 'tensorflow_core\\include\\external\\snappy'), ('c:\\users\\hatzakis group\\pycharmprojects\\deepfret-gui\\venv2\\lib\\site-packages\\tensorflow_core\\include\\external\\snappy\\snappy-sinksource.h', 'tensorflow_core\\include\\external\\snappy'), ('c:\\users\\hatzakis group\\pycharmprojects\\deepfret-gui\\venv2\\lib\\site-packages\\tensorflow_core\\include\\external\\snappy\\snappy-stubs-internal.h', 'tensorflow_core\\include\\external\\snappy'), ('c:\\users\\hatzakis group\\pycharmprojects\\deepfret-gui\\venv2\\lib\\site-packages\\tensorflow_core\\include\\external\\snappy\\snappy-stubs-public.h', 'tensorflow_core\\include\\external\\snappy'), ('c:\\users\\hatzakis group\\pycharmprojects\\deepfret-gui\\venv2\\lib\\site-packages\\tensorflow_core\\include\\external\\snappy\\snappy.h', 'tensorflow_core\\include\\external\\snappy'), ('c:\\users\\hatzakis group\\pycharmprojects\\deepfret-gui\\venv2\\lib\\site-packages\\tensorflow_core\\include\\external\\swig\\LICENSE', 'tensorflow_core\\include\\external\\swig'), ('c:\\users\\hatzakis group\\pycharmprojects\\deepfret-gui\\venv2\\lib\\site-packages\\tensorflow_core\\include\\external\\termcolor_archive\\COPYING.txt', 'tensorflow_core\\include\\external\\termcolor_archive'), ('c:\\users\\hatzakis group\\pycharmprojects\\deepfret-gui\\venv2\\lib\\site-packages\\tensorflow_core\\include\\external\\zlib_archive\\crc32.h', 'tensorflow_core\\include\\external\\zlib_archive'), ('c:\\users\\hatzakis group\\pycharmprojects\\deepfret-gui\\venv2\\lib\\site-packages\\tensorflow_core\\include\\external\\zlib_archive\\deflate.h', 'tensorflow_core\\include\\external\\zlib_archive'), ('c:\\users\\hatzakis group\\pycharmprojects\\deepfret-gui\\venv2\\lib\\site-packages\\tensorflow_core\\include\\external\\zlib_archive\\gzguts.h', 'tensorflow_core\\include\\external\\zlib_archive'), ('c:\\users\\hatzakis group\\pycharmprojects\\deepfret-gui\\venv2\\lib\\site-packages\\tensorflow_core\\include\\external\\zlib_archive\\inffast.h', 'tensorflow_core\\include\\external\\zlib_archive'), ('c:\\users\\hatzakis group\\pycharmprojects\\deepfret-gui\\venv2\\lib\\site-packages\\tensorflow_core\\include\\external\\zlib_archive\\inffixed.h', 'tensorflow_core\\include\\external\\zlib_archive'), ('c:\\users\\hatzakis group\\pycharmprojects\\deepfret-gui\\venv2\\lib\\site-packages\\tensorflow_core\\include\\external\\zlib_archive\\inflate.h', 'tensorflow_core\\include\\external\\zlib_archive'), ('c:\\users\\hatzakis group\\pycharmprojects\\deepfret-gui\\venv2\\lib\\site-packages\\tensorflow_core\\include\\external\\zlib_archive\\inftrees.h', 'tensorflow_core\\include\\external\\zlib_archive'), ('c:\\users\\hatzakis group\\pycharmprojects\\deepfret-gui\\venv2\\lib\\site-packages\\tensorflow_core\\include\\external\\zlib_archive\\trees.h', 'tensorflow_core\\include\\external\\zlib_archive'), ('c:\\users\\hatzakis group\\pycharmprojects\\deepfret-gui\\venv2\\lib\\site-packages\\tensorflow_core\\include\\external\\zlib_archive\\zconf.h', 'tensorflow_core\\include\\external\\zlib_archive'), ('c:\\users\\hatzakis group\\pycharmprojects\\deepfret-gui\\venv2\\lib\\site-packages\\tensorflow_core\\include\\external\\zlib_archive\\zlib.h', 'tensorflow_core\\include\\external\\zlib_archive'), ('c:\\users\\hatzakis group\\pycharmprojects\\deepfret-gui\\venv2\\lib\\site-packages\\tensorflow_core\\include\\external\\zlib_archive\\zutil.h', 'tensorflow_core\\include\\external\\zlib_archive'), ('c:\\users\\hatzakis group\\pycharmprojects\\deepfret-gui\\venv2\\lib\\site-packages\\tensorflow_core\\include\\google\\protobuf\\any.h', 'tensorflow_core\\include\\google\\protobuf'), ('c:\\users\\hatzakis group\\pycharmprojects\\deepfret-gui\\venv2\\lib\\site-packages\\tensorflow_core\\include\\google\\protobuf\\any.pb.h', 'tensorflow_core\\include\\google\\protobuf'), ('c:\\users\\hatzakis group\\pycharmprojects\\deepfret-gui\\venv2\\lib\\site-packages\\tensorflow_core\\include\\google\\protobuf\\api.pb.h', 'tensorflow_core\\include\\google\\protobuf'), ('c:\\users\\hatzakis group\\pycharmprojects\\deepfret-gui\\venv2\\lib\\site-packages\\tensorflow_core\\include\\google\\protobuf\\arena.h', 'tensorflow_core\\include\\google\\protobuf'), ('c:\\users\\hatzakis group\\pycharmprojects\\deepfret-gui\\venv2\\lib\\site-packages\\tensorflow_core\\include\\google\\protobuf\\arenastring.h', 'tensorflow_core\\include\\google\\protobuf'), ('c:\\users\\hatzakis group\\pycharmprojects\\deepfret-gui\\venv2\\lib\\site-packages\\tensorflow_core\\include\\google\\protobuf\\arena_impl.h', 'tensorflow_core\\include\\google\\protobuf'), ('c:\\users\\hatzakis group\\pycharmprojects\\deepfret-gui\\venv2\\lib\\site-packages\\tensorflow_core\\include\\google\\protobuf\\arena_test_util.h', 'tensorflow_core\\include\\google\\protobuf'), ('c:\\users\\hatzakis group\\pycharmprojects\\deepfret-gui\\venv2\\lib\\site-packages\\tensorflow_core\\include\\google\\protobuf\\descriptor.h', 'tensorflow_core\\include\\google\\protobuf'), ('c:\\users\\hatzakis group\\pycharmprojects\\deepfret-gui\\venv2\\lib\\site-packages\\tensorflow_core\\include\\google\\protobuf\\descriptor.pb.h', 'tensorflow_core\\include\\google\\protobuf'), ('c:\\users\\hatzakis group\\pycharmprojects\\deepfret-gui\\venv2\\lib\\site-packages\\tensorflow_core\\include\\google\\protobuf\\descriptor_database.h', 'tensorflow_core\\include\\google\\protobuf'), ('c:\\users\\hatzakis group\\pycharmprojects\\deepfret-gui\\venv2\\lib\\site-packages\\tensorflow_core\\include\\google\\protobuf\\duration.pb.h', 'tensorflow_core\\include\\google\\protobuf'), ('c:\\users\\hatzakis group\\pycharmprojects\\deepfret-gui\\venv2\\lib\\site-packages\\tensorflow_core\\include\\google\\protobuf\\dynamic_message.h', 'tensorflow_core\\include\\google\\protobuf'), ('c:\\users\\hatzakis group\\pycharmprojects\\deepfret-gui\\venv2\\lib\\site-packages\\tensorflow_core\\include\\google\\protobuf\\empty.pb.h', 'tensorflow_core\\include\\google\\protobuf'), ('c:\\users\\hatzakis group\\pycharmprojects\\deepfret-gui\\venv2\\lib\\site-packages\\tensorflow_core\\include\\google\\protobuf\\extension_set.h', 'tensorflow_core\\include\\google\\protobuf'), ('c:\\users\\hatzakis group\\pycharmprojects\\deepfret-gui\\venv2\\lib\\site-packages\\tensorflow_core\\include\\google\\protobuf\\extension_set_inl.h', 'tensorflow_core\\include\\google\\protobuf'), ('c:\\users\\hatzakis group\\pycharmprojects\\deepfret-gui\\venv2\\lib\\site-packages\\tensorflow_core\\include\\google\\protobuf\\field_mask.pb.h', 'tensorflow_core\\include\\google\\protobuf'), ('c:\\users\\hatzakis group\\pycharmprojects\\deepfret-gui\\venv2\\lib\\site-packages\\tensorflow_core\\include\\google\\protobuf\\generated_enum_reflection.h', 'tensorflow_core\\include\\google\\protobuf'), ('c:\\users\\hatzakis group\\pycharmprojects\\deepfret-gui\\venv2\\lib\\site-packages\\tensorflow_core\\include\\google\\protobuf\\generated_enum_util.h', 'tensorflow_core\\include\\google\\protobuf'), ('c:\\users\\hatzakis group\\pycharmprojects\\deepfret-gui\\venv2\\lib\\site-packages\\tensorflow_core\\include\\google\\protobuf\\generated_message_reflection.h', 'tensorflow_core\\include\\google\\protobuf'), ('c:\\users\\hatzakis group\\pycharmprojects\\deepfret-gui\\venv2\\lib\\site-packages\\tensorflow_core\\include\\google\\protobuf\\generated_message_table_driven.h', 'tensorflow_core\\include\\google\\protobuf'), ('c:\\users\\hatzakis group\\pycharmprojects\\deepfret-gui\\venv2\\lib\\site-packages\\tensorflow_core\\include\\google\\protobuf\\generated_message_table_driven_lite.h', 'tensorflow_core\\include\\google\\protobuf'), ('c:\\users\\hatzakis group\\pycharmprojects\\deepfret-gui\\venv2\\lib\\site-packages\\tensorflow_core\\include\\google\\protobuf\\generated_message_util.h', 'tensorflow_core\\include\\google\\protobuf'), ('c:\\users\\hatzakis group\\pycharmprojects\\deepfret-gui\\venv2\\lib\\site-packages\\tensorflow_core\\include\\google\\protobuf\\has_bits.h', 'tensorflow_core\\include\\google\\protobuf'), ('c:\\users\\hatzakis group\\pycharmprojects\\deepfret-gui\\venv2\\lib\\site-packages\\tensorflow_core\\include\\google\\protobuf\\implicit_weak_message.h', 'tensorflow_core\\include\\google\\protobuf'), ('c:\\users\\hatzakis group\\pycharmprojects\\deepfret-gui\\venv2\\lib\\site-packages\\tensorflow_core\\include\\google\\protobuf\\inlined_string_field.h', 'tensorflow_core\\include\\google\\protobuf'), ('c:\\users\\hatzakis group\\pycharmprojects\\deepfret-gui\\venv2\\lib\\site-packages\\tensorflow_core\\include\\google\\protobuf\\map.h', 'tensorflow_core\\include\\google\\protobuf'), ('c:\\users\\hatzakis group\\pycharmprojects\\deepfret-gui\\venv2\\lib\\site-packages\\tensorflow_core\\include\\google\\protobuf\\map_entry.h', 'tensorflow_core\\include\\google\\protobuf'), ('c:\\users\\hatzakis group\\pycharmprojects\\deepfret-gui\\venv2\\lib\\site-packages\\tensorflow_core\\include\\google\\protobuf\\map_entry_lite.h', 'tensorflow_core\\include\\google\\protobuf'), ('c:\\users\\hatzakis group\\pycharmprojects\\deepfret-gui\\venv2\\lib\\site-packages\\tensorflow_core\\include\\google\\protobuf\\map_field.h', 'tensorflow_core\\include\\google\\protobuf'), ('c:\\users\\hatzakis group\\pycharmprojects\\deepfret-gui\\venv2\\lib\\site-packages\\tensorflow_core\\include\\google\\protobuf\\map_field_inl.h', 'tensorflow_core\\include\\google\\protobuf'), ('c:\\users\\hatzakis group\\pycharmprojects\\deepfret-gui\\venv2\\lib\\site-packages\\tensorflow_core\\include\\google\\protobuf\\map_field_lite.h', 'tensorflow_core\\include\\google\\protobuf'), ('c:\\users\\hatzakis group\\pycharmprojects\\deepfret-gui\\venv2\\lib\\site-packages\\tensorflow_core\\include\\google\\protobuf\\map_lite_test_util.h', 'tensorflow_core\\include\\google\\protobuf'), ('c:\\users\\hatzakis group\\pycharmprojects\\deepfret-gui\\venv2\\lib\\site-packages\\tensorflow_core\\include\\google\\protobuf\\map_test_util.h', 'tensorflow_core\\include\\google\\protobuf'), ('c:\\users\\hatzakis group\\pycharmprojects\\deepfret-gui\\venv2\\lib\\site-packages\\tensorflow_core\\include\\google\\protobuf\\map_test_util_impl.h', 'tensorflow_core\\include\\google\\protobuf'), ('c:\\users\\hatzakis group\\pycharmprojects\\deepfret-gui\\venv2\\lib\\site-packages\\tensorflow_core\\include\\google\\protobuf\\map_type_handler.h', 'tensorflow_core\\include\\google\\protobuf'), ('c:\\users\\hatzakis group\\pycharmprojects\\deepfret-gui\\venv2\\lib\\site-packages\\tensorflow_core\\include\\google\\protobuf\\message.h', 'tensorflow_core\\include\\google\\protobuf'), ('c:\\users\\hatzakis group\\pycharmprojects\\deepfret-gui\\venv2\\lib\\site-packages\\tensorflow_core\\include\\google\\protobuf\\message_lite.h', 'tensorflow_core\\include\\google\\protobuf'), ('c:\\users\\hatzakis group\\pycharmprojects\\deepfret-gui\\venv2\\lib\\site-packages\\tensorflow_core\\include\\google\\protobuf\\message_unittest.inc', 'tensorflow_core\\include\\google\\protobuf'), ('c:\\users\\hatzakis group\\pycharmprojects\\deepfret-gui\\venv2\\lib\\site-packages\\tensorflow_core\\include\\google\\protobuf\\metadata.h', 'tensorflow_core\\include\\google\\protobuf'), ('c:\\users\\hatzakis group\\pycharmprojects\\deepfret-gui\\venv2\\lib\\site-packages\\tensorflow_core\\include\\google\\protobuf\\metadata_lite.h', 'tensorflow_core\\include\\google\\protobuf'), ('c:\\users\\hatzakis group\\pycharmprojects\\deepfret-gui\\venv2\\lib\\site-packages\\tensorflow_core\\include\\google\\protobuf\\package_info.h', 'tensorflow_core\\include\\google\\protobuf'), ('c:\\users\\hatzakis group\\pycharmprojects\\deepfret-gui\\venv2\\lib\\site-packages\\tensorflow_core\\include\\google\\protobuf\\parse_context.h', 'tensorflow_core\\include\\google\\protobuf'), ('c:\\users\\hatzakis group\\pycharmprojects\\deepfret-gui\\venv2\\lib\\site-packages\\tensorflow_core\\include\\google\\protobuf\\port.h', 'tensorflow_core\\include\\google\\protobuf'), ('c:\\users\\hatzakis group\\pycharmprojects\\deepfret-gui\\venv2\\lib\\site-packages\\tensorflow_core\\include\\google\\protobuf\\port_def.inc', 'tensorflow_core\\include\\google\\protobuf'), ('c:\\users\\hatzakis group\\pycharmprojects\\deepfret-gui\\venv2\\lib\\site-packages\\tensorflow_core\\include\\google\\protobuf\\port_undef.inc', 'tensorflow_core\\include\\google\\protobuf'), ('c:\\users\\hatzakis group\\pycharmprojects\\deepfret-gui\\venv2\\lib\\site-packages\\tensorflow_core\\include\\google\\protobuf\\proto3_lite_unittest.inc', 'tensorflow_core\\include\\google\\protobuf'), ('c:\\users\\hatzakis group\\pycharmprojects\\deepfret-gui\\venv2\\lib\\site-packages\\tensorflow_core\\include\\google\\protobuf\\reflection.h', 'tensorflow_core\\include\\google\\protobuf'), ('c:\\users\\hatzakis group\\pycharmprojects\\deepfret-gui\\venv2\\lib\\site-packages\\tensorflow_core\\include\\google\\protobuf\\reflection_internal.h', 'tensorflow_core\\include\\google\\protobuf'), ('c:\\users\\hatzakis group\\pycharmprojects\\deepfret-gui\\venv2\\lib\\site-packages\\tensorflow_core\\include\\google\\protobuf\\reflection_ops.h', 'tensorflow_core\\include\\google\\protobuf'), ('c:\\users\\hatzakis group\\pycharmprojects\\deepfret-gui\\venv2\\lib\\site-packages\\tensorflow_core\\include\\google\\protobuf\\repeated_field.h', 'tensorflow_core\\include\\google\\protobuf'), ('c:\\users\\hatzakis group\\pycharmprojects\\deepfret-gui\\venv2\\lib\\site-packages\\tensorflow_core\\include\\google\\protobuf\\service.h', 'tensorflow_core\\include\\google\\protobuf'), ('c:\\users\\hatzakis group\\pycharmprojects\\deepfret-gui\\venv2\\lib\\site-packages\\tensorflow_core\\include\\google\\protobuf\\source_context.pb.h', 'tensorflow_core\\include\\google\\protobuf'), ('c:\\users\\hatzakis group\\pycharmprojects\\deepfret-gui\\venv2\\lib\\site-packages\\tensorflow_core\\include\\google\\protobuf\\struct.pb.h', 'tensorflow_core\\include\\google\\protobuf'), ('c:\\users\\hatzakis group\\pycharmprojects\\deepfret-gui\\venv2\\lib\\site-packages\\tensorflow_core\\include\\google\\protobuf\\test_util.h', 'tensorflow_core\\include\\google\\protobuf'), ('c:\\users\\hatzakis group\\pycharmprojects\\deepfret-gui\\venv2\\lib\\site-packages\\tensorflow_core\\include\\google\\protobuf\\test_util.inc', 'tensorflow_core\\include\\google\\protobuf'), ('c:\\users\\hatzakis group\\pycharmprojects\\deepfret-gui\\venv2\\lib\\site-packages\\tensorflow_core\\include\\google\\protobuf\\test_util2.h', 'tensorflow_core\\include\\google\\protobuf'), ('c:\\users\\hatzakis group\\pycharmprojects\\deepfret-gui\\venv2\\lib\\site-packages\\tensorflow_core\\include\\google\\protobuf\\test_util_lite.h', 'tensorflow_core\\include\\google\\protobuf'), ('c:\\users\\hatzakis group\\pycharmprojects\\deepfret-gui\\venv2\\lib\\site-packages\\tensorflow_core\\include\\google\\protobuf\\text_format.h', 'tensorflow_core\\include\\google\\protobuf'), ('c:\\users\\hatzakis group\\pycharmprojects\\deepfret-gui\\venv2\\lib\\site-packages\\tensorflow_core\\include\\google\\protobuf\\timestamp.pb.h', 'tensorflow_core\\include\\google\\protobuf'), ('c:\\users\\hatzakis group\\pycharmprojects\\deepfret-gui\\venv2\\lib\\site-packages\\tensorflow_core\\include\\google\\protobuf\\type.pb.h', 'tensorflow_core\\include\\google\\protobuf'), ('c:\\users\\hatzakis group\\pycharmprojects\\deepfret-gui\\venv2\\lib\\site-packages\\tensorflow_core\\include\\google\\protobuf\\unknown_field_set.h', 'tensorflow_core\\include\\google\\protobuf'), ('c:\\users\\hatzakis group\\pycharmprojects\\deepfret-gui\\venv2\\lib\\site-packages\\tensorflow_core\\include\\google\\protobuf\\wire_format.h', 'tensorflow_core\\include\\google\\protobuf'), ('c:\\users\\hatzakis group\\pycharmprojects\\deepfret-gui\\venv2\\lib\\site-packages\\tensorflow_core\\include\\google\\protobuf\\wire_format_lite.h', 'tensorflow_core\\include\\google\\protobuf'), ('c:\\users\\hatzakis group\\pycharmprojects\\deepfret-gui\\venv2\\lib\\site-packages\\tensorflow_core\\include\\google\\protobuf\\wrappers.pb.h', 'tensorflow_core\\include\\google\\protobuf'), ('c:\\users\\hatzakis group\\pycharmprojects\\deepfret-gui\\venv2\\lib\\site-packages\\tensorflow_core\\include\\google\\protobuf\\compiler\\annotation_test_util.h', 'tensorflow_core\\include\\google\\protobuf\\compiler'), ('c:\\users\\hatzakis group\\pycharmprojects\\deepfret-gui\\venv2\\lib\\site-packages\\tensorflow_core\\include\\google\\protobuf\\compiler\\code_generator.h', 'tensorflow_core\\include\\google\\protobuf\\compiler'), ('c:\\users\\hatzakis group\\pycharmprojects\\deepfret-gui\\venv2\\lib\\site-packages\\tensorflow_core\\include\\google\\protobuf\\compiler\\command_line_interface.h', 'tensorflow_core\\include\\google\\protobuf\\compiler'), ('c:\\users\\hatzakis group\\pycharmprojects\\deepfret-gui\\venv2\\lib\\site-packages\\tensorflow_core\\include\\google\\protobuf\\compiler\\importer.h', 'tensorflow_core\\include\\google\\protobuf\\compiler'), ('c:\\users\\hatzakis group\\pycharmprojects\\deepfret-gui\\venv2\\lib\\site-packages\\tensorflow_core\\include\\google\\protobuf\\compiler\\mock_code_generator.h', 'tensorflow_core\\include\\google\\protobuf\\compiler'), ('c:\\users\\hatzakis group\\pycharmprojects\\deepfret-gui\\venv2\\lib\\site-packages\\tensorflow_core\\include\\google\\protobuf\\compiler\\package_info.h', 'tensorflow_core\\include\\google\\protobuf\\compiler'), ('c:\\users\\hatzakis group\\pycharmprojects\\deepfret-gui\\venv2\\lib\\site-packages\\tensorflow_core\\include\\google\\protobuf\\compiler\\parser.h', 'tensorflow_core\\include\\google\\protobuf\\compiler'), ('c:\\users\\hatzakis group\\pycharmprojects\\deepfret-gui\\venv2\\lib\\site-packages\\tensorflow_core\\include\\google\\protobuf\\compiler\\plugin.h', 'tensorflow_core\\include\\google\\protobuf\\compiler'), ('c:\\users\\hatzakis group\\pycharmprojects\\deepfret-gui\\venv2\\lib\\site-packages\\tensorflow_core\\include\\google\\protobuf\\compiler\\plugin.pb.h', 'tensorflow_core\\include\\google\\protobuf\\compiler'), ('c:\\users\\hatzakis group\\pycharmprojects\\deepfret-gui\\venv2\\lib\\site-packages\\tensorflow_core\\include\\google\\protobuf\\compiler\\scc.h', 'tensorflow_core\\include\\google\\protobuf\\compiler'), ('c:\\users\\hatzakis group\\pycharmprojects\\deepfret-gui\\venv2\\lib\\site-packages\\tensorflow_core\\include\\google\\protobuf\\compiler\\subprocess.h', 'tensorflow_core\\include\\google\\protobuf\\compiler'), ('c:\\users\\hatzakis group\\pycharmprojects\\deepfret-gui\\venv2\\lib\\site-packages\\tensorflow_core\\include\\google\\protobuf\\compiler\\zip_writer.h', 'tensorflow_core\\include\\google\\protobuf\\compiler'), ('c:\\users\\hatzakis group\\pycharmprojects\\deepfret-gui\\venv2\\lib\\site-packages\\tensorflow_core\\include\\google\\protobuf\\compiler\\cpp\\cpp_enum.h', 'tensorflow_core\\include\\google\\protobuf\\compiler\\cpp'), ('c:\\users\\hatzakis group\\pycharmprojects\\deepfret-gui\\venv2\\lib\\site-packages\\tensorflow_core\\include\\google\\protobuf\\compiler\\cpp\\cpp_enum_field.h', 'tensorflow_core\\include\\google\\protobuf\\compiler\\cpp'), ('c:\\users\\hatzakis group\\pycharmprojects\\deepfret-gui\\venv2\\lib\\site-packages\\tensorflow_core\\include\\google\\protobuf\\compiler\\cpp\\cpp_extension.h', 'tensorflow_core\\include\\google\\protobuf\\compiler\\cpp'), ('c:\\users\\hatzakis group\\pycharmprojects\\deepfret-gui\\venv2\\lib\\site-packages\\tensorflow_core\\include\\google\\protobuf\\compiler\\cpp\\cpp_field.h', 'tensorflow_core\\include\\google\\protobuf\\compiler\\cpp'), ('c:\\users\\hatzakis group\\pycharmprojects\\deepfret-gui\\venv2\\lib\\site-packages\\tensorflow_core\\include\\google\\protobuf\\compiler\\cpp\\cpp_file.h', 'tensorflow_core\\include\\google\\protobuf\\compiler\\cpp'), ('c:\\users\\hatzakis group\\pycharmprojects\\deepfret-gui\\venv2\\lib\\site-packages\\tensorflow_core\\include\\google\\protobuf\\compiler\\cpp\\cpp_generator.h', 'tensorflow_core\\include\\google\\protobuf\\compiler\\cpp'), ('c:\\users\\hatzakis group\\pycharmprojects\\deepfret-gui\\venv2\\lib\\site-packages\\tensorflow_core\\include\\google\\protobuf\\compiler\\cpp\\cpp_helpers.h', 'tensorflow_core\\include\\google\\protobuf\\compiler\\cpp'), ('c:\\users\\hatzakis group\\pycharmprojects\\deepfret-gui\\venv2\\lib\\site-packages\\tensorflow_core\\include\\google\\protobuf\\compiler\\cpp\\cpp_map_field.h', 'tensorflow_core\\include\\google\\protobuf\\compiler\\cpp'), ('c:\\users\\hatzakis group\\pycharmprojects\\deepfret-gui\\venv2\\lib\\site-packages\\tensorflow_core\\include\\google\\protobuf\\compiler\\cpp\\cpp_message.h', 'tensorflow_core\\include\\google\\protobuf\\compiler\\cpp'), ('c:\\users\\hatzakis group\\pycharmprojects\\deepfret-gui\\venv2\\lib\\site-packages\\tensorflow_core\\include\\google\\protobuf\\compiler\\cpp\\cpp_message_field.h', 'tensorflow_core\\include\\google\\protobuf\\compiler\\cpp'), ('c:\\users\\hatzakis group\\pycharmprojects\\deepfret-gui\\venv2\\lib\\site-packages\\tensorflow_core\\include\\google\\protobuf\\compiler\\cpp\\cpp_message_layout_helper.h', 'tensorflow_core\\include\\google\\protobuf\\compiler\\cpp'), ('c:\\users\\hatzakis group\\pycharmprojects\\deepfret-gui\\venv2\\lib\\site-packages\\tensorflow_core\\include\\google\\protobuf\\compiler\\cpp\\cpp_options.h', 'tensorflow_core\\include\\google\\protobuf\\compiler\\cpp'), ('c:\\users\\hatzakis group\\pycharmprojects\\deepfret-gui\\venv2\\lib\\site-packages\\tensorflow_core\\include\\google\\protobuf\\compiler\\cpp\\cpp_padding_optimizer.h', 'tensorflow_core\\include\\google\\protobuf\\compiler\\cpp'), ('c:\\users\\hatzakis group\\pycharmprojects\\deepfret-gui\\venv2\\lib\\site-packages\\tensorflow_core\\include\\google\\protobuf\\compiler\\cpp\\cpp_primitive_field.h', 'tensorflow_core\\include\\google\\protobuf\\compiler\\cpp'), ('c:\\users\\hatzakis group\\pycharmprojects\\deepfret-gui\\venv2\\lib\\site-packages\\tensorflow_core\\include\\google\\protobuf\\compiler\\cpp\\cpp_service.h', 'tensorflow_core\\include\\google\\protobuf\\compiler\\cpp'), ('c:\\users\\hatzakis group\\pycharmprojects\\deepfret-gui\\venv2\\lib\\site-packages\\tensorflow_core\\include\\google\\protobuf\\compiler\\cpp\\cpp_string_field.h', 'tensorflow_core\\include\\google\\protobuf\\compiler\\cpp'), ('c:\\users\\hatzakis group\\pycharmprojects\\deepfret-gui\\venv2\\lib\\site-packages\\tensorflow_core\\include\\google\\protobuf\\compiler\\cpp\\cpp_unittest.h', 'tensorflow_core\\include\\google\\protobuf\\compiler\\cpp'), ('c:\\users\\hatzakis group\\pycharmprojects\\deepfret-gui\\venv2\\lib\\site-packages\\tensorflow_core\\include\\google\\protobuf\\compiler\\cpp\\cpp_unittest.inc', 'tensorflow_core\\include\\google\\protobuf\\compiler\\cpp'), ('c:\\users\\hatzakis group\\pycharmprojects\\deepfret-gui\\venv2\\lib\\site-packages\\tensorflow_core\\include\\google\\protobuf\\compiler\\csharp\\csharp_doc_comment.h', 'tensorflow_core\\include\\google\\protobuf\\compiler\\csharp'), ('c:\\users\\hatzakis group\\pycharmprojects\\deepfret-gui\\venv2\\lib\\site-packages\\tensorflow_core\\include\\google\\protobuf\\compiler\\csharp\\csharp_enum.h', 'tensorflow_core\\include\\google\\protobuf\\compiler\\csharp'), ('c:\\users\\hatzakis group\\pycharmprojects\\deepfret-gui\\venv2\\lib\\site-packages\\tensorflow_core\\include\\google\\protobuf\\compiler\\csharp\\csharp_enum_field.h', 'tensorflow_core\\include\\google\\protobuf\\compiler\\csharp'), ('c:\\users\\hatzakis group\\pycharmprojects\\deepfret-gui\\venv2\\lib\\site-packages\\tensorflow_core\\include\\google\\protobuf\\compiler\\csharp\\csharp_field_base.h', 'tensorflow_core\\include\\google\\protobuf\\compiler\\csharp'), ('c:\\users\\hatzakis group\\pycharmprojects\\deepfret-gui\\venv2\\lib\\site-packages\\tensorflow_core\\include\\google\\protobuf\\compiler\\csharp\\csharp_generator.h', 'tensorflow_core\\include\\google\\protobuf\\compiler\\csharp'), ('c:\\users\\hatzakis group\\pycharmprojects\\deepfret-gui\\venv2\\lib\\site-packages\\tensorflow_core\\include\\google\\protobuf\\compiler\\csharp\\csharp_helpers.h', 'tensorflow_core\\include\\google\\protobuf\\compiler\\csharp'), ('c:\\users\\hatzakis group\\pycharmprojects\\deepfret-gui\\venv2\\lib\\site-packages\\tensorflow_core\\include\\google\\protobuf\\compiler\\csharp\\csharp_map_field.h', 'tensorflow_core\\include\\google\\protobuf\\compiler\\csharp'), ('c:\\users\\hatzakis group\\pycharmprojects\\deepfret-gui\\venv2\\lib\\site-packages\\tensorflow_core\\include\\google\\protobuf\\compiler\\csharp\\csharp_message.h', 'tensorflow_core\\include\\google\\protobuf\\compiler\\csharp'), ('c:\\users\\hatzakis group\\pycharmprojects\\deepfret-gui\\venv2\\lib\\site-packages\\tensorflow_core\\include\\google\\protobuf\\compiler\\csharp\\csharp_message_field.h', 'tensorflow_core\\include\\google\\protobuf\\compiler\\csharp'), ('c:\\users\\hatzakis group\\pycharmprojects\\deepfret-gui\\venv2\\lib\\site-packages\\tensorflow_core\\include\\google\\protobuf\\compiler\\csharp\\csharp_names.h', 'tensorflow_core\\include\\google\\protobuf\\compiler\\csharp'), ('c:\\users\\hatzakis group\\pycharmprojects\\deepfret-gui\\venv2\\lib\\site-packages\\tensorflow_core\\include\\google\\protobuf\\compiler\\csharp\\csharp_options.h', 'tensorflow_core\\include\\google\\protobuf\\compiler\\csharp'), ('c:\\users\\hatzakis group\\pycharmprojects\\deepfret-gui\\venv2\\lib\\site-packages\\tensorflow_core\\include\\google\\protobuf\\compiler\\csharp\\csharp_primitive_field.h', 'tensorflow_core\\include\\google\\protobuf\\compiler\\csharp'), ('c:\\users\\hatzakis group\\pycharmprojects\\deepfret-gui\\venv2\\lib\\site-packages\\tensorflow_core\\include\\google\\protobuf\\compiler\\csharp\\csharp_reflection_class.h', 'tensorflow_core\\include\\google\\protobuf\\compiler\\csharp'), ('c:\\users\\hatzakis group\\pycharmprojects\\deepfret-gui\\venv2\\lib\\site-packages\\tensorflow_core\\include\\google\\protobuf\\compiler\\csharp\\csharp_repeated_enum_field.h', 'tensorflow_core\\include\\google\\protobuf\\compiler\\csharp'), ('c:\\users\\hatzakis group\\pycharmprojects\\deepfret-gui\\venv2\\lib\\site-packages\\tensorflow_core\\include\\google\\protobuf\\compiler\\csharp\\csharp_repeated_message_field.h', 'tensorflow_core\\include\\google\\protobuf\\compiler\\csharp'), ('c:\\users\\hatzakis group\\pycharmprojects\\deepfret-gui\\venv2\\lib\\site-packages\\tensorflow_core\\include\\google\\protobuf\\compiler\\csharp\\csharp_repeated_primitive_field.h', 'tensorflow_core\\include\\google\\protobuf\\compiler\\csharp'), ('c:\\users\\hatzakis group\\pycharmprojects\\deepfret-gui\\venv2\\lib\\site-packages\\tensorflow_core\\include\\google\\protobuf\\compiler\\csharp\\csharp_source_generator_base.h', 'tensorflow_core\\include\\google\\protobuf\\compiler\\csharp'), ('c:\\users\\hatzakis group\\pycharmprojects\\deepfret-gui\\venv2\\lib\\site-packages\\tensorflow_core\\include\\google\\protobuf\\compiler\\csharp\\csharp_wrapper_field.h', 'tensorflow_core\\include\\google\\protobuf\\compiler\\csharp'), ('c:\\users\\hatzakis group\\pycharmprojects\\deepfret-gui\\venv2\\lib\\site-packages\\tensorflow_core\\include\\google\\protobuf\\compiler\\java\\java_context.h', 'tensorflow_core\\include\\google\\protobuf\\compiler\\java'), ('c:\\users\\hatzakis group\\pycharmprojects\\deepfret-gui\\venv2\\lib\\site-packages\\tensorflow_core\\include\\google\\protobuf\\compiler\\java\\java_doc_comment.h', 'tensorflow_core\\include\\google\\protobuf\\compiler\\java'), ('c:\\users\\hatzakis group\\pycharmprojects\\deepfret-gui\\venv2\\lib\\site-packages\\tensorflow_core\\include\\google\\protobuf\\compiler\\java\\java_enum.h', 'tensorflow_core\\include\\google\\protobuf\\compiler\\java'), ('c:\\users\\hatzakis group\\pycharmprojects\\deepfret-gui\\venv2\\lib\\site-packages\\tensorflow_core\\include\\google\\protobuf\\compiler\\java\\java_enum_field.h', 'tensorflow_core\\include\\google\\protobuf\\compiler\\java'), ('c:\\users\\hatzakis group\\pycharmprojects\\deepfret-gui\\venv2\\lib\\site-packages\\tensorflow_core\\include\\google\\protobuf\\compiler\\java\\java_enum_field_lite.h', 'tensorflow_core\\include\\google\\protobuf\\compiler\\java'), ('c:\\users\\hatzakis group\\pycharmprojects\\deepfret-gui\\venv2\\lib\\site-packages\\tensorflow_core\\include\\google\\protobuf\\compiler\\java\\java_enum_lite.h', 'tensorflow_core\\include\\google\\protobuf\\compiler\\java'), ('c:\\users\\hatzakis group\\pycharmprojects\\deepfret-gui\\venv2\\lib\\site-packages\\tensorflow_core\\include\\google\\protobuf\\compiler\\java\\java_extension.h', 'tensorflow_core\\include\\google\\protobuf\\compiler\\java'), ('c:\\users\\hatzakis group\\pycharmprojects\\deepfret-gui\\venv2\\lib\\site-packages\\tensorflow_core\\include\\google\\protobuf\\compiler\\java\\java_extension_lite.h', 'tensorflow_core\\include\\google\\protobuf\\compiler\\java'), ('c:\\users\\hatzakis group\\pycharmprojects\\deepfret-gui\\venv2\\lib\\site-packages\\tensorflow_core\\include\\google\\protobuf\\compiler\\java\\java_field.h', 'tensorflow_core\\include\\google\\protobuf\\compiler\\java'), ('c:\\users\\hatzakis group\\pycharmprojects\\deepfret-gui\\venv2\\lib\\site-packages\\tensorflow_core\\include\\google\\protobuf\\compiler\\java\\java_file.h', 'tensorflow_core\\include\\google\\protobuf\\compiler\\java'), ('c:\\users\\hatzakis group\\pycharmprojects\\deepfret-gui\\venv2\\lib\\site-packages\\tensorflow_core\\include\\google\\protobuf\\compiler\\java\\java_generator.h', 'tensorflow_core\\include\\google\\protobuf\\compiler\\java'), ('c:\\users\\hatzakis group\\pycharmprojects\\deepfret-gui\\venv2\\lib\\site-packages\\tensorflow_core\\include\\google\\protobuf\\compiler\\java\\java_generator_factory.h', 'tensorflow_core\\include\\google\\protobuf\\compiler\\java'), ('c:\\users\\hatzakis group\\pycharmprojects\\deepfret-gui\\venv2\\lib\\site-packages\\tensorflow_core\\include\\google\\protobuf\\compiler\\java\\java_helpers.h', 'tensorflow_core\\include\\google\\protobuf\\compiler\\java'), ('c:\\users\\hatzakis group\\pycharmprojects\\deepfret-gui\\venv2\\lib\\site-packages\\tensorflow_core\\include\\google\\protobuf\\compiler\\java\\java_map_field.h', 'tensorflow_core\\include\\google\\protobuf\\compiler\\java'), ('c:\\users\\hatzakis group\\pycharmprojects\\deepfret-gui\\venv2\\lib\\site-packages\\tensorflow_core\\include\\google\\protobuf\\compiler\\java\\java_map_field_lite.h', 'tensorflow_core\\include\\google\\protobuf\\compiler\\java'), ('c:\\users\\hatzakis group\\pycharmprojects\\deepfret-gui\\venv2\\lib\\site-packages\\tensorflow_core\\include\\google\\protobuf\\compiler\\java\\java_message.h', 'tensorflow_core\\include\\google\\protobuf\\compiler\\java'), ('c:\\users\\hatzakis group\\pycharmprojects\\deepfret-gui\\venv2\\lib\\site-packages\\tensorflow_core\\include\\google\\protobuf\\compiler\\java\\java_message_builder.h', 'tensorflow_core\\include\\google\\protobuf\\compiler\\java'), ('c:\\users\\hatzakis group\\pycharmprojects\\deepfret-gui\\venv2\\lib\\site-packages\\tensorflow_core\\include\\google\\protobuf\\compiler\\java\\java_message_builder_lite.h', 'tensorflow_core\\include\\google\\protobuf\\compiler\\java'), ('c:\\users\\hatzakis group\\pycharmprojects\\deepfret-gui\\venv2\\lib\\site-packages\\tensorflow_core\\include\\google\\protobuf\\compiler\\java\\java_message_field.h', 'tensorflow_core\\include\\google\\protobuf\\compiler\\java'), ('c:\\users\\hatzakis group\\pycharmprojects\\deepfret-gui\\venv2\\lib\\site-packages\\tensorflow_core\\include\\google\\protobuf\\compiler\\java\\java_message_field_lite.h', 'tensorflow_core\\include\\google\\protobuf\\compiler\\java'), ('c:\\users\\hatzakis group\\pycharmprojects\\deepfret-gui\\venv2\\lib\\site-packages\\tensorflow_core\\include\\google\\protobuf\\compiler\\java\\java_message_lite.h', 'tensorflow_core\\include\\google\\protobuf\\compiler\\java'), ('c:\\users\\hatzakis group\\pycharmprojects\\deepfret-gui\\venv2\\lib\\site-packages\\tensorflow_core\\include\\google\\protobuf\\compiler\\java\\java_names.h', 'tensorflow_core\\include\\google\\protobuf\\compiler\\java'), ('c:\\users\\hatzakis group\\pycharmprojects\\deepfret-gui\\venv2\\lib\\site-packages\\tensorflow_core\\include\\google\\protobuf\\compiler\\java\\java_name_resolver.h', 'tensorflow_core\\include\\google\\protobuf\\compiler\\java'), ('c:\\users\\hatzakis group\\pycharmprojects\\deepfret-gui\\venv2\\lib\\site-packages\\tensorflow_core\\include\\google\\protobuf\\compiler\\java\\java_options.h', 'tensorflow_core\\include\\google\\protobuf\\compiler\\java'), ('c:\\users\\hatzakis group\\pycharmprojects\\deepfret-gui\\venv2\\lib\\site-packages\\tensorflow_core\\include\\google\\protobuf\\compiler\\java\\java_primitive_field.h', 'tensorflow_core\\include\\google\\protobuf\\compiler\\java'), ('c:\\users\\hatzakis group\\pycharmprojects\\deepfret-gui\\venv2\\lib\\site-packages\\tensorflow_core\\include\\google\\protobuf\\compiler\\java\\java_primitive_field_lite.h', 'tensorflow_core\\include\\google\\protobuf\\compiler\\java'), ('c:\\users\\hatzakis group\\pycharmprojects\\deepfret-gui\\venv2\\lib\\site-packages\\tensorflow_core\\include\\google\\protobuf\\compiler\\java\\java_service.h', 'tensorflow_core\\include\\google\\protobuf\\compiler\\java'), ('c:\\users\\hatzakis group\\pycharmprojects\\deepfret-gui\\venv2\\lib\\site-packages\\tensorflow_core\\include\\google\\protobuf\\compiler\\java\\java_shared_code_generator.h', 'tensorflow_core\\include\\google\\protobuf\\compiler\\java'), ('c:\\users\\hatzakis group\\pycharmprojects\\deepfret-gui\\venv2\\lib\\site-packages\\tensorflow_core\\include\\google\\protobuf\\compiler\\java\\java_string_field.h', 'tensorflow_core\\include\\google\\protobuf\\compiler\\java'), ('c:\\users\\hatzakis group\\pycharmprojects\\deepfret-gui\\venv2\\lib\\site-packages\\tensorflow_core\\include\\google\\protobuf\\compiler\\java\\java_string_field_lite.h', 'tensorflow_core\\include\\google\\protobuf\\compiler\\java'), ('c:\\users\\hatzakis group\\pycharmprojects\\deepfret-gui\\venv2\\lib\\site-packages\\tensorflow_core\\include\\google\\protobuf\\compiler\\js\\js_generator.h', 'tensorflow_core\\include\\google\\protobuf\\compiler\\js'), ('c:\\users\\hatzakis group\\pycharmprojects\\deepfret-gui\\venv2\\lib\\site-packages\\tensorflow_core\\include\\google\\protobuf\\compiler\\js\\well_known_types_embed.h', 'tensorflow_core\\include\\google\\protobuf\\compiler\\js'), ('c:\\users\\hatzakis group\\pycharmprojects\\deepfret-gui\\venv2\\lib\\site-packages\\tensorflow_core\\include\\google\\protobuf\\compiler\\objectivec\\objectivec_enum.h', 'tensorflow_core\\include\\google\\protobuf\\compiler\\objectivec'), ('c:\\users\\hatzakis group\\pycharmprojects\\deepfret-gui\\venv2\\lib\\site-packages\\tensorflow_core\\include\\google\\protobuf\\compiler\\objectivec\\objectivec_enum_field.h', 'tensorflow_core\\include\\google\\protobuf\\compiler\\objectivec'), ('c:\\users\\hatzakis group\\pycharmprojects\\deepfret-gui\\venv2\\lib\\site-packages\\tensorflow_core\\include\\google\\protobuf\\compiler\\objectivec\\objectivec_extension.h', 'tensorflow_core\\include\\google\\protobuf\\compiler\\objectivec'), ('c:\\users\\hatzakis group\\pycharmprojects\\deepfret-gui\\venv2\\lib\\site-packages\\tensorflow_core\\include\\google\\protobuf\\compiler\\objectivec\\objectivec_field.h', 'tensorflow_core\\include\\google\\protobuf\\compiler\\objectivec'), ('c:\\users\\hatzakis group\\pycharmprojects\\deepfret-gui\\venv2\\lib\\site-packages\\tensorflow_core\\include\\google\\protobuf\\compiler\\objectivec\\objectivec_file.h', 'tensorflow_core\\include\\google\\protobuf\\compiler\\objectivec'), ('c:\\users\\hatzakis group\\pycharmprojects\\deepfret-gui\\venv2\\lib\\site-packages\\tensorflow_core\\include\\google\\protobuf\\compiler\\objectivec\\objectivec_generator.h', 'tensorflow_core\\include\\google\\protobuf\\compiler\\objectivec'), ('c:\\users\\hatzakis group\\pycharmprojects\\deepfret-gui\\venv2\\lib\\site-packages\\tensorflow_core\\include\\google\\protobuf\\compiler\\objectivec\\objectivec_helpers.h', 'tensorflow_core\\include\\google\\protobuf\\compiler\\objectivec'), ('c:\\users\\hatzakis group\\pycharmprojects\\deepfret-gui\\venv2\\lib\\site-packages\\tensorflow_core\\include\\google\\protobuf\\compiler\\objectivec\\objectivec_map_field.h', 'tensorflow_core\\include\\google\\protobuf\\compiler\\objectivec'), ('c:\\users\\hatzakis group\\pycharmprojects\\deepfret-gui\\venv2\\lib\\site-packages\\tensorflow_core\\include\\google\\protobuf\\compiler\\objectivec\\objectivec_message.h', 'tensorflow_core\\include\\google\\protobuf\\compiler\\objectivec'), ('c:\\users\\hatzakis group\\pycharmprojects\\deepfret-gui\\venv2\\lib\\site-packages\\tensorflow_core\\include\\google\\protobuf\\compiler\\objectivec\\objectivec_message_field.h', 'tensorflow_core\\include\\google\\protobuf\\compiler\\objectivec'), ('c:\\users\\hatzakis group\\pycharmprojects\\deepfret-gui\\venv2\\lib\\site-packages\\tensorflow_core\\include\\google\\protobuf\\compiler\\objectivec\\objectivec_nsobject_methods.h', 'tensorflow_core\\include\\google\\protobuf\\compiler\\objectivec'), ('c:\\users\\hatzakis group\\pycharmprojects\\deepfret-gui\\venv2\\lib\\site-packages\\tensorflow_core\\include\\google\\protobuf\\compiler\\objectivec\\objectivec_oneof.h', 'tensorflow_core\\include\\google\\protobuf\\compiler\\objectivec'), ('c:\\users\\hatzakis group\\pycharmprojects\\deepfret-gui\\venv2\\lib\\site-packages\\tensorflow_core\\include\\google\\protobuf\\compiler\\objectivec\\objectivec_primitive_field.h', 'tensorflow_core\\include\\google\\protobuf\\compiler\\objectivec'), ('c:\\users\\hatzakis group\\pycharmprojects\\deepfret-gui\\venv2\\lib\\site-packages\\tensorflow_core\\include\\google\\protobuf\\compiler\\php\\php_generator.h', 'tensorflow_core\\include\\google\\protobuf\\compiler\\php'), ('c:\\users\\hatzakis group\\pycharmprojects\\deepfret-gui\\venv2\\lib\\site-packages\\tensorflow_core\\include\\google\\protobuf\\compiler\\python\\python_generator.h', 'tensorflow_core\\include\\google\\protobuf\\compiler\\python'), ('c:\\users\\hatzakis group\\pycharmprojects\\deepfret-gui\\venv2\\lib\\site-packages\\tensorflow_core\\include\\google\\protobuf\\compiler\\ruby\\ruby_generator.h', 'tensorflow_core\\include\\google\\protobuf\\compiler\\ruby'), ('c:\\users\\hatzakis group\\pycharmprojects\\deepfret-gui\\venv2\\lib\\site-packages\\tensorflow_core\\include\\google\\protobuf\\io\\coded_stream.h', 'tensorflow_core\\include\\google\\protobuf\\io'), ('c:\\users\\hatzakis group\\pycharmprojects\\deepfret-gui\\venv2\\lib\\site-packages\\tensorflow_core\\include\\google\\protobuf\\io\\coded_stream_inl.h', 'tensorflow_core\\include\\google\\protobuf\\io'), ('c:\\users\\hatzakis group\\pycharmprojects\\deepfret-gui\\venv2\\lib\\site-packages\\tensorflow_core\\include\\google\\protobuf\\io\\gzip_stream.h', 'tensorflow_core\\include\\google\\protobuf\\io'), ('c:\\users\\hatzakis group\\pycharmprojects\\deepfret-gui\\venv2\\lib\\site-packages\\tensorflow_core\\include\\google\\protobuf\\io\\io_win32.h', 'tensorflow_core\\include\\google\\protobuf\\io'), ('c:\\users\\hatzakis group\\pycharmprojects\\deepfret-gui\\venv2\\lib\\site-packages\\tensorflow_core\\include\\google\\protobuf\\io\\package_info.h', 'tensorflow_core\\include\\google\\protobuf\\io'), ('c:\\users\\hatzakis group\\pycharmprojects\\deepfret-gui\\venv2\\lib\\site-packages\\tensorflow_core\\include\\google\\protobuf\\io\\printer.h', 'tensorflow_core\\include\\google\\protobuf\\io'), ('c:\\users\\hatzakis group\\pycharmprojects\\deepfret-gui\\venv2\\lib\\site-packages\\tensorflow_core\\include\\google\\protobuf\\io\\strtod.h', 'tensorflow_core\\include\\google\\protobuf\\io'), ('c:\\users\\hatzakis group\\pycharmprojects\\deepfret-gui\\venv2\\lib\\site-packages\\tensorflow_core\\include\\google\\protobuf\\io\\tokenizer.h', 'tensorflow_core\\include\\google\\protobuf\\io'), ('c:\\users\\hatzakis group\\pycharmprojects\\deepfret-gui\\venv2\\lib\\site-packages\\tensorflow_core\\include\\google\\protobuf\\io\\zero_copy_stream.h', 'tensorflow_core\\include\\google\\protobuf\\io'), ('c:\\users\\hatzakis group\\pycharmprojects\\deepfret-gui\\venv2\\lib\\site-packages\\tensorflow_core\\include\\google\\protobuf\\io\\zero_copy_stream_impl.h', 'tensorflow_core\\include\\google\\protobuf\\io'), ('c:\\users\\hatzakis group\\pycharmprojects\\deepfret-gui\\venv2\\lib\\site-packages\\tensorflow_core\\include\\google\\protobuf\\io\\zero_copy_stream_impl_lite.h', 'tensorflow_core\\include\\google\\protobuf\\io'), ('c:\\users\\hatzakis group\\pycharmprojects\\deepfret-gui\\venv2\\lib\\site-packages\\tensorflow_core\\include\\google\\protobuf\\stubs\\bytestream.h', 'tensorflow_core\\include\\google\\protobuf\\stubs'), ('c:\\users\\hatzakis group\\pycharmprojects\\deepfret-gui\\venv2\\lib\\site-packages\\tensorflow_core\\include\\google\\protobuf\\stubs\\callback.h', 'tensorflow_core\\include\\google\\protobuf\\stubs'), ('c:\\users\\hatzakis group\\pycharmprojects\\deepfret-gui\\venv2\\lib\\site-packages\\tensorflow_core\\include\\google\\protobuf\\stubs\\casts.h', 'tensorflow_core\\include\\google\\protobuf\\stubs'), ('c:\\users\\hatzakis group\\pycharmprojects\\deepfret-gui\\venv2\\lib\\site-packages\\tensorflow_core\\include\\google\\protobuf\\stubs\\common.h', 'tensorflow_core\\include\\google\\protobuf\\stubs'), ('c:\\users\\hatzakis group\\pycharmprojects\\deepfret-gui\\venv2\\lib\\site-packages\\tensorflow_core\\include\\google\\protobuf\\stubs\\fastmem.h', 'tensorflow_core\\include\\google\\protobuf\\stubs'), ('c:\\users\\hatzakis group\\pycharmprojects\\deepfret-gui\\venv2\\lib\\site-packages\\tensorflow_core\\include\\google\\protobuf\\stubs\\hash.h', 'tensorflow_core\\include\\google\\protobuf\\stubs'), ('c:\\users\\hatzakis group\\pycharmprojects\\deepfret-gui\\venv2\\lib\\site-packages\\tensorflow_core\\include\\google\\protobuf\\stubs\\int128.h', 'tensorflow_core\\include\\google\\protobuf\\stubs'), ('c:\\users\\hatzakis group\\pycharmprojects\\deepfret-gui\\venv2\\lib\\site-packages\\tensorflow_core\\include\\google\\protobuf\\stubs\\logging.h', 'tensorflow_core\\include\\google\\protobuf\\stubs'), ('c:\\users\\hatzakis group\\pycharmprojects\\deepfret-gui\\venv2\\lib\\site-packages\\tensorflow_core\\include\\google\\protobuf\\stubs\\macros.h', 'tensorflow_core\\include\\google\\protobuf\\stubs'), ('c:\\users\\hatzakis group\\pycharmprojects\\deepfret-gui\\venv2\\lib\\site-packages\\tensorflow_core\\include\\google\\protobuf\\stubs\\map_util.h', 'tensorflow_core\\include\\google\\protobuf\\stubs'), ('c:\\users\\hatzakis group\\pycharmprojects\\deepfret-gui\\venv2\\lib\\site-packages\\tensorflow_core\\include\\google\\protobuf\\stubs\\mathlimits.h', 'tensorflow_core\\include\\google\\protobuf\\stubs'), ('c:\\users\\hatzakis group\\pycharmprojects\\deepfret-gui\\venv2\\lib\\site-packages\\tensorflow_core\\include\\google\\protobuf\\stubs\\mathutil.h', 'tensorflow_core\\include\\google\\protobuf\\stubs'), ('c:\\users\\hatzakis group\\pycharmprojects\\deepfret-gui\\venv2\\lib\\site-packages\\tensorflow_core\\include\\google\\protobuf\\stubs\\mutex.h', 'tensorflow_core\\include\\google\\protobuf\\stubs'), ('c:\\users\\hatzakis group\\pycharmprojects\\deepfret-gui\\venv2\\lib\\site-packages\\tensorflow_core\\include\\google\\protobuf\\stubs\\once.h', 'tensorflow_core\\include\\google\\protobuf\\stubs'), ('c:\\users\\hatzakis group\\pycharmprojects\\deepfret-gui\\venv2\\lib\\site-packages\\tensorflow_core\\include\\google\\protobuf\\stubs\\platform_macros.h', 'tensorflow_core\\include\\google\\protobuf\\stubs'), ('c:\\users\\hatzakis group\\pycharmprojects\\deepfret-gui\\venv2\\lib\\site-packages\\tensorflow_core\\include\\google\\protobuf\\stubs\\port.h', 'tensorflow_core\\include\\google\\protobuf\\stubs'), ('c:\\users\\hatzakis group\\pycharmprojects\\deepfret-gui\\venv2\\lib\\site-packages\\tensorflow_core\\include\\google\\protobuf\\stubs\\status.h', 'tensorflow_core\\include\\google\\protobuf\\stubs'), ('c:\\users\\hatzakis group\\pycharmprojects\\deepfret-gui\\venv2\\lib\\site-packages\\tensorflow_core\\include\\google\\protobuf\\stubs\\statusor.h', 'tensorflow_core\\include\\google\\protobuf\\stubs'), ('c:\\users\\hatzakis group\\pycharmprojects\\deepfret-gui\\venv2\\lib\\site-packages\\tensorflow_core\\include\\google\\protobuf\\stubs\\status_macros.h', 'tensorflow_core\\include\\google\\protobuf\\stubs'), ('c:\\users\\hatzakis group\\pycharmprojects\\deepfret-gui\\venv2\\lib\\site-packages\\tensorflow_core\\include\\google\\protobuf\\stubs\\stl_util.h', 'tensorflow_core\\include\\google\\protobuf\\stubs'), ('c:\\users\\hatzakis group\\pycharmprojects\\deepfret-gui\\venv2\\lib\\site-packages\\tensorflow_core\\include\\google\\protobuf\\stubs\\stringpiece.h', 'tensorflow_core\\include\\google\\protobuf\\stubs'), ('c:\\users\\hatzakis group\\pycharmprojects\\deepfret-gui\\venv2\\lib\\site-packages\\tensorflow_core\\include\\google\\protobuf\\stubs\\stringprintf.h', 'tensorflow_core\\include\\google\\protobuf\\stubs'), ('c:\\users\\hatzakis group\\pycharmprojects\\deepfret-gui\\venv2\\lib\\site-packages\\tensorflow_core\\include\\google\\protobuf\\stubs\\strutil.h', 'tensorflow_core\\include\\google\\protobuf\\stubs'), ('c:\\users\\hatzakis group\\pycharmprojects\\deepfret-gui\\venv2\\lib\\site-packages\\tensorflow_core\\include\\google\\protobuf\\stubs\\substitute.h', 'tensorflow_core\\include\\google\\protobuf\\stubs'), ('c:\\users\\hatzakis group\\pycharmprojects\\deepfret-gui\\venv2\\lib\\site-packages\\tensorflow_core\\include\\google\\protobuf\\stubs\\template_util.h', 'tensorflow_core\\include\\google\\protobuf\\stubs'), ('c:\\users\\hatzakis group\\pycharmprojects\\deepfret-gui\\venv2\\lib\\site-packages\\tensorflow_core\\include\\google\\protobuf\\stubs\\time.h', 'tensorflow_core\\include\\google\\protobuf\\stubs'), ('c:\\users\\hatzakis group\\pycharmprojects\\deepfret-gui\\venv2\\lib\\site-packages\\tensorflow_core\\include\\google\\protobuf\\testing\\file.h', 'tensorflow_core\\include\\google\\protobuf\\testing'), ('c:\\users\\hatzakis group\\pycharmprojects\\deepfret-gui\\venv2\\lib\\site-packages\\tensorflow_core\\include\\google\\protobuf\\testing\\googletest.h', 'tensorflow_core\\include\\google\\protobuf\\testing'), ('c:\\users\\hatzakis group\\pycharmprojects\\deepfret-gui\\venv2\\lib\\site-packages\\tensorflow_core\\include\\google\\protobuf\\util\\delimited_message_util.h', 'tensorflow_core\\include\\google\\protobuf\\util'), ('c:\\users\\hatzakis group\\pycharmprojects\\deepfret-gui\\venv2\\lib\\site-packages\\tensorflow_core\\include\\google\\protobuf\\util\\field_comparator.h', 'tensorflow_core\\include\\google\\protobuf\\util'), ('c:\\users\\hatzakis group\\pycharmprojects\\deepfret-gui\\venv2\\lib\\site-packages\\tensorflow_core\\include\\google\\protobuf\\util\\field_mask_util.h', 'tensorflow_core\\include\\google\\protobuf\\util'), ('c:\\users\\hatzakis group\\pycharmprojects\\deepfret-gui\\venv2\\lib\\site-packages\\tensorflow_core\\include\\google\\protobuf\\util\\json_util.h', 'tensorflow_core\\include\\google\\protobuf\\util'), ('c:\\users\\hatzakis group\\pycharmprojects\\deepfret-gui\\venv2\\lib\\site-packages\\tensorflow_core\\include\\google\\protobuf\\util\\message_differencer.h', 'tensorflow_core\\include\\google\\protobuf\\util'), ('c:\\users\\hatzakis group\\pycharmprojects\\deepfret-gui\\venv2\\lib\\site-packages\\tensorflow_core\\include\\google\\protobuf\\util\\package_info.h', 'tensorflow_core\\include\\google\\protobuf\\util'), ('c:\\users\\hatzakis group\\pycharmprojects\\deepfret-gui\\venv2\\lib\\site-packages\\tensorflow_core\\include\\google\\protobuf\\util\\time_util.h', 'tensorflow_core\\include\\google\\protobuf\\util'), ('c:\\users\\hatzakis group\\pycharmprojects\\deepfret-gui\\venv2\\lib\\site-packages\\tensorflow_core\\include\\google\\protobuf\\util\\type_resolver.h', 'tensorflow_core\\include\\google\\protobuf\\util'), ('c:\\users\\hatzakis group\\pycharmprojects\\deepfret-gui\\venv2\\lib\\site-packages\\tensorflow_core\\include\\google\\protobuf\\util\\type_resolver_util.h', 'tensorflow_core\\include\\google\\protobuf\\util'), ('c:\\users\\hatzakis group\\pycharmprojects\\deepfret-gui\\venv2\\lib\\site-packages\\tensorflow_core\\include\\google\\protobuf\\util\\internal\\constants.h', 'tensorflow_core\\include\\google\\protobuf\\util\\internal'), ('c:\\users\\hatzakis group\\pycharmprojects\\deepfret-gui\\venv2\\lib\\site-packages\\tensorflow_core\\include\\google\\protobuf\\util\\internal\\datapiece.h', 'tensorflow_core\\include\\google\\protobuf\\util\\internal'), ('c:\\users\\hatzakis group\\pycharmprojects\\deepfret-gui\\venv2\\lib\\site-packages\\tensorflow_core\\include\\google\\protobuf\\util\\internal\\default_value_objectwriter.h', 'tensorflow_core\\include\\google\\protobuf\\util\\internal'), ('c:\\users\\hatzakis group\\pycharmprojects\\deepfret-gui\\venv2\\lib\\site-packages\\tensorflow_core\\include\\google\\protobuf\\util\\internal\\error_listener.h', 'tensorflow_core\\include\\google\\protobuf\\util\\internal'), ('c:\\users\\hatzakis group\\pycharmprojects\\deepfret-gui\\venv2\\lib\\site-packages\\tensorflow_core\\include\\google\\protobuf\\util\\internal\\expecting_objectwriter.h', 'tensorflow_core\\include\\google\\protobuf\\util\\internal'), ('c:\\users\\hatzakis group\\pycharmprojects\\deepfret-gui\\venv2\\lib\\site-packages\\tensorflow_core\\include\\google\\protobuf\\util\\internal\\field_mask_utility.h', 'tensorflow_core\\include\\google\\protobuf\\util\\internal'), ('c:\\users\\hatzakis group\\pycharmprojects\\deepfret-gui\\venv2\\lib\\site-packages\\tensorflow_core\\include\\google\\protobuf\\util\\internal\\json_escaping.h', 'tensorflow_core\\include\\google\\protobuf\\util\\internal'), ('c:\\users\\hatzakis group\\pycharmprojects\\deepfret-gui\\venv2\\lib\\site-packages\\tensorflow_core\\include\\google\\protobuf\\util\\internal\\json_objectwriter.h', 'tensorflow_core\\include\\google\\protobuf\\util\\internal'), ('c:\\users\\hatzakis group\\pycharmprojects\\deepfret-gui\\venv2\\lib\\site-packages\\tensorflow_core\\include\\google\\protobuf\\util\\internal\\json_stream_parser.h', 'tensorflow_core\\include\\google\\protobuf\\util\\internal'), ('c:\\users\\hatzakis group\\pycharmprojects\\deepfret-gui\\venv2\\lib\\site-packages\\tensorflow_core\\include\\google\\protobuf\\util\\internal\\location_tracker.h', 'tensorflow_core\\include\\google\\protobuf\\util\\internal'), ('c:\\users\\hatzakis group\\pycharmprojects\\deepfret-gui\\venv2\\lib\\site-packages\\tensorflow_core\\include\\google\\protobuf\\util\\internal\\mock_error_listener.h', 'tensorflow_core\\include\\google\\protobuf\\util\\internal'), ('c:\\users\\hatzakis group\\pycharmprojects\\deepfret-gui\\venv2\\lib\\site-packages\\tensorflow_core\\include\\google\\protobuf\\util\\internal\\object_location_tracker.h', 'tensorflow_core\\include\\google\\protobuf\\util\\internal'), ('c:\\users\\hatzakis group\\pycharmprojects\\deepfret-gui\\venv2\\lib\\site-packages\\tensorflow_core\\include\\google\\protobuf\\util\\internal\\object_source.h', 'tensorflow_core\\include\\google\\protobuf\\util\\internal'), ('c:\\users\\hatzakis group\\pycharmprojects\\deepfret-gui\\venv2\\lib\\site-packages\\tensorflow_core\\include\\google\\protobuf\\util\\internal\\object_writer.h', 'tensorflow_core\\include\\google\\protobuf\\util\\internal'), ('c:\\users\\hatzakis group\\pycharmprojects\\deepfret-gui\\venv2\\lib\\site-packages\\tensorflow_core\\include\\google\\protobuf\\util\\internal\\protostream_objectsource.h', 'tensorflow_core\\include\\google\\protobuf\\util\\internal'), ('c:\\users\\hatzakis group\\pycharmprojects\\deepfret-gui\\venv2\\lib\\site-packages\\tensorflow_core\\include\\google\\protobuf\\util\\internal\\protostream_objectwriter.h', 'tensorflow_core\\include\\google\\protobuf\\util\\internal'), ('c:\\users\\hatzakis group\\pycharmprojects\\deepfret-gui\\venv2\\lib\\site-packages\\tensorflow_core\\include\\google\\protobuf\\util\\internal\\proto_writer.h', 'tensorflow_core\\include\\google\\protobuf\\util\\internal'), ('c:\\users\\hatzakis group\\pycharmprojects\\deepfret-gui\\venv2\\lib\\site-packages\\tensorflow_core\\include\\google\\protobuf\\util\\internal\\structured_objectwriter.h', 'tensorflow_core\\include\\google\\protobuf\\util\\internal'), ('c:\\users\\hatzakis group\\pycharmprojects\\deepfret-gui\\venv2\\lib\\site-packages\\tensorflow_core\\include\\google\\protobuf\\util\\internal\\type_info.h', 'tensorflow_core\\include\\google\\protobuf\\util\\internal'), ('c:\\users\\hatzakis group\\pycharmprojects\\deepfret-gui\\venv2\\lib\\site-packages\\tensorflow_core\\include\\google\\protobuf\\util\\internal\\type_info_test_helper.h', 'tensorflow_core\\include\\google\\protobuf\\util\\internal'), ('c:\\users\\hatzakis group\\pycharmprojects\\deepfret-gui\\venv2\\lib\\site-packages\\tensorflow_core\\include\\google\\protobuf\\util\\internal\\utility.h', 'tensorflow_core\\include\\google\\protobuf\\util\\internal'), ('c:\\users\\hatzakis group\\pycharmprojects\\deepfret-gui\\venv2\\lib\\site-packages\\tensorflow_core\\include\\tensorflow_core\\core\\common_runtime\\allocator_retry.h', 'tensorflow_core\\include\\tensorflow_core\\core\\common_runtime'), ('c:\\users\\hatzakis group\\pycharmprojects\\deepfret-gui\\venv2\\lib\\site-packages\\tensorflow_core\\include\\tensorflow_core\\core\\common_runtime\\base_collective_executor.h', 'tensorflow_core\\include\\tensorflow_core\\core\\common_runtime'), ('c:\\users\\hatzakis group\\pycharmprojects\\deepfret-gui\\venv2\\lib\\site-packages\\tensorflow_core\\include\\tensorflow_core\\core\\common_runtime\\bfc_allocator.h', 'tensorflow_core\\include\\tensorflow_core\\core\\common_runtime'), ('c:\\users\\hatzakis group\\pycharmprojects\\deepfret-gui\\venv2\\lib\\site-packages\\tensorflow_core\\include\\tensorflow_core\\core\\common_runtime\\buf_rendezvous.h', 'tensorflow_core\\include\\tensorflow_core\\core\\common_runtime'), ('c:\\users\\hatzakis group\\pycharmprojects\\deepfret-gui\\venv2\\lib\\site-packages\\tensorflow_core\\include\\tensorflow_core\\core\\common_runtime\\build_graph_options.h', 'tensorflow_core\\include\\tensorflow_core\\core\\common_runtime'), ('c:\\users\\hatzakis group\\pycharmprojects\\deepfret-gui\\venv2\\lib\\site-packages\\tensorflow_core\\include\\tensorflow_core\\core\\common_runtime\\collective_executor_mgr.h', 'tensorflow_core\\include\\tensorflow_core\\core\\common_runtime'), ('c:\\users\\hatzakis group\\pycharmprojects\\deepfret-gui\\venv2\\lib\\site-packages\\tensorflow_core\\include\\tensorflow_core\\core\\common_runtime\\collective_param_resolver_local.h', 'tensorflow_core\\include\\tensorflow_core\\core\\common_runtime'), ('c:\\users\\hatzakis group\\pycharmprojects\\deepfret-gui\\venv2\\lib\\site-packages\\tensorflow_core\\include\\tensorflow_core\\core\\common_runtime\\collective_rma_local.h', 'tensorflow_core\\include\\tensorflow_core\\core\\common_runtime'), ('c:\\users\\hatzakis group\\pycharmprojects\\deepfret-gui\\venv2\\lib\\site-packages\\tensorflow_core\\include\\tensorflow_core\\core\\common_runtime\\collective_util.h', 'tensorflow_core\\include\\tensorflow_core\\core\\common_runtime'), ('c:\\users\\hatzakis group\\pycharmprojects\\deepfret-gui\\venv2\\lib\\site-packages\\tensorflow_core\\include\\tensorflow_core\\core\\common_runtime\\colocation_graph.h', 'tensorflow_core\\include\\tensorflow_core\\core\\common_runtime'), ('c:\\users\\hatzakis group\\pycharmprojects\\deepfret-gui\\venv2\\lib\\site-packages\\tensorflow_core\\include\\tensorflow_core\\core\\common_runtime\\constant_folding.h', 'tensorflow_core\\include\\tensorflow_core\\core\\common_runtime'), ('c:\\users\\hatzakis group\\pycharmprojects\\deepfret-gui\\venv2\\lib\\site-packages\\tensorflow_core\\include\\tensorflow_core\\core\\common_runtime\\copy_tensor.h', 'tensorflow_core\\include\\tensorflow_core\\core\\common_runtime'), ('c:\\users\\hatzakis group\\pycharmprojects\\deepfret-gui\\venv2\\lib\\site-packages\\tensorflow_core\\include\\tensorflow_core\\core\\common_runtime\\costmodel_manager.h', 'tensorflow_core\\include\\tensorflow_core\\core\\common_runtime'), ('c:\\users\\hatzakis group\\pycharmprojects\\deepfret-gui\\venv2\\lib\\site-packages\\tensorflow_core\\include\\tensorflow_core\\core\\common_runtime\\debugger_state_interface.h', 'tensorflow_core\\include\\tensorflow_core\\core\\common_runtime'), ('c:\\users\\hatzakis group\\pycharmprojects\\deepfret-gui\\venv2\\lib\\site-packages\\tensorflow_core\\include\\tensorflow_core\\core\\common_runtime\\device.h', 'tensorflow_core\\include\\tensorflow_core\\core\\common_runtime'), ('c:\\users\\hatzakis group\\pycharmprojects\\deepfret-gui\\venv2\\lib\\site-packages\\tensorflow_core\\include\\tensorflow_core\\core\\common_runtime\\device_factory.h', 'tensorflow_core\\include\\tensorflow_core\\core\\common_runtime'), ('c:\\users\\hatzakis group\\pycharmprojects\\deepfret-gui\\venv2\\lib\\site-packages\\tensorflow_core\\include\\tensorflow_core\\core\\common_runtime\\device_mgr.h', 'tensorflow_core\\include\\tensorflow_core\\core\\common_runtime'), ('c:\\users\\hatzakis group\\pycharmprojects\\deepfret-gui\\venv2\\lib\\site-packages\\tensorflow_core\\include\\tensorflow_core\\core\\common_runtime\\device_resolver_local.h', 'tensorflow_core\\include\\tensorflow_core\\core\\common_runtime'), ('c:\\users\\hatzakis group\\pycharmprojects\\deepfret-gui\\venv2\\lib\\site-packages\\tensorflow_core\\include\\tensorflow_core\\core\\common_runtime\\device_set.h', 'tensorflow_core\\include\\tensorflow_core\\core\\common_runtime'), ('c:\\users\\hatzakis group\\pycharmprojects\\deepfret-gui\\venv2\\lib\\site-packages\\tensorflow_core\\include\\tensorflow_core\\core\\common_runtime\\dma_helper.h', 'tensorflow_core\\include\\tensorflow_core\\core\\common_runtime'), ('c:\\users\\hatzakis group\\pycharmprojects\\deepfret-gui\\venv2\\lib\\site-packages\\tensorflow_core\\include\\tensorflow_core\\core\\common_runtime\\eval_const_tensor.h', 'tensorflow_core\\include\\tensorflow_core\\core\\common_runtime'), ('c:\\users\\hatzakis group\\pycharmprojects\\deepfret-gui\\venv2\\lib\\site-packages\\tensorflow_core\\include\\tensorflow_core\\core\\common_runtime\\executor.h', 'tensorflow_core\\include\\tensorflow_core\\core\\common_runtime'), ('c:\\users\\hatzakis group\\pycharmprojects\\deepfret-gui\\venv2\\lib\\site-packages\\tensorflow_core\\include\\tensorflow_core\\core\\common_runtime\\executor_factory.h', 'tensorflow_core\\include\\tensorflow_core\\core\\common_runtime'), ('c:\\users\\hatzakis group\\pycharmprojects\\deepfret-gui\\venv2\\lib\\site-packages\\tensorflow_core\\include\\tensorflow_core\\core\\common_runtime\\function.h', 'tensorflow_core\\include\\tensorflow_core\\core\\common_runtime'), ('c:\\users\\hatzakis group\\pycharmprojects\\deepfret-gui\\venv2\\lib\\site-packages\\tensorflow_core\\include\\tensorflow_core\\core\\common_runtime\\graph_execution_state.h', 'tensorflow_core\\include\\tensorflow_core\\core\\common_runtime'), ('c:\\users\\hatzakis group\\pycharmprojects\\deepfret-gui\\venv2\\lib\\site-packages\\tensorflow_core\\include\\tensorflow_core\\core\\common_runtime\\graph_optimizer.h', 'tensorflow_core\\include\\tensorflow_core\\core\\common_runtime'), ('c:\\users\\hatzakis group\\pycharmprojects\\deepfret-gui\\venv2\\lib\\site-packages\\tensorflow_core\\include\\tensorflow_core\\core\\common_runtime\\graph_runner.h', 'tensorflow_core\\include\\tensorflow_core\\core\\common_runtime'), ('c:\\users\\hatzakis group\\pycharmprojects\\deepfret-gui\\venv2\\lib\\site-packages\\tensorflow_core\\include\\tensorflow_core\\core\\common_runtime\\hierarchical_tree_broadcaster.h', 'tensorflow_core\\include\\tensorflow_core\\core\\common_runtime'), ('c:\\users\\hatzakis group\\pycharmprojects\\deepfret-gui\\venv2\\lib\\site-packages\\tensorflow_core\\include\\tensorflow_core\\core\\common_runtime\\input_colocation_exemption_registry.h', 'tensorflow_core\\include\\tensorflow_core\\core\\common_runtime'), ('c:\\users\\hatzakis group\\pycharmprojects\\deepfret-gui\\venv2\\lib\\site-packages\\tensorflow_core\\include\\tensorflow_core\\core\\common_runtime\\inspecting_placer.h', 'tensorflow_core\\include\\tensorflow_core\\core\\common_runtime'), ('c:\\users\\hatzakis group\\pycharmprojects\\deepfret-gui\\venv2\\lib\\site-packages\\tensorflow_core\\include\\tensorflow_core\\core\\common_runtime\\isolate_placer_inspection_required_ops_pass.h', 'tensorflow_core\\include\\tensorflow_core\\core\\common_runtime'), ('c:\\users\\hatzakis group\\pycharmprojects\\deepfret-gui\\venv2\\lib\\site-packages\\tensorflow_core\\include\\tensorflow_core\\core\\common_runtime\\local_device.h', 'tensorflow_core\\include\\tensorflow_core\\core\\common_runtime'), ('c:\\users\\hatzakis group\\pycharmprojects\\deepfret-gui\\venv2\\lib\\site-packages\\tensorflow_core\\include\\tensorflow_core\\core\\common_runtime\\lower_case_op.h', 'tensorflow_core\\include\\tensorflow_core\\core\\common_runtime'), ('c:\\users\\hatzakis group\\pycharmprojects\\deepfret-gui\\venv2\\lib\\site-packages\\tensorflow_core\\include\\tensorflow_core\\core\\common_runtime\\lower_functional_ops.h', 'tensorflow_core\\include\\tensorflow_core\\core\\common_runtime'), ('c:\\users\\hatzakis group\\pycharmprojects\\deepfret-gui\\venv2\\lib\\site-packages\\tensorflow_core\\include\\tensorflow_core\\core\\common_runtime\\lower_function_call_op.h', 'tensorflow_core\\include\\tensorflow_core\\core\\common_runtime'), ('c:\\users\\hatzakis group\\pycharmprojects\\deepfret-gui\\venv2\\lib\\site-packages\\tensorflow_core\\include\\tensorflow_core\\core\\common_runtime\\lower_if_op.h', 'tensorflow_core\\include\\tensorflow_core\\core\\common_runtime'), ('c:\\users\\hatzakis group\\pycharmprojects\\deepfret-gui\\venv2\\lib\\site-packages\\tensorflow_core\\include\\tensorflow_core\\core\\common_runtime\\lower_while_op.h', 'tensorflow_core\\include\\tensorflow_core\\core\\common_runtime'), ('c:\\users\\hatzakis group\\pycharmprojects\\deepfret-gui\\venv2\\lib\\site-packages\\tensorflow_core\\include\\tensorflow_core\\core\\common_runtime\\memory_types.h', 'tensorflow_core\\include\\tensorflow_core\\core\\common_runtime'), ('c:\\users\\hatzakis group\\pycharmprojects\\deepfret-gui\\venv2\\lib\\site-packages\\tensorflow_core\\include\\tensorflow_core\\core\\common_runtime\\metrics.h', 'tensorflow_core\\include\\tensorflow_core\\core\\common_runtime'), ('c:\\users\\hatzakis group\\pycharmprojects\\deepfret-gui\\venv2\\lib\\site-packages\\tensorflow_core\\include\\tensorflow_core\\core\\common_runtime\\mkl_cpu_allocator.h', 'tensorflow_core\\include\\tensorflow_core\\core\\common_runtime'), ('c:\\users\\hatzakis group\\pycharmprojects\\deepfret-gui\\venv2\\lib\\site-packages\\tensorflow_core\\include\\tensorflow_core\\core\\common_runtime\\optimization_registry.h', 'tensorflow_core\\include\\tensorflow_core\\core\\common_runtime'), ('c:\\users\\hatzakis group\\pycharmprojects\\deepfret-gui\\venv2\\lib\\site-packages\\tensorflow_core\\include\\tensorflow_core\\core\\common_runtime\\partitioning_utils.h', 'tensorflow_core\\include\\tensorflow_core\\core\\common_runtime'), ('c:\\users\\hatzakis group\\pycharmprojects\\deepfret-gui\\venv2\\lib\\site-packages\\tensorflow_core\\include\\tensorflow_core\\core\\common_runtime\\pending_counts.h', 'tensorflow_core\\include\\tensorflow_core\\core\\common_runtime'), ('c:\\users\\hatzakis group\\pycharmprojects\\deepfret-gui\\venv2\\lib\\site-packages\\tensorflow_core\\include\\tensorflow_core\\core\\common_runtime\\placer.h', 'tensorflow_core\\include\\tensorflow_core\\core\\common_runtime'), ('c:\\users\\hatzakis group\\pycharmprojects\\deepfret-gui\\venv2\\lib\\site-packages\\tensorflow_core\\include\\tensorflow_core\\core\\common_runtime\\placer_inspection_required_ops_utils.h', 'tensorflow_core\\include\\tensorflow_core\\core\\common_runtime'), ('c:\\users\\hatzakis group\\pycharmprojects\\deepfret-gui\\venv2\\lib\\site-packages\\tensorflow_core\\include\\tensorflow_core\\core\\common_runtime\\pool_allocator.h', 'tensorflow_core\\include\\tensorflow_core\\core\\common_runtime'), ('c:\\users\\hatzakis group\\pycharmprojects\\deepfret-gui\\venv2\\lib\\site-packages\\tensorflow_core\\include\\tensorflow_core\\core\\common_runtime\\process_function_library_runtime.h', 'tensorflow_core\\include\\tensorflow_core\\core\\common_runtime'), ('c:\\users\\hatzakis group\\pycharmprojects\\deepfret-gui\\venv2\\lib\\site-packages\\tensorflow_core\\include\\tensorflow_core\\core\\common_runtime\\process_state.h', 'tensorflow_core\\include\\tensorflow_core\\core\\common_runtime'), ('c:\\users\\hatzakis group\\pycharmprojects\\deepfret-gui\\venv2\\lib\\site-packages\\tensorflow_core\\include\\tensorflow_core\\core\\common_runtime\\process_util.h', 'tensorflow_core\\include\\tensorflow_core\\core\\common_runtime'), ('c:\\users\\hatzakis group\\pycharmprojects\\deepfret-gui\\venv2\\lib\\site-packages\\tensorflow_core\\include\\tensorflow_core\\core\\common_runtime\\profile_handler.h', 'tensorflow_core\\include\\tensorflow_core\\core\\common_runtime'), ('c:\\users\\hatzakis group\\pycharmprojects\\deepfret-gui\\venv2\\lib\\site-packages\\tensorflow_core\\include\\tensorflow_core\\core\\common_runtime\\renamed_device.h', 'tensorflow_core\\include\\tensorflow_core\\core\\common_runtime'), ('c:\\users\\hatzakis group\\pycharmprojects\\deepfret-gui\\venv2\\lib\\site-packages\\tensorflow_core\\include\\tensorflow_core\\core\\common_runtime\\rendezvous_mgr.h', 'tensorflow_core\\include\\tensorflow_core\\core\\common_runtime'), ('c:\\users\\hatzakis group\\pycharmprojects\\deepfret-gui\\venv2\\lib\\site-packages\\tensorflow_core\\include\\tensorflow_core\\core\\common_runtime\\rendezvous_util.h', 'tensorflow_core\\include\\tensorflow_core\\core\\common_runtime'), ('c:\\users\\hatzakis group\\pycharmprojects\\deepfret-gui\\venv2\\lib\\site-packages\\tensorflow_core\\include\\tensorflow_core\\core\\common_runtime\\ring_alg.h', 'tensorflow_core\\include\\tensorflow_core\\core\\common_runtime'), ('c:\\users\\hatzakis group\\pycharmprojects\\deepfret-gui\\venv2\\lib\\site-packages\\tensorflow_core\\include\\tensorflow_core\\core\\common_runtime\\ring_gatherer.h', 'tensorflow_core\\include\\tensorflow_core\\core\\common_runtime'), ('c:\\users\\hatzakis group\\pycharmprojects\\deepfret-gui\\venv2\\lib\\site-packages\\tensorflow_core\\include\\tensorflow_core\\core\\common_runtime\\ring_reducer.h', 'tensorflow_core\\include\\tensorflow_core\\core\\common_runtime'), ('c:\\users\\hatzakis group\\pycharmprojects\\deepfret-gui\\venv2\\lib\\site-packages\\tensorflow_core\\include\\tensorflow_core\\core\\common_runtime\\scoped_allocator.h', 'tensorflow_core\\include\\tensorflow_core\\core\\common_runtime'), ('c:\\users\\hatzakis group\\pycharmprojects\\deepfret-gui\\venv2\\lib\\site-packages\\tensorflow_core\\include\\tensorflow_core\\core\\common_runtime\\scoped_allocator_mgr.h', 'tensorflow_core\\include\\tensorflow_core\\core\\common_runtime'), ('c:\\users\\hatzakis group\\pycharmprojects\\deepfret-gui\\venv2\\lib\\site-packages\\tensorflow_core\\include\\tensorflow_core\\core\\common_runtime\\session_factory.h', 'tensorflow_core\\include\\tensorflow_core\\core\\common_runtime'), ('c:\\users\\hatzakis group\\pycharmprojects\\deepfret-gui\\venv2\\lib\\site-packages\\tensorflow_core\\include\\tensorflow_core\\core\\common_runtime\\shape_refiner.h', 'tensorflow_core\\include\\tensorflow_core\\core\\common_runtime'), ('c:\\users\\hatzakis group\\pycharmprojects\\deepfret-gui\\venv2\\lib\\site-packages\\tensorflow_core\\include\\tensorflow_core\\core\\common_runtime\\shared_counter.h', 'tensorflow_core\\include\\tensorflow_core\\core\\common_runtime'), ('c:\\users\\hatzakis group\\pycharmprojects\\deepfret-gui\\venv2\\lib\\site-packages\\tensorflow_core\\include\\tensorflow_core\\core\\common_runtime\\single_threaded_cpu_device.h', 'tensorflow_core\\include\\tensorflow_core\\core\\common_runtime'), ('c:\\users\\hatzakis group\\pycharmprojects\\deepfret-gui\\venv2\\lib\\site-packages\\tensorflow_core\\include\\tensorflow_core\\core\\common_runtime\\stats_publisher_interface.h', 'tensorflow_core\\include\\tensorflow_core\\core\\common_runtime'), ('c:\\users\\hatzakis group\\pycharmprojects\\deepfret-gui\\venv2\\lib\\site-packages\\tensorflow_core\\include\\tensorflow_core\\core\\common_runtime\\step_stats_collector.h', 'tensorflow_core\\include\\tensorflow_core\\core\\common_runtime'), ('c:\\users\\hatzakis group\\pycharmprojects\\deepfret-gui\\venv2\\lib\\site-packages\\tensorflow_core\\include\\tensorflow_core\\core\\common_runtime\\threadpool_device.h', 'tensorflow_core\\include\\tensorflow_core\\core\\common_runtime'), ('c:\\users\\hatzakis group\\pycharmprojects\\deepfret-gui\\venv2\\lib\\site-packages\\tensorflow_core\\include\\tensorflow_core\\core\\common_runtime\\gpu\\gpu_id.h', 'tensorflow_core\\include\\tensorflow_core\\core\\common_runtime\\gpu'), ('c:\\users\\hatzakis group\\pycharmprojects\\deepfret-gui\\venv2\\lib\\site-packages\\tensorflow_core\\include\\tensorflow_core\\core\\common_runtime\\gpu\\gpu_id_manager.h', 'tensorflow_core\\include\\tensorflow_core\\core\\common_runtime\\gpu'), ('c:\\users\\hatzakis group\\pycharmprojects\\deepfret-gui\\venv2\\lib\\site-packages\\tensorflow_core\\include\\tensorflow_core\\core\\example\\example.pb.h', 'tensorflow_core\\include\\tensorflow_core\\core\\example'), ('c:\\users\\hatzakis group\\pycharmprojects\\deepfret-gui\\venv2\\lib\\site-packages\\tensorflow_core\\include\\tensorflow_core\\core\\example\\example.pb_text-impl.h', 'tensorflow_core\\include\\tensorflow_core\\core\\example'), ('c:\\users\\hatzakis group\\pycharmprojects\\deepfret-gui\\venv2\\lib\\site-packages\\tensorflow_core\\include\\tensorflow_core\\core\\example\\example.pb_text.h', 'tensorflow_core\\include\\tensorflow_core\\core\\example'), ('c:\\users\\hatzakis group\\pycharmprojects\\deepfret-gui\\venv2\\lib\\site-packages\\tensorflow_core\\include\\tensorflow_core\\core\\example\\example_parser_configuration.pb.h', 'tensorflow_core\\include\\tensorflow_core\\core\\example'), ('c:\\users\\hatzakis group\\pycharmprojects\\deepfret-gui\\venv2\\lib\\site-packages\\tensorflow_core\\include\\tensorflow_core\\core\\example\\feature.pb.h', 'tensorflow_core\\include\\tensorflow_core\\core\\example'), ('c:\\users\\hatzakis group\\pycharmprojects\\deepfret-gui\\venv2\\lib\\site-packages\\tensorflow_core\\include\\tensorflow_core\\core\\example\\feature.pb_text-impl.h', 'tensorflow_core\\include\\tensorflow_core\\core\\example'), ('c:\\users\\hatzakis group\\pycharmprojects\\deepfret-gui\\venv2\\lib\\site-packages\\tensorflow_core\\include\\tensorflow_core\\core\\example\\feature.pb_text.h', 'tensorflow_core\\include\\tensorflow_core\\core\\example'), ('c:\\users\\hatzakis group\\pycharmprojects\\deepfret-gui\\venv2\\lib\\site-packages\\tensorflow_core\\include\\tensorflow_core\\core\\example\\feature_util.h', 'tensorflow_core\\include\\tensorflow_core\\core\\example'), ('c:\\users\\hatzakis group\\pycharmprojects\\deepfret-gui\\venv2\\lib\\site-packages\\tensorflow_core\\include\\tensorflow_core\\core\\framework\\allocation_description.pb.h', 'tensorflow_core\\include\\tensorflow_core\\core\\framework'), ('c:\\users\\hatzakis group\\pycharmprojects\\deepfret-gui\\venv2\\lib\\site-packages\\tensorflow_core\\include\\tensorflow_core\\core\\framework\\allocation_description.pb_text-impl.h', 'tensorflow_core\\include\\tensorflow_core\\core\\framework'), ('c:\\users\\hatzakis group\\pycharmprojects\\deepfret-gui\\venv2\\lib\\site-packages\\tensorflow_core\\include\\tensorflow_core\\core\\framework\\allocation_description.pb_text.h', 'tensorflow_core\\include\\tensorflow_core\\core\\framework'), ('c:\\users\\hatzakis group\\pycharmprojects\\deepfret-gui\\venv2\\lib\\site-packages\\tensorflow_core\\include\\tensorflow_core\\core\\framework\\allocator.h', 'tensorflow_core\\include\\tensorflow_core\\core\\framework'), ('c:\\users\\hatzakis group\\pycharmprojects\\deepfret-gui\\venv2\\lib\\site-packages\\tensorflow_core\\include\\tensorflow_core\\core\\framework\\allocator_registry.h', 'tensorflow_core\\include\\tensorflow_core\\core\\framework'), ('c:\\users\\hatzakis group\\pycharmprojects\\deepfret-gui\\venv2\\lib\\site-packages\\tensorflow_core\\include\\tensorflow_core\\core\\framework\\api_def.pb.h', 'tensorflow_core\\include\\tensorflow_core\\core\\framework'), ('c:\\users\\hatzakis group\\pycharmprojects\\deepfret-gui\\venv2\\lib\\site-packages\\tensorflow_core\\include\\tensorflow_core\\core\\framework\\api_def.pb_text-impl.h', 'tensorflow_core\\include\\tensorflow_core\\core\\framework'), ('c:\\users\\hatzakis group\\pycharmprojects\\deepfret-gui\\venv2\\lib\\site-packages\\tensorflow_core\\include\\tensorflow_core\\core\\framework\\api_def.pb_text.h', 'tensorflow_core\\include\\tensorflow_core\\core\\framework'), ('c:\\users\\hatzakis group\\pycharmprojects\\deepfret-gui\\venv2\\lib\\site-packages\\tensorflow_core\\include\\tensorflow_core\\core\\framework\\attr_value.pb.h', 'tensorflow_core\\include\\tensorflow_core\\core\\framework'), ('c:\\users\\hatzakis group\\pycharmprojects\\deepfret-gui\\venv2\\lib\\site-packages\\tensorflow_core\\include\\tensorflow_core\\core\\framework\\attr_value.pb_text-impl.h', 'tensorflow_core\\include\\tensorflow_core\\core\\framework'), ('c:\\users\\hatzakis group\\pycharmprojects\\deepfret-gui\\venv2\\lib\\site-packages\\tensorflow_core\\include\\tensorflow_core\\core\\framework\\attr_value.pb_text.h', 'tensorflow_core\\include\\tensorflow_core\\core\\framework'), ('c:\\users\\hatzakis group\\pycharmprojects\\deepfret-gui\\venv2\\lib\\site-packages\\tensorflow_core\\include\\tensorflow_core\\core\\framework\\attr_value_util.h', 'tensorflow_core\\include\\tensorflow_core\\core\\framework'), ('c:\\users\\hatzakis group\\pycharmprojects\\deepfret-gui\\venv2\\lib\\site-packages\\tensorflow_core\\include\\tensorflow_core\\core\\framework\\bfloat16.h', 'tensorflow_core\\include\\tensorflow_core\\core\\framework'), ('c:\\users\\hatzakis group\\pycharmprojects\\deepfret-gui\\venv2\\lib\\site-packages\\tensorflow_core\\include\\tensorflow_core\\core\\framework\\bounds_check.h', 'tensorflow_core\\include\\tensorflow_core\\core\\framework'), ('c:\\users\\hatzakis group\\pycharmprojects\\deepfret-gui\\venv2\\lib\\site-packages\\tensorflow_core\\include\\tensorflow_core\\core\\framework\\cancellation.h', 'tensorflow_core\\include\\tensorflow_core\\core\\framework'), ('c:\\users\\hatzakis group\\pycharmprojects\\deepfret-gui\\venv2\\lib\\site-packages\\tensorflow_core\\include\\tensorflow_core\\core\\framework\\collective.h', 'tensorflow_core\\include\\tensorflow_core\\core\\framework'), ('c:\\users\\hatzakis group\\pycharmprojects\\deepfret-gui\\venv2\\lib\\site-packages\\tensorflow_core\\include\\tensorflow_core\\core\\framework\\common_shape_fns.h', 'tensorflow_core\\include\\tensorflow_core\\core\\framework'), ('c:\\users\\hatzakis group\\pycharmprojects\\deepfret-gui\\venv2\\lib\\site-packages\\tensorflow_core\\include\\tensorflow_core\\core\\framework\\control_flow.h', 'tensorflow_core\\include\\tensorflow_core\\core\\framework'), ('c:\\users\\hatzakis group\\pycharmprojects\\deepfret-gui\\venv2\\lib\\site-packages\\tensorflow_core\\include\\tensorflow_core\\core\\framework\\cost_graph.pb.h', 'tensorflow_core\\include\\tensorflow_core\\core\\framework'), ('c:\\users\\hatzakis group\\pycharmprojects\\deepfret-gui\\venv2\\lib\\site-packages\\tensorflow_core\\include\\tensorflow_core\\core\\framework\\cost_graph.pb_text-impl.h', 'tensorflow_core\\include\\tensorflow_core\\core\\framework'), ('c:\\users\\hatzakis group\\pycharmprojects\\deepfret-gui\\venv2\\lib\\site-packages\\tensorflow_core\\include\\tensorflow_core\\core\\framework\\cost_graph.pb_text.h', 'tensorflow_core\\include\\tensorflow_core\\core\\framework'), ('c:\\users\\hatzakis group\\pycharmprojects\\deepfret-gui\\venv2\\lib\\site-packages\\tensorflow_core\\include\\tensorflow_core\\core\\framework\\dataset.h', 'tensorflow_core\\include\\tensorflow_core\\core\\framework'), ('c:\\users\\hatzakis group\\pycharmprojects\\deepfret-gui\\venv2\\lib\\site-packages\\tensorflow_core\\include\\tensorflow_core\\core\\framework\\dataset_stateful_op_whitelist.h', 'tensorflow_core\\include\\tensorflow_core\\core\\framework'), ('c:\\users\\hatzakis group\\pycharmprojects\\deepfret-gui\\venv2\\lib\\site-packages\\tensorflow_core\\include\\tensorflow_core\\core\\framework\\device_attributes.pb.h', 'tensorflow_core\\include\\tensorflow_core\\core\\framework'), ('c:\\users\\hatzakis group\\pycharmprojects\\deepfret-gui\\venv2\\lib\\site-packages\\tensorflow_core\\include\\tensorflow_core\\core\\framework\\device_attributes.pb_text-impl.h', 'tensorflow_core\\include\\tensorflow_core\\core\\framework'), ('c:\\users\\hatzakis group\\pycharmprojects\\deepfret-gui\\venv2\\lib\\site-packages\\tensorflow_core\\include\\tensorflow_core\\core\\framework\\device_attributes.pb_text.h', 'tensorflow_core\\include\\tensorflow_core\\core\\framework'), ('c:\\users\\hatzakis group\\pycharmprojects\\deepfret-gui\\venv2\\lib\\site-packages\\tensorflow_core\\include\\tensorflow_core\\core\\framework\\device_base.h', 'tensorflow_core\\include\\tensorflow_core\\core\\framework'), ('c:\\users\\hatzakis group\\pycharmprojects\\deepfret-gui\\venv2\\lib\\site-packages\\tensorflow_core\\include\\tensorflow_core\\core\\framework\\function.h', 'tensorflow_core\\include\\tensorflow_core\\core\\framework'), ('c:\\users\\hatzakis group\\pycharmprojects\\deepfret-gui\\venv2\\lib\\site-packages\\tensorflow_core\\include\\tensorflow_core\\core\\framework\\function.pb.h', 'tensorflow_core\\include\\tensorflow_core\\core\\framework'), ('c:\\users\\hatzakis group\\pycharmprojects\\deepfret-gui\\venv2\\lib\\site-packages\\tensorflow_core\\include\\tensorflow_core\\core\\framework\\function.pb_text-impl.h', 'tensorflow_core\\include\\tensorflow_core\\core\\framework'), ('c:\\users\\hatzakis group\\pycharmprojects\\deepfret-gui\\venv2\\lib\\site-packages\\tensorflow_core\\include\\tensorflow_core\\core\\framework\\function.pb_text.h', 'tensorflow_core\\include\\tensorflow_core\\core\\framework'), ('c:\\users\\hatzakis group\\pycharmprojects\\deepfret-gui\\venv2\\lib\\site-packages\\tensorflow_core\\include\\tensorflow_core\\core\\framework\\function_handle_cache.h', 'tensorflow_core\\include\\tensorflow_core\\core\\framework'), ('c:\\users\\hatzakis group\\pycharmprojects\\deepfret-gui\\venv2\\lib\\site-packages\\tensorflow_core\\include\\tensorflow_core\\core\\framework\\graph.pb.h', 'tensorflow_core\\include\\tensorflow_core\\core\\framework'), ('c:\\users\\hatzakis group\\pycharmprojects\\deepfret-gui\\venv2\\lib\\site-packages\\tensorflow_core\\include\\tensorflow_core\\core\\framework\\graph.pb_text-impl.h', 'tensorflow_core\\include\\tensorflow_core\\core\\framework'), ('c:\\users\\hatzakis group\\pycharmprojects\\deepfret-gui\\venv2\\lib\\site-packages\\tensorflow_core\\include\\tensorflow_core\\core\\framework\\graph.pb_text.h', 'tensorflow_core\\include\\tensorflow_core\\core\\framework'), ('c:\\users\\hatzakis group\\pycharmprojects\\deepfret-gui\\venv2\\lib\\site-packages\\tensorflow_core\\include\\tensorflow_core\\core\\framework\\graph_def_util.h', 'tensorflow_core\\include\\tensorflow_core\\core\\framework'), ('c:\\users\\hatzakis group\\pycharmprojects\\deepfret-gui\\venv2\\lib\\site-packages\\tensorflow_core\\include\\tensorflow_core\\core\\framework\\graph_to_functiondef.h', 'tensorflow_core\\include\\tensorflow_core\\core\\framework'), ('c:\\users\\hatzakis group\\pycharmprojects\\deepfret-gui\\venv2\\lib\\site-packages\\tensorflow_core\\include\\tensorflow_core\\core\\framework\\graph_transfer_info.pb.h', 'tensorflow_core\\include\\tensorflow_core\\core\\framework'), ('c:\\users\\hatzakis group\\pycharmprojects\\deepfret-gui\\venv2\\lib\\site-packages\\tensorflow_core\\include\\tensorflow_core\\core\\framework\\graph_transfer_info.pb_text-impl.h', 'tensorflow_core\\include\\tensorflow_core\\core\\framework'), ('c:\\users\\hatzakis group\\pycharmprojects\\deepfret-gui\\venv2\\lib\\site-packages\\tensorflow_core\\include\\tensorflow_core\\core\\framework\\graph_transfer_info.pb_text.h', 'tensorflow_core\\include\\tensorflow_core\\core\\framework'), ('c:\\users\\hatzakis group\\pycharmprojects\\deepfret-gui\\venv2\\lib\\site-packages\\tensorflow_core\\include\\tensorflow_core\\core\\framework\\kernel_def.pb.h', 'tensorflow_core\\include\\tensorflow_core\\core\\framework'), ('c:\\users\\hatzakis group\\pycharmprojects\\deepfret-gui\\venv2\\lib\\site-packages\\tensorflow_core\\include\\tensorflow_core\\core\\framework\\kernel_def.pb_text-impl.h', 'tensorflow_core\\include\\tensorflow_core\\core\\framework'), ('c:\\users\\hatzakis group\\pycharmprojects\\deepfret-gui\\venv2\\lib\\site-packages\\tensorflow_core\\include\\tensorflow_core\\core\\framework\\kernel_def.pb_text.h', 'tensorflow_core\\include\\tensorflow_core\\core\\framework'), ('c:\\users\\hatzakis group\\pycharmprojects\\deepfret-gui\\venv2\\lib\\site-packages\\tensorflow_core\\include\\tensorflow_core\\core\\framework\\kernel_def_builder.h', 'tensorflow_core\\include\\tensorflow_core\\core\\framework'), ('c:\\users\\hatzakis group\\pycharmprojects\\deepfret-gui\\venv2\\lib\\site-packages\\tensorflow_core\\include\\tensorflow_core\\core\\framework\\kernel_def_util.h', 'tensorflow_core\\include\\tensorflow_core\\core\\framework'), ('c:\\users\\hatzakis group\\pycharmprojects\\deepfret-gui\\venv2\\lib\\site-packages\\tensorflow_core\\include\\tensorflow_core\\core\\framework\\logging.h', 'tensorflow_core\\include\\tensorflow_core\\core\\framework'), ('c:\\users\\hatzakis group\\pycharmprojects\\deepfret-gui\\venv2\\lib\\site-packages\\tensorflow_core\\include\\tensorflow_core\\core\\framework\\log_memory.h', 'tensorflow_core\\include\\tensorflow_core\\core\\framework'), ('c:\\users\\hatzakis group\\pycharmprojects\\deepfret-gui\\venv2\\lib\\site-packages\\tensorflow_core\\include\\tensorflow_core\\core\\framework\\log_memory.pb.h', 'tensorflow_core\\include\\tensorflow_core\\core\\framework'), ('c:\\users\\hatzakis group\\pycharmprojects\\deepfret-gui\\venv2\\lib\\site-packages\\tensorflow_core\\include\\tensorflow_core\\core\\framework\\log_memory.pb_text-impl.h', 'tensorflow_core\\include\\tensorflow_core\\core\\framework'), ('c:\\users\\hatzakis group\\pycharmprojects\\deepfret-gui\\venv2\\lib\\site-packages\\tensorflow_core\\include\\tensorflow_core\\core\\framework\\log_memory.pb_text.h', 'tensorflow_core\\include\\tensorflow_core\\core\\framework'), ('c:\\users\\hatzakis group\\pycharmprojects\\deepfret-gui\\venv2\\lib\\site-packages\\tensorflow_core\\include\\tensorflow_core\\core\\framework\\lookup_interface.h', 'tensorflow_core\\include\\tensorflow_core\\core\\framework'), ('c:\\users\\hatzakis group\\pycharmprojects\\deepfret-gui\\venv2\\lib\\site-packages\\tensorflow_core\\include\\tensorflow_core\\core\\framework\\memory_types.h', 'tensorflow_core\\include\\tensorflow_core\\core\\framework'), ('c:\\users\\hatzakis group\\pycharmprojects\\deepfret-gui\\venv2\\lib\\site-packages\\tensorflow_core\\include\\tensorflow_core\\core\\framework\\model.h', 'tensorflow_core\\include\\tensorflow_core\\core\\framework'), ('c:\\users\\hatzakis group\\pycharmprojects\\deepfret-gui\\venv2\\lib\\site-packages\\tensorflow_core\\include\\tensorflow_core\\core\\framework\\node_def.pb.h', 'tensorflow_core\\include\\tensorflow_core\\core\\framework'), ('c:\\users\\hatzakis group\\pycharmprojects\\deepfret-gui\\venv2\\lib\\site-packages\\tensorflow_core\\include\\tensorflow_core\\core\\framework\\node_def.pb_text-impl.h', 'tensorflow_core\\include\\tensorflow_core\\core\\framework'), ('c:\\users\\hatzakis group\\pycharmprojects\\deepfret-gui\\venv2\\lib\\site-packages\\tensorflow_core\\include\\tensorflow_core\\core\\framework\\node_def.pb_text.h', 'tensorflow_core\\include\\tensorflow_core\\core\\framework'), ('c:\\users\\hatzakis group\\pycharmprojects\\deepfret-gui\\venv2\\lib\\site-packages\\tensorflow_core\\include\\tensorflow_core\\core\\framework\\node_def_builder.h', 'tensorflow_core\\include\\tensorflow_core\\core\\framework'), ('c:\\users\\hatzakis group\\pycharmprojects\\deepfret-gui\\venv2\\lib\\site-packages\\tensorflow_core\\include\\tensorflow_core\\core\\framework\\node_def_util.h', 'tensorflow_core\\include\\tensorflow_core\\core\\framework'), ('c:\\users\\hatzakis group\\pycharmprojects\\deepfret-gui\\venv2\\lib\\site-packages\\tensorflow_core\\include\\tensorflow_core\\core\\framework\\numeric_op.h', 'tensorflow_core\\include\\tensorflow_core\\core\\framework'), ('c:\\users\\hatzakis group\\pycharmprojects\\deepfret-gui\\venv2\\lib\\site-packages\\tensorflow_core\\include\\tensorflow_core\\core\\framework\\numeric_types.h', 'tensorflow_core\\include\\tensorflow_core\\core\\framework'), ('c:\\users\\hatzakis group\\pycharmprojects\\deepfret-gui\\venv2\\lib\\site-packages\\tensorflow_core\\include\\tensorflow_core\\core\\framework\\op.h', 'tensorflow_core\\include\\tensorflow_core\\core\\framework'), ('c:\\users\\hatzakis group\\pycharmprojects\\deepfret-gui\\venv2\\lib\\site-packages\\tensorflow_core\\include\\tensorflow_core\\core\\framework\\ops_util.h', 'tensorflow_core\\include\\tensorflow_core\\core\\framework'), ('c:\\users\\hatzakis group\\pycharmprojects\\deepfret-gui\\venv2\\lib\\site-packages\\tensorflow_core\\include\\tensorflow_core\\core\\framework\\op_def.pb.h', 'tensorflow_core\\include\\tensorflow_core\\core\\framework'), ('c:\\users\\hatzakis group\\pycharmprojects\\deepfret-gui\\venv2\\lib\\site-packages\\tensorflow_core\\include\\tensorflow_core\\core\\framework\\op_def.pb_text-impl.h', 'tensorflow_core\\include\\tensorflow_core\\core\\framework'), ('c:\\users\\hatzakis group\\pycharmprojects\\deepfret-gui\\venv2\\lib\\site-packages\\tensorflow_core\\include\\tensorflow_core\\core\\framework\\op_def.pb_text.h', 'tensorflow_core\\include\\tensorflow_core\\core\\framework'), ('c:\\users\\hatzakis group\\pycharmprojects\\deepfret-gui\\venv2\\lib\\site-packages\\tensorflow_core\\include\\tensorflow_core\\core\\framework\\op_def_builder.h', 'tensorflow_core\\include\\tensorflow_core\\core\\framework'), ('c:\\users\\hatzakis group\\pycharmprojects\\deepfret-gui\\venv2\\lib\\site-packages\\tensorflow_core\\include\\tensorflow_core\\core\\framework\\op_def_util.h', 'tensorflow_core\\include\\tensorflow_core\\core\\framework'), ('c:\\users\\hatzakis group\\pycharmprojects\\deepfret-gui\\venv2\\lib\\site-packages\\tensorflow_core\\include\\tensorflow_core\\core\\framework\\op_kernel.h', 'tensorflow_core\\include\\tensorflow_core\\core\\framework'), ('c:\\users\\hatzakis group\\pycharmprojects\\deepfret-gui\\venv2\\lib\\site-packages\\tensorflow_core\\include\\tensorflow_core\\core\\framework\\op_segment.h', 'tensorflow_core\\include\\tensorflow_core\\core\\framework'), ('c:\\users\\hatzakis group\\pycharmprojects\\deepfret-gui\\venv2\\lib\\site-packages\\tensorflow_core\\include\\tensorflow_core\\core\\framework\\partial_tensor_shape.h', 'tensorflow_core\\include\\tensorflow_core\\core\\framework'), ('c:\\users\\hatzakis group\\pycharmprojects\\deepfret-gui\\venv2\\lib\\site-packages\\tensorflow_core\\include\\tensorflow_core\\core\\framework\\queue_interface.h', 'tensorflow_core\\include\\tensorflow_core\\core\\framework'), ('c:\\users\\hatzakis group\\pycharmprojects\\deepfret-gui\\venv2\\lib\\site-packages\\tensorflow_core\\include\\tensorflow_core\\core\\framework\\reader_base.pb.h', 'tensorflow_core\\include\\tensorflow_core\\core\\framework'), ('c:\\users\\hatzakis group\\pycharmprojects\\deepfret-gui\\venv2\\lib\\site-packages\\tensorflow_core\\include\\tensorflow_core\\core\\framework\\reader_base.pb_text-impl.h', 'tensorflow_core\\include\\tensorflow_core\\core\\framework'), ('c:\\users\\hatzakis group\\pycharmprojects\\deepfret-gui\\venv2\\lib\\site-packages\\tensorflow_core\\include\\tensorflow_core\\core\\framework\\reader_base.pb_text.h', 'tensorflow_core\\include\\tensorflow_core\\core\\framework'), ('c:\\users\\hatzakis group\\pycharmprojects\\deepfret-gui\\venv2\\lib\\site-packages\\tensorflow_core\\include\\tensorflow_core\\core\\framework\\reader_interface.h', 'tensorflow_core\\include\\tensorflow_core\\core\\framework'), ('c:\\users\\hatzakis group\\pycharmprojects\\deepfret-gui\\venv2\\lib\\site-packages\\tensorflow_core\\include\\tensorflow_core\\core\\framework\\reader_op_kernel.h', 'tensorflow_core\\include\\tensorflow_core\\core\\framework'), ('c:\\users\\hatzakis group\\pycharmprojects\\deepfret-gui\\venv2\\lib\\site-packages\\tensorflow_core\\include\\tensorflow_core\\core\\framework\\register_types.h', 'tensorflow_core\\include\\tensorflow_core\\core\\framework'), ('c:\\users\\hatzakis group\\pycharmprojects\\deepfret-gui\\venv2\\lib\\site-packages\\tensorflow_core\\include\\tensorflow_core\\core\\framework\\register_types_traits.h', 'tensorflow_core\\include\\tensorflow_core\\core\\framework'), ('c:\\users\\hatzakis group\\pycharmprojects\\deepfret-gui\\venv2\\lib\\site-packages\\tensorflow_core\\include\\tensorflow_core\\core\\framework\\remote_fused_graph_execute_info.pb.h', 'tensorflow_core\\include\\tensorflow_core\\core\\framework'), ('c:\\users\\hatzakis group\\pycharmprojects\\deepfret-gui\\venv2\\lib\\site-packages\\tensorflow_core\\include\\tensorflow_core\\core\\framework\\remote_fused_graph_execute_info.pb_text-impl.h', 'tensorflow_core\\include\\tensorflow_core\\core\\framework'), ('c:\\users\\hatzakis group\\pycharmprojects\\deepfret-gui\\venv2\\lib\\site-packages\\tensorflow_core\\include\\tensorflow_core\\core\\framework\\remote_fused_graph_execute_info.pb_text.h', 'tensorflow_core\\include\\tensorflow_core\\core\\framework'), ('c:\\users\\hatzakis group\\pycharmprojects\\deepfret-gui\\venv2\\lib\\site-packages\\tensorflow_core\\include\\tensorflow_core\\core\\framework\\rendezvous.h', 'tensorflow_core\\include\\tensorflow_core\\core\\framework'), ('c:\\users\\hatzakis group\\pycharmprojects\\deepfret-gui\\venv2\\lib\\site-packages\\tensorflow_core\\include\\tensorflow_core\\core\\framework\\resource_handle.h', 'tensorflow_core\\include\\tensorflow_core\\core\\framework'), ('c:\\users\\hatzakis group\\pycharmprojects\\deepfret-gui\\venv2\\lib\\site-packages\\tensorflow_core\\include\\tensorflow_core\\core\\framework\\resource_handle.pb.h', 'tensorflow_core\\include\\tensorflow_core\\core\\framework'), ('c:\\users\\hatzakis group\\pycharmprojects\\deepfret-gui\\venv2\\lib\\site-packages\\tensorflow_core\\include\\tensorflow_core\\core\\framework\\resource_handle.pb_text-impl.h', 'tensorflow_core\\include\\tensorflow_core\\core\\framework'), ('c:\\users\\hatzakis group\\pycharmprojects\\deepfret-gui\\venv2\\lib\\site-packages\\tensorflow_core\\include\\tensorflow_core\\core\\framework\\resource_handle.pb_text.h', 'tensorflow_core\\include\\tensorflow_core\\core\\framework'), ('c:\\users\\hatzakis group\\pycharmprojects\\deepfret-gui\\venv2\\lib\\site-packages\\tensorflow_core\\include\\tensorflow_core\\core\\framework\\resource_mgr.h', 'tensorflow_core\\include\\tensorflow_core\\core\\framework'), ('c:\\users\\hatzakis group\\pycharmprojects\\deepfret-gui\\venv2\\lib\\site-packages\\tensorflow_core\\include\\tensorflow_core\\core\\framework\\resource_op_kernel.h', 'tensorflow_core\\include\\tensorflow_core\\core\\framework'), ('c:\\users\\hatzakis group\\pycharmprojects\\deepfret-gui\\venv2\\lib\\site-packages\\tensorflow_core\\include\\tensorflow_core\\core\\framework\\resource_var.h', 'tensorflow_core\\include\\tensorflow_core\\core\\framework'), ('c:\\users\\hatzakis group\\pycharmprojects\\deepfret-gui\\venv2\\lib\\site-packages\\tensorflow_core\\include\\tensorflow_core\\core\\framework\\run_handler.h', 'tensorflow_core\\include\\tensorflow_core\\core\\framework'), ('c:\\users\\hatzakis group\\pycharmprojects\\deepfret-gui\\venv2\\lib\\site-packages\\tensorflow_core\\include\\tensorflow_core\\core\\framework\\run_handler_util.h', 'tensorflow_core\\include\\tensorflow_core\\core\\framework'), ('c:\\users\\hatzakis group\\pycharmprojects\\deepfret-gui\\venv2\\lib\\site-packages\\tensorflow_core\\include\\tensorflow_core\\core\\framework\\selective_registration.h', 'tensorflow_core\\include\\tensorflow_core\\core\\framework'), ('c:\\users\\hatzakis group\\pycharmprojects\\deepfret-gui\\venv2\\lib\\site-packages\\tensorflow_core\\include\\tensorflow_core\\core\\framework\\session_state.h', 'tensorflow_core\\include\\tensorflow_core\\core\\framework'), ('c:\\users\\hatzakis group\\pycharmprojects\\deepfret-gui\\venv2\\lib\\site-packages\\tensorflow_core\\include\\tensorflow_core\\core\\framework\\shape_inference.h', 'tensorflow_core\\include\\tensorflow_core\\core\\framework'), ('c:\\users\\hatzakis group\\pycharmprojects\\deepfret-gui\\venv2\\lib\\site-packages\\tensorflow_core\\include\\tensorflow_core\\core\\framework\\stats_aggregator.h', 'tensorflow_core\\include\\tensorflow_core\\core\\framework'), ('c:\\users\\hatzakis group\\pycharmprojects\\deepfret-gui\\venv2\\lib\\site-packages\\tensorflow_core\\include\\tensorflow_core\\core\\framework\\step_stats.pb.h', 'tensorflow_core\\include\\tensorflow_core\\core\\framework'), ('c:\\users\\hatzakis group\\pycharmprojects\\deepfret-gui\\venv2\\lib\\site-packages\\tensorflow_core\\include\\tensorflow_core\\core\\framework\\step_stats.pb_text-impl.h', 'tensorflow_core\\include\\tensorflow_core\\core\\framework'), ('c:\\users\\hatzakis group\\pycharmprojects\\deepfret-gui\\venv2\\lib\\site-packages\\tensorflow_core\\include\\tensorflow_core\\core\\framework\\step_stats.pb_text.h', 'tensorflow_core\\include\\tensorflow_core\\core\\framework'), ('c:\\users\\hatzakis group\\pycharmprojects\\deepfret-gui\\venv2\\lib\\site-packages\\tensorflow_core\\include\\tensorflow_core\\core\\framework\\summary.pb.h', 'tensorflow_core\\include\\tensorflow_core\\core\\framework'), ('c:\\users\\hatzakis group\\pycharmprojects\\deepfret-gui\\venv2\\lib\\site-packages\\tensorflow_core\\include\\tensorflow_core\\core\\framework\\summary.pb_text-impl.h', 'tensorflow_core\\include\\tensorflow_core\\core\\framework'), ('c:\\users\\hatzakis group\\pycharmprojects\\deepfret-gui\\venv2\\lib\\site-packages\\tensorflow_core\\include\\tensorflow_core\\core\\framework\\summary.pb_text.h', 'tensorflow_core\\include\\tensorflow_core\\core\\framework'), ('c:\\users\\hatzakis group\\pycharmprojects\\deepfret-gui\\venv2\\lib\\site-packages\\tensorflow_core\\include\\tensorflow_core\\core\\framework\\tensor.h', 'tensorflow_core\\include\\tensorflow_core\\core\\framework'), ('c:\\users\\hatzakis group\\pycharmprojects\\deepfret-gui\\venv2\\lib\\site-packages\\tensorflow_core\\include\\tensorflow_core\\core\\framework\\tensor.pb.h', 'tensorflow_core\\include\\tensorflow_core\\core\\framework'), ('c:\\users\\hatzakis group\\pycharmprojects\\deepfret-gui\\venv2\\lib\\site-packages\\tensorflow_core\\include\\tensorflow_core\\core\\framework\\tensor.pb_text-impl.h', 'tensorflow_core\\include\\tensorflow_core\\core\\framework'), ('c:\\users\\hatzakis group\\pycharmprojects\\deepfret-gui\\venv2\\lib\\site-packages\\tensorflow_core\\include\\tensorflow_core\\core\\framework\\tensor.pb_text.h', 'tensorflow_core\\include\\tensorflow_core\\core\\framework'), ('c:\\users\\hatzakis group\\pycharmprojects\\deepfret-gui\\venv2\\lib\\site-packages\\tensorflow_core\\include\\tensorflow_core\\core\\framework\\tensor_description.pb.h', 'tensorflow_core\\include\\tensorflow_core\\core\\framework'), ('c:\\users\\hatzakis group\\pycharmprojects\\deepfret-gui\\venv2\\lib\\site-packages\\tensorflow_core\\include\\tensorflow_core\\core\\framework\\tensor_description.pb_text-impl.h', 'tensorflow_core\\include\\tensorflow_core\\core\\framework'), ('c:\\users\\hatzakis group\\pycharmprojects\\deepfret-gui\\venv2\\lib\\site-packages\\tensorflow_core\\include\\tensorflow_core\\core\\framework\\tensor_description.pb_text.h', 'tensorflow_core\\include\\tensorflow_core\\core\\framework'), ('c:\\users\\hatzakis group\\pycharmprojects\\deepfret-gui\\venv2\\lib\\site-packages\\tensorflow_core\\include\\tensorflow_core\\core\\framework\\tensor_reference.h', 'tensorflow_core\\include\\tensorflow_core\\core\\framework'), ('c:\\users\\hatzakis group\\pycharmprojects\\deepfret-gui\\venv2\\lib\\site-packages\\tensorflow_core\\include\\tensorflow_core\\core\\framework\\tensor_shape.h', 'tensorflow_core\\include\\tensorflow_core\\core\\framework'), ('c:\\users\\hatzakis group\\pycharmprojects\\deepfret-gui\\venv2\\lib\\site-packages\\tensorflow_core\\include\\tensorflow_core\\core\\framework\\tensor_shape.pb.h', 'tensorflow_core\\include\\tensorflow_core\\core\\framework'), ('c:\\users\\hatzakis group\\pycharmprojects\\deepfret-gui\\venv2\\lib\\site-packages\\tensorflow_core\\include\\tensorflow_core\\core\\framework\\tensor_shape.pb_text-impl.h', 'tensorflow_core\\include\\tensorflow_core\\core\\framework'), ('c:\\users\\hatzakis group\\pycharmprojects\\deepfret-gui\\venv2\\lib\\site-packages\\tensorflow_core\\include\\tensorflow_core\\core\\framework\\tensor_shape.pb_text.h', 'tensorflow_core\\include\\tensorflow_core\\core\\framework'), ('c:\\users\\hatzakis group\\pycharmprojects\\deepfret-gui\\venv2\\lib\\site-packages\\tensorflow_core\\include\\tensorflow_core\\core\\framework\\tensor_slice.h', 'tensorflow_core\\include\\tensorflow_core\\core\\framework'), ('c:\\users\\hatzakis group\\pycharmprojects\\deepfret-gui\\venv2\\lib\\site-packages\\tensorflow_core\\include\\tensorflow_core\\core\\framework\\tensor_slice.pb.h', 'tensorflow_core\\include\\tensorflow_core\\core\\framework'), ('c:\\users\\hatzakis group\\pycharmprojects\\deepfret-gui\\venv2\\lib\\site-packages\\tensorflow_core\\include\\tensorflow_core\\core\\framework\\tensor_slice.pb_text-impl.h', 'tensorflow_core\\include\\tensorflow_core\\core\\framework'), ('c:\\users\\hatzakis group\\pycharmprojects\\deepfret-gui\\venv2\\lib\\site-packages\\tensorflow_core\\include\\tensorflow_core\\core\\framework\\tensor_slice.pb_text.h', 'tensorflow_core\\include\\tensorflow_core\\core\\framework'), ('c:\\users\\hatzakis group\\pycharmprojects\\deepfret-gui\\venv2\\lib\\site-packages\\tensorflow_core\\include\\tensorflow_core\\core\\framework\\tensor_types.h', 'tensorflow_core\\include\\tensorflow_core\\core\\framework'), ('c:\\users\\hatzakis group\\pycharmprojects\\deepfret-gui\\venv2\\lib\\site-packages\\tensorflow_core\\include\\tensorflow_core\\core\\framework\\tensor_util.h', 'tensorflow_core\\include\\tensorflow_core\\core\\framework'), ('c:\\users\\hatzakis group\\pycharmprojects\\deepfret-gui\\venv2\\lib\\site-packages\\tensorflow_core\\include\\tensorflow_core\\core\\framework\\thread_factory.h', 'tensorflow_core\\include\\tensorflow_core\\core\\framework'), ('c:\\users\\hatzakis group\\pycharmprojects\\deepfret-gui\\venv2\\lib\\site-packages\\tensorflow_core\\include\\tensorflow_core\\core\\framework\\tracking_allocator.h', 'tensorflow_core\\include\\tensorflow_core\\core\\framework'), ('c:\\users\\hatzakis group\\pycharmprojects\\deepfret-gui\\venv2\\lib\\site-packages\\tensorflow_core\\include\\tensorflow_core\\core\\framework\\typed_allocator.h', 'tensorflow_core\\include\\tensorflow_core\\core\\framework'), ('c:\\users\\hatzakis group\\pycharmprojects\\deepfret-gui\\venv2\\lib\\site-packages\\tensorflow_core\\include\\tensorflow_core\\core\\framework\\types.h', 'tensorflow_core\\include\\tensorflow_core\\core\\framework'), ('c:\\users\\hatzakis group\\pycharmprojects\\deepfret-gui\\venv2\\lib\\site-packages\\tensorflow_core\\include\\tensorflow_core\\core\\framework\\types.pb.h', 'tensorflow_core\\include\\tensorflow_core\\core\\framework'), ('c:\\users\\hatzakis group\\pycharmprojects\\deepfret-gui\\venv2\\lib\\site-packages\\tensorflow_core\\include\\tensorflow_core\\core\\framework\\types.pb_text-impl.h', 'tensorflow_core\\include\\tensorflow_core\\core\\framework'), ('c:\\users\\hatzakis group\\pycharmprojects\\deepfret-gui\\venv2\\lib\\site-packages\\tensorflow_core\\include\\tensorflow_core\\core\\framework\\types.pb_text.h', 'tensorflow_core\\include\\tensorflow_core\\core\\framework'), ('c:\\users\\hatzakis group\\pycharmprojects\\deepfret-gui\\venv2\\lib\\site-packages\\tensorflow_core\\include\\tensorflow_core\\core\\framework\\type_index.h', 'tensorflow_core\\include\\tensorflow_core\\core\\framework'), ('c:\\users\\hatzakis group\\pycharmprojects\\deepfret-gui\\venv2\\lib\\site-packages\\tensorflow_core\\include\\tensorflow_core\\core\\framework\\type_traits.h', 'tensorflow_core\\include\\tensorflow_core\\core\\framework'), ('c:\\users\\hatzakis group\\pycharmprojects\\deepfret-gui\\venv2\\lib\\site-packages\\tensorflow_core\\include\\tensorflow_core\\core\\framework\\unique_tensor_references.h', 'tensorflow_core\\include\\tensorflow_core\\core\\framework'), ('c:\\users\\hatzakis group\\pycharmprojects\\deepfret-gui\\venv2\\lib\\site-packages\\tensorflow_core\\include\\tensorflow_core\\core\\framework\\variable.pb.h', 'tensorflow_core\\include\\tensorflow_core\\core\\framework'), ('c:\\users\\hatzakis group\\pycharmprojects\\deepfret-gui\\venv2\\lib\\site-packages\\tensorflow_core\\include\\tensorflow_core\\core\\framework\\variable.pb_text-impl.h', 'tensorflow_core\\include\\tensorflow_core\\core\\framework'), ('c:\\users\\hatzakis group\\pycharmprojects\\deepfret-gui\\venv2\\lib\\site-packages\\tensorflow_core\\include\\tensorflow_core\\core\\framework\\variable.pb_text.h', 'tensorflow_core\\include\\tensorflow_core\\core\\framework'), ('c:\\users\\hatzakis group\\pycharmprojects\\deepfret-gui\\venv2\\lib\\site-packages\\tensorflow_core\\include\\tensorflow_core\\core\\framework\\variant.h', 'tensorflow_core\\include\\tensorflow_core\\core\\framework'), ('c:\\users\\hatzakis group\\pycharmprojects\\deepfret-gui\\venv2\\lib\\site-packages\\tensorflow_core\\include\\tensorflow_core\\core\\framework\\variant_encode_decode.h', 'tensorflow_core\\include\\tensorflow_core\\core\\framework'), ('c:\\users\\hatzakis group\\pycharmprojects\\deepfret-gui\\venv2\\lib\\site-packages\\tensorflow_core\\include\\tensorflow_core\\core\\framework\\variant_op_registry.h', 'tensorflow_core\\include\\tensorflow_core\\core\\framework'), ('c:\\users\\hatzakis group\\pycharmprojects\\deepfret-gui\\venv2\\lib\\site-packages\\tensorflow_core\\include\\tensorflow_core\\core\\framework\\variant_tensor_data.h', 'tensorflow_core\\include\\tensorflow_core\\core\\framework'), ('c:\\users\\hatzakis group\\pycharmprojects\\deepfret-gui\\venv2\\lib\\site-packages\\tensorflow_core\\include\\tensorflow_core\\core\\framework\\versions.h', 'tensorflow_core\\include\\tensorflow_core\\core\\framework'), ('c:\\users\\hatzakis group\\pycharmprojects\\deepfret-gui\\venv2\\lib\\site-packages\\tensorflow_core\\include\\tensorflow_core\\core\\framework\\versions.pb.h', 'tensorflow_core\\include\\tensorflow_core\\core\\framework'), ('c:\\users\\hatzakis group\\pycharmprojects\\deepfret-gui\\venv2\\lib\\site-packages\\tensorflow_core\\include\\tensorflow_core\\core\\framework\\versions.pb_text-impl.h', 'tensorflow_core\\include\\tensorflow_core\\core\\framework'), ('c:\\users\\hatzakis group\\pycharmprojects\\deepfret-gui\\venv2\\lib\\site-packages\\tensorflow_core\\include\\tensorflow_core\\core\\framework\\versions.pb_text.h', 'tensorflow_core\\include\\tensorflow_core\\core\\framework'), ('c:\\users\\hatzakis group\\pycharmprojects\\deepfret-gui\\venv2\\lib\\site-packages\\tensorflow_core\\include\\tensorflow_core\\core\\graph\\algorithm.h', 'tensorflow_core\\include\\tensorflow_core\\core\\graph'), ('c:\\users\\hatzakis group\\pycharmprojects\\deepfret-gui\\venv2\\lib\\site-packages\\tensorflow_core\\include\\tensorflow_core\\core\\graph\\collective_order.h', 'tensorflow_core\\include\\tensorflow_core\\core\\graph'), ('c:\\users\\hatzakis group\\pycharmprojects\\deepfret-gui\\venv2\\lib\\site-packages\\tensorflow_core\\include\\tensorflow_core\\core\\graph\\colors.h', 'tensorflow_core\\include\\tensorflow_core\\core\\graph'), ('c:\\users\\hatzakis group\\pycharmprojects\\deepfret-gui\\venv2\\lib\\site-packages\\tensorflow_core\\include\\tensorflow_core\\core\\graph\\control_flow.h', 'tensorflow_core\\include\\tensorflow_core\\core\\graph'), ('c:\\users\\hatzakis group\\pycharmprojects\\deepfret-gui\\venv2\\lib\\site-packages\\tensorflow_core\\include\\tensorflow_core\\core\\graph\\costmodel.h', 'tensorflow_core\\include\\tensorflow_core\\core\\graph'), ('c:\\users\\hatzakis group\\pycharmprojects\\deepfret-gui\\venv2\\lib\\site-packages\\tensorflow_core\\include\\tensorflow_core\\core\\graph\\default_device.h', 'tensorflow_core\\include\\tensorflow_core\\core\\graph'), ('c:\\users\\hatzakis group\\pycharmprojects\\deepfret-gui\\venv2\\lib\\site-packages\\tensorflow_core\\include\\tensorflow_core\\core\\graph\\edgeset.h', 'tensorflow_core\\include\\tensorflow_core\\core\\graph'), ('c:\\users\\hatzakis group\\pycharmprojects\\deepfret-gui\\venv2\\lib\\site-packages\\tensorflow_core\\include\\tensorflow_core\\core\\graph\\gradients.h', 'tensorflow_core\\include\\tensorflow_core\\core\\graph'), ('c:\\users\\hatzakis group\\pycharmprojects\\deepfret-gui\\venv2\\lib\\site-packages\\tensorflow_core\\include\\tensorflow_core\\core\\graph\\graph.h', 'tensorflow_core\\include\\tensorflow_core\\core\\graph'), ('c:\\users\\hatzakis group\\pycharmprojects\\deepfret-gui\\venv2\\lib\\site-packages\\tensorflow_core\\include\\tensorflow_core\\core\\graph\\graph_constructor.h', 'tensorflow_core\\include\\tensorflow_core\\core\\graph'), ('c:\\users\\hatzakis group\\pycharmprojects\\deepfret-gui\\venv2\\lib\\site-packages\\tensorflow_core\\include\\tensorflow_core\\core\\graph\\graph_def_builder.h', 'tensorflow_core\\include\\tensorflow_core\\core\\graph'), ('c:\\users\\hatzakis group\\pycharmprojects\\deepfret-gui\\venv2\\lib\\site-packages\\tensorflow_core\\include\\tensorflow_core\\core\\graph\\graph_def_builder_util.h', 'tensorflow_core\\include\\tensorflow_core\\core\\graph'), ('c:\\users\\hatzakis group\\pycharmprojects\\deepfret-gui\\venv2\\lib\\site-packages\\tensorflow_core\\include\\tensorflow_core\\core\\graph\\graph_partition.h', 'tensorflow_core\\include\\tensorflow_core\\core\\graph'), ('c:\\users\\hatzakis group\\pycharmprojects\\deepfret-gui\\venv2\\lib\\site-packages\\tensorflow_core\\include\\tensorflow_core\\core\\graph\\mkl_layout_pass.h', 'tensorflow_core\\include\\tensorflow_core\\core\\graph'), ('c:\\users\\hatzakis group\\pycharmprojects\\deepfret-gui\\venv2\\lib\\site-packages\\tensorflow_core\\include\\tensorflow_core\\core\\graph\\mkl_tfconversion_pass.h', 'tensorflow_core\\include\\tensorflow_core\\core\\graph'), ('c:\\users\\hatzakis group\\pycharmprojects\\deepfret-gui\\venv2\\lib\\site-packages\\tensorflow_core\\include\\tensorflow_core\\core\\graph\\node_builder.h', 'tensorflow_core\\include\\tensorflow_core\\core\\graph'), ('c:\\users\\hatzakis group\\pycharmprojects\\deepfret-gui\\venv2\\lib\\site-packages\\tensorflow_core\\include\\tensorflow_core\\core\\graph\\optimizer_cse.h', 'tensorflow_core\\include\\tensorflow_core\\core\\graph'), ('c:\\users\\hatzakis group\\pycharmprojects\\deepfret-gui\\venv2\\lib\\site-packages\\tensorflow_core\\include\\tensorflow_core\\core\\graph\\quantize_training.h', 'tensorflow_core\\include\\tensorflow_core\\core\\graph'), ('c:\\users\\hatzakis group\\pycharmprojects\\deepfret-gui\\venv2\\lib\\site-packages\\tensorflow_core\\include\\tensorflow_core\\core\\graph\\subgraph.h', 'tensorflow_core\\include\\tensorflow_core\\core\\graph'), ('c:\\users\\hatzakis group\\pycharmprojects\\deepfret-gui\\venv2\\lib\\site-packages\\tensorflow_core\\include\\tensorflow_core\\core\\graph\\tensor_id.h', 'tensorflow_core\\include\\tensorflow_core\\core\\graph'), ('c:\\users\\hatzakis group\\pycharmprojects\\deepfret-gui\\venv2\\lib\\site-packages\\tensorflow_core\\include\\tensorflow_core\\core\\graph\\testlib.h', 'tensorflow_core\\include\\tensorflow_core\\core\\graph'), ('c:\\users\\hatzakis group\\pycharmprojects\\deepfret-gui\\venv2\\lib\\site-packages\\tensorflow_core\\include\\tensorflow_core\\core\\graph\\types.h', 'tensorflow_core\\include\\tensorflow_core\\core\\graph'), ('c:\\users\\hatzakis group\\pycharmprojects\\deepfret-gui\\venv2\\lib\\site-packages\\tensorflow_core\\include\\tensorflow_core\\core\\graph\\validate.h', 'tensorflow_core\\include\\tensorflow_core\\core\\graph'), ('c:\\users\\hatzakis group\\pycharmprojects\\deepfret-gui\\venv2\\lib\\site-packages\\tensorflow_core\\include\\tensorflow_core\\core\\graph\\while_context.h', 'tensorflow_core\\include\\tensorflow_core\\core\\graph'), ('c:\\users\\hatzakis group\\pycharmprojects\\deepfret-gui\\venv2\\lib\\site-packages\\tensorflow_core\\include\\tensorflow_core\\core\\grappler\\devices.h', 'tensorflow_core\\include\\tensorflow_core\\core\\grappler'), ('c:\\users\\hatzakis group\\pycharmprojects\\deepfret-gui\\venv2\\lib\\site-packages\\tensorflow_core\\include\\tensorflow_core\\core\\grappler\\graph_topology_view.h', 'tensorflow_core\\include\\tensorflow_core\\core\\grappler'), ('c:\\users\\hatzakis group\\pycharmprojects\\deepfret-gui\\venv2\\lib\\site-packages\\tensorflow_core\\include\\tensorflow_core\\core\\grappler\\graph_view.h', 'tensorflow_core\\include\\tensorflow_core\\core\\grappler'), ('c:\\users\\hatzakis group\\pycharmprojects\\deepfret-gui\\venv2\\lib\\site-packages\\tensorflow_core\\include\\tensorflow_core\\core\\grappler\\grappler_item.h', 'tensorflow_core\\include\\tensorflow_core\\core\\grappler'), ('c:\\users\\hatzakis group\\pycharmprojects\\deepfret-gui\\venv2\\lib\\site-packages\\tensorflow_core\\include\\tensorflow_core\\core\\grappler\\mutable_graph_view.h', 'tensorflow_core\\include\\tensorflow_core\\core\\grappler'), ('c:\\users\\hatzakis group\\pycharmprojects\\deepfret-gui\\venv2\\lib\\site-packages\\tensorflow_core\\include\\tensorflow_core\\core\\grappler\\op_types.h', 'tensorflow_core\\include\\tensorflow_core\\core\\grappler'), ('c:\\users\\hatzakis group\\pycharmprojects\\deepfret-gui\\venv2\\lib\\site-packages\\tensorflow_core\\include\\tensorflow_core\\core\\grappler\\utils.h', 'tensorflow_core\\include\\tensorflow_core\\core\\grappler'), ('c:\\users\\hatzakis group\\pycharmprojects\\deepfret-gui\\venv2\\lib\\site-packages\\tensorflow_core\\include\\tensorflow_core\\core\\grappler\\clusters\\cluster.h', 'tensorflow_core\\include\\tensorflow_core\\core\\grappler\\clusters'), ('c:\\users\\hatzakis group\\pycharmprojects\\deepfret-gui\\venv2\\lib\\site-packages\\tensorflow_core\\include\\tensorflow_core\\core\\grappler\\clusters\\utils.h', 'tensorflow_core\\include\\tensorflow_core\\core\\grappler\\clusters'), ('c:\\users\\hatzakis group\\pycharmprojects\\deepfret-gui\\venv2\\lib\\site-packages\\tensorflow_core\\include\\tensorflow_core\\core\\grappler\\clusters\\virtual_cluster.h', 'tensorflow_core\\include\\tensorflow_core\\core\\grappler\\clusters'), ('c:\\users\\hatzakis group\\pycharmprojects\\deepfret-gui\\venv2\\lib\\site-packages\\tensorflow_core\\include\\tensorflow_core\\core\\grappler\\costs\\analytical_cost_estimator.h', 'tensorflow_core\\include\\tensorflow_core\\core\\grappler\\costs'), ('c:\\users\\hatzakis group\\pycharmprojects\\deepfret-gui\\venv2\\lib\\site-packages\\tensorflow_core\\include\\tensorflow_core\\core\\grappler\\costs\\cost_estimator.h', 'tensorflow_core\\include\\tensorflow_core\\core\\grappler\\costs'), ('c:\\users\\hatzakis group\\pycharmprojects\\deepfret-gui\\venv2\\lib\\site-packages\\tensorflow_core\\include\\tensorflow_core\\core\\grappler\\costs\\graph_memory.h', 'tensorflow_core\\include\\tensorflow_core\\core\\grappler\\costs'), ('c:\\users\\hatzakis group\\pycharmprojects\\deepfret-gui\\venv2\\lib\\site-packages\\tensorflow_core\\include\\tensorflow_core\\core\\grappler\\costs\\graph_properties.h', 'tensorflow_core\\include\\tensorflow_core\\core\\grappler\\costs'), ('c:\\users\\hatzakis group\\pycharmprojects\\deepfret-gui\\venv2\\lib\\site-packages\\tensorflow_core\\include\\tensorflow_core\\core\\grappler\\costs\\op_context.h', 'tensorflow_core\\include\\tensorflow_core\\core\\grappler\\costs'), ('c:\\users\\hatzakis group\\pycharmprojects\\deepfret-gui\\venv2\\lib\\site-packages\\tensorflow_core\\include\\tensorflow_core\\core\\grappler\\costs\\op_level_cost_estimator.h', 'tensorflow_core\\include\\tensorflow_core\\core\\grappler\\costs'), ('c:\\users\\hatzakis group\\pycharmprojects\\deepfret-gui\\venv2\\lib\\site-packages\\tensorflow_core\\include\\tensorflow_core\\core\\grappler\\costs\\op_performance_data.pb.h', 'tensorflow_core\\include\\tensorflow_core\\core\\grappler\\costs'), ('c:\\users\\hatzakis group\\pycharmprojects\\deepfret-gui\\venv2\\lib\\site-packages\\tensorflow_core\\include\\tensorflow_core\\core\\grappler\\costs\\utils.h', 'tensorflow_core\\include\\tensorflow_core\\core\\grappler\\costs'), ('c:\\users\\hatzakis group\\pycharmprojects\\deepfret-gui\\venv2\\lib\\site-packages\\tensorflow_core\\include\\tensorflow_core\\core\\grappler\\costs\\virtual_placer.h', 'tensorflow_core\\include\\tensorflow_core\\core\\grappler\\costs'), ('c:\\users\\hatzakis group\\pycharmprojects\\deepfret-gui\\venv2\\lib\\site-packages\\tensorflow_core\\include\\tensorflow_core\\core\\grappler\\costs\\virtual_scheduler.h', 'tensorflow_core\\include\\tensorflow_core\\core\\grappler\\costs'), ('c:\\users\\hatzakis group\\pycharmprojects\\deepfret-gui\\venv2\\lib\\site-packages\\tensorflow_core\\include\\tensorflow_core\\core\\grappler\\optimizers\\arithmetic_optimizer.h', 'tensorflow_core\\include\\tensorflow_core\\core\\grappler\\optimizers'), ('c:\\users\\hatzakis group\\pycharmprojects\\deepfret-gui\\venv2\\lib\\site-packages\\tensorflow_core\\include\\tensorflow_core\\core\\grappler\\optimizers\\auto_mixed_precision.h', 'tensorflow_core\\include\\tensorflow_core\\core\\grappler\\optimizers'), ('c:\\users\\hatzakis group\\pycharmprojects\\deepfret-gui\\venv2\\lib\\site-packages\\tensorflow_core\\include\\tensorflow_core\\core\\grappler\\optimizers\\auto_mixed_precision_lists.h', 'tensorflow_core\\include\\tensorflow_core\\core\\grappler\\optimizers'), ('c:\\users\\hatzakis group\\pycharmprojects\\deepfret-gui\\venv2\\lib\\site-packages\\tensorflow_core\\include\\tensorflow_core\\core\\grappler\\optimizers\\auto_parallel.h', 'tensorflow_core\\include\\tensorflow_core\\core\\grappler\\optimizers'), ('c:\\users\\hatzakis group\\pycharmprojects\\deepfret-gui\\venv2\\lib\\site-packages\\tensorflow_core\\include\\tensorflow_core\\core\\grappler\\optimizers\\constant_folding.h', 'tensorflow_core\\include\\tensorflow_core\\core\\grappler\\optimizers'), ('c:\\users\\hatzakis group\\pycharmprojects\\deepfret-gui\\venv2\\lib\\site-packages\\tensorflow_core\\include\\tensorflow_core\\core\\grappler\\optimizers\\custom_graph_optimizer.h', 'tensorflow_core\\include\\tensorflow_core\\core\\grappler\\optimizers'), ('c:\\users\\hatzakis group\\pycharmprojects\\deepfret-gui\\venv2\\lib\\site-packages\\tensorflow_core\\include\\tensorflow_core\\core\\grappler\\optimizers\\custom_graph_optimizer_registry.h', 'tensorflow_core\\include\\tensorflow_core\\core\\grappler\\optimizers'), ('c:\\users\\hatzakis group\\pycharmprojects\\deepfret-gui\\venv2\\lib\\site-packages\\tensorflow_core\\include\\tensorflow_core\\core\\grappler\\optimizers\\debug_stripper.h', 'tensorflow_core\\include\\tensorflow_core\\core\\grappler\\optimizers'), ('c:\\users\\hatzakis group\\pycharmprojects\\deepfret-gui\\venv2\\lib\\site-packages\\tensorflow_core\\include\\tensorflow_core\\core\\grappler\\optimizers\\dependency_optimizer.h', 'tensorflow_core\\include\\tensorflow_core\\core\\grappler\\optimizers'), ('c:\\users\\hatzakis group\\pycharmprojects\\deepfret-gui\\venv2\\lib\\site-packages\\tensorflow_core\\include\\tensorflow_core\\core\\grappler\\optimizers\\evaluation_utils.h', 'tensorflow_core\\include\\tensorflow_core\\core\\grappler\\optimizers'), ('c:\\users\\hatzakis group\\pycharmprojects\\deepfret-gui\\venv2\\lib\\site-packages\\tensorflow_core\\include\\tensorflow_core\\core\\grappler\\optimizers\\function_api_info.h', 'tensorflow_core\\include\\tensorflow_core\\core\\grappler\\optimizers'), ('c:\\users\\hatzakis group\\pycharmprojects\\deepfret-gui\\venv2\\lib\\site-packages\\tensorflow_core\\include\\tensorflow_core\\core\\grappler\\optimizers\\function_optimizer.h', 'tensorflow_core\\include\\tensorflow_core\\core\\grappler\\optimizers'), ('c:\\users\\hatzakis group\\pycharmprojects\\deepfret-gui\\venv2\\lib\\site-packages\\tensorflow_core\\include\\tensorflow_core\\core\\grappler\\optimizers\\generic_layout_optimizer.h', 'tensorflow_core\\include\\tensorflow_core\\core\\grappler\\optimizers'), ('c:\\users\\hatzakis group\\pycharmprojects\\deepfret-gui\\venv2\\lib\\site-packages\\tensorflow_core\\include\\tensorflow_core\\core\\grappler\\optimizers\\generic_layout_optimizer_transposer.h', 'tensorflow_core\\include\\tensorflow_core\\core\\grappler\\optimizers'), ('c:\\users\\hatzakis group\\pycharmprojects\\deepfret-gui\\venv2\\lib\\site-packages\\tensorflow_core\\include\\tensorflow_core\\core\\grappler\\optimizers\\generic_layout_optimizer_transposer_factory.h', 'tensorflow_core\\include\\tensorflow_core\\core\\grappler\\optimizers'), ('c:\\users\\hatzakis group\\pycharmprojects\\deepfret-gui\\venv2\\lib\\site-packages\\tensorflow_core\\include\\tensorflow_core\\core\\grappler\\optimizers\\graph_optimizer.h', 'tensorflow_core\\include\\tensorflow_core\\core\\grappler\\optimizers'), ('c:\\users\\hatzakis group\\pycharmprojects\\deepfret-gui\\venv2\\lib\\site-packages\\tensorflow_core\\include\\tensorflow_core\\core\\grappler\\optimizers\\graph_optimizer_stage.h', 'tensorflow_core\\include\\tensorflow_core\\core\\grappler\\optimizers'), ('c:\\users\\hatzakis group\\pycharmprojects\\deepfret-gui\\venv2\\lib\\site-packages\\tensorflow_core\\include\\tensorflow_core\\core\\grappler\\optimizers\\implementation_selector.h', 'tensorflow_core\\include\\tensorflow_core\\core\\grappler\\optimizers'), ('c:\\users\\hatzakis group\\pycharmprojects\\deepfret-gui\\venv2\\lib\\site-packages\\tensorflow_core\\include\\tensorflow_core\\core\\grappler\\optimizers\\loop_optimizer.h', 'tensorflow_core\\include\\tensorflow_core\\core\\grappler\\optimizers'), ('c:\\users\\hatzakis group\\pycharmprojects\\deepfret-gui\\venv2\\lib\\site-packages\\tensorflow_core\\include\\tensorflow_core\\core\\grappler\\optimizers\\memory_optimizer.h', 'tensorflow_core\\include\\tensorflow_core\\core\\grappler\\optimizers'), ('c:\\users\\hatzakis group\\pycharmprojects\\deepfret-gui\\venv2\\lib\\site-packages\\tensorflow_core\\include\\tensorflow_core\\core\\grappler\\optimizers\\meta_optimizer.h', 'tensorflow_core\\include\\tensorflow_core\\core\\grappler\\optimizers'), ('c:\\users\\hatzakis group\\pycharmprojects\\deepfret-gui\\venv2\\lib\\site-packages\\tensorflow_core\\include\\tensorflow_core\\core\\grappler\\optimizers\\model_pruner.h', 'tensorflow_core\\include\\tensorflow_core\\core\\grappler\\optimizers'), ('c:\\users\\hatzakis group\\pycharmprojects\\deepfret-gui\\venv2\\lib\\site-packages\\tensorflow_core\\include\\tensorflow_core\\core\\grappler\\optimizers\\pin_to_host_optimizer.h', 'tensorflow_core\\include\\tensorflow_core\\core\\grappler\\optimizers'), ('c:\\users\\hatzakis group\\pycharmprojects\\deepfret-gui\\venv2\\lib\\site-packages\\tensorflow_core\\include\\tensorflow_core\\core\\grappler\\optimizers\\remapper.h', 'tensorflow_core\\include\\tensorflow_core\\core\\grappler\\optimizers'), ('c:\\users\\hatzakis group\\pycharmprojects\\deepfret-gui\\venv2\\lib\\site-packages\\tensorflow_core\\include\\tensorflow_core\\core\\grappler\\optimizers\\scoped_allocator_optimizer.h', 'tensorflow_core\\include\\tensorflow_core\\core\\grappler\\optimizers'), ('c:\\users\\hatzakis group\\pycharmprojects\\deepfret-gui\\venv2\\lib\\site-packages\\tensorflow_core\\include\\tensorflow_core\\core\\grappler\\optimizers\\shape_optimizer.h', 'tensorflow_core\\include\\tensorflow_core\\core\\grappler\\optimizers'), ('c:\\users\\hatzakis group\\pycharmprojects\\deepfret-gui\\venv2\\lib\\site-packages\\tensorflow_core\\include\\tensorflow_core\\core\\grappler\\optimizers\\static_schedule.h', 'tensorflow_core\\include\\tensorflow_core\\core\\grappler\\optimizers'), ('c:\\users\\hatzakis group\\pycharmprojects\\deepfret-gui\\venv2\\lib\\site-packages\\tensorflow_core\\include\\tensorflow_core\\core\\grappler\\utils\\canonicalizer.h', 'tensorflow_core\\include\\tensorflow_core\\core\\grappler\\utils'), ('c:\\users\\hatzakis group\\pycharmprojects\\deepfret-gui\\venv2\\lib\\site-packages\\tensorflow_core\\include\\tensorflow_core\\core\\grappler\\utils\\colocation.h', 'tensorflow_core\\include\\tensorflow_core\\core\\grappler\\utils'), ('c:\\users\\hatzakis group\\pycharmprojects\\deepfret-gui\\venv2\\lib\\site-packages\\tensorflow_core\\include\\tensorflow_core\\core\\grappler\\utils\\frame.h', 'tensorflow_core\\include\\tensorflow_core\\core\\grappler\\utils'), ('c:\\users\\hatzakis group\\pycharmprojects\\deepfret-gui\\venv2\\lib\\site-packages\\tensorflow_core\\include\\tensorflow_core\\core\\grappler\\utils\\functions.h', 'tensorflow_core\\include\\tensorflow_core\\core\\grappler\\utils'), ('c:\\users\\hatzakis group\\pycharmprojects\\deepfret-gui\\venv2\\lib\\site-packages\\tensorflow_core\\include\\tensorflow_core\\core\\grappler\\utils\\graph_view.h', 'tensorflow_core\\include\\tensorflow_core\\core\\grappler\\utils'), ('c:\\users\\hatzakis group\\pycharmprojects\\deepfret-gui\\venv2\\lib\\site-packages\\tensorflow_core\\include\\tensorflow_core\\core\\grappler\\utils\\graph_view_internal.h', 'tensorflow_core\\include\\tensorflow_core\\core\\grappler\\utils'), ('c:\\users\\hatzakis group\\pycharmprojects\\deepfret-gui\\venv2\\lib\\site-packages\\tensorflow_core\\include\\tensorflow_core\\core\\grappler\\utils\\symbolic_shapes.h', 'tensorflow_core\\include\\tensorflow_core\\core\\grappler\\utils'), ('c:\\users\\hatzakis group\\pycharmprojects\\deepfret-gui\\venv2\\lib\\site-packages\\tensorflow_core\\include\\tensorflow_core\\core\\grappler\\utils\\topological_sort.h', 'tensorflow_core\\include\\tensorflow_core\\core\\grappler\\utils'), ('c:\\users\\hatzakis group\\pycharmprojects\\deepfret-gui\\venv2\\lib\\site-packages\\tensorflow_core\\include\\tensorflow_core\\core\\grappler\\utils\\tpu.h', 'tensorflow_core\\include\\tensorflow_core\\core\\grappler\\utils'), ('c:\\users\\hatzakis group\\pycharmprojects\\deepfret-gui\\venv2\\lib\\site-packages\\tensorflow_core\\include\\tensorflow_core\\core\\grappler\\utils\\traversal.h', 'tensorflow_core\\include\\tensorflow_core\\core\\grappler\\utils'), ('c:\\users\\hatzakis group\\pycharmprojects\\deepfret-gui\\venv2\\lib\\site-packages\\tensorflow_core\\include\\tensorflow_core\\core\\grappler\\verifiers\\graph_verifier.h', 'tensorflow_core\\include\\tensorflow_core\\core\\grappler\\verifiers'), ('c:\\users\\hatzakis group\\pycharmprojects\\deepfret-gui\\venv2\\lib\\site-packages\\tensorflow_core\\include\\tensorflow_core\\core\\grappler\\verifiers\\structure_verifier.h', 'tensorflow_core\\include\\tensorflow_core\\core\\grappler\\verifiers'), ('c:\\users\\hatzakis group\\pycharmprojects\\deepfret-gui\\venv2\\lib\\site-packages\\tensorflow_core\\include\\tensorflow_core\\core\\kernels\\no_op.h', 'tensorflow_core\\include\\tensorflow_core\\core\\kernels'), ('c:\\users\\hatzakis group\\pycharmprojects\\deepfret-gui\\venv2\\lib\\site-packages\\tensorflow_core\\include\\tensorflow_core\\core\\kernels\\sendrecv_ops.h', 'tensorflow_core\\include\\tensorflow_core\\core\\kernels'), ('c:\\users\\hatzakis group\\pycharmprojects\\deepfret-gui\\venv2\\lib\\site-packages\\tensorflow_core\\include\\tensorflow_core\\core\\lib\\bfloat16\\bfloat16.h', 'tensorflow_core\\include\\tensorflow_core\\core\\lib\\bfloat16'), ('c:\\users\\hatzakis group\\pycharmprojects\\deepfret-gui\\venv2\\lib\\site-packages\\tensorflow_core\\include\\tensorflow_core\\core\\lib\\core\\arena.h', 'tensorflow_core\\include\\tensorflow_core\\core\\lib\\core'), ('c:\\users\\hatzakis group\\pycharmprojects\\deepfret-gui\\venv2\\lib\\site-packages\\tensorflow_core\\include\\tensorflow_core\\core\\lib\\core\\bitmap.h', 'tensorflow_core\\include\\tensorflow_core\\core\\lib\\core'), ('c:\\users\\hatzakis group\\pycharmprojects\\deepfret-gui\\venv2\\lib\\site-packages\\tensorflow_core\\include\\tensorflow_core\\core\\lib\\core\\bits.h', 'tensorflow_core\\include\\tensorflow_core\\core\\lib\\core'), ('c:\\users\\hatzakis group\\pycharmprojects\\deepfret-gui\\venv2\\lib\\site-packages\\tensorflow_core\\include\\tensorflow_core\\core\\lib\\core\\blocking_counter.h', 'tensorflow_core\\include\\tensorflow_core\\core\\lib\\core'), ('c:\\users\\hatzakis group\\pycharmprojects\\deepfret-gui\\venv2\\lib\\site-packages\\tensorflow_core\\include\\tensorflow_core\\core\\lib\\core\\coding.h', 'tensorflow_core\\include\\tensorflow_core\\core\\lib\\core'), ('c:\\users\\hatzakis group\\pycharmprojects\\deepfret-gui\\venv2\\lib\\site-packages\\tensorflow_core\\include\\tensorflow_core\\core\\lib\\core\\errors.h', 'tensorflow_core\\include\\tensorflow_core\\core\\lib\\core'), ('c:\\users\\hatzakis group\\pycharmprojects\\deepfret-gui\\venv2\\lib\\site-packages\\tensorflow_core\\include\\tensorflow_core\\core\\lib\\core\\error_codes.pb.h', 'tensorflow_core\\include\\tensorflow_core\\core\\lib\\core'), ('c:\\users\\hatzakis group\\pycharmprojects\\deepfret-gui\\venv2\\lib\\site-packages\\tensorflow_core\\include\\tensorflow_core\\core\\lib\\core\\error_codes.pb_text-impl.h', 'tensorflow_core\\include\\tensorflow_core\\core\\lib\\core'), ('c:\\users\\hatzakis group\\pycharmprojects\\deepfret-gui\\venv2\\lib\\site-packages\\tensorflow_core\\include\\tensorflow_core\\core\\lib\\core\\error_codes.pb_text.h', 'tensorflow_core\\include\\tensorflow_core\\core\\lib\\core'), ('c:\\users\\hatzakis group\\pycharmprojects\\deepfret-gui\\venv2\\lib\\site-packages\\tensorflow_core\\include\\tensorflow_core\\core\\lib\\core\\notification.h', 'tensorflow_core\\include\\tensorflow_core\\core\\lib\\core'), ('c:\\users\\hatzakis group\\pycharmprojects\\deepfret-gui\\venv2\\lib\\site-packages\\tensorflow_core\\include\\tensorflow_core\\core\\lib\\core\\raw_coding.h', 'tensorflow_core\\include\\tensorflow_core\\core\\lib\\core'), ('c:\\users\\hatzakis group\\pycharmprojects\\deepfret-gui\\venv2\\lib\\site-packages\\tensorflow_core\\include\\tensorflow_core\\core\\lib\\core\\refcount.h', 'tensorflow_core\\include\\tensorflow_core\\core\\lib\\core'), ('c:\\users\\hatzakis group\\pycharmprojects\\deepfret-gui\\venv2\\lib\\site-packages\\tensorflow_core\\include\\tensorflow_core\\core\\lib\\core\\status.h', 'tensorflow_core\\include\\tensorflow_core\\core\\lib\\core'), ('c:\\users\\hatzakis group\\pycharmprojects\\deepfret-gui\\venv2\\lib\\site-packages\\tensorflow_core\\include\\tensorflow_core\\core\\lib\\core\\stringpiece.h', 'tensorflow_core\\include\\tensorflow_core\\core\\lib\\core'), ('c:\\users\\hatzakis group\\pycharmprojects\\deepfret-gui\\venv2\\lib\\site-packages\\tensorflow_core\\include\\tensorflow_core\\core\\lib\\core\\threadpool.h', 'tensorflow_core\\include\\tensorflow_core\\core\\lib\\core'), ('c:\\users\\hatzakis group\\pycharmprojects\\deepfret-gui\\venv2\\lib\\site-packages\\tensorflow_core\\include\\tensorflow_core\\core\\lib\\core\\threadpool_interface.h', 'tensorflow_core\\include\\tensorflow_core\\core\\lib\\core'), ('c:\\users\\hatzakis group\\pycharmprojects\\deepfret-gui\\venv2\\lib\\site-packages\\tensorflow_core\\include\\tensorflow_core\\core\\lib\\core\\threadpool_options.h', 'tensorflow_core\\include\\tensorflow_core\\core\\lib\\core'), ('c:\\users\\hatzakis group\\pycharmprojects\\deepfret-gui\\venv2\\lib\\site-packages\\tensorflow_core\\include\\tensorflow_core\\core\\lib\\gtl\\array_slice.h', 'tensorflow_core\\include\\tensorflow_core\\core\\lib\\gtl'), ('c:\\users\\hatzakis group\\pycharmprojects\\deepfret-gui\\venv2\\lib\\site-packages\\tensorflow_core\\include\\tensorflow_core\\core\\lib\\gtl\\cleanup.h', 'tensorflow_core\\include\\tensorflow_core\\core\\lib\\gtl'), ('c:\\users\\hatzakis group\\pycharmprojects\\deepfret-gui\\venv2\\lib\\site-packages\\tensorflow_core\\include\\tensorflow_core\\core\\lib\\gtl\\compactptrset.h', 'tensorflow_core\\include\\tensorflow_core\\core\\lib\\gtl'), ('c:\\users\\hatzakis group\\pycharmprojects\\deepfret-gui\\venv2\\lib\\site-packages\\tensorflow_core\\include\\tensorflow_core\\core\\lib\\gtl\\edit_distance.h', 'tensorflow_core\\include\\tensorflow_core\\core\\lib\\gtl'), ('c:\\users\\hatzakis group\\pycharmprojects\\deepfret-gui\\venv2\\lib\\site-packages\\tensorflow_core\\include\\tensorflow_core\\core\\lib\\gtl\\flatmap.h', 'tensorflow_core\\include\\tensorflow_core\\core\\lib\\gtl'), ('c:\\users\\hatzakis group\\pycharmprojects\\deepfret-gui\\venv2\\lib\\site-packages\\tensorflow_core\\include\\tensorflow_core\\core\\lib\\gtl\\flatrep.h', 'tensorflow_core\\include\\tensorflow_core\\core\\lib\\gtl'), ('c:\\users\\hatzakis group\\pycharmprojects\\deepfret-gui\\venv2\\lib\\site-packages\\tensorflow_core\\include\\tensorflow_core\\core\\lib\\gtl\\flatset.h', 'tensorflow_core\\include\\tensorflow_core\\core\\lib\\gtl'), ('c:\\users\\hatzakis group\\pycharmprojects\\deepfret-gui\\venv2\\lib\\site-packages\\tensorflow_core\\include\\tensorflow_core\\core\\lib\\gtl\\inlined_vector.h', 'tensorflow_core\\include\\tensorflow_core\\core\\lib\\gtl'), ('c:\\users\\hatzakis group\\pycharmprojects\\deepfret-gui\\venv2\\lib\\site-packages\\tensorflow_core\\include\\tensorflow_core\\core\\lib\\gtl\\int_type.h', 'tensorflow_core\\include\\tensorflow_core\\core\\lib\\gtl'), ('c:\\users\\hatzakis group\\pycharmprojects\\deepfret-gui\\venv2\\lib\\site-packages\\tensorflow_core\\include\\tensorflow_core\\core\\lib\\gtl\\iterator_range.h', 'tensorflow_core\\include\\tensorflow_core\\core\\lib\\gtl'), ('c:\\users\\hatzakis group\\pycharmprojects\\deepfret-gui\\venv2\\lib\\site-packages\\tensorflow_core\\include\\tensorflow_core\\core\\lib\\gtl\\manual_constructor.h', 'tensorflow_core\\include\\tensorflow_core\\core\\lib\\gtl'), ('c:\\users\\hatzakis group\\pycharmprojects\\deepfret-gui\\venv2\\lib\\site-packages\\tensorflow_core\\include\\tensorflow_core\\core\\lib\\gtl\\map_util.h', 'tensorflow_core\\include\\tensorflow_core\\core\\lib\\gtl'), ('c:\\users\\hatzakis group\\pycharmprojects\\deepfret-gui\\venv2\\lib\\site-packages\\tensorflow_core\\include\\tensorflow_core\\core\\lib\\gtl\\optional.h', 'tensorflow_core\\include\\tensorflow_core\\core\\lib\\gtl'), ('c:\\users\\hatzakis group\\pycharmprojects\\deepfret-gui\\venv2\\lib\\site-packages\\tensorflow_core\\include\\tensorflow_core\\core\\lib\\gtl\\priority_queue_util.h', 'tensorflow_core\\include\\tensorflow_core\\core\\lib\\gtl'), ('c:\\users\\hatzakis group\\pycharmprojects\\deepfret-gui\\venv2\\lib\\site-packages\\tensorflow_core\\include\\tensorflow_core\\core\\lib\\gtl\\stl_util.h', 'tensorflow_core\\include\\tensorflow_core\\core\\lib\\gtl'), ('c:\\users\\hatzakis group\\pycharmprojects\\deepfret-gui\\venv2\\lib\\site-packages\\tensorflow_core\\include\\tensorflow_core\\core\\lib\\gtl\\top_n.h', 'tensorflow_core\\include\\tensorflow_core\\core\\lib\\gtl'), ('c:\\users\\hatzakis group\\pycharmprojects\\deepfret-gui\\venv2\\lib\\site-packages\\tensorflow_core\\include\\tensorflow_core\\core\\lib\\gtl\\subtle\\map_traits.h', 'tensorflow_core\\include\\tensorflow_core\\core\\lib\\gtl\\subtle'), ('c:\\users\\hatzakis group\\pycharmprojects\\deepfret-gui\\venv2\\lib\\site-packages\\tensorflow_core\\include\\tensorflow_core\\core\\lib\\hash\\crc32c.h', 'tensorflow_core\\include\\tensorflow_core\\core\\lib\\hash'), ('c:\\users\\hatzakis group\\pycharmprojects\\deepfret-gui\\venv2\\lib\\site-packages\\tensorflow_core\\include\\tensorflow_core\\core\\lib\\hash\\hash.h', 'tensorflow_core\\include\\tensorflow_core\\core\\lib\\hash'), ('c:\\users\\hatzakis group\\pycharmprojects\\deepfret-gui\\venv2\\lib\\site-packages\\tensorflow_core\\include\\tensorflow_core\\core\\lib\\histogram\\histogram.h', 'tensorflow_core\\include\\tensorflow_core\\core\\lib\\histogram'), ('c:\\users\\hatzakis group\\pycharmprojects\\deepfret-gui\\venv2\\lib\\site-packages\\tensorflow_core\\include\\tensorflow_core\\core\\lib\\io\\block.h', 'tensorflow_core\\include\\tensorflow_core\\core\\lib\\io'), ('c:\\users\\hatzakis group\\pycharmprojects\\deepfret-gui\\venv2\\lib\\site-packages\\tensorflow_core\\include\\tensorflow_core\\core\\lib\\io\\block_builder.h', 'tensorflow_core\\include\\tensorflow_core\\core\\lib\\io'), ('c:\\users\\hatzakis group\\pycharmprojects\\deepfret-gui\\venv2\\lib\\site-packages\\tensorflow_core\\include\\tensorflow_core\\core\\lib\\io\\buffered_inputstream.h', 'tensorflow_core\\include\\tensorflow_core\\core\\lib\\io'), ('c:\\users\\hatzakis group\\pycharmprojects\\deepfret-gui\\venv2\\lib\\site-packages\\tensorflow_core\\include\\tensorflow_core\\core\\lib\\io\\compression.h', 'tensorflow_core\\include\\tensorflow_core\\core\\lib\\io'), ('c:\\users\\hatzakis group\\pycharmprojects\\deepfret-gui\\venv2\\lib\\site-packages\\tensorflow_core\\include\\tensorflow_core\\core\\lib\\io\\format.h', 'tensorflow_core\\include\\tensorflow_core\\core\\lib\\io'), ('c:\\users\\hatzakis group\\pycharmprojects\\deepfret-gui\\venv2\\lib\\site-packages\\tensorflow_core\\include\\tensorflow_core\\core\\lib\\io\\inputbuffer.h', 'tensorflow_core\\include\\tensorflow_core\\core\\lib\\io'), ('c:\\users\\hatzakis group\\pycharmprojects\\deepfret-gui\\venv2\\lib\\site-packages\\tensorflow_core\\include\\tensorflow_core\\core\\lib\\io\\inputstream_interface.h', 'tensorflow_core\\include\\tensorflow_core\\core\\lib\\io'), ('c:\\users\\hatzakis group\\pycharmprojects\\deepfret-gui\\venv2\\lib\\site-packages\\tensorflow_core\\include\\tensorflow_core\\core\\lib\\io\\iterator.h', 'tensorflow_core\\include\\tensorflow_core\\core\\lib\\io'), ('c:\\users\\hatzakis group\\pycharmprojects\\deepfret-gui\\venv2\\lib\\site-packages\\tensorflow_core\\include\\tensorflow_core\\core\\lib\\io\\path.h', 'tensorflow_core\\include\\tensorflow_core\\core\\lib\\io'), ('c:\\users\\hatzakis group\\pycharmprojects\\deepfret-gui\\venv2\\lib\\site-packages\\tensorflow_core\\include\\tensorflow_core\\core\\lib\\io\\proto_encode_helper.h', 'tensorflow_core\\include\\tensorflow_core\\core\\lib\\io'), ('c:\\users\\hatzakis group\\pycharmprojects\\deepfret-gui\\venv2\\lib\\site-packages\\tensorflow_core\\include\\tensorflow_core\\core\\lib\\io\\random_inputstream.h', 'tensorflow_core\\include\\tensorflow_core\\core\\lib\\io'), ('c:\\users\\hatzakis group\\pycharmprojects\\deepfret-gui\\venv2\\lib\\site-packages\\tensorflow_core\\include\\tensorflow_core\\core\\lib\\io\\record_reader.h', 'tensorflow_core\\include\\tensorflow_core\\core\\lib\\io'), ('c:\\users\\hatzakis group\\pycharmprojects\\deepfret-gui\\venv2\\lib\\site-packages\\tensorflow_core\\include\\tensorflow_core\\core\\lib\\io\\record_writer.h', 'tensorflow_core\\include\\tensorflow_core\\core\\lib\\io'), ('c:\\users\\hatzakis group\\pycharmprojects\\deepfret-gui\\venv2\\lib\\site-packages\\tensorflow_core\\include\\tensorflow_core\\core\\lib\\io\\table.h', 'tensorflow_core\\include\\tensorflow_core\\core\\lib\\io'), ('c:\\users\\hatzakis group\\pycharmprojects\\deepfret-gui\\venv2\\lib\\site-packages\\tensorflow_core\\include\\tensorflow_core\\core\\lib\\io\\table_builder.h', 'tensorflow_core\\include\\tensorflow_core\\core\\lib\\io'), ('c:\\users\\hatzakis group\\pycharmprojects\\deepfret-gui\\venv2\\lib\\site-packages\\tensorflow_core\\include\\tensorflow_core\\core\\lib\\io\\table_options.h', 'tensorflow_core\\include\\tensorflow_core\\core\\lib\\io'), ('c:\\users\\hatzakis group\\pycharmprojects\\deepfret-gui\\venv2\\lib\\site-packages\\tensorflow_core\\include\\tensorflow_core\\core\\lib\\io\\two_level_iterator.h', 'tensorflow_core\\include\\tensorflow_core\\core\\lib\\io'), ('c:\\users\\hatzakis group\\pycharmprojects\\deepfret-gui\\venv2\\lib\\site-packages\\tensorflow_core\\include\\tensorflow_core\\core\\lib\\io\\zlib_compression_options.h', 'tensorflow_core\\include\\tensorflow_core\\core\\lib\\io'), ('c:\\users\\hatzakis group\\pycharmprojects\\deepfret-gui\\venv2\\lib\\site-packages\\tensorflow_core\\include\\tensorflow_core\\core\\lib\\io\\zlib_inputstream.h', 'tensorflow_core\\include\\tensorflow_core\\core\\lib\\io'), ('c:\\users\\hatzakis group\\pycharmprojects\\deepfret-gui\\venv2\\lib\\site-packages\\tensorflow_core\\include\\tensorflow_core\\core\\lib\\io\\zlib_outputbuffer.h', 'tensorflow_core\\include\\tensorflow_core\\core\\lib\\io'), ('c:\\users\\hatzakis group\\pycharmprojects\\deepfret-gui\\venv2\\lib\\site-packages\\tensorflow_core\\include\\tensorflow_core\\core\\lib\\io\\snappy\\snappy_inputbuffer.h', 'tensorflow_core\\include\\tensorflow_core\\core\\lib\\io\\snappy'), ('c:\\users\\hatzakis group\\pycharmprojects\\deepfret-gui\\venv2\\lib\\site-packages\\tensorflow_core\\include\\tensorflow_core\\core\\lib\\io\\snappy\\snappy_outputbuffer.h', 'tensorflow_core\\include\\tensorflow_core\\core\\lib\\io\\snappy'), ('c:\\users\\hatzakis group\\pycharmprojects\\deepfret-gui\\venv2\\lib\\site-packages\\tensorflow_core\\include\\tensorflow_core\\core\\lib\\math\\math_util.h', 'tensorflow_core\\include\\tensorflow_core\\core\\lib\\math'), ('c:\\users\\hatzakis group\\pycharmprojects\\deepfret-gui\\venv2\\lib\\site-packages\\tensorflow_core\\include\\tensorflow_core\\core\\lib\\monitoring\\collected_metrics.h', 'tensorflow_core\\include\\tensorflow_core\\core\\lib\\monitoring'), ('c:\\users\\hatzakis group\\pycharmprojects\\deepfret-gui\\venv2\\lib\\site-packages\\tensorflow_core\\include\\tensorflow_core\\core\\lib\\monitoring\\collection_registry.h', 'tensorflow_core\\include\\tensorflow_core\\core\\lib\\monitoring'), ('c:\\users\\hatzakis group\\pycharmprojects\\deepfret-gui\\venv2\\lib\\site-packages\\tensorflow_core\\include\\tensorflow_core\\core\\lib\\monitoring\\counter.h', 'tensorflow_core\\include\\tensorflow_core\\core\\lib\\monitoring'), ('c:\\users\\hatzakis group\\pycharmprojects\\deepfret-gui\\venv2\\lib\\site-packages\\tensorflow_core\\include\\tensorflow_core\\core\\lib\\monitoring\\gauge.h', 'tensorflow_core\\include\\tensorflow_core\\core\\lib\\monitoring'), ('c:\\users\\hatzakis group\\pycharmprojects\\deepfret-gui\\venv2\\lib\\site-packages\\tensorflow_core\\include\\tensorflow_core\\core\\lib\\monitoring\\metric_def.h', 'tensorflow_core\\include\\tensorflow_core\\core\\lib\\monitoring'), ('c:\\users\\hatzakis group\\pycharmprojects\\deepfret-gui\\venv2\\lib\\site-packages\\tensorflow_core\\include\\tensorflow_core\\core\\lib\\monitoring\\mobile_counter.h', 'tensorflow_core\\include\\tensorflow_core\\core\\lib\\monitoring'), ('c:\\users\\hatzakis group\\pycharmprojects\\deepfret-gui\\venv2\\lib\\site-packages\\tensorflow_core\\include\\tensorflow_core\\core\\lib\\monitoring\\mobile_gauge.h', 'tensorflow_core\\include\\tensorflow_core\\core\\lib\\monitoring'), ('c:\\users\\hatzakis group\\pycharmprojects\\deepfret-gui\\venv2\\lib\\site-packages\\tensorflow_core\\include\\tensorflow_core\\core\\lib\\monitoring\\mobile_sampler.h', 'tensorflow_core\\include\\tensorflow_core\\core\\lib\\monitoring'), ('c:\\users\\hatzakis group\\pycharmprojects\\deepfret-gui\\venv2\\lib\\site-packages\\tensorflow_core\\include\\tensorflow_core\\core\\lib\\monitoring\\sampler.h', 'tensorflow_core\\include\\tensorflow_core\\core\\lib\\monitoring'), ('c:\\users\\hatzakis group\\pycharmprojects\\deepfret-gui\\venv2\\lib\\site-packages\\tensorflow_core\\include\\tensorflow_core\\core\\lib\\png\\png_io.h', 'tensorflow_core\\include\\tensorflow_core\\core\\lib\\png'), ('c:\\users\\hatzakis group\\pycharmprojects\\deepfret-gui\\venv2\\lib\\site-packages\\tensorflow_core\\include\\tensorflow_core\\core\\lib\\random\\distribution_sampler.h', 'tensorflow_core\\include\\tensorflow_core\\core\\lib\\random'), ('c:\\users\\hatzakis group\\pycharmprojects\\deepfret-gui\\venv2\\lib\\site-packages\\tensorflow_core\\include\\tensorflow_core\\core\\lib\\random\\exact_uniform_int.h', 'tensorflow_core\\include\\tensorflow_core\\core\\lib\\random'), ('c:\\users\\hatzakis group\\pycharmprojects\\deepfret-gui\\venv2\\lib\\site-packages\\tensorflow_core\\include\\tensorflow_core\\core\\lib\\random\\philox_random.h', 'tensorflow_core\\include\\tensorflow_core\\core\\lib\\random'), ('c:\\users\\hatzakis group\\pycharmprojects\\deepfret-gui\\venv2\\lib\\site-packages\\tensorflow_core\\include\\tensorflow_core\\core\\lib\\random\\random.h', 'tensorflow_core\\include\\tensorflow_core\\core\\lib\\random'), ('c:\\users\\hatzakis group\\pycharmprojects\\deepfret-gui\\venv2\\lib\\site-packages\\tensorflow_core\\include\\tensorflow_core\\core\\lib\\random\\random_distributions.h', 'tensorflow_core\\include\\tensorflow_core\\core\\lib\\random'), ('c:\\users\\hatzakis group\\pycharmprojects\\deepfret-gui\\venv2\\lib\\site-packages\\tensorflow_core\\include\\tensorflow_core\\core\\lib\\random\\simple_philox.h', 'tensorflow_core\\include\\tensorflow_core\\core\\lib\\random'), ('c:\\users\\hatzakis group\\pycharmprojects\\deepfret-gui\\venv2\\lib\\site-packages\\tensorflow_core\\include\\tensorflow_core\\core\\lib\\random\\weighted_picker.h', 'tensorflow_core\\include\\tensorflow_core\\core\\lib\\random'), ('c:\\users\\hatzakis group\\pycharmprojects\\deepfret-gui\\venv2\\lib\\site-packages\\tensorflow_core\\include\\tensorflow_core\\core\\lib\\strings\\base64.h', 'tensorflow_core\\include\\tensorflow_core\\core\\lib\\strings'), ('c:\\users\\hatzakis group\\pycharmprojects\\deepfret-gui\\venv2\\lib\\site-packages\\tensorflow_core\\include\\tensorflow_core\\core\\lib\\strings\\numbers.h', 'tensorflow_core\\include\\tensorflow_core\\core\\lib\\strings'), ('c:\\users\\hatzakis group\\pycharmprojects\\deepfret-gui\\venv2\\lib\\site-packages\\tensorflow_core\\include\\tensorflow_core\\core\\lib\\strings\\ordered_code.h', 'tensorflow_core\\include\\tensorflow_core\\core\\lib\\strings'), ('c:\\users\\hatzakis group\\pycharmprojects\\deepfret-gui\\venv2\\lib\\site-packages\\tensorflow_core\\include\\tensorflow_core\\core\\lib\\strings\\proto_serialization.h', 'tensorflow_core\\include\\tensorflow_core\\core\\lib\\strings'), ('c:\\users\\hatzakis group\\pycharmprojects\\deepfret-gui\\venv2\\lib\\site-packages\\tensorflow_core\\include\\tensorflow_core\\core\\lib\\strings\\proto_text_util.h', 'tensorflow_core\\include\\tensorflow_core\\core\\lib\\strings'), ('c:\\users\\hatzakis group\\pycharmprojects\\deepfret-gui\\venv2\\lib\\site-packages\\tensorflow_core\\include\\tensorflow_core\\core\\lib\\strings\\scanner.h', 'tensorflow_core\\include\\tensorflow_core\\core\\lib\\strings'), ('c:\\users\\hatzakis group\\pycharmprojects\\deepfret-gui\\venv2\\lib\\site-packages\\tensorflow_core\\include\\tensorflow_core\\core\\lib\\strings\\strcat.h', 'tensorflow_core\\include\\tensorflow_core\\core\\lib\\strings'), ('c:\\users\\hatzakis group\\pycharmprojects\\deepfret-gui\\venv2\\lib\\site-packages\\tensorflow_core\\include\\tensorflow_core\\core\\lib\\strings\\stringprintf.h', 'tensorflow_core\\include\\tensorflow_core\\core\\lib\\strings'), ('c:\\users\\hatzakis group\\pycharmprojects\\deepfret-gui\\venv2\\lib\\site-packages\\tensorflow_core\\include\\tensorflow_core\\core\\lib\\strings\\str_util.h', 'tensorflow_core\\include\\tensorflow_core\\core\\lib\\strings'), ('c:\\users\\hatzakis group\\pycharmprojects\\deepfret-gui\\venv2\\lib\\site-packages\\tensorflow_core\\include\\tensorflow_core\\core\\lib\\wav\\wav_io.h', 'tensorflow_core\\include\\tensorflow_core\\core\\lib\\wav'), ('c:\\users\\hatzakis group\\pycharmprojects\\deepfret-gui\\venv2\\lib\\site-packages\\tensorflow_core\\include\\tensorflow_core\\core\\platform\\abi.h', 'tensorflow_core\\include\\tensorflow_core\\core\\platform'), ('c:\\users\\hatzakis group\\pycharmprojects\\deepfret-gui\\venv2\\lib\\site-packages\\tensorflow_core\\include\\tensorflow_core\\core\\platform\\annotation.h', 'tensorflow_core\\include\\tensorflow_core\\core\\platform'), ('c:\\users\\hatzakis group\\pycharmprojects\\deepfret-gui\\venv2\\lib\\site-packages\\tensorflow_core\\include\\tensorflow_core\\core\\platform\\byte_order.h', 'tensorflow_core\\include\\tensorflow_core\\core\\platform'), ('c:\\users\\hatzakis group\\pycharmprojects\\deepfret-gui\\venv2\\lib\\site-packages\\tensorflow_core\\include\\tensorflow_core\\core\\platform\\context.h', 'tensorflow_core\\include\\tensorflow_core\\core\\platform'), ('c:\\users\\hatzakis group\\pycharmprojects\\deepfret-gui\\venv2\\lib\\site-packages\\tensorflow_core\\include\\tensorflow_core\\core\\platform\\cord.h', 'tensorflow_core\\include\\tensorflow_core\\core\\platform'), ('c:\\users\\hatzakis group\\pycharmprojects\\deepfret-gui\\venv2\\lib\\site-packages\\tensorflow_core\\include\\tensorflow_core\\core\\platform\\cpu_feature_guard.h', 'tensorflow_core\\include\\tensorflow_core\\core\\platform'), ('c:\\users\\hatzakis group\\pycharmprojects\\deepfret-gui\\venv2\\lib\\site-packages\\tensorflow_core\\include\\tensorflow_core\\core\\platform\\cpu_info.h', 'tensorflow_core\\include\\tensorflow_core\\core\\platform'), ('c:\\users\\hatzakis group\\pycharmprojects\\deepfret-gui\\venv2\\lib\\site-packages\\tensorflow_core\\include\\tensorflow_core\\core\\platform\\cuda.h', 'tensorflow_core\\include\\tensorflow_core\\core\\platform'), ('c:\\users\\hatzakis group\\pycharmprojects\\deepfret-gui\\venv2\\lib\\site-packages\\tensorflow_core\\include\\tensorflow_core\\core\\platform\\cuda_libdevice_path.h', 'tensorflow_core\\include\\tensorflow_core\\core\\platform'), ('c:\\users\\hatzakis group\\pycharmprojects\\deepfret-gui\\venv2\\lib\\site-packages\\tensorflow_core\\include\\tensorflow_core\\core\\platform\\demangle.h', 'tensorflow_core\\include\\tensorflow_core\\core\\platform'), ('c:\\users\\hatzakis group\\pycharmprojects\\deepfret-gui\\venv2\\lib\\site-packages\\tensorflow_core\\include\\tensorflow_core\\core\\platform\\denormal.h', 'tensorflow_core\\include\\tensorflow_core\\core\\platform'), ('c:\\users\\hatzakis group\\pycharmprojects\\deepfret-gui\\venv2\\lib\\site-packages\\tensorflow_core\\include\\tensorflow_core\\core\\platform\\dynamic_annotations.h', 'tensorflow_core\\include\\tensorflow_core\\core\\platform'), ('c:\\users\\hatzakis group\\pycharmprojects\\deepfret-gui\\venv2\\lib\\site-packages\\tensorflow_core\\include\\tensorflow_core\\core\\platform\\env.h', 'tensorflow_core\\include\\tensorflow_core\\core\\platform'), ('c:\\users\\hatzakis group\\pycharmprojects\\deepfret-gui\\venv2\\lib\\site-packages\\tensorflow_core\\include\\tensorflow_core\\core\\platform\\env_time.h', 'tensorflow_core\\include\\tensorflow_core\\core\\platform'), ('c:\\users\\hatzakis group\\pycharmprojects\\deepfret-gui\\venv2\\lib\\site-packages\\tensorflow_core\\include\\tensorflow_core\\core\\platform\\error.h', 'tensorflow_core\\include\\tensorflow_core\\core\\platform'), ('c:\\users\\hatzakis group\\pycharmprojects\\deepfret-gui\\venv2\\lib\\site-packages\\tensorflow_core\\include\\tensorflow_core\\core\\platform\\file_statistics.h', 'tensorflow_core\\include\\tensorflow_core\\core\\platform'), ('c:\\users\\hatzakis group\\pycharmprojects\\deepfret-gui\\venv2\\lib\\site-packages\\tensorflow_core\\include\\tensorflow_core\\core\\platform\\file_system.h', 'tensorflow_core\\include\\tensorflow_core\\core\\platform'), ('c:\\users\\hatzakis group\\pycharmprojects\\deepfret-gui\\venv2\\lib\\site-packages\\tensorflow_core\\include\\tensorflow_core\\core\\platform\\file_system_helper.h', 'tensorflow_core\\include\\tensorflow_core\\core\\platform'), ('c:\\users\\hatzakis group\\pycharmprojects\\deepfret-gui\\venv2\\lib\\site-packages\\tensorflow_core\\include\\tensorflow_core\\core\\platform\\fingerprint.h', 'tensorflow_core\\include\\tensorflow_core\\core\\platform'), ('c:\\users\\hatzakis group\\pycharmprojects\\deepfret-gui\\venv2\\lib\\site-packages\\tensorflow_core\\include\\tensorflow_core\\core\\platform\\grpc_services.h', 'tensorflow_core\\include\\tensorflow_core\\core\\platform'), ('c:\\users\\hatzakis group\\pycharmprojects\\deepfret-gui\\venv2\\lib\\site-packages\\tensorflow_core\\include\\tensorflow_core\\core\\platform\\host_info.h', 'tensorflow_core\\include\\tensorflow_core\\core\\platform'), ('c:\\users\\hatzakis group\\pycharmprojects\\deepfret-gui\\venv2\\lib\\site-packages\\tensorflow_core\\include\\tensorflow_core\\core\\platform\\human_readable_json.h', 'tensorflow_core\\include\\tensorflow_core\\core\\platform'), ('c:\\users\\hatzakis group\\pycharmprojects\\deepfret-gui\\venv2\\lib\\site-packages\\tensorflow_core\\include\\tensorflow_core\\core\\platform\\init_main.h', 'tensorflow_core\\include\\tensorflow_core\\core\\platform'), ('c:\\users\\hatzakis group\\pycharmprojects\\deepfret-gui\\venv2\\lib\\site-packages\\tensorflow_core\\include\\tensorflow_core\\core\\platform\\load_library.h', 'tensorflow_core\\include\\tensorflow_core\\core\\platform'), ('c:\\users\\hatzakis group\\pycharmprojects\\deepfret-gui\\venv2\\lib\\site-packages\\tensorflow_core\\include\\tensorflow_core\\core\\platform\\logger.h', 'tensorflow_core\\include\\tensorflow_core\\core\\platform'), ('c:\\users\\hatzakis group\\pycharmprojects\\deepfret-gui\\venv2\\lib\\site-packages\\tensorflow_core\\include\\tensorflow_core\\core\\platform\\logging.h', 'tensorflow_core\\include\\tensorflow_core\\core\\platform'), ('c:\\users\\hatzakis group\\pycharmprojects\\deepfret-gui\\venv2\\lib\\site-packages\\tensorflow_core\\include\\tensorflow_core\\core\\platform\\macros.h', 'tensorflow_core\\include\\tensorflow_core\\core\\platform'), ('c:\\users\\hatzakis group\\pycharmprojects\\deepfret-gui\\venv2\\lib\\site-packages\\tensorflow_core\\include\\tensorflow_core\\core\\platform\\mem.h', 'tensorflow_core\\include\\tensorflow_core\\core\\platform'), ('c:\\users\\hatzakis group\\pycharmprojects\\deepfret-gui\\venv2\\lib\\site-packages\\tensorflow_core\\include\\tensorflow_core\\core\\platform\\monitoring.h', 'tensorflow_core\\include\\tensorflow_core\\core\\platform'), ('c:\\users\\hatzakis group\\pycharmprojects\\deepfret-gui\\venv2\\lib\\site-packages\\tensorflow_core\\include\\tensorflow_core\\core\\platform\\mutex.h', 'tensorflow_core\\include\\tensorflow_core\\core\\platform'), ('c:\\users\\hatzakis group\\pycharmprojects\\deepfret-gui\\venv2\\lib\\site-packages\\tensorflow_core\\include\\tensorflow_core\\core\\platform\\net.h', 'tensorflow_core\\include\\tensorflow_core\\core\\platform'), ('c:\\users\\hatzakis group\\pycharmprojects\\deepfret-gui\\venv2\\lib\\site-packages\\tensorflow_core\\include\\tensorflow_core\\core\\platform\\notification.h', 'tensorflow_core\\include\\tensorflow_core\\core\\platform'), ('c:\\users\\hatzakis group\\pycharmprojects\\deepfret-gui\\venv2\\lib\\site-packages\\tensorflow_core\\include\\tensorflow_core\\core\\platform\\null_file_system.h', 'tensorflow_core\\include\\tensorflow_core\\core\\platform'), ('c:\\users\\hatzakis group\\pycharmprojects\\deepfret-gui\\venv2\\lib\\site-packages\\tensorflow_core\\include\\tensorflow_core\\core\\platform\\numa.h', 'tensorflow_core\\include\\tensorflow_core\\core\\platform'), ('c:\\users\\hatzakis group\\pycharmprojects\\deepfret-gui\\venv2\\lib\\site-packages\\tensorflow_core\\include\\tensorflow_core\\core\\platform\\platform.h', 'tensorflow_core\\include\\tensorflow_core\\core\\platform'), ('c:\\users\\hatzakis group\\pycharmprojects\\deepfret-gui\\venv2\\lib\\site-packages\\tensorflow_core\\include\\tensorflow_core\\core\\platform\\platform_strings.h', 'tensorflow_core\\include\\tensorflow_core\\core\\platform'), ('c:\\users\\hatzakis group\\pycharmprojects\\deepfret-gui\\venv2\\lib\\site-packages\\tensorflow_core\\include\\tensorflow_core\\core\\platform\\platform_strings_computed.h', 'tensorflow_core\\include\\tensorflow_core\\core\\platform'), ('c:\\users\\hatzakis group\\pycharmprojects\\deepfret-gui\\venv2\\lib\\site-packages\\tensorflow_core\\include\\tensorflow_core\\core\\platform\\prefetch.h', 'tensorflow_core\\include\\tensorflow_core\\core\\platform'), ('c:\\users\\hatzakis group\\pycharmprojects\\deepfret-gui\\venv2\\lib\\site-packages\\tensorflow_core\\include\\tensorflow_core\\core\\platform\\protobuf.h', 'tensorflow_core\\include\\tensorflow_core\\core\\platform'), ('c:\\users\\hatzakis group\\pycharmprojects\\deepfret-gui\\venv2\\lib\\site-packages\\tensorflow_core\\include\\tensorflow_core\\core\\platform\\protobuf_compiler.h', 'tensorflow_core\\include\\tensorflow_core\\core\\platform'), ('c:\\users\\hatzakis group\\pycharmprojects\\deepfret-gui\\venv2\\lib\\site-packages\\tensorflow_core\\include\\tensorflow_core\\core\\platform\\protobuf_internal.h', 'tensorflow_core\\include\\tensorflow_core\\core\\platform'), ('c:\\users\\hatzakis group\\pycharmprojects\\deepfret-gui\\venv2\\lib\\site-packages\\tensorflow_core\\include\\tensorflow_core\\core\\platform\\regexp.h', 'tensorflow_core\\include\\tensorflow_core\\core\\platform'), ('c:\\users\\hatzakis group\\pycharmprojects\\deepfret-gui\\venv2\\lib\\site-packages\\tensorflow_core\\include\\tensorflow_core\\core\\platform\\rocm.h', 'tensorflow_core\\include\\tensorflow_core\\core\\platform'), ('c:\\users\\hatzakis group\\pycharmprojects\\deepfret-gui\\venv2\\lib\\site-packages\\tensorflow_core\\include\\tensorflow_core\\core\\platform\\setround.h', 'tensorflow_core\\include\\tensorflow_core\\core\\platform'), ('c:\\users\\hatzakis group\\pycharmprojects\\deepfret-gui\\venv2\\lib\\site-packages\\tensorflow_core\\include\\tensorflow_core\\core\\platform\\snappy.h', 'tensorflow_core\\include\\tensorflow_core\\core\\platform'), ('c:\\users\\hatzakis group\\pycharmprojects\\deepfret-gui\\venv2\\lib\\site-packages\\tensorflow_core\\include\\tensorflow_core\\core\\platform\\stacktrace.h', 'tensorflow_core\\include\\tensorflow_core\\core\\platform'), ('c:\\users\\hatzakis group\\pycharmprojects\\deepfret-gui\\venv2\\lib\\site-packages\\tensorflow_core\\include\\tensorflow_core\\core\\platform\\stacktrace_handler.h', 'tensorflow_core\\include\\tensorflow_core\\core\\platform'), ('c:\\users\\hatzakis group\\pycharmprojects\\deepfret-gui\\venv2\\lib\\site-packages\\tensorflow_core\\include\\tensorflow_core\\core\\platform\\stream_executor.h', 'tensorflow_core\\include\\tensorflow_core\\core\\platform'), ('c:\\users\\hatzakis group\\pycharmprojects\\deepfret-gui\\venv2\\lib\\site-packages\\tensorflow_core\\include\\tensorflow_core\\core\\platform\\stream_executor_no_cuda.h', 'tensorflow_core\\include\\tensorflow_core\\core\\platform'), ('c:\\users\\hatzakis group\\pycharmprojects\\deepfret-gui\\venv2\\lib\\site-packages\\tensorflow_core\\include\\tensorflow_core\\core\\platform\\strong_hash.h', 'tensorflow_core\\include\\tensorflow_core\\core\\platform'), ('c:\\users\\hatzakis group\\pycharmprojects\\deepfret-gui\\venv2\\lib\\site-packages\\tensorflow_core\\include\\tensorflow_core\\core\\platform\\subprocess.h', 'tensorflow_core\\include\\tensorflow_core\\core\\platform'), ('c:\\users\\hatzakis group\\pycharmprojects\\deepfret-gui\\venv2\\lib\\site-packages\\tensorflow_core\\include\\tensorflow_core\\core\\platform\\tensor_coding.h', 'tensorflow_core\\include\\tensorflow_core\\core\\platform'), ('c:\\users\\hatzakis group\\pycharmprojects\\deepfret-gui\\venv2\\lib\\site-packages\\tensorflow_core\\include\\tensorflow_core\\core\\platform\\test.h', 'tensorflow_core\\include\\tensorflow_core\\core\\platform'), ('c:\\users\\hatzakis group\\pycharmprojects\\deepfret-gui\\venv2\\lib\\site-packages\\tensorflow_core\\include\\tensorflow_core\\core\\platform\\test_benchmark.h', 'tensorflow_core\\include\\tensorflow_core\\core\\platform'), ('c:\\users\\hatzakis group\\pycharmprojects\\deepfret-gui\\venv2\\lib\\site-packages\\tensorflow_core\\include\\tensorflow_core\\core\\platform\\thread_annotations.h', 'tensorflow_core\\include\\tensorflow_core\\core\\platform'), ('c:\\users\\hatzakis group\\pycharmprojects\\deepfret-gui\\venv2\\lib\\site-packages\\tensorflow_core\\include\\tensorflow_core\\core\\platform\\tracing.h', 'tensorflow_core\\include\\tensorflow_core\\core\\platform'), ('c:\\users\\hatzakis group\\pycharmprojects\\deepfret-gui\\venv2\\lib\\site-packages\\tensorflow_core\\include\\tensorflow_core\\core\\platform\\tstring.h', 'tensorflow_core\\include\\tensorflow_core\\core\\platform'), ('c:\\users\\hatzakis group\\pycharmprojects\\deepfret-gui\\venv2\\lib\\site-packages\\tensorflow_core\\include\\tensorflow_core\\core\\platform\\types.h', 'tensorflow_core\\include\\tensorflow_core\\core\\platform'), ('c:\\users\\hatzakis group\\pycharmprojects\\deepfret-gui\\venv2\\lib\\site-packages\\tensorflow_core\\include\\tensorflow_core\\core\\platform\\unbounded_work_queue.h', 'tensorflow_core\\include\\tensorflow_core\\core\\platform'), ('c:\\users\\hatzakis group\\pycharmprojects\\deepfret-gui\\venv2\\lib\\site-packages\\tensorflow_core\\include\\tensorflow_core\\core\\platform\\default\\context.h', 'tensorflow_core\\include\\tensorflow_core\\core\\platform\\default'), ('c:\\users\\hatzakis group\\pycharmprojects\\deepfret-gui\\venv2\\lib\\site-packages\\tensorflow_core\\include\\tensorflow_core\\core\\platform\\default\\cord.h', 'tensorflow_core\\include\\tensorflow_core\\core\\platform\\default'), ('c:\\users\\hatzakis group\\pycharmprojects\\deepfret-gui\\venv2\\lib\\site-packages\\tensorflow_core\\include\\tensorflow_core\\core\\platform\\default\\dynamic_annotations.h', 'tensorflow_core\\include\\tensorflow_core\\core\\platform\\default'), ('c:\\users\\hatzakis group\\pycharmprojects\\deepfret-gui\\venv2\\lib\\site-packages\\tensorflow_core\\include\\tensorflow_core\\core\\platform\\default\\integral_types.h', 'tensorflow_core\\include\\tensorflow_core\\core\\platform\\default'), ('c:\\users\\hatzakis group\\pycharmprojects\\deepfret-gui\\venv2\\lib\\site-packages\\tensorflow_core\\include\\tensorflow_core\\core\\platform\\default\\logging.h', 'tensorflow_core\\include\\tensorflow_core\\core\\platform\\default'), ('c:\\users\\hatzakis group\\pycharmprojects\\deepfret-gui\\venv2\\lib\\site-packages\\tensorflow_core\\include\\tensorflow_core\\core\\platform\\default\\mutex.h', 'tensorflow_core\\include\\tensorflow_core\\core\\platform\\default'), ('c:\\users\\hatzakis group\\pycharmprojects\\deepfret-gui\\venv2\\lib\\site-packages\\tensorflow_core\\include\\tensorflow_core\\core\\platform\\default\\mutex_data.h', 'tensorflow_core\\include\\tensorflow_core\\core\\platform\\default'), ('c:\\users\\hatzakis group\\pycharmprojects\\deepfret-gui\\venv2\\lib\\site-packages\\tensorflow_core\\include\\tensorflow_core\\core\\platform\\default\\notification.h', 'tensorflow_core\\include\\tensorflow_core\\core\\platform\\default'), ('c:\\users\\hatzakis group\\pycharmprojects\\deepfret-gui\\venv2\\lib\\site-packages\\tensorflow_core\\include\\tensorflow_core\\core\\platform\\default\\stacktrace.h', 'tensorflow_core\\include\\tensorflow_core\\core\\platform\\default'), ('c:\\users\\hatzakis group\\pycharmprojects\\deepfret-gui\\venv2\\lib\\site-packages\\tensorflow_core\\include\\tensorflow_core\\core\\platform\\default\\strong_hash.h', 'tensorflow_core\\include\\tensorflow_core\\core\\platform\\default'), ('c:\\users\\hatzakis group\\pycharmprojects\\deepfret-gui\\venv2\\lib\\site-packages\\tensorflow_core\\include\\tensorflow_core\\core\\platform\\default\\thread_annotations.h', 'tensorflow_core\\include\\tensorflow_core\\core\\platform\\default'), ('c:\\users\\hatzakis group\\pycharmprojects\\deepfret-gui\\venv2\\lib\\site-packages\\tensorflow_core\\include\\tensorflow_core\\core\\platform\\default\\tracing_impl.h', 'tensorflow_core\\include\\tensorflow_core\\core\\platform\\default'), ('c:\\users\\hatzakis group\\pycharmprojects\\deepfret-gui\\venv2\\lib\\site-packages\\tensorflow_core\\include\\tensorflow_core\\core\\platform\\default\\unbounded_work_queue.h', 'tensorflow_core\\include\\tensorflow_core\\core\\platform\\default'), ('c:\\users\\hatzakis group\\pycharmprojects\\deepfret-gui\\venv2\\lib\\site-packages\\tensorflow_core\\include\\tensorflow_core\\core\\platform\\posix\\error.h', 'tensorflow_core\\include\\tensorflow_core\\core\\platform\\posix'), ('c:\\users\\hatzakis group\\pycharmprojects\\deepfret-gui\\venv2\\lib\\site-packages\\tensorflow_core\\include\\tensorflow_core\\core\\platform\\profile_utils\\android_armv7a_cpu_utils_helper.h', 'tensorflow_core\\include\\tensorflow_core\\core\\platform\\profile_utils'), ('c:\\users\\hatzakis group\\pycharmprojects\\deepfret-gui\\venv2\\lib\\site-packages\\tensorflow_core\\include\\tensorflow_core\\core\\platform\\profile_utils\\clock_cycle_profiler.h', 'tensorflow_core\\include\\tensorflow_core\\core\\platform\\profile_utils'), ('c:\\users\\hatzakis group\\pycharmprojects\\deepfret-gui\\venv2\\lib\\site-packages\\tensorflow_core\\include\\tensorflow_core\\core\\platform\\profile_utils\\cpu_utils.h', 'tensorflow_core\\include\\tensorflow_core\\core\\platform\\profile_utils'), ('c:\\users\\hatzakis group\\pycharmprojects\\deepfret-gui\\venv2\\lib\\site-packages\\tensorflow_core\\include\\tensorflow_core\\core\\platform\\profile_utils\\i_cpu_utils_helper.h', 'tensorflow_core\\include\\tensorflow_core\\core\\platform\\profile_utils'), ('c:\\users\\hatzakis group\\pycharmprojects\\deepfret-gui\\venv2\\lib\\site-packages\\tensorflow_core\\include\\tensorflow_core\\core\\platform\\windows\\cpu_info.h', 'tensorflow_core\\include\\tensorflow_core\\core\\platform\\windows'), ('c:\\users\\hatzakis group\\pycharmprojects\\deepfret-gui\\venv2\\lib\\site-packages\\tensorflow_core\\include\\tensorflow_core\\core\\platform\\windows\\error.h', 'tensorflow_core\\include\\tensorflow_core\\core\\platform\\windows'), ('c:\\users\\hatzakis group\\pycharmprojects\\deepfret-gui\\venv2\\lib\\site-packages\\tensorflow_core\\include\\tensorflow_core\\core\\platform\\windows\\integral_types.h', 'tensorflow_core\\include\\tensorflow_core\\core\\platform\\windows'), ('c:\\users\\hatzakis group\\pycharmprojects\\deepfret-gui\\venv2\\lib\\site-packages\\tensorflow_core\\include\\tensorflow_core\\core\\platform\\windows\\intrinsics_port.h', 'tensorflow_core\\include\\tensorflow_core\\core\\platform\\windows'), ('c:\\users\\hatzakis group\\pycharmprojects\\deepfret-gui\\venv2\\lib\\site-packages\\tensorflow_core\\include\\tensorflow_core\\core\\platform\\windows\\subprocess.h', 'tensorflow_core\\include\\tensorflow_core\\core\\platform\\windows'), ('c:\\users\\hatzakis group\\pycharmprojects\\deepfret-gui\\venv2\\lib\\site-packages\\tensorflow_core\\include\\tensorflow_core\\core\\platform\\windows\\wide_char.h', 'tensorflow_core\\include\\tensorflow_core\\core\\platform\\windows'), ('c:\\users\\hatzakis group\\pycharmprojects\\deepfret-gui\\venv2\\lib\\site-packages\\tensorflow_core\\include\\tensorflow_core\\core\\platform\\windows\\windows_file_system.h', 'tensorflow_core\\include\\tensorflow_core\\core\\platform\\windows'), ('c:\\users\\hatzakis group\\pycharmprojects\\deepfret-gui\\venv2\\lib\\site-packages\\tensorflow_core\\include\\tensorflow_core\\core\\profiler\\internal\\traceme_recorder.h', 'tensorflow_core\\include\\tensorflow_core\\core\\profiler\\internal'), ('c:\\users\\hatzakis group\\pycharmprojects\\deepfret-gui\\venv2\\lib\\site-packages\\tensorflow_core\\include\\tensorflow_core\\core\\profiler\\lib\\traceme.h', 'tensorflow_core\\include\\tensorflow_core\\core\\profiler\\lib'), ('c:\\users\\hatzakis group\\pycharmprojects\\deepfret-gui\\venv2\\lib\\site-packages\\tensorflow_core\\include\\tensorflow_core\\core\\protobuf\\autotuning.pb.h', 'tensorflow_core\\include\\tensorflow_core\\core\\protobuf'), ('c:\\users\\hatzakis group\\pycharmprojects\\deepfret-gui\\venv2\\lib\\site-packages\\tensorflow_core\\include\\tensorflow_core\\core\\protobuf\\cluster.pb.h', 'tensorflow_core\\include\\tensorflow_core\\core\\protobuf'), ('c:\\users\\hatzakis group\\pycharmprojects\\deepfret-gui\\venv2\\lib\\site-packages\\tensorflow_core\\include\\tensorflow_core\\core\\protobuf\\cluster.pb_text-impl.h', 'tensorflow_core\\include\\tensorflow_core\\core\\protobuf'), ('c:\\users\\hatzakis group\\pycharmprojects\\deepfret-gui\\venv2\\lib\\site-packages\\tensorflow_core\\include\\tensorflow_core\\core\\protobuf\\cluster.pb_text.h', 'tensorflow_core\\include\\tensorflow_core\\core\\protobuf'), ('c:\\users\\hatzakis group\\pycharmprojects\\deepfret-gui\\venv2\\lib\\site-packages\\tensorflow_core\\include\\tensorflow_core\\core\\protobuf\\config.pb.h', 'tensorflow_core\\include\\tensorflow_core\\core\\protobuf'), ('c:\\users\\hatzakis group\\pycharmprojects\\deepfret-gui\\venv2\\lib\\site-packages\\tensorflow_core\\include\\tensorflow_core\\core\\protobuf\\config.pb_text-impl.h', 'tensorflow_core\\include\\tensorflow_core\\core\\protobuf'), ('c:\\users\\hatzakis group\\pycharmprojects\\deepfret-gui\\venv2\\lib\\site-packages\\tensorflow_core\\include\\tensorflow_core\\core\\protobuf\\config.pb_text.h', 'tensorflow_core\\include\\tensorflow_core\\core\\protobuf'), ('c:\\users\\hatzakis group\\pycharmprojects\\deepfret-gui\\venv2\\lib\\site-packages\\tensorflow_core\\include\\tensorflow_core\\core\\protobuf\\control_flow.pb.h', 'tensorflow_core\\include\\tensorflow_core\\core\\protobuf'), ('c:\\users\\hatzakis group\\pycharmprojects\\deepfret-gui\\venv2\\lib\\site-packages\\tensorflow_core\\include\\tensorflow_core\\core\\protobuf\\conv_autotuning.pb.h', 'tensorflow_core\\include\\tensorflow_core\\core\\protobuf'), ('c:\\users\\hatzakis group\\pycharmprojects\\deepfret-gui\\venv2\\lib\\site-packages\\tensorflow_core\\include\\tensorflow_core\\core\\protobuf\\debug.pb.h', 'tensorflow_core\\include\\tensorflow_core\\core\\protobuf'), ('c:\\users\\hatzakis group\\pycharmprojects\\deepfret-gui\\venv2\\lib\\site-packages\\tensorflow_core\\include\\tensorflow_core\\core\\protobuf\\debug.pb_text-impl.h', 'tensorflow_core\\include\\tensorflow_core\\core\\protobuf'), ('c:\\users\\hatzakis group\\pycharmprojects\\deepfret-gui\\venv2\\lib\\site-packages\\tensorflow_core\\include\\tensorflow_core\\core\\protobuf\\debug.pb_text.h', 'tensorflow_core\\include\\tensorflow_core\\core\\protobuf'), ('c:\\users\\hatzakis group\\pycharmprojects\\deepfret-gui\\venv2\\lib\\site-packages\\tensorflow_core\\include\\tensorflow_core\\core\\protobuf\\device_properties.pb.h', 'tensorflow_core\\include\\tensorflow_core\\core\\protobuf'), ('c:\\users\\hatzakis group\\pycharmprojects\\deepfret-gui\\venv2\\lib\\site-packages\\tensorflow_core\\include\\tensorflow_core\\core\\protobuf\\device_properties.pb_text-impl.h', 'tensorflow_core\\include\\tensorflow_core\\core\\protobuf'), ('c:\\users\\hatzakis group\\pycharmprojects\\deepfret-gui\\venv2\\lib\\site-packages\\tensorflow_core\\include\\tensorflow_core\\core\\protobuf\\device_properties.pb_text.h', 'tensorflow_core\\include\\tensorflow_core\\core\\protobuf'), ('c:\\users\\hatzakis group\\pycharmprojects\\deepfret-gui\\venv2\\lib\\site-packages\\tensorflow_core\\include\\tensorflow_core\\core\\protobuf\\graph_debug_info.pb.h', 'tensorflow_core\\include\\tensorflow_core\\core\\protobuf'), ('c:\\users\\hatzakis group\\pycharmprojects\\deepfret-gui\\venv2\\lib\\site-packages\\tensorflow_core\\include\\tensorflow_core\\core\\protobuf\\graph_debug_info.pb_text-impl.h', 'tensorflow_core\\include\\tensorflow_core\\core\\protobuf'), ('c:\\users\\hatzakis group\\pycharmprojects\\deepfret-gui\\venv2\\lib\\site-packages\\tensorflow_core\\include\\tensorflow_core\\core\\protobuf\\graph_debug_info.pb_text.h', 'tensorflow_core\\include\\tensorflow_core\\core\\protobuf'), ('c:\\users\\hatzakis group\\pycharmprojects\\deepfret-gui\\venv2\\lib\\site-packages\\tensorflow_core\\include\\tensorflow_core\\core\\protobuf\\meta_graph.pb.h', 'tensorflow_core\\include\\tensorflow_core\\core\\protobuf'), ('c:\\users\\hatzakis group\\pycharmprojects\\deepfret-gui\\venv2\\lib\\site-packages\\tensorflow_core\\include\\tensorflow_core\\core\\protobuf\\named_tensor.pb.h', 'tensorflow_core\\include\\tensorflow_core\\core\\protobuf'), ('c:\\users\\hatzakis group\\pycharmprojects\\deepfret-gui\\venv2\\lib\\site-packages\\tensorflow_core\\include\\tensorflow_core\\core\\protobuf\\queue_runner.pb.h', 'tensorflow_core\\include\\tensorflow_core\\core\\protobuf'), ('c:\\users\\hatzakis group\\pycharmprojects\\deepfret-gui\\venv2\\lib\\site-packages\\tensorflow_core\\include\\tensorflow_core\\core\\protobuf\\queue_runner.pb_text-impl.h', 'tensorflow_core\\include\\tensorflow_core\\core\\protobuf'), ('c:\\users\\hatzakis group\\pycharmprojects\\deepfret-gui\\venv2\\lib\\site-packages\\tensorflow_core\\include\\tensorflow_core\\core\\protobuf\\queue_runner.pb_text.h', 'tensorflow_core\\include\\tensorflow_core\\core\\protobuf'), ('c:\\users\\hatzakis group\\pycharmprojects\\deepfret-gui\\venv2\\lib\\site-packages\\tensorflow_core\\include\\tensorflow_core\\core\\protobuf\\rewriter_config.pb.h', 'tensorflow_core\\include\\tensorflow_core\\core\\protobuf'), ('c:\\users\\hatzakis group\\pycharmprojects\\deepfret-gui\\venv2\\lib\\site-packages\\tensorflow_core\\include\\tensorflow_core\\core\\protobuf\\rewriter_config.pb_text-impl.h', 'tensorflow_core\\include\\tensorflow_core\\core\\protobuf'), ('c:\\users\\hatzakis group\\pycharmprojects\\deepfret-gui\\venv2\\lib\\site-packages\\tensorflow_core\\include\\tensorflow_core\\core\\protobuf\\rewriter_config.pb_text.h', 'tensorflow_core\\include\\tensorflow_core\\core\\protobuf'), ('c:\\users\\hatzakis group\\pycharmprojects\\deepfret-gui\\venv2\\lib\\site-packages\\tensorflow_core\\include\\tensorflow_core\\core\\protobuf\\saved_model.pb.h', 'tensorflow_core\\include\\tensorflow_core\\core\\protobuf'), ('c:\\users\\hatzakis group\\pycharmprojects\\deepfret-gui\\venv2\\lib\\site-packages\\tensorflow_core\\include\\tensorflow_core\\core\\protobuf\\saved_object_graph.pb.h', 'tensorflow_core\\include\\tensorflow_core\\core\\protobuf'), ('c:\\users\\hatzakis group\\pycharmprojects\\deepfret-gui\\venv2\\lib\\site-packages\\tensorflow_core\\include\\tensorflow_core\\core\\protobuf\\saver.pb.h', 'tensorflow_core\\include\\tensorflow_core\\core\\protobuf'), ('c:\\users\\hatzakis group\\pycharmprojects\\deepfret-gui\\venv2\\lib\\site-packages\\tensorflow_core\\include\\tensorflow_core\\core\\protobuf\\saver.pb_text-impl.h', 'tensorflow_core\\include\\tensorflow_core\\core\\protobuf'), ('c:\\users\\hatzakis group\\pycharmprojects\\deepfret-gui\\venv2\\lib\\site-packages\\tensorflow_core\\include\\tensorflow_core\\core\\protobuf\\saver.pb_text.h', 'tensorflow_core\\include\\tensorflow_core\\core\\protobuf'), ('c:\\users\\hatzakis group\\pycharmprojects\\deepfret-gui\\venv2\\lib\\site-packages\\tensorflow_core\\include\\tensorflow_core\\core\\protobuf\\struct.pb.h', 'tensorflow_core\\include\\tensorflow_core\\core\\protobuf'), ('c:\\users\\hatzakis group\\pycharmprojects\\deepfret-gui\\venv2\\lib\\site-packages\\tensorflow_core\\include\\tensorflow_core\\core\\protobuf\\tensorflow_server.pb.h', 'tensorflow_core\\include\\tensorflow_core\\core\\protobuf'), ('c:\\users\\hatzakis group\\pycharmprojects\\deepfret-gui\\venv2\\lib\\site-packages\\tensorflow_core\\include\\tensorflow_core\\core\\protobuf\\tensor_bundle.pb.h', 'tensorflow_core\\include\\tensorflow_core\\core\\protobuf'), ('c:\\users\\hatzakis group\\pycharmprojects\\deepfret-gui\\venv2\\lib\\site-packages\\tensorflow_core\\include\\tensorflow_core\\core\\protobuf\\tensor_bundle.pb_text-impl.h', 'tensorflow_core\\include\\tensorflow_core\\core\\protobuf'), ('c:\\users\\hatzakis group\\pycharmprojects\\deepfret-gui\\venv2\\lib\\site-packages\\tensorflow_core\\include\\tensorflow_core\\core\\protobuf\\tensor_bundle.pb_text.h', 'tensorflow_core\\include\\tensorflow_core\\core\\protobuf'), ('c:\\users\\hatzakis group\\pycharmprojects\\deepfret-gui\\venv2\\lib\\site-packages\\tensorflow_core\\include\\tensorflow_core\\core\\protobuf\\trace_events.pb.h', 'tensorflow_core\\include\\tensorflow_core\\core\\protobuf'), ('c:\\users\\hatzakis group\\pycharmprojects\\deepfret-gui\\venv2\\lib\\site-packages\\tensorflow_core\\include\\tensorflow_core\\core\\protobuf\\trace_events.pb_text-impl.h', 'tensorflow_core\\include\\tensorflow_core\\core\\protobuf'), ('c:\\users\\hatzakis group\\pycharmprojects\\deepfret-gui\\venv2\\lib\\site-packages\\tensorflow_core\\include\\tensorflow_core\\core\\protobuf\\trace_events.pb_text.h', 'tensorflow_core\\include\\tensorflow_core\\core\\protobuf'), ('c:\\users\\hatzakis group\\pycharmprojects\\deepfret-gui\\venv2\\lib\\site-packages\\tensorflow_core\\include\\tensorflow_core\\core\\protobuf\\trackable_object_graph.pb.h', 'tensorflow_core\\include\\tensorflow_core\\core\\protobuf'), ('c:\\users\\hatzakis group\\pycharmprojects\\deepfret-gui\\venv2\\lib\\site-packages\\tensorflow_core\\include\\tensorflow_core\\core\\protobuf\\transport_options.pb.h', 'tensorflow_core\\include\\tensorflow_core\\core\\protobuf'), ('c:\\users\\hatzakis group\\pycharmprojects\\deepfret-gui\\venv2\\lib\\site-packages\\tensorflow_core\\include\\tensorflow_core\\core\\protobuf\\verifier_config.pb.h', 'tensorflow_core\\include\\tensorflow_core\\core\\protobuf'), ('c:\\users\\hatzakis group\\pycharmprojects\\deepfret-gui\\venv2\\lib\\site-packages\\tensorflow_core\\include\\tensorflow_core\\core\\protobuf\\verifier_config.pb_text-impl.h', 'tensorflow_core\\include\\tensorflow_core\\core\\protobuf'), ('c:\\users\\hatzakis group\\pycharmprojects\\deepfret-gui\\venv2\\lib\\site-packages\\tensorflow_core\\include\\tensorflow_core\\core\\protobuf\\verifier_config.pb_text.h', 'tensorflow_core\\include\\tensorflow_core\\core\\protobuf'), ('c:\\users\\hatzakis group\\pycharmprojects\\deepfret-gui\\venv2\\lib\\site-packages\\tensorflow_core\\include\\tensorflow_core\\core\\protobuf\\data\\experimental\\snapshot.pb.h', 'tensorflow_core\\include\\tensorflow_core\\core\\protobuf\\data\\experimental'), ('c:\\users\\hatzakis group\\pycharmprojects\\deepfret-gui\\venv2\\lib\\site-packages\\tensorflow_core\\include\\tensorflow_core\\core\\public\\session.h', 'tensorflow_core\\include\\tensorflow_core\\core\\public'), ('c:\\users\\hatzakis group\\pycharmprojects\\deepfret-gui\\venv2\\lib\\site-packages\\tensorflow_core\\include\\tensorflow_core\\core\\public\\session_options.h', 'tensorflow_core\\include\\tensorflow_core\\core\\public'), ('c:\\users\\hatzakis group\\pycharmprojects\\deepfret-gui\\venv2\\lib\\site-packages\\tensorflow_core\\include\\tensorflow_core\\core\\public\\version.h', 'tensorflow_core\\include\\tensorflow_core\\core\\public'), ('c:\\users\\hatzakis group\\pycharmprojects\\deepfret-gui\\venv2\\lib\\site-packages\\tensorflow_core\\include\\tensorflow_core\\core\\util\\activation_mode.h', 'tensorflow_core\\include\\tensorflow_core\\core\\util'), ('c:\\users\\hatzakis group\\pycharmprojects\\deepfret-gui\\venv2\\lib\\site-packages\\tensorflow_core\\include\\tensorflow_core\\core\\util\\batch_util.h', 'tensorflow_core\\include\\tensorflow_core\\core\\util'), ('c:\\users\\hatzakis group\\pycharmprojects\\deepfret-gui\\venv2\\lib\\site-packages\\tensorflow_core\\include\\tensorflow_core\\core\\util\\bcast.h', 'tensorflow_core\\include\\tensorflow_core\\core\\util'), ('c:\\users\\hatzakis group\\pycharmprojects\\deepfret-gui\\venv2\\lib\\site-packages\\tensorflow_core\\include\\tensorflow_core\\core\\util\\command_line_flags.h', 'tensorflow_core\\include\\tensorflow_core\\core\\util'), ('c:\\users\\hatzakis group\\pycharmprojects\\deepfret-gui\\venv2\\lib\\site-packages\\tensorflow_core\\include\\tensorflow_core\\core\\util\\device_name_utils.h', 'tensorflow_core\\include\\tensorflow_core\\core\\util'), ('c:\\users\\hatzakis group\\pycharmprojects\\deepfret-gui\\venv2\\lib\\site-packages\\tensorflow_core\\include\\tensorflow_core\\core\\util\\dump_graph.h', 'tensorflow_core\\include\\tensorflow_core\\core\\util'), ('c:\\users\\hatzakis group\\pycharmprojects\\deepfret-gui\\venv2\\lib\\site-packages\\tensorflow_core\\include\\tensorflow_core\\core\\util\\einsum_op_util.h', 'tensorflow_core\\include\\tensorflow_core\\core\\util'), ('c:\\users\\hatzakis group\\pycharmprojects\\deepfret-gui\\venv2\\lib\\site-packages\\tensorflow_core\\include\\tensorflow_core\\core\\util\\env_var.h', 'tensorflow_core\\include\\tensorflow_core\\core\\util'), ('c:\\users\\hatzakis group\\pycharmprojects\\deepfret-gui\\venv2\\lib\\site-packages\\tensorflow_core\\include\\tensorflow_core\\core\\util\\equal_graph_def.h', 'tensorflow_core\\include\\tensorflow_core\\core\\util'), ('c:\\users\\hatzakis group\\pycharmprojects\\deepfret-gui\\venv2\\lib\\site-packages\\tensorflow_core\\include\\tensorflow_core\\core\\util\\event.pb.h', 'tensorflow_core\\include\\tensorflow_core\\core\\util'), ('c:\\users\\hatzakis group\\pycharmprojects\\deepfret-gui\\venv2\\lib\\site-packages\\tensorflow_core\\include\\tensorflow_core\\core\\util\\event.pb_text-impl.h', 'tensorflow_core\\include\\tensorflow_core\\core\\util'), ('c:\\users\\hatzakis group\\pycharmprojects\\deepfret-gui\\venv2\\lib\\site-packages\\tensorflow_core\\include\\tensorflow_core\\core\\util\\event.pb_text.h', 'tensorflow_core\\include\\tensorflow_core\\core\\util'), ('c:\\users\\hatzakis group\\pycharmprojects\\deepfret-gui\\venv2\\lib\\site-packages\\tensorflow_core\\include\\tensorflow_core\\core\\util\\events_writer.h', 'tensorflow_core\\include\\tensorflow_core\\core\\util'), ('c:\\users\\hatzakis group\\pycharmprojects\\deepfret-gui\\venv2\\lib\\site-packages\\tensorflow_core\\include\\tensorflow_core\\core\\util\\example_proto_fast_parsing.h', 'tensorflow_core\\include\\tensorflow_core\\core\\util'), ('c:\\users\\hatzakis group\\pycharmprojects\\deepfret-gui\\venv2\\lib\\site-packages\\tensorflow_core\\include\\tensorflow_core\\core\\util\\example_proto_helper.h', 'tensorflow_core\\include\\tensorflow_core\\core\\util'), ('c:\\users\\hatzakis group\\pycharmprojects\\deepfret-gui\\venv2\\lib\\site-packages\\tensorflow_core\\include\\tensorflow_core\\core\\util\\exec_on_stall.h', 'tensorflow_core\\include\\tensorflow_core\\core\\util'), ('c:\\users\\hatzakis group\\pycharmprojects\\deepfret-gui\\venv2\\lib\\site-packages\\tensorflow_core\\include\\tensorflow_core\\core\\util\\gpu_cuda_alias.h', 'tensorflow_core\\include\\tensorflow_core\\core\\util'), ('c:\\users\\hatzakis group\\pycharmprojects\\deepfret-gui\\venv2\\lib\\site-packages\\tensorflow_core\\include\\tensorflow_core\\core\\util\\gpu_device_functions.h', 'tensorflow_core\\include\\tensorflow_core\\core\\util'), ('c:\\users\\hatzakis group\\pycharmprojects\\deepfret-gui\\venv2\\lib\\site-packages\\tensorflow_core\\include\\tensorflow_core\\core\\util\\gpu_kernel_helper.h', 'tensorflow_core\\include\\tensorflow_core\\core\\util'), ('c:\\users\\hatzakis group\\pycharmprojects\\deepfret-gui\\venv2\\lib\\site-packages\\tensorflow_core\\include\\tensorflow_core\\core\\util\\gpu_launch_config.h', 'tensorflow_core\\include\\tensorflow_core\\core\\util'), ('c:\\users\\hatzakis group\\pycharmprojects\\deepfret-gui\\venv2\\lib\\site-packages\\tensorflow_core\\include\\tensorflow_core\\core\\util\\guarded_philox_random.h', 'tensorflow_core\\include\\tensorflow_core\\core\\util'), ('c:\\users\\hatzakis group\\pycharmprojects\\deepfret-gui\\venv2\\lib\\site-packages\\tensorflow_core\\include\\tensorflow_core\\core\\util\\matmul_autotune.h', 'tensorflow_core\\include\\tensorflow_core\\core\\util'), ('c:\\users\\hatzakis group\\pycharmprojects\\deepfret-gui\\venv2\\lib\\site-packages\\tensorflow_core\\include\\tensorflow_core\\core\\util\\matmul_bcast.h', 'tensorflow_core\\include\\tensorflow_core\\core\\util'), ('c:\\users\\hatzakis group\\pycharmprojects\\deepfret-gui\\venv2\\lib\\site-packages\\tensorflow_core\\include\\tensorflow_core\\core\\util\\memmapped_file_system.pb.h', 'tensorflow_core\\include\\tensorflow_core\\core\\util'), ('c:\\users\\hatzakis group\\pycharmprojects\\deepfret-gui\\venv2\\lib\\site-packages\\tensorflow_core\\include\\tensorflow_core\\core\\util\\memmapped_file_system.pb_text-impl.h', 'tensorflow_core\\include\\tensorflow_core\\core\\util'), ('c:\\users\\hatzakis group\\pycharmprojects\\deepfret-gui\\venv2\\lib\\site-packages\\tensorflow_core\\include\\tensorflow_core\\core\\util\\memmapped_file_system.pb_text.h', 'tensorflow_core\\include\\tensorflow_core\\core\\util'), ('c:\\users\\hatzakis group\\pycharmprojects\\deepfret-gui\\venv2\\lib\\site-packages\\tensorflow_core\\include\\tensorflow_core\\core\\util\\mirror_pad_mode.h', 'tensorflow_core\\include\\tensorflow_core\\core\\util'), ('c:\\users\\hatzakis group\\pycharmprojects\\deepfret-gui\\venv2\\lib\\site-packages\\tensorflow_core\\include\\tensorflow_core\\core\\util\\mkl_util.h', 'tensorflow_core\\include\\tensorflow_core\\core\\util'), ('c:\\users\\hatzakis group\\pycharmprojects\\deepfret-gui\\venv2\\lib\\site-packages\\tensorflow_core\\include\\tensorflow_core\\core\\util\\overflow.h', 'tensorflow_core\\include\\tensorflow_core\\core\\util'), ('c:\\users\\hatzakis group\\pycharmprojects\\deepfret-gui\\venv2\\lib\\site-packages\\tensorflow_core\\include\\tensorflow_core\\core\\util\\padding.h', 'tensorflow_core\\include\\tensorflow_core\\core\\util'), ('c:\\users\\hatzakis group\\pycharmprojects\\deepfret-gui\\venv2\\lib\\site-packages\\tensorflow_core\\include\\tensorflow_core\\core\\util\\permutation_input_iterator.h', 'tensorflow_core\\include\\tensorflow_core\\core\\util'), ('c:\\users\\hatzakis group\\pycharmprojects\\deepfret-gui\\venv2\\lib\\site-packages\\tensorflow_core\\include\\tensorflow_core\\core\\util\\permutation_output_iterator.h', 'tensorflow_core\\include\\tensorflow_core\\core\\util'), ('c:\\users\\hatzakis group\\pycharmprojects\\deepfret-gui\\venv2\\lib\\site-packages\\tensorflow_core\\include\\tensorflow_core\\core\\util\\port.h', 'tensorflow_core\\include\\tensorflow_core\\core\\util'), ('c:\\users\\hatzakis group\\pycharmprojects\\deepfret-gui\\venv2\\lib\\site-packages\\tensorflow_core\\include\\tensorflow_core\\core\\util\\presized_cuckoo_map.h', 'tensorflow_core\\include\\tensorflow_core\\core\\util'), ('c:\\users\\hatzakis group\\pycharmprojects\\deepfret-gui\\venv2\\lib\\site-packages\\tensorflow_core\\include\\tensorflow_core\\core\\util\\ptr_util.h', 'tensorflow_core\\include\\tensorflow_core\\core\\util'), ('c:\\users\\hatzakis group\\pycharmprojects\\deepfret-gui\\venv2\\lib\\site-packages\\tensorflow_core\\include\\tensorflow_core\\core\\util\\reffed_status_callback.h', 'tensorflow_core\\include\\tensorflow_core\\core\\util'), ('c:\\users\\hatzakis group\\pycharmprojects\\deepfret-gui\\venv2\\lib\\site-packages\\tensorflow_core\\include\\tensorflow_core\\core\\util\\saved_tensor_slice.pb.h', 'tensorflow_core\\include\\tensorflow_core\\core\\util'), ('c:\\users\\hatzakis group\\pycharmprojects\\deepfret-gui\\venv2\\lib\\site-packages\\tensorflow_core\\include\\tensorflow_core\\core\\util\\saved_tensor_slice.pb_text-impl.h', 'tensorflow_core\\include\\tensorflow_core\\core\\util'), ('c:\\users\\hatzakis group\\pycharmprojects\\deepfret-gui\\venv2\\lib\\site-packages\\tensorflow_core\\include\\tensorflow_core\\core\\util\\saved_tensor_slice.pb_text.h', 'tensorflow_core\\include\\tensorflow_core\\core\\util'), ('c:\\users\\hatzakis group\\pycharmprojects\\deepfret-gui\\venv2\\lib\\site-packages\\tensorflow_core\\include\\tensorflow_core\\core\\util\\saved_tensor_slice_util.h', 'tensorflow_core\\include\\tensorflow_core\\core\\util'), ('c:\\users\\hatzakis group\\pycharmprojects\\deepfret-gui\\venv2\\lib\\site-packages\\tensorflow_core\\include\\tensorflow_core\\core\\util\\stats_calculator.h', 'tensorflow_core\\include\\tensorflow_core\\core\\util'), ('c:\\users\\hatzakis group\\pycharmprojects\\deepfret-gui\\venv2\\lib\\site-packages\\tensorflow_core\\include\\tensorflow_core\\core\\util\\stat_summarizer.h', 'tensorflow_core\\include\\tensorflow_core\\core\\util'), ('c:\\users\\hatzakis group\\pycharmprojects\\deepfret-gui\\venv2\\lib\\site-packages\\tensorflow_core\\include\\tensorflow_core\\core\\util\\stat_summarizer_options.h', 'tensorflow_core\\include\\tensorflow_core\\core\\util'), ('c:\\users\\hatzakis group\\pycharmprojects\\deepfret-gui\\venv2\\lib\\site-packages\\tensorflow_core\\include\\tensorflow_core\\core\\util\\stream_executor_util.h', 'tensorflow_core\\include\\tensorflow_core\\core\\util'), ('c:\\users\\hatzakis group\\pycharmprojects\\deepfret-gui\\venv2\\lib\\site-packages\\tensorflow_core\\include\\tensorflow_core\\core\\util\\strided_slice_op.h', 'tensorflow_core\\include\\tensorflow_core\\core\\util'), ('c:\\users\\hatzakis group\\pycharmprojects\\deepfret-gui\\venv2\\lib\\site-packages\\tensorflow_core\\include\\tensorflow_core\\core\\util\\tensor_format.h', 'tensorflow_core\\include\\tensorflow_core\\core\\util'), ('c:\\users\\hatzakis group\\pycharmprojects\\deepfret-gui\\venv2\\lib\\site-packages\\tensorflow_core\\include\\tensorflow_core\\core\\util\\tensor_ops_util.h', 'tensorflow_core\\include\\tensorflow_core\\core\\util'), ('c:\\users\\hatzakis group\\pycharmprojects\\deepfret-gui\\venv2\\lib\\site-packages\\tensorflow_core\\include\\tensorflow_core\\core\\util\\tensor_slice_reader.h', 'tensorflow_core\\include\\tensorflow_core\\core\\util'), ('c:\\users\\hatzakis group\\pycharmprojects\\deepfret-gui\\venv2\\lib\\site-packages\\tensorflow_core\\include\\tensorflow_core\\core\\util\\tensor_slice_reader_cache.h', 'tensorflow_core\\include\\tensorflow_core\\core\\util'), ('c:\\users\\hatzakis group\\pycharmprojects\\deepfret-gui\\venv2\\lib\\site-packages\\tensorflow_core\\include\\tensorflow_core\\core\\util\\tensor_slice_set.h', 'tensorflow_core\\include\\tensorflow_core\\core\\util'), ('c:\\users\\hatzakis group\\pycharmprojects\\deepfret-gui\\venv2\\lib\\site-packages\\tensorflow_core\\include\\tensorflow_core\\core\\util\\tensor_slice_util.h', 'tensorflow_core\\include\\tensorflow_core\\core\\util'), ('c:\\users\\hatzakis group\\pycharmprojects\\deepfret-gui\\venv2\\lib\\site-packages\\tensorflow_core\\include\\tensorflow_core\\core\\util\\tensor_slice_writer.h', 'tensorflow_core\\include\\tensorflow_core\\core\\util'), ('c:\\users\\hatzakis group\\pycharmprojects\\deepfret-gui\\venv2\\lib\\site-packages\\tensorflow_core\\include\\tensorflow_core\\core\\util\\test_log.pb.h', 'tensorflow_core\\include\\tensorflow_core\\core\\util'), ('c:\\users\\hatzakis group\\pycharmprojects\\deepfret-gui\\venv2\\lib\\site-packages\\tensorflow_core\\include\\tensorflow_core\\core\\util\\transform_output_iterator.h', 'tensorflow_core\\include\\tensorflow_core\\core\\util'), ('c:\\users\\hatzakis group\\pycharmprojects\\deepfret-gui\\venv2\\lib\\site-packages\\tensorflow_core\\include\\tensorflow_core\\core\\util\\use_cudnn.h', 'tensorflow_core\\include\\tensorflow_core\\core\\util'), ('c:\\users\\hatzakis group\\pycharmprojects\\deepfret-gui\\venv2\\lib\\site-packages\\tensorflow_core\\include\\tensorflow_core\\core\\util\\util.h', 'tensorflow_core\\include\\tensorflow_core\\core\\util'), ('c:\\users\\hatzakis group\\pycharmprojects\\deepfret-gui\\venv2\\lib\\site-packages\\tensorflow_core\\include\\tensorflow_core\\core\\util\\work_sharder.h', 'tensorflow_core\\include\\tensorflow_core\\core\\util'), ('c:\\users\\hatzakis group\\pycharmprojects\\deepfret-gui\\venv2\\lib\\site-packages\\tensorflow_core\\include\\tensorflow_core\\core\\util\\sparse\\dim_comparator.h', 'tensorflow_core\\include\\tensorflow_core\\core\\util\\sparse'), ('c:\\users\\hatzakis group\\pycharmprojects\\deepfret-gui\\venv2\\lib\\site-packages\\tensorflow_core\\include\\tensorflow_core\\core\\util\\sparse\\group_iterator.h', 'tensorflow_core\\include\\tensorflow_core\\core\\util\\sparse'), ('c:\\users\\hatzakis group\\pycharmprojects\\deepfret-gui\\venv2\\lib\\site-packages\\tensorflow_core\\include\\tensorflow_core\\core\\util\\sparse\\sparse_tensor.h', 'tensorflow_core\\include\\tensorflow_core\\core\\util\\sparse'), ('c:\\users\\hatzakis group\\pycharmprojects\\deepfret-gui\\venv2\\lib\\site-packages\\tensorflow_core\\include\\tensorflow_core\\include\\external\\eigen_archive\\COPYING.MPL2', 'tensorflow_core\\include\\tensorflow_core\\include\\external\\eigen_archive'), ('c:\\users\\hatzakis group\\pycharmprojects\\deepfret-gui\\venv2\\lib\\site-packages\\tensorflow_core\\include\\tensorflow_core\\stream_executor\\allocator_stats.h', 'tensorflow_core\\include\\tensorflow_core\\stream_executor'), ('c:\\users\\hatzakis group\\pycharmprojects\\deepfret-gui\\venv2\\lib\\site-packages\\tensorflow_core\\include\\tensorflow_core\\stream_executor\\blas.h', 'tensorflow_core\\include\\tensorflow_core\\stream_executor'), ('c:\\users\\hatzakis group\\pycharmprojects\\deepfret-gui\\venv2\\lib\\site-packages\\tensorflow_core\\include\\tensorflow_core\\stream_executor\\device_description.h', 'tensorflow_core\\include\\tensorflow_core\\stream_executor'), ('c:\\users\\hatzakis group\\pycharmprojects\\deepfret-gui\\venv2\\lib\\site-packages\\tensorflow_core\\include\\tensorflow_core\\stream_executor\\device_memory.h', 'tensorflow_core\\include\\tensorflow_core\\stream_executor'), ('c:\\users\\hatzakis group\\pycharmprojects\\deepfret-gui\\venv2\\lib\\site-packages\\tensorflow_core\\include\\tensorflow_core\\stream_executor\\device_memory_allocator.h', 'tensorflow_core\\include\\tensorflow_core\\stream_executor'), ('c:\\users\\hatzakis group\\pycharmprojects\\deepfret-gui\\venv2\\lib\\site-packages\\tensorflow_core\\include\\tensorflow_core\\stream_executor\\device_options.h', 'tensorflow_core\\include\\tensorflow_core\\stream_executor'), ('c:\\users\\hatzakis group\\pycharmprojects\\deepfret-gui\\venv2\\lib\\site-packages\\tensorflow_core\\include\\tensorflow_core\\stream_executor\\dnn.h', 'tensorflow_core\\include\\tensorflow_core\\stream_executor'), ('c:\\users\\hatzakis group\\pycharmprojects\\deepfret-gui\\venv2\\lib\\site-packages\\tensorflow_core\\include\\tensorflow_core\\stream_executor\\dnn.pb.h', 'tensorflow_core\\include\\tensorflow_core\\stream_executor'), ('c:\\users\\hatzakis group\\pycharmprojects\\deepfret-gui\\venv2\\lib\\site-packages\\tensorflow_core\\include\\tensorflow_core\\stream_executor\\event.h', 'tensorflow_core\\include\\tensorflow_core\\stream_executor'), ('c:\\users\\hatzakis group\\pycharmprojects\\deepfret-gui\\venv2\\lib\\site-packages\\tensorflow_core\\include\\tensorflow_core\\stream_executor\\executor_cache.h', 'tensorflow_core\\include\\tensorflow_core\\stream_executor'), ('c:\\users\\hatzakis group\\pycharmprojects\\deepfret-gui\\venv2\\lib\\site-packages\\tensorflow_core\\include\\tensorflow_core\\stream_executor\\fft.h', 'tensorflow_core\\include\\tensorflow_core\\stream_executor'), ('c:\\users\\hatzakis group\\pycharmprojects\\deepfret-gui\\venv2\\lib\\site-packages\\tensorflow_core\\include\\tensorflow_core\\stream_executor\\gpu_launch_dim.h', 'tensorflow_core\\include\\tensorflow_core\\stream_executor'), ('c:\\users\\hatzakis group\\pycharmprojects\\deepfret-gui\\venv2\\lib\\site-packages\\tensorflow_core\\include\\tensorflow_core\\stream_executor\\host_or_device_scalar.h', 'tensorflow_core\\include\\tensorflow_core\\stream_executor'), ('c:\\users\\hatzakis group\\pycharmprojects\\deepfret-gui\\venv2\\lib\\site-packages\\tensorflow_core\\include\\tensorflow_core\\stream_executor\\kernel.h', 'tensorflow_core\\include\\tensorflow_core\\stream_executor'), ('c:\\users\\hatzakis group\\pycharmprojects\\deepfret-gui\\venv2\\lib\\site-packages\\tensorflow_core\\include\\tensorflow_core\\stream_executor\\kernel_cache_config.h', 'tensorflow_core\\include\\tensorflow_core\\stream_executor'), ('c:\\users\\hatzakis group\\pycharmprojects\\deepfret-gui\\venv2\\lib\\site-packages\\tensorflow_core\\include\\tensorflow_core\\stream_executor\\kernel_spec.h', 'tensorflow_core\\include\\tensorflow_core\\stream_executor'), ('c:\\users\\hatzakis group\\pycharmprojects\\deepfret-gui\\venv2\\lib\\site-packages\\tensorflow_core\\include\\tensorflow_core\\stream_executor\\launch_dim.h', 'tensorflow_core\\include\\tensorflow_core\\stream_executor'), ('c:\\users\\hatzakis group\\pycharmprojects\\deepfret-gui\\venv2\\lib\\site-packages\\tensorflow_core\\include\\tensorflow_core\\stream_executor\\module_spec.h', 'tensorflow_core\\include\\tensorflow_core\\stream_executor'), ('c:\\users\\hatzakis group\\pycharmprojects\\deepfret-gui\\venv2\\lib\\site-packages\\tensorflow_core\\include\\tensorflow_core\\stream_executor\\multi_platform_manager.h', 'tensorflow_core\\include\\tensorflow_core\\stream_executor'), ('c:\\users\\hatzakis group\\pycharmprojects\\deepfret-gui\\venv2\\lib\\site-packages\\tensorflow_core\\include\\tensorflow_core\\stream_executor\\platform.h', 'tensorflow_core\\include\\tensorflow_core\\stream_executor'), ('c:\\users\\hatzakis group\\pycharmprojects\\deepfret-gui\\venv2\\lib\\site-packages\\tensorflow_core\\include\\tensorflow_core\\stream_executor\\plugin.h', 'tensorflow_core\\include\\tensorflow_core\\stream_executor'), ('c:\\users\\hatzakis group\\pycharmprojects\\deepfret-gui\\venv2\\lib\\site-packages\\tensorflow_core\\include\\tensorflow_core\\stream_executor\\plugin_registry.h', 'tensorflow_core\\include\\tensorflow_core\\stream_executor'), ('c:\\users\\hatzakis group\\pycharmprojects\\deepfret-gui\\venv2\\lib\\site-packages\\tensorflow_core\\include\\tensorflow_core\\stream_executor\\rng.h', 'tensorflow_core\\include\\tensorflow_core\\stream_executor'), ('c:\\users\\hatzakis group\\pycharmprojects\\deepfret-gui\\venv2\\lib\\site-packages\\tensorflow_core\\include\\tensorflow_core\\stream_executor\\scratch_allocator.h', 'tensorflow_core\\include\\tensorflow_core\\stream_executor'), ('c:\\users\\hatzakis group\\pycharmprojects\\deepfret-gui\\venv2\\lib\\site-packages\\tensorflow_core\\include\\tensorflow_core\\stream_executor\\shared_memory_config.h', 'tensorflow_core\\include\\tensorflow_core\\stream_executor'), ('c:\\users\\hatzakis group\\pycharmprojects\\deepfret-gui\\venv2\\lib\\site-packages\\tensorflow_core\\include\\tensorflow_core\\stream_executor\\stream.h', 'tensorflow_core\\include\\tensorflow_core\\stream_executor'), ('c:\\users\\hatzakis group\\pycharmprojects\\deepfret-gui\\venv2\\lib\\site-packages\\tensorflow_core\\include\\tensorflow_core\\stream_executor\\stream_executor.h', 'tensorflow_core\\include\\tensorflow_core\\stream_executor'), ('c:\\users\\hatzakis group\\pycharmprojects\\deepfret-gui\\venv2\\lib\\site-packages\\tensorflow_core\\include\\tensorflow_core\\stream_executor\\stream_executor_internal.h', 'tensorflow_core\\include\\tensorflow_core\\stream_executor'), ('c:\\users\\hatzakis group\\pycharmprojects\\deepfret-gui\\venv2\\lib\\site-packages\\tensorflow_core\\include\\tensorflow_core\\stream_executor\\stream_executor_pimpl.h', 'tensorflow_core\\include\\tensorflow_core\\stream_executor'), ('c:\\users\\hatzakis group\\pycharmprojects\\deepfret-gui\\venv2\\lib\\site-packages\\tensorflow_core\\include\\tensorflow_core\\stream_executor\\temporary_device_memory.h', 'tensorflow_core\\include\\tensorflow_core\\stream_executor'), ('c:\\users\\hatzakis group\\pycharmprojects\\deepfret-gui\\venv2\\lib\\site-packages\\tensorflow_core\\include\\tensorflow_core\\stream_executor\\temporary_memory_manager.h', 'tensorflow_core\\include\\tensorflow_core\\stream_executor'), ('c:\\users\\hatzakis group\\pycharmprojects\\deepfret-gui\\venv2\\lib\\site-packages\\tensorflow_core\\include\\tensorflow_core\\stream_executor\\timer.h', 'tensorflow_core\\include\\tensorflow_core\\stream_executor'), ('c:\\users\\hatzakis group\\pycharmprojects\\deepfret-gui\\venv2\\lib\\site-packages\\tensorflow_core\\include\\tensorflow_core\\stream_executor\\trace_listener.h', 'tensorflow_core\\include\\tensorflow_core\\stream_executor'), ('c:\\users\\hatzakis group\\pycharmprojects\\deepfret-gui\\venv2\\lib\\site-packages\\tensorflow_core\\include\\tensorflow_core\\stream_executor\\cuda\\cuda_platform_id.h', 'tensorflow_core\\include\\tensorflow_core\\stream_executor\\cuda'), ('c:\\users\\hatzakis group\\pycharmprojects\\deepfret-gui\\venv2\\lib\\site-packages\\tensorflow_core\\include\\tensorflow_core\\stream_executor\\host\\host_platform_id.h', 'tensorflow_core\\include\\tensorflow_core\\stream_executor\\host'), ('c:\\users\\hatzakis group\\pycharmprojects\\deepfret-gui\\venv2\\lib\\site-packages\\tensorflow_core\\include\\tensorflow_core\\stream_executor\\lib\\array_slice.h', 'tensorflow_core\\include\\tensorflow_core\\stream_executor\\lib'), ('c:\\users\\hatzakis group\\pycharmprojects\\deepfret-gui\\venv2\\lib\\site-packages\\tensorflow_core\\include\\tensorflow_core\\stream_executor\\lib\\demangle.h', 'tensorflow_core\\include\\tensorflow_core\\stream_executor\\lib'), ('c:\\users\\hatzakis group\\pycharmprojects\\deepfret-gui\\venv2\\lib\\site-packages\\tensorflow_core\\include\\tensorflow_core\\stream_executor\\lib\\env.h', 'tensorflow_core\\include\\tensorflow_core\\stream_executor\\lib'), ('c:\\users\\hatzakis group\\pycharmprojects\\deepfret-gui\\venv2\\lib\\site-packages\\tensorflow_core\\include\\tensorflow_core\\stream_executor\\lib\\error.h', 'tensorflow_core\\include\\tensorflow_core\\stream_executor\\lib'), ('c:\\users\\hatzakis group\\pycharmprojects\\deepfret-gui\\venv2\\lib\\site-packages\\tensorflow_core\\include\\tensorflow_core\\stream_executor\\lib\\human_readable.h', 'tensorflow_core\\include\\tensorflow_core\\stream_executor\\lib'), ('c:\\users\\hatzakis group\\pycharmprojects\\deepfret-gui\\venv2\\lib\\site-packages\\tensorflow_core\\include\\tensorflow_core\\stream_executor\\lib\\initialize.h', 'tensorflow_core\\include\\tensorflow_core\\stream_executor\\lib'), ('c:\\users\\hatzakis group\\pycharmprojects\\deepfret-gui\\venv2\\lib\\site-packages\\tensorflow_core\\include\\tensorflow_core\\stream_executor\\lib\\mathutil.h', 'tensorflow_core\\include\\tensorflow_core\\stream_executor\\lib'), ('c:\\users\\hatzakis group\\pycharmprojects\\deepfret-gui\\venv2\\lib\\site-packages\\tensorflow_core\\include\\tensorflow_core\\stream_executor\\lib\\numbers.h', 'tensorflow_core\\include\\tensorflow_core\\stream_executor\\lib'), ('c:\\users\\hatzakis group\\pycharmprojects\\deepfret-gui\\venv2\\lib\\site-packages\\tensorflow_core\\include\\tensorflow_core\\stream_executor\\lib\\path.h', 'tensorflow_core\\include\\tensorflow_core\\stream_executor\\lib'), ('c:\\users\\hatzakis group\\pycharmprojects\\deepfret-gui\\venv2\\lib\\site-packages\\tensorflow_core\\include\\tensorflow_core\\stream_executor\\lib\\process_state.h', 'tensorflow_core\\include\\tensorflow_core\\stream_executor\\lib'), ('c:\\users\\hatzakis group\\pycharmprojects\\deepfret-gui\\venv2\\lib\\site-packages\\tensorflow_core\\include\\tensorflow_core\\stream_executor\\lib\\stacktrace.h', 'tensorflow_core\\include\\tensorflow_core\\stream_executor\\lib'), ('c:\\users\\hatzakis group\\pycharmprojects\\deepfret-gui\\venv2\\lib\\site-packages\\tensorflow_core\\include\\tensorflow_core\\stream_executor\\lib\\static_threadlocal.h', 'tensorflow_core\\include\\tensorflow_core\\stream_executor\\lib'), ('c:\\users\\hatzakis group\\pycharmprojects\\deepfret-gui\\venv2\\lib\\site-packages\\tensorflow_core\\include\\tensorflow_core\\stream_executor\\lib\\status.h', 'tensorflow_core\\include\\tensorflow_core\\stream_executor\\lib'), ('c:\\users\\hatzakis group\\pycharmprojects\\deepfret-gui\\venv2\\lib\\site-packages\\tensorflow_core\\include\\tensorflow_core\\stream_executor\\lib\\statusor.h', 'tensorflow_core\\include\\tensorflow_core\\stream_executor\\lib'), ('c:\\users\\hatzakis group\\pycharmprojects\\deepfret-gui\\venv2\\lib\\site-packages\\tensorflow_core\\include\\tensorflow_core\\stream_executor\\lib\\statusor_internals.h', 'tensorflow_core\\include\\tensorflow_core\\stream_executor\\lib'), ('c:\\users\\hatzakis group\\pycharmprojects\\deepfret-gui\\venv2\\lib\\site-packages\\tensorflow_core\\include\\tensorflow_core\\stream_executor\\lib\\status_macros.h', 'tensorflow_core\\include\\tensorflow_core\\stream_executor\\lib'), ('c:\\users\\hatzakis group\\pycharmprojects\\deepfret-gui\\venv2\\lib\\site-packages\\tensorflow_core\\include\\tensorflow_core\\stream_executor\\lib\\threadpool.h', 'tensorflow_core\\include\\tensorflow_core\\stream_executor\\lib'), ('c:\\users\\hatzakis group\\pycharmprojects\\deepfret-gui\\venv2\\lib\\site-packages\\tensorflow_core\\include\\tensorflow_core\\stream_executor\\lib\\thread_options.h', 'tensorflow_core\\include\\tensorflow_core\\stream_executor\\lib'), ('c:\\users\\hatzakis group\\pycharmprojects\\deepfret-gui\\venv2\\lib\\site-packages\\tensorflow_core\\include\\tensorflow_core\\stream_executor\\platform\\dso_loader.h', 'tensorflow_core\\include\\tensorflow_core\\stream_executor\\platform'), ('c:\\users\\hatzakis group\\pycharmprojects\\deepfret-gui\\venv2\\lib\\site-packages\\tensorflow_core\\include\\tensorflow_core\\stream_executor\\platform\\initialize.h', 'tensorflow_core\\include\\tensorflow_core\\stream_executor\\platform'), ('c:\\users\\hatzakis group\\pycharmprojects\\deepfret-gui\\venv2\\lib\\site-packages\\tensorflow_core\\include\\tensorflow_core\\stream_executor\\platform\\logging.h', 'tensorflow_core\\include\\tensorflow_core\\stream_executor\\platform'), ('c:\\users\\hatzakis group\\pycharmprojects\\deepfret-gui\\venv2\\lib\\site-packages\\tensorflow_core\\include\\tensorflow_core\\stream_executor\\platform\\platform.h', 'tensorflow_core\\include\\tensorflow_core\\stream_executor\\platform'), ('c:\\users\\hatzakis group\\pycharmprojects\\deepfret-gui\\venv2\\lib\\site-packages\\tensorflow_core\\include\\tensorflow_core\\stream_executor\\platform\\port.h', 'tensorflow_core\\include\\tensorflow_core\\stream_executor\\platform'), ('c:\\users\\hatzakis group\\pycharmprojects\\deepfret-gui\\venv2\\lib\\site-packages\\tensorflow_core\\include\\tensorflow_core\\stream_executor\\platform\\thread_annotations.h', 'tensorflow_core\\include\\tensorflow_core\\stream_executor\\platform'), ('c:\\users\\hatzakis group\\pycharmprojects\\deepfret-gui\\venv2\\lib\\site-packages\\tensorflow_core\\include\\tensorflow_core\\stream_executor\\platform\\default\\dso_loader.h', 'tensorflow_core\\include\\tensorflow_core\\stream_executor\\platform\\default'), ('c:\\users\\hatzakis group\\pycharmprojects\\deepfret-gui\\venv2\\lib\\site-packages\\tensorflow_core\\include\\tensorflow_core\\stream_executor\\platform\\default\\initialize.h', 'tensorflow_core\\include\\tensorflow_core\\stream_executor\\platform\\default'), ('c:\\users\\hatzakis group\\pycharmprojects\\deepfret-gui\\venv2\\lib\\site-packages\\tensorflow_core\\include\\tensorflow_core\\stream_executor\\rocm\\rocm_platform_id.h', 'tensorflow_core\\include\\tensorflow_core\\stream_executor\\rocm'), ('c:\\users\\hatzakis group\\pycharmprojects\\deepfret-gui\\venv2\\lib\\site-packages\\tensorflow_core\\include\\third_party\\eigen3\\LICENSE', 'tensorflow_core\\include\\third_party\\eigen3'), ('c:\\users\\hatzakis group\\pycharmprojects\\deepfret-gui\\venv2\\lib\\site-packages\\tensorflow_core\\include\\third_party\\eigen3\\Eigen\\Cholesky', 'tensorflow_core\\include\\third_party\\eigen3\\Eigen'), ('c:\\users\\hatzakis group\\pycharmprojects\\deepfret-gui\\venv2\\lib\\site-packages\\tensorflow_core\\include\\third_party\\eigen3\\Eigen\\Core', 'tensorflow_core\\include\\third_party\\eigen3\\Eigen'), ('c:\\users\\hatzakis group\\pycharmprojects\\deepfret-gui\\venv2\\lib\\site-packages\\tensorflow_core\\include\\third_party\\eigen3\\Eigen\\Eigenvalues', 'tensorflow_core\\include\\third_party\\eigen3\\Eigen'), ('c:\\users\\hatzakis group\\pycharmprojects\\deepfret-gui\\venv2\\lib\\site-packages\\tensorflow_core\\include\\third_party\\eigen3\\Eigen\\LU', 'tensorflow_core\\include\\third_party\\eigen3\\Eigen'), ('c:\\users\\hatzakis group\\pycharmprojects\\deepfret-gui\\venv2\\lib\\site-packages\\tensorflow_core\\include\\third_party\\eigen3\\Eigen\\QR', 'tensorflow_core\\include\\third_party\\eigen3\\Eigen'), ('c:\\users\\hatzakis group\\pycharmprojects\\deepfret-gui\\venv2\\lib\\site-packages\\tensorflow_core\\include\\third_party\\eigen3\\Eigen\\SVD', 'tensorflow_core\\include\\third_party\\eigen3\\Eigen'), ('c:\\users\\hatzakis group\\pycharmprojects\\deepfret-gui\\venv2\\lib\\site-packages\\tensorflow_core\\include\\third_party\\eigen3\\unsupported\\Eigen\\MatrixFunctions', 'tensorflow_core\\include\\third_party\\eigen3\\unsupported\\Eigen'), ('c:\\users\\hatzakis group\\pycharmprojects\\deepfret-gui\\venv2\\lib\\site-packages\\tensorflow_core\\include\\third_party\\eigen3\\unsupported\\Eigen\\SpecialFunctions', 'tensorflow_core\\include\\third_party\\eigen3\\unsupported\\Eigen'), ('c:\\users\\hatzakis group\\pycharmprojects\\deepfret-gui\\venv2\\lib\\site-packages\\tensorflow_core\\include\\third_party\\eigen3\\unsupported\\Eigen\\CXX11\\FixedPoint', 'tensorflow_core\\include\\third_party\\eigen3\\unsupported\\Eigen\\CXX11'), ('c:\\users\\hatzakis group\\pycharmprojects\\deepfret-gui\\venv2\\lib\\site-packages\\tensorflow_core\\include\\third_party\\eigen3\\unsupported\\Eigen\\CXX11\\Tensor', 'tensorflow_core\\include\\third_party\\eigen3\\unsupported\\Eigen\\CXX11'), ('c:\\users\\hatzakis group\\pycharmprojects\\deepfret-gui\\venv2\\lib\\site-packages\\tensorflow_core\\include\\third_party\\eigen3\\unsupported\\Eigen\\CXX11\\ThreadPool', 'tensorflow_core\\include\\third_party\\eigen3\\unsupported\\Eigen\\CXX11'), ('c:\\users\\hatzakis group\\pycharmprojects\\deepfret-gui\\venv2\\lib\\site-packages\\tensorflow_core\\include\\third_party\\eigen3\\unsupported\\Eigen\\CXX11\\src\\FixedPoint\\FixedPointTypes.h', 'tensorflow_core\\include\\third_party\\eigen3\\unsupported\\Eigen\\CXX11\\src\\FixedPoint'), ('c:\\users\\hatzakis group\\pycharmprojects\\deepfret-gui\\venv2\\lib\\site-packages\\tensorflow_core\\include\\third_party\\eigen3\\unsupported\\Eigen\\CXX11\\src\\FixedPoint\\MatMatProduct.h', 'tensorflow_core\\include\\third_party\\eigen3\\unsupported\\Eigen\\CXX11\\src\\FixedPoint'), ('c:\\users\\hatzakis group\\pycharmprojects\\deepfret-gui\\venv2\\lib\\site-packages\\tensorflow_core\\include\\third_party\\eigen3\\unsupported\\Eigen\\CXX11\\src\\FixedPoint\\MatMatProductAVX2.h', 'tensorflow_core\\include\\third_party\\eigen3\\unsupported\\Eigen\\CXX11\\src\\FixedPoint'), ('c:\\users\\hatzakis group\\pycharmprojects\\deepfret-gui\\venv2\\lib\\site-packages\\tensorflow_core\\include\\third_party\\eigen3\\unsupported\\Eigen\\CXX11\\src\\FixedPoint\\MatMatProductNEON.h', 'tensorflow_core\\include\\third_party\\eigen3\\unsupported\\Eigen\\CXX11\\src\\FixedPoint'), ('c:\\users\\hatzakis group\\pycharmprojects\\deepfret-gui\\venv2\\lib\\site-packages\\tensorflow_core\\include\\third_party\\eigen3\\unsupported\\Eigen\\CXX11\\src\\FixedPoint\\MatVecProduct.h', 'tensorflow_core\\include\\third_party\\eigen3\\unsupported\\Eigen\\CXX11\\src\\FixedPoint'), ('c:\\users\\hatzakis group\\pycharmprojects\\deepfret-gui\\venv2\\lib\\site-packages\\tensorflow_core\\include\\third_party\\eigen3\\unsupported\\Eigen\\CXX11\\src\\FixedPoint\\PacketMathAVX2.h', 'tensorflow_core\\include\\third_party\\eigen3\\unsupported\\Eigen\\CXX11\\src\\FixedPoint'), ('c:\\users\\hatzakis group\\pycharmprojects\\deepfret-gui\\venv2\\lib\\site-packages\\tensorflow_core\\include\\third_party\\eigen3\\unsupported\\Eigen\\CXX11\\src\\FixedPoint\\PacketMathAVX512.h', 'tensorflow_core\\include\\third_party\\eigen3\\unsupported\\Eigen\\CXX11\\src\\FixedPoint'), ('c:\\users\\hatzakis group\\pycharmprojects\\deepfret-gui\\venv2\\lib\\site-packages\\tensorflow_core\\include\\third_party\\eigen3\\unsupported\\Eigen\\CXX11\\src\\FixedPoint\\TypeCastingAVX2.h', 'tensorflow_core\\include\\third_party\\eigen3\\unsupported\\Eigen\\CXX11\\src\\FixedPoint'), ('c:\\users\\hatzakis group\\pycharmprojects\\deepfret-gui\\venv2\\lib\\site-packages\\tensorflow_core\\include\\third_party\\eigen3\\unsupported\\Eigen\\CXX11\\src\\FixedPoint\\TypeCastingAVX512.h', 'tensorflow_core\\include\\third_party\\eigen3\\unsupported\\Eigen\\CXX11\\src\\FixedPoint'), ('c:\\users\\hatzakis group\\pycharmprojects\\deepfret-gui\\venv2\\lib\\site-packages\\tensorflow_core\\include\\unsupported\\Eigen\\FFT', 'tensorflow_core\\include\\unsupported\\Eigen'), ('c:\\users\\hatzakis group\\pycharmprojects\\deepfret-gui\\venv2\\lib\\site-packages\\tensorflow_core\\include\\unsupported\\Eigen\\KroneckerProduct', 'tensorflow_core\\include\\unsupported\\Eigen'), ('c:\\users\\hatzakis group\\pycharmprojects\\deepfret-gui\\venv2\\lib\\site-packages\\tensorflow_core\\include\\unsupported\\Eigen\\MatrixFunctions', 'tensorflow_core\\include\\unsupported\\Eigen'), ('c:\\users\\hatzakis group\\pycharmprojects\\deepfret-gui\\venv2\\lib\\site-packages\\tensorflow_core\\include\\unsupported\\Eigen\\SpecialFunctions', 'tensorflow_core\\include\\unsupported\\Eigen'), ('c:\\users\\hatzakis group\\pycharmprojects\\deepfret-gui\\venv2\\lib\\site-packages\\tensorflow_core\\include\\unsupported\\Eigen\\CXX11\\CMakeLists.txt', 'tensorflow_core\\include\\unsupported\\Eigen\\CXX11'), ('c:\\users\\hatzakis group\\pycharmprojects\\deepfret-gui\\venv2\\lib\\site-packages\\tensorflow_core\\include\\unsupported\\Eigen\\CXX11\\Tensor', 'tensorflow_core\\include\\unsupported\\Eigen\\CXX11'), ('c:\\users\\hatzakis group\\pycharmprojects\\deepfret-gui\\venv2\\lib\\site-packages\\tensorflow_core\\include\\unsupported\\Eigen\\CXX11\\TensorSymmetry', 'tensorflow_core\\include\\unsupported\\Eigen\\CXX11'), ('c:\\users\\hatzakis group\\pycharmprojects\\deepfret-gui\\venv2\\lib\\site-packages\\tensorflow_core\\include\\unsupported\\Eigen\\CXX11\\ThreadPool', 'tensorflow_core\\include\\unsupported\\Eigen\\CXX11'), ('c:\\users\\hatzakis group\\pycharmprojects\\deepfret-gui\\venv2\\lib\\site-packages\\tensorflow_core\\include\\unsupported\\Eigen\\CXX11\\src\\Tensor\\README.md', 'tensorflow_core\\include\\unsupported\\Eigen\\CXX11\\src\\Tensor'), ('c:\\users\\hatzakis group\\pycharmprojects\\deepfret-gui\\venv2\\lib\\site-packages\\tensorflow_core\\include\\unsupported\\Eigen\\CXX11\\src\\Tensor\\Tensor.h', 'tensorflow_core\\include\\unsupported\\Eigen\\CXX11\\src\\Tensor'), ('c:\\users\\hatzakis group\\pycharmprojects\\deepfret-gui\\venv2\\lib\\site-packages\\tensorflow_core\\include\\unsupported\\Eigen\\CXX11\\src\\Tensor\\TensorArgMax.h', 'tensorflow_core\\include\\unsupported\\Eigen\\CXX11\\src\\Tensor'), ('c:\\users\\hatzakis group\\pycharmprojects\\deepfret-gui\\venv2\\lib\\site-packages\\tensorflow_core\\include\\unsupported\\Eigen\\CXX11\\src\\Tensor\\TensorArgMaxSycl.h', 'tensorflow_core\\include\\unsupported\\Eigen\\CXX11\\src\\Tensor'), ('c:\\users\\hatzakis group\\pycharmprojects\\deepfret-gui\\venv2\\lib\\site-packages\\tensorflow_core\\include\\unsupported\\Eigen\\CXX11\\src\\Tensor\\TensorAssign.h', 'tensorflow_core\\include\\unsupported\\Eigen\\CXX11\\src\\Tensor'), ('c:\\users\\hatzakis group\\pycharmprojects\\deepfret-gui\\venv2\\lib\\site-packages\\tensorflow_core\\include\\unsupported\\Eigen\\CXX11\\src\\Tensor\\TensorBase.h', 'tensorflow_core\\include\\unsupported\\Eigen\\CXX11\\src\\Tensor'), ('c:\\users\\hatzakis group\\pycharmprojects\\deepfret-gui\\venv2\\lib\\site-packages\\tensorflow_core\\include\\unsupported\\Eigen\\CXX11\\src\\Tensor\\TensorBlock.h', 'tensorflow_core\\include\\unsupported\\Eigen\\CXX11\\src\\Tensor'), ('c:\\users\\hatzakis group\\pycharmprojects\\deepfret-gui\\venv2\\lib\\site-packages\\tensorflow_core\\include\\unsupported\\Eigen\\CXX11\\src\\Tensor\\TensorBroadcasting.h', 'tensorflow_core\\include\\unsupported\\Eigen\\CXX11\\src\\Tensor'), ('c:\\users\\hatzakis group\\pycharmprojects\\deepfret-gui\\venv2\\lib\\site-packages\\tensorflow_core\\include\\unsupported\\Eigen\\CXX11\\src\\Tensor\\TensorChipping.h', 'tensorflow_core\\include\\unsupported\\Eigen\\CXX11\\src\\Tensor'), ('c:\\users\\hatzakis group\\pycharmprojects\\deepfret-gui\\venv2\\lib\\site-packages\\tensorflow_core\\include\\unsupported\\Eigen\\CXX11\\src\\Tensor\\TensorConcatenation.h', 'tensorflow_core\\include\\unsupported\\Eigen\\CXX11\\src\\Tensor'), ('c:\\users\\hatzakis group\\pycharmprojects\\deepfret-gui\\venv2\\lib\\site-packages\\tensorflow_core\\include\\unsupported\\Eigen\\CXX11\\src\\Tensor\\TensorContraction.h', 'tensorflow_core\\include\\unsupported\\Eigen\\CXX11\\src\\Tensor'), ('c:\\users\\hatzakis group\\pycharmprojects\\deepfret-gui\\venv2\\lib\\site-packages\\tensorflow_core\\include\\unsupported\\Eigen\\CXX11\\src\\Tensor\\TensorContractionBlocking.h', 'tensorflow_core\\include\\unsupported\\Eigen\\CXX11\\src\\Tensor'), ('c:\\users\\hatzakis group\\pycharmprojects\\deepfret-gui\\venv2\\lib\\site-packages\\tensorflow_core\\include\\unsupported\\Eigen\\CXX11\\src\\Tensor\\TensorContractionCuda.h', 'tensorflow_core\\include\\unsupported\\Eigen\\CXX11\\src\\Tensor'), ('c:\\users\\hatzakis group\\pycharmprojects\\deepfret-gui\\venv2\\lib\\site-packages\\tensorflow_core\\include\\unsupported\\Eigen\\CXX11\\src\\Tensor\\TensorContractionGpu.h', 'tensorflow_core\\include\\unsupported\\Eigen\\CXX11\\src\\Tensor'), ('c:\\users\\hatzakis group\\pycharmprojects\\deepfret-gui\\venv2\\lib\\site-packages\\tensorflow_core\\include\\unsupported\\Eigen\\CXX11\\src\\Tensor\\TensorContractionMapper.h', 'tensorflow_core\\include\\unsupported\\Eigen\\CXX11\\src\\Tensor'), ('c:\\users\\hatzakis group\\pycharmprojects\\deepfret-gui\\venv2\\lib\\site-packages\\tensorflow_core\\include\\unsupported\\Eigen\\CXX11\\src\\Tensor\\TensorContractionSycl.h', 'tensorflow_core\\include\\unsupported\\Eigen\\CXX11\\src\\Tensor'), ('c:\\users\\hatzakis group\\pycharmprojects\\deepfret-gui\\venv2\\lib\\site-packages\\tensorflow_core\\include\\unsupported\\Eigen\\CXX11\\src\\Tensor\\TensorContractionThreadPool.h', 'tensorflow_core\\include\\unsupported\\Eigen\\CXX11\\src\\Tensor'), ('c:\\users\\hatzakis group\\pycharmprojects\\deepfret-gui\\venv2\\lib\\site-packages\\tensorflow_core\\include\\unsupported\\Eigen\\CXX11\\src\\Tensor\\TensorConversion.h', 'tensorflow_core\\include\\unsupported\\Eigen\\CXX11\\src\\Tensor'), ('c:\\users\\hatzakis group\\pycharmprojects\\deepfret-gui\\venv2\\lib\\site-packages\\tensorflow_core\\include\\unsupported\\Eigen\\CXX11\\src\\Tensor\\TensorConvolution.h', 'tensorflow_core\\include\\unsupported\\Eigen\\CXX11\\src\\Tensor'), ('c:\\users\\hatzakis group\\pycharmprojects\\deepfret-gui\\venv2\\lib\\site-packages\\tensorflow_core\\include\\unsupported\\Eigen\\CXX11\\src\\Tensor\\TensorConvolutionSycl.h', 'tensorflow_core\\include\\unsupported\\Eigen\\CXX11\\src\\Tensor'), ('c:\\users\\hatzakis group\\pycharmprojects\\deepfret-gui\\venv2\\lib\\site-packages\\tensorflow_core\\include\\unsupported\\Eigen\\CXX11\\src\\Tensor\\TensorCostModel.h', 'tensorflow_core\\include\\unsupported\\Eigen\\CXX11\\src\\Tensor'), ('c:\\users\\hatzakis group\\pycharmprojects\\deepfret-gui\\venv2\\lib\\site-packages\\tensorflow_core\\include\\unsupported\\Eigen\\CXX11\\src\\Tensor\\TensorCustomOp.h', 'tensorflow_core\\include\\unsupported\\Eigen\\CXX11\\src\\Tensor'), ('c:\\users\\hatzakis group\\pycharmprojects\\deepfret-gui\\venv2\\lib\\site-packages\\tensorflow_core\\include\\unsupported\\Eigen\\CXX11\\src\\Tensor\\TensorDevice.h', 'tensorflow_core\\include\\unsupported\\Eigen\\CXX11\\src\\Tensor'), ('c:\\users\\hatzakis group\\pycharmprojects\\deepfret-gui\\venv2\\lib\\site-packages\\tensorflow_core\\include\\unsupported\\Eigen\\CXX11\\src\\Tensor\\TensorDeviceCuda.h', 'tensorflow_core\\include\\unsupported\\Eigen\\CXX11\\src\\Tensor'), ('c:\\users\\hatzakis group\\pycharmprojects\\deepfret-gui\\venv2\\lib\\site-packages\\tensorflow_core\\include\\unsupported\\Eigen\\CXX11\\src\\Tensor\\TensorDeviceDefault.h', 'tensorflow_core\\include\\unsupported\\Eigen\\CXX11\\src\\Tensor'), ('c:\\users\\hatzakis group\\pycharmprojects\\deepfret-gui\\venv2\\lib\\site-packages\\tensorflow_core\\include\\unsupported\\Eigen\\CXX11\\src\\Tensor\\TensorDeviceGpu.h', 'tensorflow_core\\include\\unsupported\\Eigen\\CXX11\\src\\Tensor'), ('c:\\users\\hatzakis group\\pycharmprojects\\deepfret-gui\\venv2\\lib\\site-packages\\tensorflow_core\\include\\unsupported\\Eigen\\CXX11\\src\\Tensor\\TensorDeviceSycl.h', 'tensorflow_core\\include\\unsupported\\Eigen\\CXX11\\src\\Tensor'), ('c:\\users\\hatzakis group\\pycharmprojects\\deepfret-gui\\venv2\\lib\\site-packages\\tensorflow_core\\include\\unsupported\\Eigen\\CXX11\\src\\Tensor\\TensorDeviceThreadPool.h', 'tensorflow_core\\include\\unsupported\\Eigen\\CXX11\\src\\Tensor'), ('c:\\users\\hatzakis group\\pycharmprojects\\deepfret-gui\\venv2\\lib\\site-packages\\tensorflow_core\\include\\unsupported\\Eigen\\CXX11\\src\\Tensor\\TensorDimensionList.h', 'tensorflow_core\\include\\unsupported\\Eigen\\CXX11\\src\\Tensor'), ('c:\\users\\hatzakis group\\pycharmprojects\\deepfret-gui\\venv2\\lib\\site-packages\\tensorflow_core\\include\\unsupported\\Eigen\\CXX11\\src\\Tensor\\TensorDimensions.h', 'tensorflow_core\\include\\unsupported\\Eigen\\CXX11\\src\\Tensor'), ('c:\\users\\hatzakis group\\pycharmprojects\\deepfret-gui\\venv2\\lib\\site-packages\\tensorflow_core\\include\\unsupported\\Eigen\\CXX11\\src\\Tensor\\TensorEvalTo.h', 'tensorflow_core\\include\\unsupported\\Eigen\\CXX11\\src\\Tensor'), ('c:\\users\\hatzakis group\\pycharmprojects\\deepfret-gui\\venv2\\lib\\site-packages\\tensorflow_core\\include\\unsupported\\Eigen\\CXX11\\src\\Tensor\\TensorEvaluator.h', 'tensorflow_core\\include\\unsupported\\Eigen\\CXX11\\src\\Tensor'), ('c:\\users\\hatzakis group\\pycharmprojects\\deepfret-gui\\venv2\\lib\\site-packages\\tensorflow_core\\include\\unsupported\\Eigen\\CXX11\\src\\Tensor\\TensorExecutor.h', 'tensorflow_core\\include\\unsupported\\Eigen\\CXX11\\src\\Tensor'), ('c:\\users\\hatzakis group\\pycharmprojects\\deepfret-gui\\venv2\\lib\\site-packages\\tensorflow_core\\include\\unsupported\\Eigen\\CXX11\\src\\Tensor\\TensorExpr.h', 'tensorflow_core\\include\\unsupported\\Eigen\\CXX11\\src\\Tensor'), ('c:\\users\\hatzakis group\\pycharmprojects\\deepfret-gui\\venv2\\lib\\site-packages\\tensorflow_core\\include\\unsupported\\Eigen\\CXX11\\src\\Tensor\\TensorFFT.h', 'tensorflow_core\\include\\unsupported\\Eigen\\CXX11\\src\\Tensor'), ('c:\\users\\hatzakis group\\pycharmprojects\\deepfret-gui\\venv2\\lib\\site-packages\\tensorflow_core\\include\\unsupported\\Eigen\\CXX11\\src\\Tensor\\TensorFixedSize.h', 'tensorflow_core\\include\\unsupported\\Eigen\\CXX11\\src\\Tensor'), ('c:\\users\\hatzakis group\\pycharmprojects\\deepfret-gui\\venv2\\lib\\site-packages\\tensorflow_core\\include\\unsupported\\Eigen\\CXX11\\src\\Tensor\\TensorForcedEval.h', 'tensorflow_core\\include\\unsupported\\Eigen\\CXX11\\src\\Tensor'), ('c:\\users\\hatzakis group\\pycharmprojects\\deepfret-gui\\venv2\\lib\\site-packages\\tensorflow_core\\include\\unsupported\\Eigen\\CXX11\\src\\Tensor\\TensorForwardDeclarations.h', 'tensorflow_core\\include\\unsupported\\Eigen\\CXX11\\src\\Tensor'), ('c:\\users\\hatzakis group\\pycharmprojects\\deepfret-gui\\venv2\\lib\\site-packages\\tensorflow_core\\include\\unsupported\\Eigen\\CXX11\\src\\Tensor\\TensorFunctors.h', 'tensorflow_core\\include\\unsupported\\Eigen\\CXX11\\src\\Tensor'), ('c:\\users\\hatzakis group\\pycharmprojects\\deepfret-gui\\venv2\\lib\\site-packages\\tensorflow_core\\include\\unsupported\\Eigen\\CXX11\\src\\Tensor\\TensorGenerator.h', 'tensorflow_core\\include\\unsupported\\Eigen\\CXX11\\src\\Tensor'), ('c:\\users\\hatzakis group\\pycharmprojects\\deepfret-gui\\venv2\\lib\\site-packages\\tensorflow_core\\include\\unsupported\\Eigen\\CXX11\\src\\Tensor\\TensorGlobalFunctions.h', 'tensorflow_core\\include\\unsupported\\Eigen\\CXX11\\src\\Tensor'), ('c:\\users\\hatzakis group\\pycharmprojects\\deepfret-gui\\venv2\\lib\\site-packages\\tensorflow_core\\include\\unsupported\\Eigen\\CXX11\\src\\Tensor\\TensorGpuHipCudaDefines.h', 'tensorflow_core\\include\\unsupported\\Eigen\\CXX11\\src\\Tensor'), ('c:\\users\\hatzakis group\\pycharmprojects\\deepfret-gui\\venv2\\lib\\site-packages\\tensorflow_core\\include\\unsupported\\Eigen\\CXX11\\src\\Tensor\\TensorGpuHipCudaUndefines.h', 'tensorflow_core\\include\\unsupported\\Eigen\\CXX11\\src\\Tensor'), ('c:\\users\\hatzakis group\\pycharmprojects\\deepfret-gui\\venv2\\lib\\site-packages\\tensorflow_core\\include\\unsupported\\Eigen\\CXX11\\src\\Tensor\\TensorImagePatch.h', 'tensorflow_core\\include\\unsupported\\Eigen\\CXX11\\src\\Tensor'), ('c:\\users\\hatzakis group\\pycharmprojects\\deepfret-gui\\venv2\\lib\\site-packages\\tensorflow_core\\include\\unsupported\\Eigen\\CXX11\\src\\Tensor\\TensorIndexList.h', 'tensorflow_core\\include\\unsupported\\Eigen\\CXX11\\src\\Tensor'), ('c:\\users\\hatzakis group\\pycharmprojects\\deepfret-gui\\venv2\\lib\\site-packages\\tensorflow_core\\include\\unsupported\\Eigen\\CXX11\\src\\Tensor\\TensorInflation.h', 'tensorflow_core\\include\\unsupported\\Eigen\\CXX11\\src\\Tensor'), ('c:\\users\\hatzakis group\\pycharmprojects\\deepfret-gui\\venv2\\lib\\site-packages\\tensorflow_core\\include\\unsupported\\Eigen\\CXX11\\src\\Tensor\\TensorInitializer.h', 'tensorflow_core\\include\\unsupported\\Eigen\\CXX11\\src\\Tensor'), ('c:\\users\\hatzakis group\\pycharmprojects\\deepfret-gui\\venv2\\lib\\site-packages\\tensorflow_core\\include\\unsupported\\Eigen\\CXX11\\src\\Tensor\\TensorIntDiv.h', 'tensorflow_core\\include\\unsupported\\Eigen\\CXX11\\src\\Tensor'), ('c:\\users\\hatzakis group\\pycharmprojects\\deepfret-gui\\venv2\\lib\\site-packages\\tensorflow_core\\include\\unsupported\\Eigen\\CXX11\\src\\Tensor\\TensorIO.h', 'tensorflow_core\\include\\unsupported\\Eigen\\CXX11\\src\\Tensor'), ('c:\\users\\hatzakis group\\pycharmprojects\\deepfret-gui\\venv2\\lib\\site-packages\\tensorflow_core\\include\\unsupported\\Eigen\\CXX11\\src\\Tensor\\TensorLayoutSwap.h', 'tensorflow_core\\include\\unsupported\\Eigen\\CXX11\\src\\Tensor'), ('c:\\users\\hatzakis group\\pycharmprojects\\deepfret-gui\\venv2\\lib\\site-packages\\tensorflow_core\\include\\unsupported\\Eigen\\CXX11\\src\\Tensor\\TensorMacros.h', 'tensorflow_core\\include\\unsupported\\Eigen\\CXX11\\src\\Tensor'), ('c:\\users\\hatzakis group\\pycharmprojects\\deepfret-gui\\venv2\\lib\\site-packages\\tensorflow_core\\include\\unsupported\\Eigen\\CXX11\\src\\Tensor\\TensorMap.h', 'tensorflow_core\\include\\unsupported\\Eigen\\CXX11\\src\\Tensor'), ('c:\\users\\hatzakis group\\pycharmprojects\\deepfret-gui\\venv2\\lib\\site-packages\\tensorflow_core\\include\\unsupported\\Eigen\\CXX11\\src\\Tensor\\TensorMeta.h', 'tensorflow_core\\include\\unsupported\\Eigen\\CXX11\\src\\Tensor'), ('c:\\users\\hatzakis group\\pycharmprojects\\deepfret-gui\\venv2\\lib\\site-packages\\tensorflow_core\\include\\unsupported\\Eigen\\CXX11\\src\\Tensor\\TensorMorphing.h', 'tensorflow_core\\include\\unsupported\\Eigen\\CXX11\\src\\Tensor'), ('c:\\users\\hatzakis group\\pycharmprojects\\deepfret-gui\\venv2\\lib\\site-packages\\tensorflow_core\\include\\unsupported\\Eigen\\CXX11\\src\\Tensor\\TensorPadding.h', 'tensorflow_core\\include\\unsupported\\Eigen\\CXX11\\src\\Tensor'), ('c:\\users\\hatzakis group\\pycharmprojects\\deepfret-gui\\venv2\\lib\\site-packages\\tensorflow_core\\include\\unsupported\\Eigen\\CXX11\\src\\Tensor\\TensorPatch.h', 'tensorflow_core\\include\\unsupported\\Eigen\\CXX11\\src\\Tensor'), ('c:\\users\\hatzakis group\\pycharmprojects\\deepfret-gui\\venv2\\lib\\site-packages\\tensorflow_core\\include\\unsupported\\Eigen\\CXX11\\src\\Tensor\\TensorRandom.h', 'tensorflow_core\\include\\unsupported\\Eigen\\CXX11\\src\\Tensor'), ('c:\\users\\hatzakis group\\pycharmprojects\\deepfret-gui\\venv2\\lib\\site-packages\\tensorflow_core\\include\\unsupported\\Eigen\\CXX11\\src\\Tensor\\TensorReduction.h', 'tensorflow_core\\include\\unsupported\\Eigen\\CXX11\\src\\Tensor'), ('c:\\users\\hatzakis group\\pycharmprojects\\deepfret-gui\\venv2\\lib\\site-packages\\tensorflow_core\\include\\unsupported\\Eigen\\CXX11\\src\\Tensor\\TensorReductionCuda.h', 'tensorflow_core\\include\\unsupported\\Eigen\\CXX11\\src\\Tensor'), ('c:\\users\\hatzakis group\\pycharmprojects\\deepfret-gui\\venv2\\lib\\site-packages\\tensorflow_core\\include\\unsupported\\Eigen\\CXX11\\src\\Tensor\\TensorReductionGpu.h', 'tensorflow_core\\include\\unsupported\\Eigen\\CXX11\\src\\Tensor'), ('c:\\users\\hatzakis group\\pycharmprojects\\deepfret-gui\\venv2\\lib\\site-packages\\tensorflow_core\\include\\unsupported\\Eigen\\CXX11\\src\\Tensor\\TensorReductionSycl.h', 'tensorflow_core\\include\\unsupported\\Eigen\\CXX11\\src\\Tensor'), ('c:\\users\\hatzakis group\\pycharmprojects\\deepfret-gui\\venv2\\lib\\site-packages\\tensorflow_core\\include\\unsupported\\Eigen\\CXX11\\src\\Tensor\\TensorRef.h', 'tensorflow_core\\include\\unsupported\\Eigen\\CXX11\\src\\Tensor'), ('c:\\users\\hatzakis group\\pycharmprojects\\deepfret-gui\\venv2\\lib\\site-packages\\tensorflow_core\\include\\unsupported\\Eigen\\CXX11\\src\\Tensor\\TensorReverse.h', 'tensorflow_core\\include\\unsupported\\Eigen\\CXX11\\src\\Tensor'), ('c:\\users\\hatzakis group\\pycharmprojects\\deepfret-gui\\venv2\\lib\\site-packages\\tensorflow_core\\include\\unsupported\\Eigen\\CXX11\\src\\Tensor\\TensorScan.h', 'tensorflow_core\\include\\unsupported\\Eigen\\CXX11\\src\\Tensor'), ('c:\\users\\hatzakis group\\pycharmprojects\\deepfret-gui\\venv2\\lib\\site-packages\\tensorflow_core\\include\\unsupported\\Eigen\\CXX11\\src\\Tensor\\TensorShuffling.h', 'tensorflow_core\\include\\unsupported\\Eigen\\CXX11\\src\\Tensor'), ('c:\\users\\hatzakis group\\pycharmprojects\\deepfret-gui\\venv2\\lib\\site-packages\\tensorflow_core\\include\\unsupported\\Eigen\\CXX11\\src\\Tensor\\TensorStorage.h', 'tensorflow_core\\include\\unsupported\\Eigen\\CXX11\\src\\Tensor'), ('c:\\users\\hatzakis group\\pycharmprojects\\deepfret-gui\\venv2\\lib\\site-packages\\tensorflow_core\\include\\unsupported\\Eigen\\CXX11\\src\\Tensor\\TensorStriding.h', 'tensorflow_core\\include\\unsupported\\Eigen\\CXX11\\src\\Tensor'), ('c:\\users\\hatzakis group\\pycharmprojects\\deepfret-gui\\venv2\\lib\\site-packages\\tensorflow_core\\include\\unsupported\\Eigen\\CXX11\\src\\Tensor\\TensorSycl.h', 'tensorflow_core\\include\\unsupported\\Eigen\\CXX11\\src\\Tensor'), ('c:\\users\\hatzakis group\\pycharmprojects\\deepfret-gui\\venv2\\lib\\site-packages\\tensorflow_core\\include\\unsupported\\Eigen\\CXX11\\src\\Tensor\\TensorSyclConvertToDeviceExpression.h', 'tensorflow_core\\include\\unsupported\\Eigen\\CXX11\\src\\Tensor'), ('c:\\users\\hatzakis group\\pycharmprojects\\deepfret-gui\\venv2\\lib\\site-packages\\tensorflow_core\\include\\unsupported\\Eigen\\CXX11\\src\\Tensor\\TensorSyclExprConstructor.h', 'tensorflow_core\\include\\unsupported\\Eigen\\CXX11\\src\\Tensor'), ('c:\\users\\hatzakis group\\pycharmprojects\\deepfret-gui\\venv2\\lib\\site-packages\\tensorflow_core\\include\\unsupported\\Eigen\\CXX11\\src\\Tensor\\TensorSyclExtractAccessor.h', 'tensorflow_core\\include\\unsupported\\Eigen\\CXX11\\src\\Tensor'), ('c:\\users\\hatzakis group\\pycharmprojects\\deepfret-gui\\venv2\\lib\\site-packages\\tensorflow_core\\include\\unsupported\\Eigen\\CXX11\\src\\Tensor\\TensorSyclExtractFunctors.h', 'tensorflow_core\\include\\unsupported\\Eigen\\CXX11\\src\\Tensor'), ('c:\\users\\hatzakis group\\pycharmprojects\\deepfret-gui\\venv2\\lib\\site-packages\\tensorflow_core\\include\\unsupported\\Eigen\\CXX11\\src\\Tensor\\TensorSyclFunctors.h', 'tensorflow_core\\include\\unsupported\\Eigen\\CXX11\\src\\Tensor'), ('c:\\users\\hatzakis group\\pycharmprojects\\deepfret-gui\\venv2\\lib\\site-packages\\tensorflow_core\\include\\unsupported\\Eigen\\CXX11\\src\\Tensor\\TensorSyclLeafCount.h', 'tensorflow_core\\include\\unsupported\\Eigen\\CXX11\\src\\Tensor'), ('c:\\users\\hatzakis group\\pycharmprojects\\deepfret-gui\\venv2\\lib\\site-packages\\tensorflow_core\\include\\unsupported\\Eigen\\CXX11\\src\\Tensor\\TensorSyclPlaceHolderExpr.h', 'tensorflow_core\\include\\unsupported\\Eigen\\CXX11\\src\\Tensor'), ('c:\\users\\hatzakis group\\pycharmprojects\\deepfret-gui\\venv2\\lib\\site-packages\\tensorflow_core\\include\\unsupported\\Eigen\\CXX11\\src\\Tensor\\TensorSyclRun.h', 'tensorflow_core\\include\\unsupported\\Eigen\\CXX11\\src\\Tensor'), ('c:\\users\\hatzakis group\\pycharmprojects\\deepfret-gui\\venv2\\lib\\site-packages\\tensorflow_core\\include\\unsupported\\Eigen\\CXX11\\src\\Tensor\\TensorSyclTuple.h', 'tensorflow_core\\include\\unsupported\\Eigen\\CXX11\\src\\Tensor'), ('c:\\users\\hatzakis group\\pycharmprojects\\deepfret-gui\\venv2\\lib\\site-packages\\tensorflow_core\\include\\unsupported\\Eigen\\CXX11\\src\\Tensor\\TensorTrace.h', 'tensorflow_core\\include\\unsupported\\Eigen\\CXX11\\src\\Tensor'), ('c:\\users\\hatzakis group\\pycharmprojects\\deepfret-gui\\venv2\\lib\\site-packages\\tensorflow_core\\include\\unsupported\\Eigen\\CXX11\\src\\Tensor\\TensorTraits.h', 'tensorflow_core\\include\\unsupported\\Eigen\\CXX11\\src\\Tensor'), ('c:\\users\\hatzakis group\\pycharmprojects\\deepfret-gui\\venv2\\lib\\site-packages\\tensorflow_core\\include\\unsupported\\Eigen\\CXX11\\src\\Tensor\\TensorUInt128.h', 'tensorflow_core\\include\\unsupported\\Eigen\\CXX11\\src\\Tensor'), ('c:\\users\\hatzakis group\\pycharmprojects\\deepfret-gui\\venv2\\lib\\site-packages\\tensorflow_core\\include\\unsupported\\Eigen\\CXX11\\src\\Tensor\\TensorVolumePatch.h', 'tensorflow_core\\include\\unsupported\\Eigen\\CXX11\\src\\Tensor'), ('c:\\users\\hatzakis group\\pycharmprojects\\deepfret-gui\\venv2\\lib\\site-packages\\tensorflow_core\\include\\unsupported\\Eigen\\CXX11\\src\\TensorSymmetry\\DynamicSymmetry.h', 'tensorflow_core\\include\\unsupported\\Eigen\\CXX11\\src\\TensorSymmetry'), ('c:\\users\\hatzakis group\\pycharmprojects\\deepfret-gui\\venv2\\lib\\site-packages\\tensorflow_core\\include\\unsupported\\Eigen\\CXX11\\src\\TensorSymmetry\\StaticSymmetry.h', 'tensorflow_core\\include\\unsupported\\Eigen\\CXX11\\src\\TensorSymmetry'), ('c:\\users\\hatzakis group\\pycharmprojects\\deepfret-gui\\venv2\\lib\\site-packages\\tensorflow_core\\include\\unsupported\\Eigen\\CXX11\\src\\TensorSymmetry\\Symmetry.h', 'tensorflow_core\\include\\unsupported\\Eigen\\CXX11\\src\\TensorSymmetry'), ('c:\\users\\hatzakis group\\pycharmprojects\\deepfret-gui\\venv2\\lib\\site-packages\\tensorflow_core\\include\\unsupported\\Eigen\\CXX11\\src\\TensorSymmetry\\util\\TemplateGroupTheory.h', 'tensorflow_core\\include\\unsupported\\Eigen\\CXX11\\src\\TensorSymmetry\\util'), ('c:\\users\\hatzakis group\\pycharmprojects\\deepfret-gui\\venv2\\lib\\site-packages\\tensorflow_core\\include\\unsupported\\Eigen\\CXX11\\src\\ThreadPool\\Barrier.h', 'tensorflow_core\\include\\unsupported\\Eigen\\CXX11\\src\\ThreadPool'), ('c:\\users\\hatzakis group\\pycharmprojects\\deepfret-gui\\venv2\\lib\\site-packages\\tensorflow_core\\include\\unsupported\\Eigen\\CXX11\\src\\ThreadPool\\EventCount.h', 'tensorflow_core\\include\\unsupported\\Eigen\\CXX11\\src\\ThreadPool'), ('c:\\users\\hatzakis group\\pycharmprojects\\deepfret-gui\\venv2\\lib\\site-packages\\tensorflow_core\\include\\unsupported\\Eigen\\CXX11\\src\\ThreadPool\\NonBlockingThreadPool.h', 'tensorflow_core\\include\\unsupported\\Eigen\\CXX11\\src\\ThreadPool'), ('c:\\users\\hatzakis group\\pycharmprojects\\deepfret-gui\\venv2\\lib\\site-packages\\tensorflow_core\\include\\unsupported\\Eigen\\CXX11\\src\\ThreadPool\\RunQueue.h', 'tensorflow_core\\include\\unsupported\\Eigen\\CXX11\\src\\ThreadPool'), ('c:\\users\\hatzakis group\\pycharmprojects\\deepfret-gui\\venv2\\lib\\site-packages\\tensorflow_core\\include\\unsupported\\Eigen\\CXX11\\src\\ThreadPool\\ThreadCancel.h', 'tensorflow_core\\include\\unsupported\\Eigen\\CXX11\\src\\ThreadPool'), ('c:\\users\\hatzakis group\\pycharmprojects\\deepfret-gui\\venv2\\lib\\site-packages\\tensorflow_core\\include\\unsupported\\Eigen\\CXX11\\src\\ThreadPool\\ThreadEnvironment.h', 'tensorflow_core\\include\\unsupported\\Eigen\\CXX11\\src\\ThreadPool'), ('c:\\users\\hatzakis group\\pycharmprojects\\deepfret-gui\\venv2\\lib\\site-packages\\tensorflow_core\\include\\unsupported\\Eigen\\CXX11\\src\\ThreadPool\\ThreadLocal.h', 'tensorflow_core\\include\\unsupported\\Eigen\\CXX11\\src\\ThreadPool'), ('c:\\users\\hatzakis group\\pycharmprojects\\deepfret-gui\\venv2\\lib\\site-packages\\tensorflow_core\\include\\unsupported\\Eigen\\CXX11\\src\\ThreadPool\\ThreadPoolInterface.h', 'tensorflow_core\\include\\unsupported\\Eigen\\CXX11\\src\\ThreadPool'), ('c:\\users\\hatzakis group\\pycharmprojects\\deepfret-gui\\venv2\\lib\\site-packages\\tensorflow_core\\include\\unsupported\\Eigen\\CXX11\\src\\ThreadPool\\ThreadYield.h', 'tensorflow_core\\include\\unsupported\\Eigen\\CXX11\\src\\ThreadPool'), ('c:\\users\\hatzakis group\\pycharmprojects\\deepfret-gui\\venv2\\lib\\site-packages\\tensorflow_core\\include\\unsupported\\Eigen\\CXX11\\src\\util\\CXX11Meta.h', 'tensorflow_core\\include\\unsupported\\Eigen\\CXX11\\src\\util'), ('c:\\users\\hatzakis group\\pycharmprojects\\deepfret-gui\\venv2\\lib\\site-packages\\tensorflow_core\\include\\unsupported\\Eigen\\CXX11\\src\\util\\CXX11Workarounds.h', 'tensorflow_core\\include\\unsupported\\Eigen\\CXX11\\src\\util'), ('c:\\users\\hatzakis group\\pycharmprojects\\deepfret-gui\\venv2\\lib\\site-packages\\tensorflow_core\\include\\unsupported\\Eigen\\CXX11\\src\\util\\EmulateArray.h', 'tensorflow_core\\include\\unsupported\\Eigen\\CXX11\\src\\util'), ('c:\\users\\hatzakis group\\pycharmprojects\\deepfret-gui\\venv2\\lib\\site-packages\\tensorflow_core\\include\\unsupported\\Eigen\\CXX11\\src\\util\\EmulateCXX11Meta.h', 'tensorflow_core\\include\\unsupported\\Eigen\\CXX11\\src\\util'), ('c:\\users\\hatzakis group\\pycharmprojects\\deepfret-gui\\venv2\\lib\\site-packages\\tensorflow_core\\include\\unsupported\\Eigen\\CXX11\\src\\util\\MaxSizeVector.h', 'tensorflow_core\\include\\unsupported\\Eigen\\CXX11\\src\\util'), ('c:\\users\\hatzakis group\\pycharmprojects\\deepfret-gui\\venv2\\lib\\site-packages\\tensorflow_core\\include\\unsupported\\Eigen\\src\\FFT\\ei_fftw_impl.h', 'tensorflow_core\\include\\unsupported\\Eigen\\src\\FFT'), ('c:\\users\\hatzakis group\\pycharmprojects\\deepfret-gui\\venv2\\lib\\site-packages\\tensorflow_core\\include\\unsupported\\Eigen\\src\\FFT\\ei_kissfft_impl.h', 'tensorflow_core\\include\\unsupported\\Eigen\\src\\FFT'), ('c:\\users\\hatzakis group\\pycharmprojects\\deepfret-gui\\venv2\\lib\\site-packages\\tensorflow_core\\include\\unsupported\\Eigen\\src\\KroneckerProduct\\KroneckerTensorProduct.h', 'tensorflow_core\\include\\unsupported\\Eigen\\src\\KroneckerProduct'), ('c:\\users\\hatzakis group\\pycharmprojects\\deepfret-gui\\venv2\\lib\\site-packages\\tensorflow_core\\include\\unsupported\\Eigen\\src\\MatrixFunctions\\MatrixExponential.h', 'tensorflow_core\\include\\unsupported\\Eigen\\src\\MatrixFunctions'), ('c:\\users\\hatzakis group\\pycharmprojects\\deepfret-gui\\venv2\\lib\\site-packages\\tensorflow_core\\include\\unsupported\\Eigen\\src\\MatrixFunctions\\MatrixFunction.h', 'tensorflow_core\\include\\unsupported\\Eigen\\src\\MatrixFunctions'), ('c:\\users\\hatzakis group\\pycharmprojects\\deepfret-gui\\venv2\\lib\\site-packages\\tensorflow_core\\include\\unsupported\\Eigen\\src\\MatrixFunctions\\MatrixLogarithm.h', 'tensorflow_core\\include\\unsupported\\Eigen\\src\\MatrixFunctions'), ('c:\\users\\hatzakis group\\pycharmprojects\\deepfret-gui\\venv2\\lib\\site-packages\\tensorflow_core\\include\\unsupported\\Eigen\\src\\MatrixFunctions\\MatrixPower.h', 'tensorflow_core\\include\\unsupported\\Eigen\\src\\MatrixFunctions'), ('c:\\users\\hatzakis group\\pycharmprojects\\deepfret-gui\\venv2\\lib\\site-packages\\tensorflow_core\\include\\unsupported\\Eigen\\src\\MatrixFunctions\\MatrixSquareRoot.h', 'tensorflow_core\\include\\unsupported\\Eigen\\src\\MatrixFunctions'), ('c:\\users\\hatzakis group\\pycharmprojects\\deepfret-gui\\venv2\\lib\\site-packages\\tensorflow_core\\include\\unsupported\\Eigen\\src\\MatrixFunctions\\StemFunction.h', 'tensorflow_core\\include\\unsupported\\Eigen\\src\\MatrixFunctions'), ('c:\\users\\hatzakis group\\pycharmprojects\\deepfret-gui\\venv2\\lib\\site-packages\\tensorflow_core\\include\\unsupported\\Eigen\\src\\SpecialFunctions\\SpecialFunctionsArrayAPI.h', 'tensorflow_core\\include\\unsupported\\Eigen\\src\\SpecialFunctions'), ('c:\\users\\hatzakis group\\pycharmprojects\\deepfret-gui\\venv2\\lib\\site-packages\\tensorflow_core\\include\\unsupported\\Eigen\\src\\SpecialFunctions\\SpecialFunctionsFunctors.h', 'tensorflow_core\\include\\unsupported\\Eigen\\src\\SpecialFunctions'), ('c:\\users\\hatzakis group\\pycharmprojects\\deepfret-gui\\venv2\\lib\\site-packages\\tensorflow_core\\include\\unsupported\\Eigen\\src\\SpecialFunctions\\SpecialFunctionsHalf.h', 'tensorflow_core\\include\\unsupported\\Eigen\\src\\SpecialFunctions'), ('c:\\users\\hatzakis group\\pycharmprojects\\deepfret-gui\\venv2\\lib\\site-packages\\tensorflow_core\\include\\unsupported\\Eigen\\src\\SpecialFunctions\\SpecialFunctionsImpl.h', 'tensorflow_core\\include\\unsupported\\Eigen\\src\\SpecialFunctions'), ('c:\\users\\hatzakis group\\pycharmprojects\\deepfret-gui\\venv2\\lib\\site-packages\\tensorflow_core\\include\\unsupported\\Eigen\\src\\SpecialFunctions\\SpecialFunctionsPacketMath.h', 'tensorflow_core\\include\\unsupported\\Eigen\\src\\SpecialFunctions'), ('c:\\users\\hatzakis group\\pycharmprojects\\deepfret-gui\\venv2\\lib\\site-packages\\tensorflow_core\\include\\unsupported\\Eigen\\src\\SpecialFunctions\\arch\\GPU\\GpuSpecialFunctions.h', 'tensorflow_core\\include\\unsupported\\Eigen\\src\\SpecialFunctions\\arch\\GPU'), ('c:\\users\\hatzakis group\\pycharmprojects\\deepfret-gui\\venv2\\lib\\site-packages\\tensorflow_core\\lite\\experimental\\microfrontend\\python\\ops\\_audio_microfrontend_op.so', 'tensorflow_core\\lite\\experimental\\microfrontend\\python\\ops'), ('c:\\users\\hatzakis group\\pycharmprojects\\deepfret-gui\\venv2\\lib\\site-packages\\tensorflow_core\\python\\_pywrap_tensorflow_internal.lib', 'tensorflow_core\\python'), ('c:\\users\\hatzakis group\\pycharmprojects\\deepfret-gui\\venv2\\lib\\site-packages\\tensorflow_core\\python\\framework\\fast_tensor_util.so', 'tensorflow_core\\python\\framework')]
83800 INFO: Loading module hook "hook-win32com.py"...
84097 INFO: Loading module hook "hook-xml.dom.domreg.py"...
84097 INFO: Loading module hook "hook-xml.etree.cElementTree.py"...
84097 INFO: Loading module hook "hook-xml.py"...
84097 INFO: Loading module hook "hook-_tkinter.py"...
84097 DEBUG: Skipping KERNEL32.dll dependency of _tkinter.pyd
84097 DEBUG: Adding tcl86t.dll dependency of _tkinter.pyd from C:\Users\Hatzakis group\AppData\Local\Programs\Python\Python36\DLLs\tcl86t.dll
84097 DEBUG: Adding tk86t.dll dependency of _tkinter.pyd from C:\Users\Hatzakis group\AppData\Local\Programs\Python\Python36\DLLs\tk86t.dll
84253 INFO: checking Tree
84253 INFO: Building Tree because Tree-00.toc is non existent
84253 INFO: Building Tree Tree-00.toc
84300 INFO: checking Tree
84300 INFO: Building Tree because Tree-01.toc is non existent
84300 INFO: Building Tree Tree-01.toc
84316 INFO: Loading module hook "hook-imageio.py"...
84316 DEBUG: Collecting data files for imageio
84316 DEBUG: collect_data_files - Found files: [('c:\\users\\hatzakis group\\pycharmprojects\\deepfret-gui\\venv2\\lib\\site-packages\\imageio\\resources\\shipped_resources_go_here', 'imageio\\resources'), ('c:\\users\\hatzakis group\\pycharmprojects\\deepfret-gui\\venv2\\lib\\site-packages\\imageio\\resources\\images\\astronaut.png', 'imageio\\resources\\images'), ('c:\\users\\hatzakis group\\pycharmprojects\\deepfret-gui\\venv2\\lib\\site-packages\\imageio\\resources\\images\\chelsea.png', 'imageio\\resources\\images'), ('c:\\users\\hatzakis group\\pycharmprojects\\deepfret-gui\\venv2\\lib\\site-packages\\imageio\\resources\\images\\chelsea.zip', 'imageio\\resources\\images'), ('c:\\users\\hatzakis group\\pycharmprojects\\deepfret-gui\\venv2\\lib\\site-packages\\imageio\\resources\\images\\cockatoo.mp4', 'imageio\\resources\\images'), ('c:\\users\\hatzakis group\\pycharmprojects\\deepfret-gui\\venv2\\lib\\site-packages\\imageio\\resources\\images\\newtonscradle.gif', 'imageio\\resources\\images'), ('c:\\users\\hatzakis group\\pycharmprojects\\deepfret-gui\\venv2\\lib\\site-packages\\imageio\\resources\\images\\realshort.mp4', 'imageio\\resources\\images'), ('c:\\users\\hatzakis group\\pycharmprojects\\deepfret-gui\\venv2\\lib\\site-packages\\imageio\\resources\\images\\stent.npz', 'imageio\\resources\\images')]
84581 DEBUG: Looking for egg data files...
84581 INFO: Looking for ctypes DLLs
84581 DEBUG: Scanning numpy.core for shared libraries or dlls
84581 DEBUG: Scanning numpy.core._internal for shared libraries or dlls
84597 DEBUG: Scanning numpy.core._dtype_ctypes for shared libraries or dlls
84597 DEBUG: Scanning multiprocessing.sharedctypes for shared libraries or dlls
84597 DEBUG: Scanning PyInstaller.depend.utils for shared libraries or dlls
84597 DEBUG: Scanning setuptools.windows_support for shared libraries or dlls
84597 DEBUG: Scanning setuptools.glibc for shared libraries or dlls
84597 DEBUG: Scanning numpy.distutils._shell_utils for shared libraries or dlls
84597 DEBUG: Scanning numpy.ctypeslib for shared libraries or dlls
84597 DEBUG: Scanning scipy._lib._ccallback for shared libraries or dlls
84597 DEBUG: Scanning tensorflow.python for shared libraries or dlls
84597 DEBUG: Scanning tensorflow.python.pywrap_tensorflow for shared libraries or dlls
84613 DEBUG: Scanning tensorflow.python.platform.self_check for shared libraries or dlls
84613 DEBUG: Scanning tensorflow.python.pywrap_dlopen_global_flags for shared libraries or dlls
84613 DEBUG: Scanning absl.command_name for shared libraries or dlls
84613 DEBUG: Scanning uuid for shared libraries or dlls
84613 DEBUG: Scanning dateutil.tz.win for shared libraries or dlls
84613 DEBUG: Scanning pandas.io.formats.terminal for shared libraries or dlls
84613 DEBUG: Scanning pandas.io.clipboard.exceptions for shared libraries or dlls
84613 DEBUG: Scanning pandas.io.clipboard.windows for shared libraries or dlls
84613 DEBUG: Scanning tensorflow.lite.python.interpreter for shared libraries or dlls
84613 DEBUG: Scanning tensorflow_core.python for shared libraries or dlls
84613 DEBUG: Scanning tqdm._utils for shared libraries or dlls
84628 DEBUG: Scanning joblib.backports for shared libraries or dlls
84628 DEBUG: Scanning astropy.utils.misc for shared libraries or dlls
84628 DEBUG: Scanning astropy.io.fits.hdu.compressed for shared libraries or dlls
84644 DEBUG: Scanning matplotlib.backends.backend_qt5agg for shared libraries or dlls
84644 DEBUG: Scanning C:\Users\Hatzakis group\PycharmProjects\DeepFRET-GUI\src\main\python\main.py for shared libraries or dlls
84644 DEBUG: Scanning pkg_resources._vendor.appdirs for shared libraries or dlls
84644 DEBUG: Scanning imageio.core.findlib for shared libraries or dlls
84644 DEBUG: Scanning imageio.plugins._freeimage for shared libraries or dlls
84659 DEBUG: Scanning imageio.plugins.avbin for shared libraries or dlls
84659 INFO: Analyzing run-time hooks ...
84659 INFO: Including custom run-time hook 'C:\\Users\\Hatzakis group\\PycharmProjects\\DeepFRET-GUI\\target\\PyInstaller\\fbs_pyinstaller_hook.py'
84691 INFO: Including run-time hook 'pyi_rth_qt5.py'
84691 INFO: Including run-time hook 'pyi_rth__tkinter.py'
84691 INFO: Including run-time hook 'pyi_rth_pkgres.py'
84691 INFO: Including run-time hook 'pyi_rth_win32comgenpy.py'
84691 INFO: Including run-time hook 'pyi_rth_mplconfig.py'
84691 INFO: Including run-time hook 'pyi_rth_mpldata.py'
84691 INFO: Including run-time hook 'pyi_rth_multiprocessing.py'
84769 INFO: Looking for dynamic libraries
84784 DEBUG: Analyzing C:\users\hatzakis group\pycharmprojects\deepfret-gui\venv2\lib\site-packages\PyQt5\Qt\plugins\imageformats\qicns.dll
84784 DEBUG: Skipping KERNEL32.dll dependency of qicns.dll
84784 DEBUG: Adding Qt5Gui.dll dependency of qicns.dll from c:\users\hatzakis group\pycharmprojects\deepfret-gui\venv2\lib\site-packages\PyQt5\Qt\bin\qt5gui.dll
84784 DEBUG: Adding Qt5Core.dll dependency of qicns.dll from c:\users\hatzakis group\pycharmprojects\deepfret-gui\venv2\lib\site-packages\PyQt5\Qt\bin\qt5core.dll
84784 DEBUG: Analyzing C:\users\hatzakis group\pycharmprojects\deepfret-gui\venv2\lib\site-packages\PyQt5\Qt\plugins\styles\qwindowsvistastyle.dll
84784 DEBUG: Skipping KERNEL32.dll dependency of qwindowsvistastyle.dll
84784 DEBUG: Adding Qt5Widgets.dll dependency of qwindowsvistastyle.dll from c:\users\hatzakis group\pycharmprojects\deepfret-gui\venv2\lib\site-packages\PyQt5\Qt\bin\qt5widgets.dll
84784 DEBUG: Skipping UxTheme.dll dependency of qwindowsvistastyle.dll
84800 DEBUG: Skipping GDI32.dll dependency of qwindowsvistastyle.dll
84800 DEBUG: Skipping USER32.dll dependency of qwindowsvistastyle.dll
84800 DEBUG: Analyzing c:\users\hatzakis group\pycharmprojects\deepfret-gui\venv2\lib\site-packages\scipy\.libs\libdgamln.H2VDXKY726EXWGYWTLQFWCUQWEOKCW66.gfortran-win_amd64.dll
84800 DEBUG: Skipping USER32.dll dependency of libdgamln.H2VDXKY726EXWGYWTLQFWCUQWEOKCW66.gfortran-win_amd64.dll
84800 DEBUG: Skipping KERNEL32.dll dependency of libdgamln.H2VDXKY726EXWGYWTLQFWCUQWEOKCW66.gfortran-win_amd64.dll
84816 DEBUG: Skipping msvcrt.dll dependency of libdgamln.H2VDXKY726EXWGYWTLQFWCUQWEOKCW66.gfortran-win_amd64.dll
84816 DEBUG: Analyzing C:\users\hatzakis group\pycharmprojects\deepfret-gui\venv2\lib\site-packages\PyQt5\Qt\bin\libEGL.dll
84816 DEBUG: Skipping KERNEL32.dll dependency of libEGL.dll
84816 DEBUG: Adding libGLESv2.dll dependency of libEGL.dll from C:\users\hatzakis group\pycharmprojects\deepfret-gui\venv2\lib\site-packages\PyQt5\Qt\bin\libGLESv2.dll
84816 DEBUG: Analyzing c:\users\hatzakis group\pycharmprojects\deepfret-gui\venv2\lib\site-packages\scipy\.libs\libwrap_dum.INBF4P5HZHWSHKX5FWH4U4H3URQULOGK.gfortran-win_amd64.dll
84816 DEBUG: Skipping KERNEL32.dll dependency of libwrap_dum.INBF4P5HZHWSHKX5FWH4U4H3URQULOGK.gfortran-win_amd64.dll
84816 DEBUG: Skipping msvcrt.dll dependency of libwrap_dum.INBF4P5HZHWSHKX5FWH4U4H3URQULOGK.gfortran-win_amd64.dll
84816 DEBUG: Adding libopenblas.PYQHXLVVQ7VESDPUVUADXEVJOBGHJPAY.gfortran-win_amd64.dll dependency of libwrap_dum.INBF4P5HZHWSHKX5FWH4U4H3URQULOGK.gfortran-win_amd64.dll from c:\users\hatzakis group\pycharmprojects\deepfret-gui\venv2\lib\site-packages\scipy\.libs\libopenblas.PYQHXLVVQ7VESDPUVUADXEVJOBGHJPAY.gfortran-win_amd64.dll
84816 DEBUG: Analyzing c:\users\hatzakis group\pycharmprojects\deepfret-gui\venv2\lib\site-packages\scipy\.libs\libmvndst.ESZZP47EV6RKCFYTPDCSXD6LWVEBJFUI.gfortran-win_amd64.dll
84831 DEBUG: Skipping KERNEL32.dll dependency of libmvndst.ESZZP47EV6RKCFYTPDCSXD6LWVEBJFUI.gfortran-win_amd64.dll
84831 DEBUG: Skipping msvcrt.dll dependency of libmvndst.ESZZP47EV6RKCFYTPDCSXD6LWVEBJFUI.gfortran-win_amd64.dll
84831 DEBUG: Analyzing c:\users\hatzakis group\pycharmprojects\deepfret-gui\venv2\lib\site-packages\scipy\.libs\libcobyla2.25EVUSEBAW7VKISARB7LO3UGZPN2HXE3.gfortran-win_amd64.dll
84831 DEBUG: Skipping USER32.dll dependency of libcobyla2.25EVUSEBAW7VKISARB7LO3UGZPN2HXE3.gfortran-win_amd64.dll
84831 DEBUG: Skipping KERNEL32.dll dependency of libcobyla2.25EVUSEBAW7VKISARB7LO3UGZPN2HXE3.gfortran-win_amd64.dll
84831 DEBUG: Skipping msvcrt.dll dependency of libcobyla2.25EVUSEBAW7VKISARB7LO3UGZPN2HXE3.gfortran-win_amd64.dll
84831 DEBUG: Analyzing c:\users\hatzakis group\pycharmprojects\deepfret-gui\venv2\lib\site-packages\scipy\.libs\libspecfun.LQCTHMCYNULEOOGKIO6AGREE6D6V37RU.gfortran-win_amd64.dll
84847 DEBUG: Skipping KERNEL32.dll dependency of libspecfun.LQCTHMCYNULEOOGKIO6AGREE6D6V37RU.gfortran-win_amd64.dll
84847 DEBUG: Skipping msvcrt.dll dependency of libspecfun.LQCTHMCYNULEOOGKIO6AGREE6D6V37RU.gfortran-win_amd64.dll
84847 DEBUG: Analyzing C:\users\hatzakis group\pycharmprojects\deepfret-gui\venv2\lib\site-packages\PyQt5\Qt\plugins\platformthemes\qxdgdesktopportal.dll
84847 DEBUG: Adding Qt5DBus.dll dependency of qxdgdesktopportal.dll from c:\users\hatzakis group\pycharmprojects\deepfret-gui\venv2\lib\site-packages\PyQt5\Qt\bin\qt5dbus.dll
84847 DEBUG: Skipping KERNEL32.dll dependency of qxdgdesktopportal.dll
84847 DEBUG: Analyzing C:\users\hatzakis group\pycharmprojects\deepfret-gui\venv2\lib\site-packages\PyQt5\Qt\plugins\imageformats\qtga.dll
84863 DEBUG: Skipping KERNEL32.dll dependency of qtga.dll
84863 DEBUG: Analyzing c:\users\hatzakis group\pycharmprojects\deepfret-gui\venv2\lib\site-packages\scipy\.libs\libbanded5x.LJ25CFOXGVH6FGR46JMAT7BI46ZEL7MV.gfortran-win_amd64.dll
84863 DEBUG: Skipping USER32.dll dependency of libbanded5x.LJ25CFOXGVH6FGR46JMAT7BI46ZEL7MV.gfortran-win_amd64.dll
84863 DEBUG: Skipping KERNEL32.dll dependency of libbanded5x.LJ25CFOXGVH6FGR46JMAT7BI46ZEL7MV.gfortran-win_amd64.dll
84863 DEBUG: Skipping msvcrt.dll dependency of libbanded5x.LJ25CFOXGVH6FGR46JMAT7BI46ZEL7MV.gfortran-win_amd64.dll
84878 DEBUG: Analyzing C:\users\hatzakis group\pycharmprojects\deepfret-gui\venv2\lib\site-packages\PyQt5\Qt\plugins\imageformats\qsvg.dll
84878 DEBUG: Skipping KERNEL32.dll dependency of qsvg.dll
84878 DEBUG: Adding Qt5Svg.dll dependency of qsvg.dll from c:\users\hatzakis group\pycharmprojects\deepfret-gui\venv2\lib\site-packages\PyQt5\Qt\bin\qt5svg.dll
84878 DEBUG: Analyzing C:\users\hatzakis group\pycharmprojects\deepfret-gui\venv2\lib\site-packages\PyQt5\Qt\plugins\iconengines\qsvgicon.dll
84878 DEBUG: Skipping KERNEL32.dll dependency of qsvgicon.dll
84894 DEBUG: Analyzing C:\users\hatzakis group\pycharmprojects\deepfret-gui\venv2\lib\site-packages\PyQt5\Qt\bin\d3dcompiler_47.dll
84894 DEBUG: Skipping ADVAPI32.dll dependency of d3dcompiler_47.dll
84894 DEBUG: Skipping RPCRT4.dll dependency of d3dcompiler_47.dll
84909 DEBUG: Skipping msvcrt.dll dependency of d3dcompiler_47.dll
84909 DEBUG: Skipping KERNEL32.dll dependency of d3dcompiler_47.dll
84909 DEBUG: Analyzing c:\users\hatzakis group\pycharmprojects\deepfret-gui\venv2\lib\site-packages\scipy\.libs\libdop853.6TJTQZW3I3Q3QIDQHEOBEZKJ3NYRXI4B.gfortran-win_amd64.dll
84909 DEBUG: Skipping USER32.dll dependency of libdop853.6TJTQZW3I3Q3QIDQHEOBEZKJ3NYRXI4B.gfortran-win_amd64.dll
84909 DEBUG: Skipping KERNEL32.dll dependency of libdop853.6TJTQZW3I3Q3QIDQHEOBEZKJ3NYRXI4B.gfortran-win_amd64.dll
84909 DEBUG: Skipping msvcrt.dll dependency of libdop853.6TJTQZW3I3Q3QIDQHEOBEZKJ3NYRXI4B.gfortran-win_amd64.dll
84909 DEBUG: Analyzing c:\users\hatzakis group\pycharmprojects\deepfret-gui\venv2\lib\site-packages\scipy\.libs\libvode.77WNQL2EO7262UY6NS4XKZBSXCVMKUJ5.gfortran-win_amd64.dll
84925 DEBUG: Skipping USER32.dll dependency of libvode.77WNQL2EO7262UY6NS4XKZBSXCVMKUJ5.gfortran-win_amd64.dll
84925 DEBUG: Skipping KERNEL32.dll dependency of libvode.77WNQL2EO7262UY6NS4XKZBSXCVMKUJ5.gfortran-win_amd64.dll
84925 DEBUG: Skipping msvcrt.dll dependency of libvode.77WNQL2EO7262UY6NS4XKZBSXCVMKUJ5.gfortran-win_amd64.dll
84925 DEBUG: Analyzing C:\users\hatzakis group\pycharmprojects\deepfret-gui\venv2\lib\site-packages\PyQt5\Qt\plugins\platforms\qminimal.dll
84925 DEBUG: Skipping KERNEL32.dll dependency of qminimal.dll
84941 DEBUG: Skipping ole32.dll dependency of qminimal.dll
84941 DEBUG: Skipping GDI32.dll dependency of qminimal.dll
84941 DEBUG: Adding api-ms-win-crt-utility-l1-1-0.dll dependency of qminimal.dll from C:\Users\Hatzakis group\Anaconda3\api-ms-win-crt-utility-l1-1-0.dll
84941 DEBUG: Skipping USER32.dll dependency of qminimal.dll
84941 DEBUG: Analyzing C:\users\hatzakis group\pycharmprojects\deepfret-gui\venv2\lib\site-packages\PyQt5\Qt\plugins\imageformats\qtiff.dll
84941 DEBUG: Skipping KERNEL32.dll dependency of qtiff.dll
84956 DEBUG: Analyzing c:\users\hatzakis group\pycharmprojects\deepfret-gui\venv2\lib\site-packages\scipy\.libs\lib_blas_su.A3U3MLJNLZPXLN2HULSVAUE4SILUSO3S.gfortran-win_amd64.dll
84956 DEBUG: Skipping KERNEL32.dll dependency of lib_blas_su.A3U3MLJNLZPXLN2HULSVAUE4SILUSO3S.gfortran-win_amd64.dll
84956 DEBUG: Skipping msvcrt.dll dependency of lib_blas_su.A3U3MLJNLZPXLN2HULSVAUE4SILUSO3S.gfortran-win_amd64.dll
84956 DEBUG: Analyzing c:\users\hatzakis group\pycharmprojects\deepfret-gui\venv2\lib\site-packages\scipy\.libs\libdfitpack.7IZFBC3Q4BSML6VEPAU5LY2YM76FDQBW.gfortran-win_amd64.dll
84972 DEBUG: Skipping USER32.dll dependency of libdfitpack.7IZFBC3Q4BSML6VEPAU5LY2YM76FDQBW.gfortran-win_amd64.dll
84972 DEBUG: Skipping KERNEL32.dll dependency of libdfitpack.7IZFBC3Q4BSML6VEPAU5LY2YM76FDQBW.gfortran-win_amd64.dll
84972 DEBUG: Skipping msvcrt.dll dependency of libdfitpack.7IZFBC3Q4BSML6VEPAU5LY2YM76FDQBW.gfortran-win_amd64.dll
84972 DEBUG: Analyzing c:\users\hatzakis group\pycharmprojects\deepfret-gui\venv2\lib\site-packages\numpy\.libs\libopenblas.IPBC74C7KURV7CB2PKT5Z5FNR3SIBV4J.gfortran-win_amd64.dll
85019 DEBUG: Skipping USER32.dll dependency of libopenblas.IPBC74C7KURV7CB2PKT5Z5FNR3SIBV4J.gfortran-win_amd64.dll
85019 DEBUG: Skipping KERNEL32.dll dependency of libopenblas.IPBC74C7KURV7CB2PKT5Z5FNR3SIBV4J.gfortran-win_amd64.dll
85019 DEBUG: Skipping msvcrt.dll dependency of libopenblas.IPBC74C7KURV7CB2PKT5Z5FNR3SIBV4J.gfortran-win_amd64.dll
85019 DEBUG: Analyzing C:\users\hatzakis group\pycharmprojects\deepfret-gui\venv2\lib\site-packages\PyQt5\Qt\plugins\platforms\qwebgl.dll
85019 DEBUG: Skipping KERNEL32.dll dependency of qwebgl.dll
85019 DEBUG: Adding Qt5Network.dll dependency of qwebgl.dll from c:\users\hatzakis group\pycharmprojects\deepfret-gui\venv2\lib\site-packages\PyQt5\Qt\bin\qt5network.dll
85019 DEBUG: Adding Qt5Quick.dll dependency of qwebgl.dll from c:\users\hatzakis group\pycharmprojects\deepfret-gui\venv2\lib\site-packages\PyQt5\Qt\bin\qt5quick.dll
85019 DEBUG: Adding Qt5WebSockets.dll dependency of qwebgl.dll from c:\users\hatzakis group\pycharmprojects\deepfret-gui\venv2\lib\site-packages\PyQt5\Qt\bin\qt5websockets.dll
85034 DEBUG: Skipping MSVCP140.dll dependency of qwebgl.dll
85034 DEBUG: Skipping ole32.dll dependency of qwebgl.dll
85034 DEBUG: Skipping GDI32.dll dependency of qwebgl.dll
85034 DEBUG: Skipping USER32.dll dependency of qwebgl.dll
85034 DEBUG: Analyzing c:\users\hatzakis group\pycharmprojects\deepfret-gui\venv2\lib\site-packages\scipy\.libs\libchkder.G7WSOGIYYQO3UWFVEZ3PPXCXR53ADVPA.gfortran-win_amd64.dll
85034 DEBUG: Skipping KERNEL32.dll dependency of libchkder.G7WSOGIYYQO3UWFVEZ3PPXCXR53ADVPA.gfortran-win_amd64.dll
85034 DEBUG: Skipping msvcrt.dll dependency of libchkder.G7WSOGIYYQO3UWFVEZ3PPXCXR53ADVPA.gfortran-win_amd64.dll
85034 DEBUG: Analyzing c:\users\hatzakis group\pycharmprojects\deepfret-gui\venv2\lib\site-packages\scipy\.libs\libd_odr.FR3MMVWLL2YV6H3CHVW3EJKE6O26S777.gfortran-win_amd64.dll
85050 DEBUG: Skipping USER32.dll dependency of libd_odr.FR3MMVWLL2YV6H3CHVW3EJKE6O26S777.gfortran-win_amd64.dll
85050 DEBUG: Skipping KERNEL32.dll dependency of libd_odr.FR3MMVWLL2YV6H3CHVW3EJKE6O26S777.gfortran-win_amd64.dll
85050 DEBUG: Skipping msvcrt.dll dependency of libd_odr.FR3MMVWLL2YV6H3CHVW3EJKE6O26S777.gfortran-win_amd64.dll
85050 DEBUG: Analyzing c:\users\hatzakis group\pycharmprojects\deepfret-gui\venv2\lib\site-packages\scipy\.libs\libdcsrch.I2AOPDCXAPDRFNPWY55H5UE7XZSU5CVN.gfortran-win_amd64.dll
85066 DEBUG: Skipping KERNEL32.dll dependency of libdcsrch.I2AOPDCXAPDRFNPWY55H5UE7XZSU5CVN.gfortran-win_amd64.dll
85066 DEBUG: Skipping msvcrt.dll dependency of libdcsrch.I2AOPDCXAPDRFNPWY55H5UE7XZSU5CVN.gfortran-win_amd64.dll
85066 DEBUG: Analyzing c:\users\hatzakis group\pycharmprojects\deepfret-gui\venv2\lib\site-packages\scipy\.libs\libdqag.ASUMN6BY75Q4T7EHKHRAAMUB7NJQZ6AF.gfortran-win_amd64.dll
85066 DEBUG: Skipping USER32.dll dependency of libdqag.ASUMN6BY75Q4T7EHKHRAAMUB7NJQZ6AF.gfortran-win_amd64.dll
85066 DEBUG: Skipping KERNEL32.dll dependency of libdqag.ASUMN6BY75Q4T7EHKHRAAMUB7NJQZ6AF.gfortran-win_amd64.dll
85081 DEBUG: Skipping msvcrt.dll dependency of libdqag.ASUMN6BY75Q4T7EHKHRAAMUB7NJQZ6AF.gfortran-win_amd64.dll
85081 DEBUG: Analyzing C:\users\hatzakis group\pycharmprojects\deepfret-gui\venv2\lib\site-packages\PyQt5\Qt\bin\opengl32sw.dll
85097 DEBUG: Skipping ADVAPI32.dll dependency of opengl32sw.dll
85097 DEBUG: Skipping KERNEL32.dll dependency of opengl32sw.dll
85097 DEBUG: Skipping SHELL32.dll dependency of opengl32sw.dll
85097 DEBUG: Skipping imagehlp.dll dependency of opengl32sw.dll
85097 DEBUG: Skipping GDI32.dll dependency of opengl32sw.dll
85097 DEBUG: Skipping USER32.dll dependency of opengl32sw.dll
85097 DEBUG: Analyzing c:\users\hatzakis group\pycharmprojects\deepfret-gui\venv2\lib\site-packages\scipy\.libs\libwrap_dum.YRXNVUDMSZ7QU4JMXEOVLBRJVRHCDMOD.gfortran-win_amd64.dll
85112 DEBUG: Skipping KERNEL32.dll dependency of libwrap_dum.YRXNVUDMSZ7QU4JMXEOVLBRJVRHCDMOD.gfortran-win_amd64.dll
85112 DEBUG: Skipping msvcrt.dll dependency of libwrap_dum.YRXNVUDMSZ7QU4JMXEOVLBRJVRHCDMOD.gfortran-win_amd64.dll
85112 DEBUG: Analyzing C:\users\hatzakis group\pycharmprojects\deepfret-gui\venv2\lib\site-packages\PyQt5\Qt\plugins\bearer\qgenericbearer.dll
85112 DEBUG: Skipping IPHLPAPI.DLL dependency of qgenericbearer.dll
85112 DEBUG: Skipping KERNEL32.dll dependency of qgenericbearer.dll
85128 DEBUG: Analyzing c:\users\hatzakis group\pycharmprojects\deepfret-gui\venv2\lib\site-packages\scipy\.libs\libnnls.IXEEHJUCGHJL42YZEM6UIEMROJWXHMLJ.gfortran-win_amd64.dll
85128 DEBUG: Skipping USER32.dll dependency of libnnls.IXEEHJUCGHJL42YZEM6UIEMROJWXHMLJ.gfortran-win_amd64.dll
85128 DEBUG: Skipping KERNEL32.dll dependency of libnnls.IXEEHJUCGHJL42YZEM6UIEMROJWXHMLJ.gfortran-win_amd64.dll
85128 DEBUG: Skipping msvcrt.dll dependency of libnnls.IXEEHJUCGHJL42YZEM6UIEMROJWXHMLJ.gfortran-win_amd64.dll
85128 DEBUG: Analyzing c:\users\hatzakis group\pycharmprojects\deepfret-gui\venv2\lib\site-packages\scipy\.libs\libbispeu.7AH3PCQ2E2NGLC3AQD7FFAH73KGJTZCJ.gfortran-win_amd64.dll
85128 DEBUG: Skipping USER32.dll dependency of libbispeu.7AH3PCQ2E2NGLC3AQD7FFAH73KGJTZCJ.gfortran-win_amd64.dll
85144 DEBUG: Skipping KERNEL32.dll dependency of libbispeu.7AH3PCQ2E2NGLC3AQD7FFAH73KGJTZCJ.gfortran-win_amd64.dll
85144 DEBUG: Skipping msvcrt.dll dependency of libbispeu.7AH3PCQ2E2NGLC3AQD7FFAH73KGJTZCJ.gfortran-win_amd64.dll
85144 DEBUG: Analyzing C:\users\hatzakis group\pycharmprojects\deepfret-gui\venv2\lib\site-packages\PyQt5\Qt\plugins\platforms\qwindows.dll
85144 DEBUG: Skipping OLEAUT32.dll dependency of qwindows.dll
85144 DEBUG: Skipping WTSAPI32.dll dependency of qwindows.dll
85144 DEBUG: Skipping GDI32.dll dependency of qwindows.dll
85144 DEBUG: Skipping SHELL32.dll dependency of qwindows.dll
85159 DEBUG: Skipping WINMM.dll dependency of qwindows.dll
85159 DEBUG: Skipping MSVCP140.dll dependency of qwindows.dll
85159 DEBUG: Skipping IMM32.dll dependency of qwindows.dll
85159 DEBUG: Skipping KERNEL32.dll dependency of qwindows.dll
85159 DEBUG: Skipping dwmapi.dll dependency of qwindows.dll
85159 DEBUG: Skipping ole32.dll dependency of qwindows.dll
85159 DEBUG: Skipping USER32.dll dependency of qwindows.dll
85159 DEBUG: Analyzing C:\users\hatzakis group\pycharmprojects\deepfret-gui\venv2\lib\site-packages\PyQt5\Qt\plugins\imageformats\qjpeg.dll
85175 DEBUG: Skipping KERNEL32.dll dependency of qjpeg.dll
85175 DEBUG: Analyzing c:\users\hatzakis group\pycharmprojects\deepfret-gui\venv2\lib\site-packages\scipy\.libs\libansari.R6EA3HQP5KZ6TAXU4Y4ZVTRPT7UVA53Z.gfortran-win_amd64.dll
85175 DEBUG: Skipping KERNEL32.dll dependency of libansari.R6EA3HQP5KZ6TAXU4Y4ZVTRPT7UVA53Z.gfortran-win_amd64.dll
85175 DEBUG: Skipping msvcrt.dll dependency of libansari.R6EA3HQP5KZ6TAXU4Y4ZVTRPT7UVA53Z.gfortran-win_amd64.dll
85175 DEBUG: Analyzing C:\users\hatzakis group\pycharmprojects\deepfret-gui\venv2\lib\site-packages\PyQt5\Qt\plugins\platforms\qoffscreen.dll
85191 DEBUG: Skipping KERNEL32.dll dependency of qoffscreen.dll
85191 DEBUG: Analyzing C:\users\hatzakis group\pycharmprojects\deepfret-gui\venv2\lib\site-packages\PyQt5\Qt\plugins\imageformats\qico.dll
85191 DEBUG: Skipping KERNEL32.dll dependency of qico.dll
85191 DEBUG: Analyzing c:\users\hatzakis group\pycharmprojects\deepfret-gui\venv2\lib\site-packages\scipy\.libs\libdfft_sub.HB6HWU2LTJ5P64D6JB5BTIRBGGFAIHE4.gfortran-win_amd64.dll
85206 DEBUG: Skipping USER32.dll dependency of libdfft_sub.HB6HWU2LTJ5P64D6JB5BTIRBGGFAIHE4.gfortran-win_amd64.dll
85206 DEBUG: Skipping KERNEL32.dll dependency of libdfft_sub.HB6HWU2LTJ5P64D6JB5BTIRBGGFAIHE4.gfortran-win_amd64.dll
85206 DEBUG: Skipping msvcrt.dll dependency of libdfft_sub.HB6HWU2LTJ5P64D6JB5BTIRBGGFAIHE4.gfortran-win_amd64.dll
85206 DEBUG: Analyzing C:\users\hatzakis group\pycharmprojects\deepfret-gui\venv2\lib\site-packages\PyQt5\Qt\plugins\imageformats\qwbmp.dll
85206 DEBUG: Skipping KERNEL32.dll dependency of qwbmp.dll
85222 DEBUG: Analyzing c:\users\hatzakis group\pycharmprojects\deepfret-gui\venv2\lib\site-packages\scipy\.libs\liblbfgsb.YW64XR7R2AS5O3KQDT3MUZ2FXBQP3DXM.gfortran-win_amd64.dll
85222 DEBUG: Skipping USER32.dll dependency of liblbfgsb.YW64XR7R2AS5O3KQDT3MUZ2FXBQP3DXM.gfortran-win_amd64.dll
85222 DEBUG: Skipping KERNEL32.dll dependency of liblbfgsb.YW64XR7R2AS5O3KQDT3MUZ2FXBQP3DXM.gfortran-win_amd64.dll
85222 DEBUG: Skipping msvcrt.dll dependency of liblbfgsb.YW64XR7R2AS5O3KQDT3MUZ2FXBQP3DXM.gfortran-win_amd64.dll
85222 DEBUG: Analyzing c:\users\hatzakis group\pycharmprojects\deepfret-gui\venv2\lib\site-packages\scipy\.libs\libopenblas.PYQHXLVVQ7VESDPUVUADXEVJOBGHJPAY.gfortran-win_amd64.dll
85284 DEBUG: Skipping USER32.dll dependency of libopenblas.PYQHXLVVQ7VESDPUVUADXEVJOBGHJPAY.gfortran-win_amd64.dll
85284 DEBUG: Skipping KERNEL32.dll dependency of libopenblas.PYQHXLVVQ7VESDPUVUADXEVJOBGHJPAY.gfortran-win_amd64.dll
85284 DEBUG: Skipping msvcrt.dll dependency of libopenblas.PYQHXLVVQ7VESDPUVUADXEVJOBGHJPAY.gfortran-win_amd64.dll
85284 DEBUG: Analyzing c:\users\hatzakis group\pycharmprojects\deepfret-gui\venv2\lib\site-packages\scipy\.libs\msvcp140.dll
85284 DEBUG: Skipping KERNEL32.dll dependency of msvcp140.dll
85284 DEBUG: Adding api-ms-win-crt-multibyte-l1-1-0.dll dependency of msvcp140.dll from C:\Users\Hatzakis group\Anaconda3\api-ms-win-crt-multibyte-l1-1-0.dll
85284 DEBUG: Analyzing c:\users\hatzakis group\pycharmprojects\deepfret-gui\venv2\lib\site-packages\scipy\.libs\lib_test_fo.JF5HTWMUPBXWGAYEBVEJU3OZAHTSVKCT.gfortran-win_amd64.dll
85300 DEBUG: Skipping USER32.dll dependency of lib_test_fo.JF5HTWMUPBXWGAYEBVEJU3OZAHTSVKCT.gfortran-win_amd64.dll
85300 DEBUG: Skipping KERNEL32.dll dependency of lib_test_fo.JF5HTWMUPBXWGAYEBVEJU3OZAHTSVKCT.gfortran-win_amd64.dll
85300 DEBUG: Skipping msvcrt.dll dependency of lib_test_fo.JF5HTWMUPBXWGAYEBVEJU3OZAHTSVKCT.gfortran-win_amd64.dll
85300 DEBUG: Analyzing c:\users\hatzakis group\pycharmprojects\deepfret-gui\venv2\lib\site-packages\scipy\.libs\libgetbreak.52XR6FXTDBZJEAXZ7RBM3ZG7BEALZ5AO.gfortran-win_amd64.dll
85300 DEBUG: Skipping KERNEL32.dll dependency of libgetbreak.52XR6FXTDBZJEAXZ7RBM3ZG7BEALZ5AO.gfortran-win_amd64.dll
85300 DEBUG: Skipping msvcrt.dll dependency of libgetbreak.52XR6FXTDBZJEAXZ7RBM3ZG7BEALZ5AO.gfortran-win_amd64.dll
85300 DEBUG: Analyzing c:\users\hatzakis group\pycharmprojects\deepfret-gui\venv2\lib\site-packages\scipy\.libs\lib_arpack-.ZWLQK2J4Q7LTA6NRHLOFYQ7CTZKNNRPK.gfortran-win_amd64.dll
85394 DEBUG: Skipping USER32.dll dependency of lib_arpack-.ZWLQK2J4Q7LTA6NRHLOFYQ7CTZKNNRPK.gfortran-win_amd64.dll
85394 DEBUG: Skipping KERNEL32.dll dependency of lib_arpack-.ZWLQK2J4Q7LTA6NRHLOFYQ7CTZKNNRPK.gfortran-win_amd64.dll
85394 DEBUG: Skipping msvcrt.dll dependency of lib_arpack-.ZWLQK2J4Q7LTA6NRHLOFYQ7CTZKNNRPK.gfortran-win_amd64.dll
85394 DEBUG: Analyzing c:\users\hatzakis group\pycharmprojects\deepfret-gui\venv2\lib\site-packages\pywin32_system32\pythoncom36.dll
85409 DEBUG: Adding pywintypes36.dll dependency of pythoncom36.dll from c:\users\hatzakis group\pycharmprojects\deepfret-gui\venv2\lib\site-packages\pywin32_system32\pywintypes36.dll
85409 DEBUG: Skipping OLEAUT32.dll dependency of pythoncom36.dll
85409 DEBUG: Skipping KERNEL32.dll dependency of pythoncom36.dll
85409 DEBUG: Skipping ole32.dll dependency of pythoncom36.dll
85409 DEBUG: Skipping USER32.dll dependency of pythoncom36.dll
85409 DEBUG: Analyzing C:\users\hatzakis group\pycharmprojects\deepfret-gui\venv2\lib\site-packages\PyQt5\Qt\bin\libGLESv2.dll
85425 DEBUG: Skipping d3d9.dll dependency of libGLESv2.dll
85425 DEBUG: Skipping KERNEL32.dll dependency of libGLESv2.dll
85425 DEBUG: Skipping USER32.dll dependency of libGLESv2.dll
85425 DEBUG: Analyzing c:\users\hatzakis group\pycharmprojects\deepfret-gui\venv2\lib\site-packages\pywin32_system32\pywintypes36.dll
85425 DEBUG: Skipping ADVAPI32.dll dependency of pywintypes36.dll
85425 DEBUG: Skipping OLEAUT32.dll dependency of pywintypes36.dll
85425 DEBUG: Skipping KERNEL32.dll dependency of pywintypes36.dll
85441 DEBUG: Skipping ole32.dll dependency of pywintypes36.dll
85441 DEBUG: Skipping USER32.dll dependency of pywintypes36.dll
85441 DEBUG: Analyzing C:\users\hatzakis group\pycharmprojects\deepfret-gui\venv2\lib\site-packages\PyQt5\Qt\plugins\imageformats\qwebp.dll
85441 DEBUG: Skipping KERNEL32.dll dependency of qwebp.dll
85441 DEBUG: Analyzing C:\users\hatzakis group\pycharmprojects\deepfret-gui\venv2\lib\site-packages\PyQt5\Qt\bin\ssleay32.dll
85456 DEBUG: Adding LIBEAY32.dll dependency of ssleay32.dll from C:\users\hatzakis group\pycharmprojects\deepfret-gui\venv2\lib\site-packages\PyQt5\Qt\bin\LIBEAY32.dll
85456 DEBUG: Skipping KERNEL32.dll dependency of ssleay32.dll
85456 DEBUG: Analyzing C:\users\hatzakis group\pycharmprojects\deepfret-gui\venv2\lib\site-packages\PyQt5\Qt\bin\libeay32.dll
85472 DEBUG: Skipping ADVAPI32.dll dependency of libeay32.dll
85472 DEBUG: Skipping KERNEL32.dll dependency of libeay32.dll
85472 DEBUG: Skipping WS2_32.dll dependency of libeay32.dll
85472 DEBUG: Skipping GDI32.dll dependency of libeay32.dll
85472 DEBUG: Skipping USER32.dll dependency of libeay32.dll
85472 DEBUG: Analyzing C:\users\hatzakis group\pycharmprojects\deepfret-gui\venv2\lib\site-packages\PyQt5\Qt\plugins\imageformats\qgif.dll
85487 DEBUG: Skipping KERNEL32.dll dependency of qgif.dll
85487 DEBUG: Analyzing c:\users\hatzakis group\pycharmprojects\deepfret-gui\venv2\lib\site-packages\scipy\.libs\libdet.3DUM4WTGGUXU7ZG3JXJUWKRAUXB44DQK.gfortran-win_amd64.dll
85487 DEBUG: Skipping KERNEL32.dll dependency of libdet.3DUM4WTGGUXU7ZG3JXJUWKRAUXB44DQK.gfortran-win_amd64.dll
85487 DEBUG: Skipping msvcrt.dll dependency of libdet.3DUM4WTGGUXU7ZG3JXJUWKRAUXB44DQK.gfortran-win_amd64.dll
85487 DEBUG: Analyzing c:\users\hatzakis group\pycharmprojects\deepfret-gui\venv2\lib\site-packages\scipy\.libs\libslsqp_op.RGGN6ZOFD2K47X7YRNDYCM7JFP4AGLER.gfortran-win_amd64.dll
85487 DEBUG: Skipping KERNEL32.dll dependency of libslsqp_op.RGGN6ZOFD2K47X7YRNDYCM7JFP4AGLER.gfortran-win_amd64.dll
85503 DEBUG: Skipping msvcrt.dll dependency of libslsqp_op.RGGN6ZOFD2K47X7YRNDYCM7JFP4AGLER.gfortran-win_amd64.dll
85503 DEBUG: Analyzing c:\users\hatzakis group\pycharmprojects\deepfret-gui\venv2\lib\site-packages\scipy\.libs\libblkdta00.DM6OZU6JK6GW2OVVTW7IQSMZ7CM436UX.gfortran-win_amd64.dll
85503 DEBUG: Skipping USER32.dll dependency of libblkdta00.DM6OZU6JK6GW2OVVTW7IQSMZ7CM436UX.gfortran-win_amd64.dll
85503 DEBUG: Skipping KERNEL32.dll dependency of libblkdta00.DM6OZU6JK6GW2OVVTW7IQSMZ7CM436UX.gfortran-win_amd64.dll
85503 DEBUG: Skipping msvcrt.dll dependency of libblkdta00.DM6OZU6JK6GW2OVVTW7IQSMZ7CM436UX.gfortran-win_amd64.dll
85503 DEBUG: Analyzing c:\users\hatzakis group\pycharmprojects\deepfret-gui\venv2\lib\site-packages\win32\win32trace.pyd
85503 DEBUG: Skipping KERNEL32.dll dependency of win32trace.pyd
85519 DEBUG: Skipping ADVAPI32.dll dependency of win32trace.pyd
85519 DEBUG: Analyzing c:\users\hatzakis group\pycharmprojects\deepfret-gui\venv2\lib\site-packages\Pythonwin\win32ui.pyd
85519 DEBUG: Skipping WINSPOOL.DRV dependency of win32ui.pyd
85519 DEBUG: Skipping OLEAUT32.dll dependency of win32ui.pyd
85519 DEBUG: Skipping KERNEL32.dll dependency of win32ui.pyd
85519 DEBUG: Adding mfc140u.dll dependency of win32ui.pyd from c:\users\hatzakis group\pycharmprojects\deepfret-gui\venv2\lib\site-packages\Pythonwin\mfc140u.dll
85519 DEBUG: Skipping SHELL32.dll dependency of win32ui.pyd
85519 DEBUG: Skipping GDI32.dll dependency of win32ui.pyd
85534 DEBUG: Skipping USER32.dll dependency of win32ui.pyd
85534 DEBUG: Skipping COMCTL32.dll dependency of win32ui.pyd
85534 DEBUG: Analyzing c:\users\hatzakis group\pycharmprojects\deepfret-gui\venv2\lib\site-packages\win32\_win32sysloader.pyd
85534 DEBUG: Skipping KERNEL32.dll dependency of _win32sysloader.pyd
85534 DEBUG: Analyzing C:\Users\Hatzakis group\AppData\Local\Programs\Python\Python36\DLLs\_ssl.pyd
85534 DEBUG: Dependent assemblies of C:\Users\Hatzakis group\AppData\Local\Programs\Python\Python36\DLLs\_ssl.pyd:
85534 DEBUG: *_Microsoft.Windows.Common-Controls_6595b64144ccf1df_6.0.0.0_none
85534 DEBUG: Skipping assembly *_Microsoft.Windows.Common-Controls_6595b64144ccf1df_6.0.0.0_none
85534 DEBUG: Skipping ADVAPI32.dll dependency of _ssl.pyd
85534 DEBUG: Skipping KERNEL32.dll dependency of _ssl.pyd
85550 DEBUG: Skipping CRYPT32.dll dependency of _ssl.pyd
85550 DEBUG: Skipping WS2_32.dll dependency of _ssl.pyd
85550 DEBUG: Skipping GDI32.dll dependency of _ssl.pyd
85550 DEBUG: Skipping USER32.dll dependency of _ssl.pyd
85550 DEBUG: Analyzing c:\users\hatzakis group\pycharmprojects\deepfret-gui\venv2\lib\site-packages\scipy\linalg\_decomp_update.cp36-win_amd64.pyd
85550 DEBUG: Skipping KERNEL32.dll dependency of _decomp_update.cp36-win_amd64.pyd
85550 DEBUG: Analyzing c:\users\hatzakis group\pycharmprojects\deepfret-gui\venv2\lib\site-packages\scipy\special\_ufuncs_cxx.cp36-win_amd64.pyd
85550 DEBUG: Skipping KERNEL32.dll dependency of _ufuncs_cxx.cp36-win_amd64.pyd
85550 DEBUG: Analyzing c:\users\hatzakis group\pycharmprojects\deepfret-gui\venv2\lib\site-packages\scipy\linalg\cython_blas.cp36-win_amd64.pyd
85565 DEBUG: Skipping KERNEL32.dll dependency of cython_blas.cp36-win_amd64.pyd
85565 DEBUG: Analyzing c:\users\hatzakis group\pycharmprojects\deepfret-gui\venv2\lib\site-packages\scipy\linalg\cython_lapack.cp36-win_amd64.pyd
85565 DEBUG: Skipping KERNEL32.dll dependency of cython_lapack.cp36-win_amd64.pyd
85565 DEBUG: Analyzing C:\Users\Hatzakis group\AppData\Local\Programs\Python\Python36\DLLs\_elementtree.pyd
85565 DEBUG: Dependent assemblies of C:\Users\Hatzakis group\AppData\Local\Programs\Python\Python36\DLLs\_elementtree.pyd:
85565 DEBUG: *_Microsoft.Windows.Common-Controls_6595b64144ccf1df_6.0.0.0_none
85565 DEBUG: Skipping assembly *_Microsoft.Windows.Common-Controls_6595b64144ccf1df_6.0.0.0_none
85565 DEBUG: Skipping KERNEL32.dll dependency of _elementtree.pyd
85565 DEBUG: Analyzing c:\users\hatzakis group\pycharmprojects\deepfret-gui\venv2\lib\site-packages\win32\win32wnet.pyd
85565 DEBUG: Skipping KERNEL32.dll dependency of win32wnet.pyd
85581 DEBUG: Skipping MPR.dll dependency of win32wnet.pyd
85581 DEBUG: Skipping NETAPI32.dll dependency of win32wnet.pyd
85581 DEBUG: Analyzing c:\users\hatzakis group\pycharmprojects\deepfret-gui\venv2\lib\site-packages\tensorflow\python\_pywrap_bfloat16.pyd
85612 WARNING: lib not found: VCRUNTIME140_1.dll dependency of c:\users\hatzakis group\pycharmprojects\deepfret-gui\venv2\lib\site-packages\tensorflow\python\_pywrap_bfloat16.pyd
85628 DEBUG: Skipping KERNEL32.dll dependency of _pywrap_bfloat16.pyd
85628 DEBUG: Adding _pywrap_tensorflow_internal.pyd dependency of _pywrap_bfloat16.pyd from c:\users\hatzakis group\pycharmprojects\deepfret-gui\venv2\lib\site-packages\tensorflow\python\_pywrap_tensorflow_internal.pyd
85628 DEBUG: Analyzing c:\users\hatzakis group\pycharmprojects\deepfret-gui\venv2\lib\site-packages\tensorflow\python\_dtypes.pyd
85659 WARNING: lib not found: VCRUNTIME140_1.dll dependency of c:\users\hatzakis group\pycharmprojects\deepfret-gui\venv2\lib\site-packages\tensorflow\python\_dtypes.pyd
85659 DEBUG: Skipping KERNEL32.dll dependency of _dtypes.pyd
85675 DEBUG: Analyzing c:\users\hatzakis group\pycharmprojects\deepfret-gui\venv2\lib\site-packages\tensorflow\python\_pywrap_python_op_gen.pyd
85706 WARNING: lib not found: VCRUNTIME140_1.dll dependency of c:\users\hatzakis group\pycharmprojects\deepfret-gui\venv2\lib\site-packages\tensorflow\python\_pywrap_python_op_gen.pyd
85706 DEBUG: Skipping KERNEL32.dll dependency of _pywrap_python_op_gen.pyd
85706 DEBUG: Analyzing c:\users\hatzakis group\pycharmprojects\deepfret-gui\venv2\lib\site-packages\tensorflow\python\_pywrap_py_func.pyd
85753 WARNING: lib not found: VCRUNTIME140_1.dll dependency of c:\users\hatzakis group\pycharmprojects\deepfret-gui\venv2\lib\site-packages\tensorflow\python\_pywrap_py_func.pyd
85753 DEBUG: Skipping KERNEL32.dll dependency of _pywrap_py_func.pyd
85753 DEBUG: Analyzing c:\users\hatzakis group\pycharmprojects\deepfret-gui\venv2\lib\site-packages\tensorflow\python\_pywrap_file_io.pyd
85800 WARNING: lib not found: VCRUNTIME140_1.dll dependency of c:\users\hatzakis group\pycharmprojects\deepfret-gui\venv2\lib\site-packages\tensorflow\python\_pywrap_file_io.pyd
85800 DEBUG: Skipping KERNEL32.dll dependency of _pywrap_file_io.pyd
85800 DEBUG: Skipping dbghelp.dll dependency of _pywrap_file_io.pyd
85800 DEBUG: Skipping SHLWAPI.dll dependency of _pywrap_file_io.pyd
85800 DEBUG: Analyzing c:\users\hatzakis group\pycharmprojects\deepfret-gui\venv2\lib\site-packages\tensorflow\python\_pywrap_stacktrace_handler.pyd
85847 WARNING: lib not found: VCRUNTIME140_1.dll dependency of c:\users\hatzakis group\pycharmprojects\deepfret-gui\venv2\lib\site-packages\tensorflow\python\_pywrap_stacktrace_handler.pyd
85847 DEBUG: Skipping KERNEL32.dll dependency of _pywrap_stacktrace_handler.pyd
85862 DEBUG: Analyzing c:\users\hatzakis group\pycharmprojects\deepfret-gui\venv2\lib\site-packages\tensorflow\python\_pywrap_util_port.pyd
85894 WARNING: lib not found: VCRUNTIME140_1.dll dependency of c:\users\hatzakis group\pycharmprojects\deepfret-gui\venv2\lib\site-packages\tensorflow\python\_pywrap_util_port.pyd
85894 DEBUG: Skipping KERNEL32.dll dependency of _pywrap_util_port.pyd
85894 DEBUG: Analyzing c:\users\hatzakis group\pycharmprojects\deepfret-gui\venv2\lib\site-packages\tensorflow\python\_pywrap_tfe.pyd
85940 WARNING: lib not found: VCRUNTIME140_1.dll dependency of c:\users\hatzakis group\pycharmprojects\deepfret-gui\venv2\lib\site-packages\tensorflow\python\_pywrap_tfe.pyd
85940 DEBUG: Skipping KERNEL32.dll dependency of _pywrap_tfe.pyd
85956 DEBUG: Skipping dbghelp.dll dependency of _pywrap_tfe.pyd
85956 DEBUG: Skipping SHLWAPI.dll dependency of _pywrap_tfe.pyd
85956 DEBUG: Skipping WS2_32.dll dependency of _pywrap_tfe.pyd
85956 DEBUG: Skipping ADVAPI32.dll dependency of _pywrap_tfe.pyd
85956 DEBUG: Analyzing c:\users\hatzakis group\pycharmprojects\deepfret-gui\venv2\lib\site-packages\grpc\_cython\cygrpc.cp36-win_amd64.pyd
85956 DEBUG: Skipping KERNEL32.dll dependency of cygrpc.cp36-win_amd64.pyd
85972 DEBUG: Skipping WS2_32.dll dependency of cygrpc.cp36-win_amd64.pyd
85972 DEBUG: Skipping ADVAPI32.dll dependency of cygrpc.cp36-win_amd64.pyd
85972 DEBUG: Analyzing c:\users\hatzakis group\pycharmprojects\deepfret-gui\venv2\lib\site-packages\tensorflow\python\_pywrap_debug_events_writer.pyd
86019 WARNING: lib not found: VCRUNTIME140_1.dll dependency of c:\users\hatzakis group\pycharmprojects\deepfret-gui\venv2\lib\site-packages\tensorflow\python\_pywrap_debug_events_writer.pyd
86019 DEBUG: Skipping KERNEL32.dll dependency of _pywrap_debug_events_writer.pyd
86019 DEBUG: Skipping dbghelp.dll dependency of _pywrap_debug_events_writer.pyd
86019 DEBUG: Skipping SHLWAPI.dll dependency of _pywrap_debug_events_writer.pyd
86019 DEBUG: Analyzing c:\users\hatzakis group\pycharmprojects\deepfret-gui\venv2\lib\site-packages\tensorflow\python\_pywrap_toco_api.pyd
86065 WARNING: lib not found: VCRUNTIME140_1.dll dependency of c:\users\hatzakis group\pycharmprojects\deepfret-gui\venv2\lib\site-packages\tensorflow\python\_pywrap_toco_api.pyd
86065 DEBUG: Skipping KERNEL32.dll dependency of _pywrap_toco_api.pyd
86065 DEBUG: Analyzing c:\users\hatzakis group\pycharmprojects\deepfret-gui\venv2\lib\site-packages\tensorflow\python\_pywrap_tf_optimizer.pyd
86112 WARNING: lib not found: VCRUNTIME140_1.dll dependency of c:\users\hatzakis group\pycharmprojects\deepfret-gui\venv2\lib\site-packages\tensorflow\python\_pywrap_tf_optimizer.pyd
86112 DEBUG: Skipping KERNEL32.dll dependency of _pywrap_tf_optimizer.pyd
86112 DEBUG: Skipping dbghelp.dll dependency of _pywrap_tf_optimizer.pyd
86112 DEBUG: Skipping SHLWAPI.dll dependency of _pywrap_tf_optimizer.pyd
86112 DEBUG: Analyzing c:\users\hatzakis group\pycharmprojects\deepfret-gui\venv2\lib\site-packages\tensorflow\python\_pywrap_tf_cluster.pyd
86159 WARNING: lib not found: VCRUNTIME140_1.dll dependency of c:\users\hatzakis group\pycharmprojects\deepfret-gui\venv2\lib\site-packages\tensorflow\python\_pywrap_tf_cluster.pyd
86159 DEBUG: Skipping KERNEL32.dll dependency of _pywrap_tf_cluster.pyd
86159 DEBUG: Skipping dbghelp.dll dependency of _pywrap_tf_cluster.pyd
86159 DEBUG: Skipping SHLWAPI.dll dependency of _pywrap_tf_cluster.pyd
86159 DEBUG: Analyzing c:\users\hatzakis group\pycharmprojects\deepfret-gui\venv2\lib\site-packages\tensorflow\python\_pywrap_mlir.pyd
86206 WARNING: lib not found: VCRUNTIME140_1.dll dependency of c:\users\hatzakis group\pycharmprojects\deepfret-gui\venv2\lib\site-packages\tensorflow\python\_pywrap_mlir.pyd
86206 DEBUG: Skipping KERNEL32.dll dependency of _pywrap_mlir.pyd
86206 DEBUG: Skipping dbghelp.dll dependency of _pywrap_mlir.pyd
86206 DEBUG: Skipping SHLWAPI.dll dependency of _pywrap_mlir.pyd
86206 DEBUG: Analyzing c:\users\hatzakis group\pycharmprojects\deepfret-gui\venv2\lib\site-packages\pandas\_libs\hashtable.cp36-win_amd64.pyd
86222 DEBUG: Skipping KERNEL32.dll dependency of hashtable.cp36-win_amd64.pyd
86222 DEBUG: Analyzing c:\users\hatzakis group\pycharmprojects\deepfret-gui\venv2\lib\site-packages\pandas\_libs\lib.cp36-win_amd64.pyd
86222 DEBUG: Skipping KERNEL32.dll dependency of lib.cp36-win_amd64.pyd
86222 DEBUG: Analyzing c:\users\hatzakis group\pycharmprojects\deepfret-gui\venv2\lib\site-packages\pandas\_libs\tslib.cp36-win_amd64.pyd
86222 DEBUG: Skipping KERNEL32.dll dependency of tslib.cp36-win_amd64.pyd
86222 DEBUG: Analyzing c:\users\hatzakis group\pycharmprojects\deepfret-gui\venv2\lib\site-packages\pandas\io\sas\_sas.cp36-win_amd64.pyd
86222 DEBUG: Skipping KERNEL32.dll dependency of _sas.cp36-win_amd64.pyd
86222 DEBUG: Analyzing c:\users\hatzakis group\pycharmprojects\deepfret-gui\venv2\lib\site-packages\pandas\_libs\testing.cp36-win_amd64.pyd
86237 DEBUG: Skipping KERNEL32.dll dependency of testing.cp36-win_amd64.pyd
86237 DEBUG: Analyzing c:\users\hatzakis group\pycharmprojects\deepfret-gui\venv2\lib\site-packages\pandas\_libs\algos.cp36-win_amd64.pyd
86237 DEBUG: Skipping KERNEL32.dll dependency of algos.cp36-win_amd64.pyd
86237 DEBUG: Analyzing c:\users\hatzakis group\pycharmprojects\deepfret-gui\venv2\lib\site-packages\pandas\_libs\missing.cp36-win_amd64.pyd
86237 DEBUG: Skipping KERNEL32.dll dependency of missing.cp36-win_amd64.pyd
86237 DEBUG: Analyzing c:\users\hatzakis group\pycharmprojects\deepfret-gui\venv2\lib\site-packages\pandas\_libs\indexing.cp36-win_amd64.pyd
86237 DEBUG: Skipping KERNEL32.dll dependency of indexing.cp36-win_amd64.pyd
86237 DEBUG: Analyzing c:\users\hatzakis group\pycharmprojects\deepfret-gui\venv2\lib\site-packages\pandas\_libs\index.cp36-win_amd64.pyd
86253 DEBUG: Skipping KERNEL32.dll dependency of index.cp36-win_amd64.pyd
86253 DEBUG: Analyzing c:\users\hatzakis group\pycharmprojects\deepfret-gui\venv2\lib\site-packages\pandas\_libs\tslibs\nattype.cp36-win_amd64.pyd
86253 DEBUG: Skipping KERNEL32.dll dependency of nattype.cp36-win_amd64.pyd
86253 DEBUG: Analyzing c:\users\hatzakis group\pycharmprojects\deepfret-gui\venv2\lib\site-packages\pandas\_libs\tslibs\np_datetime.cp36-win_amd64.pyd
86253 DEBUG: Skipping KERNEL32.dll dependency of np_datetime.cp36-win_amd64.pyd
86253 DEBUG: Analyzing c:\users\hatzakis group\pycharmprojects\deepfret-gui\venv2\lib\site-packages\pandas\_libs\tslibs\timestamps.cp36-win_amd64.pyd
86253 DEBUG: Skipping KERNEL32.dll dependency of timestamps.cp36-win_amd64.pyd
86253 DEBUG: Analyzing c:\users\hatzakis group\pycharmprojects\deepfret-gui\venv2\lib\site-packages\pandas\_libs\interval.cp36-win_amd64.pyd
86253 DEBUG: Skipping KERNEL32.dll dependency of interval.cp36-win_amd64.pyd
86253 DEBUG: Analyzing c:\users\hatzakis group\pycharmprojects\deepfret-gui\venv2\lib\site-packages\pandas\_libs\properties.cp36-win_amd64.pyd
86268 DEBUG: Skipping KERNEL32.dll dependency of properties.cp36-win_amd64.pyd
86268 DEBUG: Analyzing c:\users\hatzakis group\pycharmprojects\deepfret-gui\venv2\lib\site-packages\pandas\_libs\tslibs\fields.cp36-win_amd64.pyd
86268 DEBUG: Skipping KERNEL32.dll dependency of fields.cp36-win_amd64.pyd
86268 DEBUG: Analyzing c:\users\hatzakis group\pycharmprojects\deepfret-gui\venv2\lib\site-packages\pandas\util\_move.cp36-win_amd64.pyd
86268 DEBUG: Skipping KERNEL32.dll dependency of _move.cp36-win_amd64.pyd
86268 DEBUG: Analyzing c:\users\hatzakis group\pycharmprojects\deepfret-gui\venv2\lib\site-packages\pandas\io\msgpack\_packer.cp36-win_amd64.pyd
86268 DEBUG: Skipping KERNEL32.dll dependency of _packer.cp36-win_amd64.pyd
86268 DEBUG: Analyzing c:\users\hatzakis group\pycharmprojects\deepfret-gui\venv2\lib\site-packages\pandas\io\msgpack\_unpacker.cp36-win_amd64.pyd
86284 DEBUG: Skipping KERNEL32.dll dependency of _unpacker.cp36-win_amd64.pyd
86284 DEBUG: Analyzing C:\Users\Hatzakis group\AppData\Local\Programs\Python\Python36\DLLs\_sqlite3.pyd
86284 DEBUG: Dependent assemblies of C:\Users\Hatzakis group\AppData\Local\Programs\Python\Python36\DLLs\_sqlite3.pyd:
86284 DEBUG: *_Microsoft.Windows.Common-Controls_6595b64144ccf1df_6.0.0.0_none
86284 DEBUG: Skipping assembly *_Microsoft.Windows.Common-Controls_6595b64144ccf1df_6.0.0.0_none
86284 DEBUG: Adding sqlite3.dll dependency of _sqlite3.pyd from C:\Users\Hatzakis group\AppData\Local\Programs\Python\Python36\DLLs\sqlite3.dll
86284 DEBUG: Skipping KERNEL32.dll dependency of _sqlite3.pyd
86284 DEBUG: Analyzing c:\users\hatzakis group\pycharmprojects\deepfret-gui\venv2\lib\site-packages\PyQt5\QtWidgets.pyd
86284 DEBUG: Skipping KERNEL32.dll dependency of QtWidgets.pyd
86284 DEBUG: Adding python3.dll dependency of QtWidgets.pyd from C:\Users\Hatzakis group\AppData\Local\Programs\Python\Python36\python3.dll
86300 DEBUG: Analyzing c:\users\hatzakis group\pycharmprojects\deepfret-gui\venv2\lib\site-packages\pandas\_libs\tslibs\timedeltas.cp36-win_amd64.pyd
86300 DEBUG: Skipping KERNEL32.dll dependency of timedeltas.cp36-win_amd64.pyd
86300 DEBUG: Analyzing c:\users\hatzakis group\pycharmprojects\deepfret-gui\venv2\lib\site-packages\pandas\_libs\tslibs\strptime.cp36-win_amd64.pyd
86300 DEBUG: Skipping KERNEL32.dll dependency of strptime.cp36-win_amd64.pyd
86300 DEBUG: Analyzing c:\users\hatzakis group\pycharmprojects\deepfret-gui\venv2\lib\site-packages\pandas\_libs\window.cp36-win_amd64.pyd
86300 DEBUG: Skipping KERNEL32.dll dependency of window.cp36-win_amd64.pyd
86300 DEBUG: Analyzing c:\users\hatzakis group\pycharmprojects\deepfret-gui\venv2\lib\site-packages\pandas\_libs\tslibs\resolution.cp36-win_amd64.pyd
86315 DEBUG: Skipping KERNEL32.dll dependency of resolution.cp36-win_amd64.pyd
86315 DEBUG: Analyzing c:\users\hatzakis group\pycharmprojects\deepfret-gui\venv2\lib\site-packages\pandas\_libs\tslibs\frequencies.cp36-win_amd64.pyd
86315 DEBUG: Skipping KERNEL32.dll dependency of frequencies.cp36-win_amd64.pyd
86315 DEBUG: Analyzing c:\users\hatzakis group\pycharmprojects\deepfret-gui\venv2\lib\site-packages\pandas\_libs\tslibs\period.cp36-win_amd64.pyd
86315 DEBUG: Skipping KERNEL32.dll dependency of period.cp36-win_amd64.pyd
86315 DEBUG: Analyzing c:\users\hatzakis group\pycharmprojects\deepfret-gui\venv2\lib\site-packages\pandas\_libs\tslibs\ccalendar.cp36-win_amd64.pyd
86315 DEBUG: Skipping KERNEL32.dll dependency of ccalendar.cp36-win_amd64.pyd
86315 DEBUG: Analyzing c:\users\hatzakis group\pycharmprojects\deepfret-gui\venv2\lib\site-packages\pandas\_libs\tslibs\offsets.cp36-win_amd64.pyd
86331 DEBUG: Skipping KERNEL32.dll dependency of offsets.cp36-win_amd64.pyd
86331 DEBUG: Analyzing c:\users\hatzakis group\pycharmprojects\deepfret-gui\venv2\lib\site-packages\pandas\_libs\tslibs\timezones.cp36-win_amd64.pyd
86331 DEBUG: Skipping KERNEL32.dll dependency of timezones.cp36-win_amd64.pyd
86331 DEBUG: Analyzing c:\users\hatzakis group\pycharmprojects\deepfret-gui\venv2\lib\site-packages\pandas\_libs\json.cp36-win_amd64.pyd
86331 DEBUG: Skipping KERNEL32.dll dependency of json.cp36-win_amd64.pyd
86331 DEBUG: Analyzing c:\users\hatzakis group\pycharmprojects\deepfret-gui\venv2\lib\site-packages\pandas\_libs\parsers.cp36-win_amd64.pyd
86331 DEBUG: Skipping KERNEL32.dll dependency of parsers.cp36-win_amd64.pyd
86331 DEBUG: Analyzing c:\users\hatzakis group\pycharmprojects\deepfret-gui\venv2\lib\site-packages\pandas\_libs\tslibs\parsing.cp36-win_amd64.pyd
86331 DEBUG: Skipping KERNEL32.dll dependency of parsing.cp36-win_amd64.pyd
86331 DEBUG: Analyzing c:\users\hatzakis group\pycharmprojects\deepfret-gui\venv2\lib\site-packages\pandas\_libs\writers.cp36-win_amd64.pyd
86347 DEBUG: Skipping KERNEL32.dll dependency of writers.cp36-win_amd64.pyd
86347 DEBUG: Analyzing c:\users\hatzakis group\pycharmprojects\deepfret-gui\venv2\lib\site-packages\pandas\_libs\reshape.cp36-win_amd64.pyd
86347 DEBUG: Skipping KERNEL32.dll dependency of reshape.cp36-win_amd64.pyd
86347 DEBUG: Analyzing c:\users\hatzakis group\pycharmprojects\deepfret-gui\venv2\lib\site-packages\pandas\_libs\sparse.cp36-win_amd64.pyd
86347 DEBUG: Skipping KERNEL32.dll dependency of sparse.cp36-win_amd64.pyd
86347 DEBUG: Analyzing c:\users\hatzakis group\pycharmprojects\deepfret-gui\venv2\lib\site-packages\pandas\_libs\join.cp36-win_amd64.pyd
86347 DEBUG: Skipping KERNEL32.dll dependency of join.cp36-win_amd64.pyd
86347 DEBUG: Analyzing c:\users\hatzakis group\pycharmprojects\deepfret-gui\venv2\lib\site-packages\pandas\_libs\groupby.cp36-win_amd64.pyd
86362 DEBUG: Skipping KERNEL32.dll dependency of groupby.cp36-win_amd64.pyd
86362 DEBUG: Analyzing c:\users\hatzakis group\pycharmprojects\deepfret-gui\venv2\lib\site-packages\pandas\_libs\reduction.cp36-win_amd64.pyd
86362 DEBUG: Skipping KERNEL32.dll dependency of reduction.cp36-win_amd64.pyd
86362 DEBUG: Analyzing c:\users\hatzakis group\pycharmprojects\deepfret-gui\venv2\lib\site-packages\scipy\signal\sigtools.cp36-win_amd64.pyd
86362 DEBUG: Skipping KERNEL32.dll dependency of sigtools.cp36-win_amd64.pyd
86362 DEBUG: Analyzing c:\users\hatzakis group\pycharmprojects\deepfret-gui\venv2\lib\site-packages\scipy\signal\_max_len_seq_inner.cp36-win_amd64.pyd
86362 DEBUG: Skipping KERNEL32.dll dependency of _max_len_seq_inner.cp36-win_amd64.pyd
86362 DEBUG: Analyzing c:\users\hatzakis group\pycharmprojects\deepfret-gui\venv2\lib\site-packages\scipy\signal\_upfirdn_apply.cp36-win_amd64.pyd
86378 DEBUG: Skipping KERNEL32.dll dependency of _upfirdn_apply.cp36-win_amd64.pyd
86378 DEBUG: Analyzing c:\users\hatzakis group\pycharmprojects\deepfret-gui\venv2\lib\site-packages\scipy\signal\spline.cp36-win_amd64.pyd
86378 DEBUG: Skipping KERNEL32.dll dependency of spline.cp36-win_amd64.pyd
86378 DEBUG: Analyzing c:\users\hatzakis group\pycharmprojects\deepfret-gui\venv2\lib\site-packages\scipy\signal\_sosfilt.cp36-win_amd64.pyd
86378 DEBUG: Skipping KERNEL32.dll dependency of _sosfilt.cp36-win_amd64.pyd
86378 DEBUG: Analyzing c:\users\hatzakis group\pycharmprojects\deepfret-gui\venv2\lib\site-packages\scipy\signal\_spectral.cp36-win_amd64.pyd
86378 DEBUG: Skipping KERNEL32.dll dependency of _spectral.cp36-win_amd64.pyd
86378 DEBUG: Analyzing c:\users\hatzakis group\pycharmprojects\deepfret-gui\venv2\lib\site-packages\scipy\stats\_stats.cp36-win_amd64.pyd
86393 DEBUG: Skipping KERNEL32.dll dependency of _stats.cp36-win_amd64.pyd
86393 DEBUG: Analyzing c:\users\hatzakis group\pycharmprojects\deepfret-gui\venv2\lib\site-packages\scipy\ndimage\_ni_label.cp36-win_amd64.pyd
86393 DEBUG: Skipping KERNEL32.dll dependency of _ni_label.cp36-win_amd64.pyd
86393 DEBUG: Analyzing c:\users\hatzakis group\pycharmprojects\deepfret-gui\venv2\lib\site-packages\scipy\ndimage\_nd_image.cp36-win_amd64.pyd
86393 DEBUG: Skipping KERNEL32.dll dependency of _nd_image.cp36-win_amd64.pyd
86393 DEBUG: Analyzing c:\users\hatzakis group\pycharmprojects\deepfret-gui\venv2\lib\site-packages\scipy\stats\statlib.cp36-win_amd64.pyd
86393 DEBUG: Skipping KERNEL32.dll dependency of statlib.cp36-win_amd64.pyd
86393 DEBUG: Analyzing c:\users\hatzakis group\pycharmprojects\deepfret-gui\venv2\lib\site-packages\scipy\stats\mvn.cp36-win_amd64.pyd
86409 DEBUG: Skipping KERNEL32.dll dependency of mvn.cp36-win_amd64.pyd
86409 DEBUG: Analyzing c:\users\hatzakis group\pycharmprojects\deepfret-gui\venv2\lib\site-packages\scipy\signal\_peak_finding_utils.cp36-win_amd64.pyd
86409 DEBUG: Skipping KERNEL32.dll dependency of _peak_finding_utils.cp36-win_amd64.pyd
86409 DEBUG: Analyzing c:\users\hatzakis group\pycharmprojects\deepfret-gui\venv2\lib\site-packages\pandas\_libs\tslibs\conversion.cp36-win_amd64.pyd
86409 DEBUG: Skipping KERNEL32.dll dependency of conversion.cp36-win_amd64.pyd
86409 DEBUG: Analyzing c:\users\hatzakis group\pycharmprojects\deepfret-gui\venv2\lib\site-packages\pandas\_libs\internals.cp36-win_amd64.pyd
86409 DEBUG: Skipping KERNEL32.dll dependency of internals.cp36-win_amd64.pyd
86409 DEBUG: Analyzing c:\users\hatzakis group\pycharmprojects\deepfret-gui\venv2\lib\site-packages\pandas\_libs\hashing.cp36-win_amd64.pyd
86409 DEBUG: Skipping KERNEL32.dll dependency of hashing.cp36-win_amd64.pyd
86409 DEBUG: Analyzing c:\users\hatzakis group\pycharmprojects\deepfret-gui\venv2\lib\site-packages\pandas\_libs\ops.cp36-win_amd64.pyd
86425 DEBUG: Skipping KERNEL32.dll dependency of ops.cp36-win_amd64.pyd
86425 DEBUG: Analyzing c:\users\hatzakis group\pycharmprojects\deepfret-gui\venv2\lib\site-packages\tensorflow\python\_pywrap_tfprof.pyd
86456 WARNING: lib not found: VCRUNTIME140_1.dll dependency of c:\users\hatzakis group\pycharmprojects\deepfret-gui\venv2\lib\site-packages\tensorflow\python\_pywrap_tfprof.pyd
86472 DEBUG: Skipping KERNEL32.dll dependency of _pywrap_tfprof.pyd
86472 DEBUG: Skipping dbghelp.dll dependency of _pywrap_tfprof.pyd
86472 DEBUG: Skipping SHLWAPI.dll dependency of _pywrap_tfprof.pyd
86472 DEBUG: Analyzing c:\users\hatzakis group\pycharmprojects\deepfret-gui\venv2\lib\site-packages\tensorflow\python\_pywrap_checkpoint_reader.pyd
86518 WARNING: lib not found: VCRUNTIME140_1.dll dependency of c:\users\hatzakis group\pycharmprojects\deepfret-gui\venv2\lib\site-packages\tensorflow\python\_pywrap_checkpoint_reader.pyd
86518 DEBUG: Skipping KERNEL32.dll dependency of _pywrap_checkpoint_reader.pyd
86518 DEBUG: Skipping dbghelp.dll dependency of _pywrap_checkpoint_reader.pyd
86518 DEBUG: Skipping SHLWAPI.dll dependency of _pywrap_checkpoint_reader.pyd
86518 DEBUG: Analyzing c:\users\hatzakis group\pycharmprojects\deepfret-gui\venv2\lib\site-packages\scipy\sparse\_csparsetools.cp36-win_amd64.pyd
86518 DEBUG: Skipping KERNEL32.dll dependency of _csparsetools.cp36-win_amd64.pyd
86518 DEBUG: Analyzing c:\users\hatzakis group\pycharmprojects\deepfret-gui\venv2\lib\site-packages\scipy\sparse\_sparsetools.cp36-win_amd64.pyd
86534 DEBUG: Skipping KERNEL32.dll dependency of _sparsetools.cp36-win_amd64.pyd
86534 DEBUG: Analyzing c:\users\hatzakis group\pycharmprojects\deepfret-gui\venv2\lib\site-packages\numpy\random\mtrand.cp36-win_amd64.pyd
86534 DEBUG: Skipping KERNEL32.dll dependency of mtrand.cp36-win_amd64.pyd
86534 DEBUG: Skipping ADVAPI32.dll dependency of mtrand.cp36-win_amd64.pyd
86534 DEBUG: Analyzing c:\users\hatzakis group\pycharmprojects\deepfret-gui\venv2\lib\site-packages\numpy\fft\fftpack_lite.cp36-win_amd64.pyd
86534 DEBUG: Skipping KERNEL32.dll dependency of fftpack_lite.cp36-win_amd64.pyd
86534 DEBUG: Analyzing c:\users\hatzakis group\pycharmprojects\deepfret-gui\venv2\lib\site-packages\scipy\_lib\_uarray\_uarray.cp36-win_amd64.pyd
86534 DEBUG: Skipping KERNEL32.dll dependency of _uarray.cp36-win_amd64.pyd
86534 DEBUG: Analyzing c:\users\hatzakis group\pycharmprojects\deepfret-gui\venv2\lib\site-packages\scipy\fft\_pocketfft\pypocketfft.cp36-win_amd64.pyd
86550 DEBUG: Skipping KERNEL32.dll dependency of pypocketfft.cp36-win_amd64.pyd
86550 DEBUG: Analyzing c:\users\hatzakis group\pycharmprojects\deepfret-gui\venv2\lib\site-packages\scipy\interpolate\_fitpack.cp36-win_amd64.pyd
86550 DEBUG: Skipping KERNEL32.dll dependency of _fitpack.cp36-win_amd64.pyd
86550 DEBUG: Analyzing c:\users\hatzakis group\pycharmprojects\deepfret-gui\venv2\lib\site-packages\scipy\interpolate\dfitpack.cp36-win_amd64.pyd
86550 DEBUG: Skipping KERNEL32.dll dependency of dfitpack.cp36-win_amd64.pyd
86550 DEBUG: Analyzing c:\users\hatzakis group\pycharmprojects\deepfret-gui\venv2\lib\site-packages\scipy\interpolate\_bspl.cp36-win_amd64.pyd
86550 DEBUG: Skipping KERNEL32.dll dependency of _bspl.cp36-win_amd64.pyd
86550 DEBUG: Analyzing c:\users\hatzakis group\pycharmprojects\deepfret-gui\venv2\lib\site-packages\scipy\interpolate\_ppoly.cp36-win_amd64.pyd
86565 DEBUG: Skipping KERNEL32.dll dependency of _ppoly.cp36-win_amd64.pyd
86565 DEBUG: Analyzing c:\users\hatzakis group\pycharmprojects\deepfret-gui\venv2\lib\site-packages\scipy\interpolate\interpnd.cp36-win_amd64.pyd
86565 DEBUG: Skipping KERNEL32.dll dependency of interpnd.cp36-win_amd64.pyd
86565 DEBUG: Analyzing c:\users\hatzakis group\pycharmprojects\deepfret-gui\venv2\lib\site-packages\scipy\optimize\minpack2.cp36-win_amd64.pyd
86565 DEBUG: Skipping KERNEL32.dll dependency of minpack2.cp36-win_amd64.pyd
86565 DEBUG: Analyzing c:\users\hatzakis group\pycharmprojects\deepfret-gui\venv2\lib\site-packages\scipy\optimize\_lbfgsb.cp36-win_amd64.pyd
86565 DEBUG: Skipping KERNEL32.dll dependency of _lbfgsb.cp36-win_amd64.pyd
86565 DEBUG: Analyzing c:\users\hatzakis group\pycharmprojects\deepfret-gui\venv2\lib\site-packages\scipy\optimize\moduleTNC.cp36-win_amd64.pyd
86581 DEBUG: Skipping KERNEL32.dll dependency of moduleTNC.cp36-win_amd64.pyd
86581 DEBUG: Analyzing c:\users\hatzakis group\pycharmprojects\deepfret-gui\venv2\lib\site-packages\scipy\optimize\_cobyla.cp36-win_amd64.pyd
86581 DEBUG: Skipping KERNEL32.dll dependency of _cobyla.cp36-win_amd64.pyd
86581 DEBUG: Analyzing c:\users\hatzakis group\pycharmprojects\deepfret-gui\venv2\lib\site-packages\scipy\optimize\_trlib\_trlib.cp36-win_amd64.pyd
86581 DEBUG: Skipping KERNEL32.dll dependency of _trlib.cp36-win_amd64.pyd
86581 DEBUG: Analyzing c:\users\hatzakis group\pycharmprojects\deepfret-gui\venv2\lib\site-packages\scipy\optimize\_minpack.cp36-win_amd64.pyd
86581 DEBUG: Skipping KERNEL32.dll dependency of _minpack.cp36-win_amd64.pyd
86581 DEBUG: Analyzing c:\users\hatzakis group\pycharmprojects\deepfret-gui\venv2\lib\site-packages\scipy\optimize\_zeros.cp36-win_amd64.pyd
86597 DEBUG: Skipping KERNEL32.dll dependency of _zeros.cp36-win_amd64.pyd
86597 DEBUG: Analyzing c:\users\hatzakis group\pycharmprojects\deepfret-gui\venv2\lib\site-packages\scipy\optimize\_slsqp.cp36-win_amd64.pyd
86597 DEBUG: Skipping KERNEL32.dll dependency of _slsqp.cp36-win_amd64.pyd
86597 DEBUG: Analyzing c:\users\hatzakis group\pycharmprojects\deepfret-gui\venv2\lib\site-packages\scipy\optimize\_nnls.cp36-win_amd64.pyd
86597 DEBUG: Skipping KERNEL32.dll dependency of _nnls.cp36-win_amd64.pyd
86597 DEBUG: Analyzing c:\users\hatzakis group\pycharmprojects\deepfret-gui\venv2\lib\site-packages\scipy\optimize\_bglu_dense.cp36-win_amd64.pyd
86597 DEBUG: Skipping KERNEL32.dll dependency of _bglu_dense.cp36-win_amd64.pyd
86597 DEBUG: Analyzing c:\users\hatzakis group\pycharmprojects\deepfret-gui\venv2\lib\site-packages\scipy\optimize\_lsap_module.cp36-win_amd64.pyd
86612 DEBUG: Skipping KERNEL32.dll dependency of _lsap_module.cp36-win_amd64.pyd
86612 DEBUG: Analyzing c:\users\hatzakis group\pycharmprojects\deepfret-gui\venv2\lib\site-packages\scipy\optimize\_lsq\givens_elimination.cp36-win_amd64.pyd
86612 DEBUG: Skipping KERNEL32.dll dependency of givens_elimination.cp36-win_amd64.pyd
86612 DEBUG: Analyzing c:\users\hatzakis group\pycharmprojects\deepfret-gui\venv2\lib\site-packages\scipy\spatial\ckdtree.cp36-win_amd64.pyd
86612 DEBUG: Skipping KERNEL32.dll dependency of ckdtree.cp36-win_amd64.pyd
86612 DEBUG: Analyzing c:\users\hatzakis group\pycharmprojects\deepfret-gui\venv2\lib\site-packages\scipy\spatial\qhull.cp36-win_amd64.pyd
86612 DEBUG: Skipping KERNEL32.dll dependency of qhull.cp36-win_amd64.pyd
86612 DEBUG: Analyzing c:\users\hatzakis group\pycharmprojects\deepfret-gui\venv2\lib\site-packages\scipy\spatial\_voronoi.cp36-win_amd64.pyd
86628 DEBUG: Skipping KERNEL32.dll dependency of _voronoi.cp36-win_amd64.pyd
86628 DEBUG: Analyzing c:\users\hatzakis group\pycharmprojects\deepfret-gui\venv2\lib\site-packages\scipy\spatial\_distance_wrap.cp36-win_amd64.pyd
86628 DEBUG: Skipping KERNEL32.dll dependency of _distance_wrap.cp36-win_amd64.pyd
86628 DEBUG: Analyzing c:\users\hatzakis group\pycharmprojects\deepfret-gui\venv2\lib\site-packages\scipy\spatial\_hausdorff.cp36-win_amd64.pyd
86628 DEBUG: Skipping KERNEL32.dll dependency of _hausdorff.cp36-win_amd64.pyd
86628 DEBUG: Analyzing c:\users\hatzakis group\pycharmprojects\deepfret-gui\venv2\lib\site-packages\matplotlib\_image.cp36-win_amd64.pyd
86628 DEBUG: Skipping KERNEL32.dll dependency of _image.cp36-win_amd64.pyd
86628 DEBUG: Analyzing c:\users\hatzakis group\pycharmprojects\deepfret-gui\venv2\lib\site-packages\kiwisolver.cp36-win_amd64.pyd
86643 DEBUG: Skipping KERNEL32.dll dependency of kiwisolver.cp36-win_amd64.pyd
86643 DEBUG: Analyzing c:\users\hatzakis group\pycharmprojects\deepfret-gui\venv2\lib\site-packages\matplotlib\_qhull.cp36-win_amd64.pyd
86643 DEBUG: Skipping KERNEL32.dll dependency of _qhull.cp36-win_amd64.pyd
86643 DEBUG: Analyzing c:\users\hatzakis group\pycharmprojects\deepfret-gui\venv2\lib\site-packages\matplotlib\_tri.cp36-win_amd64.pyd
86643 DEBUG: Skipping KERNEL32.dll dependency of _tri.cp36-win_amd64.pyd
86643 DEBUG: Analyzing c:\users\hatzakis group\pycharmprojects\deepfret-gui\venv2\lib\site-packages\matplotlib\_contour.cp36-win_amd64.pyd
86643 DEBUG: Skipping KERNEL32.dll dependency of _contour.cp36-win_amd64.pyd
86643 DEBUG: Analyzing c:\users\hatzakis group\pycharmprojects\deepfret-gui\venv2\lib\site-packages\matplotlib\_png.cp36-win_amd64.pyd
86659 DEBUG: Skipping KERNEL32.dll dependency of _png.cp36-win_amd64.pyd
86659 DEBUG: Analyzing c:\users\hatzakis group\pycharmprojects\deepfret-gui\venv2\lib\site-packages\matplotlib\ft2font.cp36-win_amd64.pyd
86659 DEBUG: Skipping KERNEL32.dll dependency of ft2font.cp36-win_amd64.pyd
86659 DEBUG: Analyzing c:\users\hatzakis group\pycharmprojects\deepfret-gui\venv2\lib\site-packages\matplotlib\backends\_backend_agg.cp36-win_amd64.pyd
86659 DEBUG: Skipping KERNEL32.dll dependency of _backend_agg.cp36-win_amd64.pyd
86659 DEBUG: Analyzing c:\users\hatzakis group\pycharmprojects\deepfret-gui\venv2\lib\site-packages\PIL\_imagingtk.cp36-win_amd64.pyd
86659 DEBUG: Skipping KERNEL32.dll dependency of _imagingtk.cp36-win_amd64.pyd
86675 DEBUG: Skipping PSAPI.DLL dependency of _imagingtk.cp36-win_amd64.pyd
86675 DEBUG: Analyzing c:\users\hatzakis group\pycharmprojects\deepfret-gui\venv2\lib\site-packages\PIL\_webp.cp36-win_amd64.pyd
86675 DEBUG: Skipping KERNEL32.dll dependency of _webp.cp36-win_amd64.pyd
86675 DEBUG: Analyzing c:\users\hatzakis group\pycharmprojects\deepfret-gui\venv2\lib\site-packages\PIL\_imaging.cp36-win_amd64.pyd
86675 DEBUG: Skipping KERNEL32.dll dependency of _imaging.cp36-win_amd64.pyd
86675 DEBUG: Skipping GDI32.dll dependency of _imaging.cp36-win_amd64.pyd
86690 DEBUG: Skipping USER32.dll dependency of _imaging.cp36-win_amd64.pyd
86690 DEBUG: Analyzing c:\users\hatzakis group\pycharmprojects\deepfret-gui\venv2\lib\site-packages\PyQt5\QtGui.pyd
86690 DEBUG: Skipping KERNEL32.dll dependency of QtGui.pyd
86690 DEBUG: Analyzing c:\users\hatzakis group\pycharmprojects\deepfret-gui\venv2\lib\site-packages\PyQt5\sip.cp36-win_amd64.pyd
86690 DEBUG: Skipping KERNEL32.dll dependency of sip.cp36-win_amd64.pyd
86690 DEBUG: Analyzing c:\users\hatzakis group\pycharmprojects\deepfret-gui\venv2\lib\site-packages\sip.pyd
86706 DEBUG: Skipping KERNEL32.dll dependency of sip.pyd
86706 DEBUG: Analyzing c:\users\hatzakis group\pycharmprojects\deepfret-gui\venv2\lib\site-packages\matplotlib\ttconv.cp36-win_amd64.pyd
86706 DEBUG: Skipping KERNEL32.dll dependency of ttconv.cp36-win_amd64.pyd
86706 DEBUG: Analyzing C:\Users\Hatzakis group\AppData\Local\Programs\Python\Python36\DLLs\_tkinter.pyd
86706 DEBUG: Dependent assemblies of C:\Users\Hatzakis group\AppData\Local\Programs\Python\Python36\DLLs\_tkinter.pyd:
86706 DEBUG: *_Microsoft.Windows.Common-Controls_6595b64144ccf1df_6.0.0.0_none
86706 DEBUG: Skipping assembly *_Microsoft.Windows.Common-Controls_6595b64144ccf1df_6.0.0.0_none
86706 DEBUG: Skipping KERNEL32.dll dependency of _tkinter.pyd
86706 DEBUG: Adding tcl86t.dll dependency of _tkinter.pyd from C:\Users\Hatzakis group\AppData\Local\Programs\Python\Python36\DLLs\tcl86t.dll
86706 DEBUG: Adding tk86t.dll dependency of _tkinter.pyd from C:\Users\Hatzakis group\AppData\Local\Programs\Python\Python36\DLLs\tk86t.dll
86706 DEBUG: Analyzing c:\users\hatzakis group\pycharmprojects\deepfret-gui\venv2\lib\site-packages\matplotlib\backends\_tkagg.cp36-win_amd64.pyd
86721 DEBUG: Skipping KERNEL32.dll dependency of _tkagg.cp36-win_amd64.pyd
86721 DEBUG: Skipping PSAPI.DLL dependency of _tkagg.cp36-win_amd64.pyd
86721 DEBUG: Skipping USER32.dll dependency of _tkagg.cp36-win_amd64.pyd
86721 DEBUG: Analyzing c:\users\hatzakis group\pycharmprojects\deepfret-gui\venv2\lib\site-packages\matplotlib\_path.cp36-win_amd64.pyd
86721 DEBUG: Skipping KERNEL32.dll dependency of _path.cp36-win_amd64.pyd
86721 DEBUG: Analyzing c:\users\hatzakis group\pycharmprojects\deepfret-gui\venv2\lib\site-packages\scipy\integrate\_odepack.cp36-win_amd64.pyd
86721 DEBUG: Skipping KERNEL32.dll dependency of _odepack.cp36-win_amd64.pyd
86721 DEBUG: Analyzing c:\users\hatzakis group\pycharmprojects\deepfret-gui\venv2\lib\site-packages\scipy\integrate\_quadpack.cp36-win_amd64.pyd
86737 DEBUG: Skipping KERNEL32.dll dependency of _quadpack.cp36-win_amd64.pyd
86737 DEBUG: Analyzing c:\users\hatzakis group\pycharmprojects\deepfret-gui\venv2\lib\site-packages\scipy\integrate\vode.cp36-win_amd64.pyd
86737 DEBUG: Skipping KERNEL32.dll dependency of vode.cp36-win_amd64.pyd
86737 DEBUG: Analyzing c:\users\hatzakis group\pycharmprojects\deepfret-gui\venv2\lib\site-packages\scipy\integrate\_dop.cp36-win_amd64.pyd
86737 DEBUG: Skipping KERNEL32.dll dependency of _dop.cp36-win_amd64.pyd
86737 DEBUG: Analyzing c:\users\hatzakis group\pycharmprojects\deepfret-gui\venv2\lib\site-packages\scipy\integrate\lsoda.cp36-win_amd64.pyd
86737 DEBUG: Skipping KERNEL32.dll dependency of lsoda.cp36-win_amd64.pyd
86737 DEBUG: Analyzing c:\users\hatzakis group\pycharmprojects\deepfret-gui\venv2\lib\site-packages\scipy\sparse\linalg\isolve\_iterative.cp36-win_amd64.pyd
86753 DEBUG: Skipping KERNEL32.dll dependency of _iterative.cp36-win_amd64.pyd
86753 DEBUG: Analyzing c:\users\hatzakis group\pycharmprojects\deepfret-gui\venv2\lib\site-packages\scipy\sparse\linalg\dsolve\_superlu.cp36-win_amd64.pyd
86753 DEBUG: Skipping KERNEL32.dll dependency of _superlu.cp36-win_amd64.pyd
86753 DEBUG: Analyzing c:\users\hatzakis group\pycharmprojects\deepfret-gui\venv2\lib\site-packages\scipy\sparse\linalg\eigen\arpack\_arpack.cp36-win_amd64.pyd
86753 DEBUG: Skipping KERNEL32.dll dependency of _arpack.cp36-win_amd64.pyd
86753 DEBUG: Analyzing c:\users\hatzakis group\pycharmprojects\deepfret-gui\venv2\lib\site-packages\scipy\special\_ufuncs.cp36-win_amd64.pyd
86753 DEBUG: Skipping KERNEL32.dll dependency of _ufuncs.cp36-win_amd64.pyd
86753 DEBUG: Analyzing c:\users\hatzakis group\pycharmprojects\deepfret-gui\venv2\lib\site-packages\scipy\special\specfun.cp36-win_amd64.pyd
86768 DEBUG: Skipping KERNEL32.dll dependency of specfun.cp36-win_amd64.pyd
86768 DEBUG: Analyzing c:\users\hatzakis group\pycharmprojects\deepfret-gui\venv2\lib\site-packages\scipy\special\_comb.cp36-win_amd64.pyd
86768 DEBUG: Skipping KERNEL32.dll dependency of _comb.cp36-win_amd64.pyd
86768 DEBUG: Analyzing c:\users\hatzakis group\pycharmprojects\deepfret-gui\venv2\lib\site-packages\scipy\special\_ellip_harm_2.cp36-win_amd64.pyd
86768 DEBUG: Skipping KERNEL32.dll dependency of _ellip_harm_2.cp36-win_amd64.pyd
86768 DEBUG: Analyzing c:\users\hatzakis group\pycharmprojects\deepfret-gui\venv2\lib\site-packages\scipy\linalg\_flinalg.cp36-win_amd64.pyd
86768 DEBUG: Skipping KERNEL32.dll dependency of _flinalg.cp36-win_amd64.pyd
86768 DEBUG: Analyzing c:\users\hatzakis group\pycharmprojects\deepfret-gui\venv2\lib\site-packages\scipy\linalg\_flapack.cp36-win_amd64.pyd
86768 DEBUG: Skipping KERNEL32.dll dependency of _flapack.cp36-win_amd64.pyd
86768 DEBUG: Analyzing c:\users\hatzakis group\pycharmprojects\deepfret-gui\venv2\lib\site-packages\scipy\linalg\_fblas.cp36-win_amd64.pyd
86784 DEBUG: Skipping KERNEL32.dll dependency of _fblas.cp36-win_amd64.pyd
86784 DEBUG: Analyzing c:\users\hatzakis group\pycharmprojects\deepfret-gui\venv2\lib\site-packages\scipy\linalg\_solve_toeplitz.cp36-win_amd64.pyd
86784 DEBUG: Skipping KERNEL32.dll dependency of _solve_toeplitz.cp36-win_amd64.pyd
86784 DEBUG: Analyzing c:\users\hatzakis group\pycharmprojects\deepfret-gui\venv2\lib\site-packages\numpy\linalg\lapack_lite.cp36-win_amd64.pyd
86784 DEBUG: Skipping KERNEL32.dll dependency of lapack_lite.cp36-win_amd64.pyd
86784 DEBUG: Analyzing c:\users\hatzakis group\pycharmprojects\deepfret-gui\venv2\lib\site-packages\numpy\linalg\_umath_linalg.cp36-win_amd64.pyd
86784 DEBUG: Skipping KERNEL32.dll dependency of _umath_linalg.cp36-win_amd64.pyd
86784 DEBUG: Analyzing C:\Users\Hatzakis group\AppData\Local\Programs\Python\Python36\DLLs\_distutils_findvs.pyd
86784 DEBUG: Dependent assemblies of C:\Users\Hatzakis group\AppData\Local\Programs\Python\Python36\DLLs\_distutils_findvs.pyd:
86784 DEBUG: *_Microsoft.Windows.Common-Controls_6595b64144ccf1df_6.0.0.0_none
86784 DEBUG: Skipping assembly *_Microsoft.Windows.Common-Controls_6595b64144ccf1df_6.0.0.0_none
86800 DEBUG: Skipping OLEAUT32.dll dependency of _distutils_findvs.pyd
86800 DEBUG: Skipping KERNEL32.dll dependency of _distutils_findvs.pyd
86800 DEBUG: Skipping ole32.dll dependency of _distutils_findvs.pyd
86800 DEBUG: Analyzing c:\users\hatzakis group\pycharmprojects\deepfret-gui\venv2\lib\site-packages\win32\win32pdh.pyd
86800 DEBUG: Skipping KERNEL32.dll dependency of win32pdh.pyd
86800 DEBUG: Analyzing c:\users\hatzakis group\pycharmprojects\deepfret-gui\venv2\lib\site-packages\numpy\core\_multiarray_umath.cp36-win_amd64.pyd
86800 DEBUG: Skipping KERNEL32.dll dependency of _multiarray_umath.cp36-win_amd64.pyd
86815 DEBUG: Analyzing c:\users\hatzakis group\pycharmprojects\deepfret-gui\venv2\lib\site-packages\numpy\core\_multiarray_tests.cp36-win_amd64.pyd
86815 DEBUG: Skipping KERNEL32.dll dependency of _multiarray_tests.cp36-win_amd64.pyd
86815 DEBUG: Analyzing c:\users\hatzakis group\pycharmprojects\deepfret-gui\venv2\lib\site-packages\win32\win32api.pyd
86815 DEBUG: Skipping USER32.dll dependency of win32api.pyd
86815 DEBUG: Skipping VERSION.dll dependency of win32api.pyd
86815 DEBUG: Skipping KERNEL32.dll dependency of win32api.pyd
86815 DEBUG: Skipping SHELL32.dll dependency of win32api.pyd
86831 DEBUG: Skipping ADVAPI32.dll dependency of win32api.pyd
86831 DEBUG: Analyzing c:\users\hatzakis group\pycharmprojects\deepfret-gui\venv2\lib\site-packages\win32\win32evtlog.pyd
86835 DEBUG: Skipping KERNEL32.dll dependency of win32evtlog.pyd
86835 DEBUG: Skipping ADVAPI32.dll dependency of win32evtlog.pyd
86835 DEBUG: Analyzing C:\Users\Hatzakis group\AppData\Local\Programs\Python\Python36\DLLs\unicodedata.pyd
86835 DEBUG: Dependent assemblies of C:\Users\Hatzakis group\AppData\Local\Programs\Python\Python36\DLLs\unicodedata.pyd:
86835 DEBUG: *_Microsoft.Windows.Common-Controls_6595b64144ccf1df_6.0.0.0_none
86835 DEBUG: Skipping assembly *_Microsoft.Windows.Common-Controls_6595b64144ccf1df_6.0.0.0_none
86835 DEBUG: Skipping KERNEL32.dll dependency of unicodedata.pyd
86835 DEBUG: Analyzing c:\users\hatzakis group\pycharmprojects\deepfret-gui\venv2\lib\site-packages\scipy\optimize\_group_columns.cp36-win_amd64.pyd
86835 DEBUG: Skipping KERNEL32.dll dependency of _group_columns.cp36-win_amd64.pyd
86835 DEBUG: Analyzing c:\users\hatzakis group\pycharmprojects\deepfret-gui\venv2\lib\site-packages\scipy\_lib\_fpumode.cp36-win_amd64.pyd
86851 DEBUG: Skipping KERNEL32.dll dependency of _fpumode.cp36-win_amd64.pyd
86851 DEBUG: Analyzing c:\users\hatzakis group\pycharmprojects\deepfret-gui\venv2\lib\site-packages\scipy\_lib\messagestream.cp36-win_amd64.pyd
86851 DEBUG: Skipping KERNEL32.dll dependency of messagestream.cp36-win_amd64.pyd
86851 DEBUG: Analyzing c:\users\hatzakis group\pycharmprojects\deepfret-gui\venv2\lib\site-packages\scipy\sparse\csgraph\_shortest_path.cp36-win_amd64.pyd
86851 DEBUG: Skipping KERNEL32.dll dependency of _shortest_path.cp36-win_amd64.pyd
86851 DEBUG: Analyzing c:\users\hatzakis group\pycharmprojects\deepfret-gui\venv2\lib\site-packages\scipy\sparse\csgraph\_traversal.cp36-win_amd64.pyd
86851 DEBUG: Skipping KERNEL32.dll dependency of _traversal.cp36-win_amd64.pyd
86851 DEBUG: Analyzing c:\users\hatzakis group\pycharmprojects\deepfret-gui\venv2\lib\site-packages\scipy\sparse\csgraph\_min_spanning_tree.cp36-win_amd64.pyd
86866 DEBUG: Skipping KERNEL32.dll dependency of _min_spanning_tree.cp36-win_amd64.pyd
86866 DEBUG: Analyzing c:\users\hatzakis group\pycharmprojects\deepfret-gui\venv2\lib\site-packages\scipy\sparse\csgraph\_flow.cp36-win_amd64.pyd
86866 DEBUG: Skipping KERNEL32.dll dependency of _flow.cp36-win_amd64.pyd
86866 DEBUG: Analyzing c:\users\hatzakis group\pycharmprojects\deepfret-gui\venv2\lib\site-packages\scipy\sparse\csgraph\_matching.cp36-win_amd64.pyd
86866 DEBUG: Skipping KERNEL32.dll dependency of _matching.cp36-win_amd64.pyd
86866 DEBUG: Analyzing c:\users\hatzakis group\pycharmprojects\deepfret-gui\venv2\lib\site-packages\scipy\sparse\csgraph\_reordering.cp36-win_amd64.pyd
86866 DEBUG: Skipping KERNEL32.dll dependency of _reordering.cp36-win_amd64.pyd
86866 DEBUG: Analyzing c:\users\hatzakis group\pycharmprojects\deepfret-gui\venv2\lib\site-packages\scipy\sparse\csgraph\_tools.cp36-win_amd64.pyd
86882 DEBUG: Skipping KERNEL32.dll dependency of _tools.cp36-win_amd64.pyd
86882 DEBUG: Analyzing c:\users\hatzakis group\pycharmprojects\deepfret-gui\venv2\lib\site-packages\scipy\_lib\_ccallback_c.cp36-win_amd64.pyd
86882 DEBUG: Skipping KERNEL32.dll dependency of _ccallback_c.cp36-win_amd64.pyd
86882 DEBUG: Analyzing c:\users\hatzakis group\pycharmprojects\deepfret-gui\venv2\lib\site-packages\_yaml.cp36-win_amd64.pyd
86882 DEBUG: Skipping KERNEL32.dll dependency of _yaml.cp36-win_amd64.pyd
86882 DEBUG: Analyzing c:\users\hatzakis group\pycharmprojects\deepfret-gui\venv2\lib\site-packages\h5py\_errors.cp36-win_amd64.pyd
86882 DEBUG: Adding hdf5.dll dependency of _errors.cp36-win_amd64.pyd from c:\users\hatzakis group\pycharmprojects\deepfret-gui\venv2\lib\site-packages\h5py\hdf5.dll
86882 DEBUG: Skipping KERNEL32.dll dependency of _errors.cp36-win_amd64.pyd
86882 DEBUG: Analyzing c:\users\hatzakis group\pycharmprojects\deepfret-gui\venv2\lib\site-packages\h5py\h5.cp36-win_amd64.pyd
86901 DEBUG: Skipping KERNEL32.dll dependency of h5.cp36-win_amd64.pyd
86901 DEBUG: Analyzing c:\users\hatzakis group\pycharmprojects\deepfret-gui\venv2\lib\site-packages\h5py\_conv.cp36-win_amd64.pyd
86907 DEBUG: Skipping KERNEL32.dll dependency of _conv.cp36-win_amd64.pyd
86907 DEBUG: Analyzing c:\users\hatzakis group\pycharmprojects\deepfret-gui\venv2\lib\site-packages\h5py\h5z.cp36-win_amd64.pyd
86912 DEBUG: Skipping KERNEL32.dll dependency of h5z.cp36-win_amd64.pyd
86912 DEBUG: Analyzing c:\users\hatzakis group\pycharmprojects\deepfret-gui\venv2\lib\site-packages\h5py\h5a.cp36-win_amd64.pyd
86916 DEBUG: Skipping KERNEL32.dll dependency of h5a.cp36-win_amd64.pyd
86916 DEBUG: Analyzing c:\users\hatzakis group\pycharmprojects\deepfret-gui\venv2\lib\site-packages\h5py\h5d.cp36-win_amd64.pyd
86919 DEBUG: Skipping KERNEL32.dll dependency of h5d.cp36-win_amd64.pyd
86919 DEBUG: Analyzing c:\users\hatzakis group\pycharmprojects\deepfret-gui\venv2\lib\site-packages\h5py\h5ds.cp36-win_amd64.pyd
86919 DEBUG: Skipping KERNEL32.dll dependency of h5ds.cp36-win_amd64.pyd
86919 DEBUG: Analyzing c:\users\hatzakis group\pycharmprojects\deepfret-gui\venv2\lib\site-packages\h5py\h5f.cp36-win_amd64.pyd
86919 DEBUG: Skipping KERNEL32.dll dependency of h5f.cp36-win_amd64.pyd
86919 DEBUG: Analyzing c:\users\hatzakis group\pycharmprojects\deepfret-gui\venv2\lib\site-packages\h5py\h5fd.cp36-win_amd64.pyd
86919 DEBUG: Skipping KERNEL32.dll dependency of h5fd.cp36-win_amd64.pyd
86919 DEBUG: Analyzing c:\users\hatzakis group\pycharmprojects\deepfret-gui\venv2\lib\site-packages\h5py\h5g.cp36-win_amd64.pyd
86934 DEBUG: Skipping KERNEL32.dll dependency of h5g.cp36-win_amd64.pyd
86934 DEBUG: Analyzing c:\users\hatzakis group\pycharmprojects\deepfret-gui\venv2\lib\site-packages\h5py\h5r.cp36-win_amd64.pyd
86934 DEBUG: Skipping KERNEL32.dll dependency of h5r.cp36-win_amd64.pyd
86934 DEBUG: Analyzing c:\users\hatzakis group\pycharmprojects\deepfret-gui\venv2\lib\site-packages\h5py\h5s.cp36-win_amd64.pyd
86934 DEBUG: Skipping KERNEL32.dll dependency of h5s.cp36-win_amd64.pyd
86934 DEBUG: Analyzing c:\users\hatzakis group\pycharmprojects\deepfret-gui\venv2\lib\site-packages\h5py\h5t.cp36-win_amd64.pyd
86934 DEBUG: Skipping KERNEL32.dll dependency of h5t.cp36-win_amd64.pyd
86934 DEBUG: Analyzing c:\users\hatzakis group\pycharmprojects\deepfret-gui\venv2\lib\site-packages\h5py\h5p.cp36-win_amd64.pyd
86950 DEBUG: Skipping KERNEL32.dll dependency of h5p.cp36-win_amd64.pyd
86950 DEBUG: Analyzing c:\users\hatzakis group\pycharmprojects\deepfret-gui\venv2\lib\site-packages\h5py\h5pl.cp36-win_amd64.pyd
86950 DEBUG: Skipping KERNEL32.dll dependency of h5pl.cp36-win_amd64.pyd
86950 DEBUG: Analyzing c:\users\hatzakis group\pycharmprojects\deepfret-gui\venv2\lib\site-packages\h5py\h5i.cp36-win_amd64.pyd
86950 DEBUG: Skipping KERNEL32.dll dependency of h5i.cp36-win_amd64.pyd
86950 DEBUG: Analyzing c:\users\hatzakis group\pycharmprojects\deepfret-gui\venv2\lib\site-packages\h5py\h5o.cp36-win_amd64.pyd
86966 DEBUG: Skipping KERNEL32.dll dependency of h5o.cp36-win_amd64.pyd
86966 DEBUG: Analyzing c:\users\hatzakis group\pycharmprojects\deepfret-gui\venv2\lib\site-packages\h5py\h5l.cp36-win_amd64.pyd
86966 DEBUG: Skipping KERNEL32.dll dependency of h5l.cp36-win_amd64.pyd
86966 DEBUG: Analyzing c:\users\hatzakis group\pycharmprojects\deepfret-gui\venv2\lib\site-packages\h5py\_objects.cp36-win_amd64.pyd
86966 DEBUG: Skipping KERNEL32.dll dependency of _objects.cp36-win_amd64.pyd
86966 DEBUG: Analyzing c:\users\hatzakis group\pycharmprojects\deepfret-gui\venv2\lib\site-packages\h5py\h5ac.cp36-win_amd64.pyd
86966 DEBUG: Skipping KERNEL32.dll dependency of h5ac.cp36-win_amd64.pyd
86966 DEBUG: Analyzing c:\users\hatzakis group\pycharmprojects\deepfret-gui\venv2\lib\site-packages\h5py\defs.cp36-win_amd64.pyd
86981 DEBUG: Skipping KERNEL32.dll dependency of defs.cp36-win_amd64.pyd
86981 DEBUG: Adding hdf5_hl.dll dependency of defs.cp36-win_amd64.pyd from c:\users\hatzakis group\pycharmprojects\deepfret-gui\venv2\lib\site-packages\h5py\hdf5_hl.dll
86981 DEBUG: Analyzing c:\users\hatzakis group\pycharmprojects\deepfret-gui\venv2\lib\site-packages\h5py\utils.cp36-win_amd64.pyd
86981 DEBUG: Skipping KERNEL32.dll dependency of utils.cp36-win_amd64.pyd
86981 DEBUG: Analyzing c:\users\hatzakis group\pycharmprojects\deepfret-gui\venv2\lib\site-packages\h5py\_proxy.cp36-win_amd64.pyd
86981 DEBUG: Skipping KERNEL32.dll dependency of _proxy.cp36-win_amd64.pyd
86981 DEBUG: Analyzing C:\Users\Hatzakis group\AppData\Local\Programs\Python\Python36\DLLs\_multiprocessing.pyd
86981 DEBUG: Dependent assemblies of C:\Users\Hatzakis group\AppData\Local\Programs\Python\Python36\DLLs\_multiprocessing.pyd:
86981 DEBUG: *_Microsoft.Windows.Common-Controls_6595b64144ccf1df_6.0.0.0_none
86981 DEBUG: Skipping assembly *_Microsoft.Windows.Common-Controls_6595b64144ccf1df_6.0.0.0_none
86981 DEBUG: Skipping KERNEL32.dll dependency of _multiprocessing.pyd
86997 DEBUG: Skipping WS2_32.dll dependency of _multiprocessing.pyd
86997 DEBUG: Analyzing C:\Users\Hatzakis group\AppData\Local\Programs\Python\Python36\DLLs\_decimal.pyd
86997 DEBUG: Dependent assemblies of C:\Users\Hatzakis group\AppData\Local\Programs\Python\Python36\DLLs\_decimal.pyd:
86997 DEBUG: *_Microsoft.Windows.Common-Controls_6595b64144ccf1df_6.0.0.0_none
86997 DEBUG: Skipping assembly *_Microsoft.Windows.Common-Controls_6595b64144ccf1df_6.0.0.0_none
86997 DEBUG: Skipping KERNEL32.dll dependency of _decimal.pyd
86997 DEBUG: Analyzing c:\users\hatzakis group\pycharmprojects\deepfret-gui\venv2\lib\site-packages\tensorflow\python\_pywrap_events_writer.pyd
87044 WARNING: lib not found: VCRUNTIME140_1.dll dependency of c:\users\hatzakis group\pycharmprojects\deepfret-gui\venv2\lib\site-packages\tensorflow\python\_pywrap_events_writer.pyd
87044 DEBUG: Skipping KERNEL32.dll dependency of _pywrap_events_writer.pyd
87044 DEBUG: Skipping dbghelp.dll dependency of _pywrap_events_writer.pyd
87044 DEBUG: Skipping SHLWAPI.dll dependency of _pywrap_events_writer.pyd
87044 DEBUG: Analyzing c:\users\hatzakis group\pycharmprojects\deepfret-gui\venv2\lib\site-packages\tensorflow\python\profiler\internal\_pywrap_traceme.pyd
87091 WARNING: lib not found: VCRUNTIME140_1.dll dependency of c:\users\hatzakis group\pycharmprojects\deepfret-gui\venv2\lib\site-packages\tensorflow\python\profiler\internal\_pywrap_traceme.pyd
87091 DEBUG: Skipping KERNEL32.dll dependency of _pywrap_traceme.pyd
87091 DEBUG: Skipping dbghelp.dll dependency of _pywrap_traceme.pyd
87091 DEBUG: Skipping SHLWAPI.dll dependency of _pywrap_traceme.pyd
87138 WARNING: lib not found: _pywrap_tensorflow_internal.pyd dependency of c:\users\hatzakis group\pycharmprojects\deepfret-gui\venv2\lib\site-packages\tensorflow\python\profiler\internal\_pywrap_traceme.pyd
87138 DEBUG: Analyzing c:\users\hatzakis group\pycharmprojects\deepfret-gui\venv2\lib\site-packages\tensorflow\python\profiler\internal\_pywrap_profiler.pyd
87184 WARNING: lib not found: VCRUNTIME140_1.dll dependency of c:\users\hatzakis group\pycharmprojects\deepfret-gui\venv2\lib\site-packages\tensorflow\python\profiler\internal\_pywrap_profiler.pyd
87184 DEBUG: Skipping KERNEL32.dll dependency of _pywrap_profiler.pyd
87184 DEBUG: Skipping dbghelp.dll dependency of _pywrap_profiler.pyd
87184 DEBUG: Skipping SHLWAPI.dll dependency of _pywrap_profiler.pyd
87184 DEBUG: Skipping WS2_32.dll dependency of _pywrap_profiler.pyd
87231 WARNING: lib not found: _pywrap_tensorflow_internal.pyd dependency of c:\users\hatzakis group\pycharmprojects\deepfret-gui\venv2\lib\site-packages\tensorflow\python\profiler\internal\_pywrap_profiler.pyd
87231 DEBUG: Skipping ADVAPI32.dll dependency of _pywrap_profiler.pyd
87231 DEBUG: Analyzing c:\users\hatzakis group\pycharmprojects\deepfret-gui\venv2\lib\site-packages\tensorflow\python\_pywrap_py_exception_registry.pyd
87278 WARNING: lib not found: VCRUNTIME140_1.dll dependency of c:\users\hatzakis group\pycharmprojects\deepfret-gui\venv2\lib\site-packages\tensorflow\python\_pywrap_py_exception_registry.pyd
87278 DEBUG: Skipping KERNEL32.dll dependency of _pywrap_py_exception_registry.pyd
87278 DEBUG: Skipping SHLWAPI.dll dependency of _pywrap_py_exception_registry.pyd
87278 DEBUG: Analyzing c:\users\hatzakis group\pycharmprojects\deepfret-gui\venv2\lib\site-packages\tensorflow\python\_pywrap_quantize_training.pyd
87325 WARNING: lib not found: VCRUNTIME140_1.dll dependency of c:\users\hatzakis group\pycharmprojects\deepfret-gui\venv2\lib\site-packages\tensorflow\python\_pywrap_quantize_training.pyd
87325 DEBUG: Skipping KERNEL32.dll dependency of _pywrap_quantize_training.pyd
87325 DEBUG: Skipping dbghelp.dll dependency of _pywrap_quantize_training.pyd
87325 DEBUG: Skipping SHLWAPI.dll dependency of _pywrap_quantize_training.pyd
87325 DEBUG: Analyzing c:\users\hatzakis group\pycharmprojects\deepfret-gui\venv2\lib\site-packages\tensorflow\python\_pywrap_device_lib.pyd
87372 WARNING: lib not found: VCRUNTIME140_1.dll dependency of c:\users\hatzakis group\pycharmprojects\deepfret-gui\venv2\lib\site-packages\tensorflow\python\_pywrap_device_lib.pyd
87372 DEBUG: Skipping KERNEL32.dll dependency of _pywrap_device_lib.pyd
87372 DEBUG: Skipping dbghelp.dll dependency of _pywrap_device_lib.pyd
87387 DEBUG: Skipping SHLWAPI.dll dependency of _pywrap_device_lib.pyd
87387 DEBUG: Analyzing c:\users\hatzakis group\pycharmprojects\deepfret-gui\venv2\lib\site-packages\tensorflow\python\_pywrap_tensorflow_internal.pyd
87481 DEBUG: Skipping dbghelp.dll dependency of _pywrap_tensorflow_internal.pyd
87481 DEBUG: Skipping SHLWAPI.dll dependency of _pywrap_tensorflow_internal.pyd
87481 DEBUG: Skipping SHELL32.dll dependency of _pywrap_tensorflow_internal.pyd
87497 DEBUG: Skipping ADVAPI32.dll dependency of _pywrap_tensorflow_internal.pyd
87497 DEBUG: Skipping KERNEL32.dll dependency of _pywrap_tensorflow_internal.pyd
87497 DEBUG: Skipping WS2_32.dll dependency of _pywrap_tensorflow_internal.pyd
87528 WARNING: lib not found: VCRUNTIME140_1.dll dependency of c:\users\hatzakis group\pycharmprojects\deepfret-gui\venv2\lib\site-packages\tensorflow\python\_pywrap_tensorflow_internal.pyd
87544 DEBUG: Skipping ole32.dll dependency of _pywrap_tensorflow_internal.pyd
87544 DEBUG: Analyzing c:\users\hatzakis group\pycharmprojects\deepfret-gui\venv2\lib\site-packages\tensorflow\python\_pywrap_tf_session.pyd
87591 WARNING: lib not found: VCRUNTIME140_1.dll dependency of c:\users\hatzakis group\pycharmprojects\deepfret-gui\venv2\lib\site-packages\tensorflow\python\_pywrap_tf_session.pyd
87591 DEBUG: Skipping KERNEL32.dll dependency of _pywrap_tf_session.pyd
87591 DEBUG: Skipping dbghelp.dll dependency of _pywrap_tf_session.pyd
87591 DEBUG: Skipping SHLWAPI.dll dependency of _pywrap_tf_session.pyd
87591 DEBUG: Skipping WS2_32.dll dependency of _pywrap_tf_session.pyd
87591 DEBUG: Skipping ADVAPI32.dll dependency of _pywrap_tf_session.pyd
87591 DEBUG: Analyzing c:\users\hatzakis group\pycharmprojects\deepfret-gui\venv2\lib\site-packages\tensorflow\python\_pywrap_record_io.pyd
87637 WARNING: lib not found: VCRUNTIME140_1.dll dependency of c:\users\hatzakis group\pycharmprojects\deepfret-gui\venv2\lib\site-packages\tensorflow\python\_pywrap_record_io.pyd
87637 DEBUG: Skipping KERNEL32.dll dependency of _pywrap_record_io.pyd
87637 DEBUG: Skipping dbghelp.dll dependency of _pywrap_record_io.pyd
87637 DEBUG: Skipping SHLWAPI.dll dependency of _pywrap_record_io.pyd
87653 DEBUG: Analyzing c:\users\hatzakis group\pycharmprojects\deepfret-gui\venv2\lib\site-packages\tensorflow\python\_op_def_registry.pyd
87684 WARNING: lib not found: VCRUNTIME140_1.dll dependency of c:\users\hatzakis group\pycharmprojects\deepfret-gui\venv2\lib\site-packages\tensorflow\python\_op_def_registry.pyd
87684 DEBUG: Skipping KERNEL32.dll dependency of _op_def_registry.pyd
87700 DEBUG: Skipping dbghelp.dll dependency of _op_def_registry.pyd
87700 DEBUG: Skipping SHLWAPI.dll dependency of _op_def_registry.pyd
87700 DEBUG: Analyzing c:\users\hatzakis group\pycharmprojects\deepfret-gui\venv2\lib\site-packages\google\protobuf\pyext\_message.cp36-win_amd64.pyd
87700 DEBUG: Skipping KERNEL32.dll dependency of _message.cp36-win_amd64.pyd
87700 DEBUG: Analyzing c:\users\hatzakis group\pycharmprojects\deepfret-gui\venv2\lib\site-packages\google\protobuf\internal\_api_implementation.cp36-win_amd64.pyd
87700 DEBUG: Skipping KERNEL32.dll dependency of _api_implementation.cp36-win_amd64.pyd
87700 DEBUG: Analyzing c:\users\hatzakis group\pycharmprojects\deepfret-gui\venv2\lib\site-packages\wrapt\_wrappers.cp36-win_amd64.pyd
87700 DEBUG: Skipping KERNEL32.dll dependency of _wrappers.cp36-win_amd64.pyd
87700 DEBUG: Analyzing C:\Users\Hatzakis group\AppData\Local\Programs\Python\Python36\DLLs\_ctypes.pyd
87700 DEBUG: Dependent assemblies of C:\Users\Hatzakis group\AppData\Local\Programs\Python\Python36\DLLs\_ctypes.pyd:
87700 DEBUG: *_Microsoft.Windows.Common-Controls_6595b64144ccf1df_6.0.0.0_none
87700 DEBUG: Skipping assembly *_Microsoft.Windows.Common-Controls_6595b64144ccf1df_6.0.0.0_none
87715 DEBUG: Skipping OLEAUT32.dll dependency of _ctypes.pyd
87715 DEBUG: Skipping KERNEL32.dll dependency of _ctypes.pyd
87715 DEBUG: Skipping ole32.dll dependency of _ctypes.pyd
87715 DEBUG: Analyzing c:\users\hatzakis group\pycharmprojects\deepfret-gui\venv2\lib\site-packages\win32comext\shell\shell.pyd
87715 DEBUG: Skipping OLEAUT32.dll dependency of shell.pyd
87715 DEBUG: Skipping KERNEL32.dll dependency of shell.pyd
87715 DEBUG: Skipping SHELL32.dll dependency of shell.pyd
87731 DEBUG: Skipping ole32.dll dependency of shell.pyd
87731 DEBUG: Analyzing c:\users\hatzakis group\pycharmprojects\deepfret-gui\venv2\lib\site-packages\tensorflow\python\_pywrap_utils.pyd
87762 WARNING: lib not found: VCRUNTIME140_1.dll dependency of c:\users\hatzakis group\pycharmprojects\deepfret-gui\venv2\lib\site-packages\tensorflow\python\_pywrap_utils.pyd
87762 DEBUG: Skipping KERNEL32.dll dependency of _pywrap_utils.pyd
87762 DEBUG: Analyzing C:\Users\Hatzakis group\AppData\Local\Programs\Python\Python36\DLLs\pyexpat.pyd
87762 DEBUG: Dependent assemblies of C:\Users\Hatzakis group\AppData\Local\Programs\Python\Python36\DLLs\pyexpat.pyd:
87762 DEBUG: *_Microsoft.Windows.Common-Controls_6595b64144ccf1df_6.0.0.0_none
87762 DEBUG: Skipping assembly *_Microsoft.Windows.Common-Controls_6595b64144ccf1df_6.0.0.0_none
87778 DEBUG: Skipping KERNEL32.dll dependency of pyexpat.pyd
87778 DEBUG: Analyzing C:\Users\Hatzakis group\AppData\Local\Programs\Python\Python36\DLLs\_hashlib.pyd
87778 DEBUG: Dependent assemblies of C:\Users\Hatzakis group\AppData\Local\Programs\Python\Python36\DLLs\_hashlib.pyd:
87778 DEBUG: *_Microsoft.Windows.Common-Controls_6595b64144ccf1df_6.0.0.0_none
87778 DEBUG: Skipping assembly *_Microsoft.Windows.Common-Controls_6595b64144ccf1df_6.0.0.0_none
87778 DEBUG: Skipping ADVAPI32.dll dependency of _hashlib.pyd
87778 DEBUG: Skipping KERNEL32.dll dependency of _hashlib.pyd
87778 DEBUG: Skipping GDI32.dll dependency of _hashlib.pyd
87778 DEBUG: Skipping USER32.dll dependency of _hashlib.pyd
87778 DEBUG: Analyzing C:\Users\Hatzakis group\AppData\Local\Programs\Python\Python36\DLLs\select.pyd
87778 DEBUG: Dependent assemblies of C:\Users\Hatzakis group\AppData\Local\Programs\Python\Python36\DLLs\select.pyd:
87778 DEBUG: *_Microsoft.Windows.Common-Controls_6595b64144ccf1df_6.0.0.0_none
87794 DEBUG: Skipping assembly *_Microsoft.Windows.Common-Controls_6595b64144ccf1df_6.0.0.0_none
87794 DEBUG: Skipping KERNEL32.dll dependency of select.pyd
87794 DEBUG: Skipping WS2_32.dll dependency of select.pyd
87794 DEBUG: Analyzing C:\Users\Hatzakis group\AppData\Local\Programs\Python\Python36\DLLs\_bz2.pyd
87794 DEBUG: Dependent assemblies of C:\Users\Hatzakis group\AppData\Local\Programs\Python\Python36\DLLs\_bz2.pyd:
87794 DEBUG: *_Microsoft.Windows.Common-Controls_6595b64144ccf1df_6.0.0.0_none
87794 DEBUG: Skipping assembly *_Microsoft.Windows.Common-Controls_6595b64144ccf1df_6.0.0.0_none
87794 DEBUG: Skipping KERNEL32.dll dependency of _bz2.pyd
87794 DEBUG: Analyzing C:\Users\Hatzakis group\AppData\Local\Programs\Python\Python36\DLLs\_lzma.pyd
87794 DEBUG: Dependent assemblies of C:\Users\Hatzakis group\AppData\Local\Programs\Python\Python36\DLLs\_lzma.pyd:
87794 DEBUG: *_Microsoft.Windows.Common-Controls_6595b64144ccf1df_6.0.0.0_none
87794 DEBUG: Skipping assembly *_Microsoft.Windows.Common-Controls_6595b64144ccf1df_6.0.0.0_none
87794 DEBUG: Skipping KERNEL32.dll dependency of _lzma.pyd
87794 DEBUG: Analyzing C:\Users\Hatzakis group\AppData\Local\Programs\Python\Python36\DLLs\_socket.pyd
87794 DEBUG: Dependent assemblies of C:\Users\Hatzakis group\AppData\Local\Programs\Python\Python36\DLLs\_socket.pyd:
87794 DEBUG: *_Microsoft.Windows.Common-Controls_6595b64144ccf1df_6.0.0.0_none
87794 DEBUG: Skipping assembly *_Microsoft.Windows.Common-Controls_6595b64144ccf1df_6.0.0.0_none
87809 DEBUG: Skipping KERNEL32.dll dependency of _socket.pyd
87809 DEBUG: Skipping WS2_32.dll dependency of _socket.pyd
87809 DEBUG: Analyzing c:\users\hatzakis group\pycharmprojects\deepfret-gui\venv2\lib\site-packages\tensorflow\python\_tf_stack.pyd
87840 WARNING: lib not found: VCRUNTIME140_1.dll dependency of c:\users\hatzakis group\pycharmprojects\deepfret-gui\venv2\lib\site-packages\tensorflow\python\_tf_stack.pyd
87856 DEBUG: Skipping KERNEL32.dll dependency of _tf_stack.pyd
87856 DEBUG: Analyzing c:\users\hatzakis group\pycharmprojects\deepfret-gui\venv2\lib\site-packages\PyQt5\QtNetwork.pyd
87856 DEBUG: Skipping KERNEL32.dll dependency of QtNetwork.pyd
87856 DEBUG: Analyzing c:\users\hatzakis group\pycharmprojects\deepfret-gui\venv2\lib\site-packages\pandas\_libs\skiplist.cp36-win_amd64.pyd
87856 DEBUG: Skipping KERNEL32.dll dependency of skiplist.cp36-win_amd64.pyd
87856 DEBUG: Analyzing c:\users\hatzakis group\pycharmprojects\deepfret-gui\venv2\lib\site-packages\astropy\utils\_compiler.cp36-win_amd64.pyd
87872 DEBUG: Skipping KERNEL32.dll dependency of _compiler.cp36-win_amd64.pyd
87872 DEBUG: Analyzing c:\users\hatzakis group\pycharmprojects\deepfret-gui\venv2\lib\site-packages\astropy\cosmology\scalar_inv_efuncs.cp36-win_amd64.pyd
87872 DEBUG: Skipping KERNEL32.dll dependency of scalar_inv_efuncs.cp36-win_amd64.pyd
87872 DEBUG: Analyzing c:\users\hatzakis group\pycharmprojects\deepfret-gui\venv2\lib\site-packages\astropy\_erfa\ufunc.cp36-win_amd64.pyd
87872 DEBUG: Skipping KERNEL32.dll dependency of ufunc.cp36-win_amd64.pyd
87872 DEBUG: Analyzing c:\users\hatzakis group\pycharmprojects\deepfret-gui\venv2\lib\site-packages\astropy\table\_np_utils.cp36-win_amd64.pyd
87872 DEBUG: Skipping KERNEL32.dll dependency of _np_utils.cp36-win_amd64.pyd
87872 DEBUG: Analyzing c:\users\hatzakis group\pycharmprojects\deepfret-gui\venv2\lib\site-packages\astropy\io\votable\tablewriter.cp36-win_amd64.pyd
87872 DEBUG: Skipping KERNEL32.dll dependency of tablewriter.cp36-win_amd64.pyd
87872 DEBUG: Analyzing c:\users\hatzakis group\pycharmprojects\deepfret-gui\venv2\lib\site-packages\astropy\utils\xml\_iterparser.cp36-win_amd64.pyd
87887 DEBUG: Skipping KERNEL32.dll dependency of _iterparser.cp36-win_amd64.pyd
87887 DEBUG: Analyzing c:\users\hatzakis group\pycharmprojects\deepfret-gui\venv2\lib\site-packages\astropy\modeling\_projections.cp36-win_amd64.pyd
87887 DEBUG: Skipping KERNEL32.dll dependency of _projections.cp36-win_amd64.pyd
87887 DEBUG: Analyzing c:\users\hatzakis group\pycharmprojects\deepfret-gui\venv2\lib\site-packages\astropy\timeseries\periodograms\lombscargle\implementations\cython_impl.cp36-win_amd64.pyd
87887 DEBUG: Skipping KERNEL32.dll dependency of cython_impl.cp36-win_amd64.pyd
87887 DEBUG: Analyzing c:\users\hatzakis group\pycharmprojects\deepfret-gui\venv2\lib\site-packages\astropy\timeseries\periodograms\bls\_impl.cp36-win_amd64.pyd
87887 DEBUG: Skipping KERNEL32.dll dependency of _impl.cp36-win_amd64.pyd
87887 DEBUG: Analyzing c:\users\hatzakis group\pycharmprojects\deepfret-gui\venv2\lib\site-packages\astropy\stats\_stats.cp36-win_amd64.pyd
87903 DEBUG: Skipping KERNEL32.dll dependency of _stats.cp36-win_amd64.pyd
87903 DEBUG: Analyzing c:\users\hatzakis group\pycharmprojects\deepfret-gui\venv2\lib\site-packages\skimage\measure\_ccomp.cp36-win_amd64.pyd
87903 DEBUG: Skipping KERNEL32.dll dependency of _ccomp.cp36-win_amd64.pyd
87903 DEBUG: Analyzing c:\users\hatzakis group\pycharmprojects\deepfret-gui\venv2\lib\site-packages\skimage\_shared\geometry.cp36-win_amd64.pyd
87903 DEBUG: Skipping KERNEL32.dll dependency of geometry.cp36-win_amd64.pyd
87903 DEBUG: Analyzing c:\users\hatzakis group\pycharmprojects\deepfret-gui\venv2\lib\site-packages\skimage\measure\_pnpoly.cp36-win_amd64.pyd
87903 DEBUG: Skipping KERNEL32.dll dependency of _pnpoly.cp36-win_amd64.pyd
87903 DEBUG: Analyzing c:\users\hatzakis group\pycharmprojects\deepfret-gui\venv2\lib\site-packages\skimage\morphology\_max_tree.cp36-win_amd64.pyd
87919 DEBUG: Skipping KERNEL32.dll dependency of _max_tree.cp36-win_amd64.pyd
87919 DEBUG: Analyzing c:\users\hatzakis group\pycharmprojects\deepfret-gui\venv2\lib\site-packages\skimage\morphology\_flood_fill_cy.cp36-win_amd64.pyd
87919 DEBUG: Skipping KERNEL32.dll dependency of _flood_fill_cy.cp36-win_amd64.pyd
87919 DEBUG: Analyzing c:\users\hatzakis group\pycharmprojects\deepfret-gui\venv2\lib\site-packages\skimage\morphology\_extrema_cy.cp36-win_amd64.pyd
87919 DEBUG: Skipping KERNEL32.dll dependency of _extrema_cy.cp36-win_amd64.pyd
87919 DEBUG: Analyzing c:\users\hatzakis group\pycharmprojects\deepfret-gui\venv2\lib\site-packages\skimage\morphology\_skeletonize_3d_cy.cp36-win_amd64.pyd
87919 DEBUG: Skipping KERNEL32.dll dependency of _skeletonize_3d_cy.cp36-win_amd64.pyd
87919 DEBUG: Analyzing c:\users\hatzakis group\pycharmprojects\deepfret-gui\venv2\lib\site-packages\skimage\morphology\_skeletonize_cy.cp36-win_amd64.pyd
87919 DEBUG: Skipping KERNEL32.dll dependency of _skeletonize_cy.cp36-win_amd64.pyd
87919 DEBUG: Analyzing c:\users\hatzakis group\pycharmprojects\deepfret-gui\venv2\lib\site-packages\skimage\morphology\_greyreconstruct.cp36-win_amd64.pyd
87934 DEBUG: Skipping KERNEL32.dll dependency of _greyreconstruct.cp36-win_amd64.pyd
87934 DEBUG: Analyzing c:\users\hatzakis group\pycharmprojects\deepfret-gui\venv2\lib\site-packages\skimage\filters\rank\generic_cy.cp36-win_amd64.pyd
87934 DEBUG: Skipping KERNEL32.dll dependency of generic_cy.cp36-win_amd64.pyd
87934 DEBUG: Analyzing c:\users\hatzakis group\pycharmprojects\deepfret-gui\venv2\lib\site-packages\skimage\filters\rank\bilateral_cy.cp36-win_amd64.pyd
87934 DEBUG: Skipping KERNEL32.dll dependency of bilateral_cy.cp36-win_amd64.pyd
87934 DEBUG: Analyzing c:\users\hatzakis group\pycharmprojects\deepfret-gui\venv2\lib\site-packages\skimage\filters\rank\percentile_cy.cp36-win_amd64.pyd
87934 DEBUG: Skipping KERNEL32.dll dependency of percentile_cy.cp36-win_amd64.pyd
87934 DEBUG: Analyzing c:\users\hatzakis group\pycharmprojects\deepfret-gui\venv2\lib\site-packages\skimage\draw\_draw.cp36-win_amd64.pyd
87950 DEBUG: Skipping KERNEL32.dll dependency of _draw.cp36-win_amd64.pyd
87950 DEBUG: Analyzing c:\users\hatzakis group\pycharmprojects\deepfret-gui\venv2\lib\site-packages\skimage\feature\_haar.cp36-win_amd64.pyd
87950 DEBUG: Skipping KERNEL32.dll dependency of _haar.cp36-win_amd64.pyd
87950 DEBUG: Analyzing c:\users\hatzakis group\pycharmprojects\deepfret-gui\venv2\lib\site-packages\skimage\filters\rank\core_cy.cp36-win_amd64.pyd
87950 DEBUG: Skipping KERNEL32.dll dependency of core_cy.cp36-win_amd64.pyd
87950 DEBUG: Analyzing c:\users\hatzakis group\pycharmprojects\deepfret-gui\venv2\lib\site-packages\skimage\_shared\transform.cp36-win_amd64.pyd
87950 DEBUG: Skipping KERNEL32.dll dependency of transform.cp36-win_amd64.pyd
87950 DEBUG: Analyzing c:\users\hatzakis group\pycharmprojects\deepfret-gui\venv2\lib\site-packages\skimage\transform\_warps_cy.cp36-win_amd64.pyd
87965 DEBUG: Skipping KERNEL32.dll dependency of _warps_cy.cp36-win_amd64.pyd
87965 DEBUG: Analyzing c:\users\hatzakis group\pycharmprojects\deepfret-gui\venv2\lib\site-packages\skimage\transform\_radon_transform.cp36-win_amd64.pyd
87965 DEBUG: Skipping KERNEL32.dll dependency of _radon_transform.cp36-win_amd64.pyd
87965 DEBUG: Analyzing c:\users\hatzakis group\pycharmprojects\deepfret-gui\venv2\lib\site-packages\scipy\fftpack\convolve.cp36-win_amd64.pyd
87965 DEBUG: Skipping KERNEL32.dll dependency of convolve.cp36-win_amd64.pyd
87965 DEBUG: Analyzing c:\users\hatzakis group\pycharmprojects\deepfret-gui\venv2\lib\site-packages\skimage\transform\_hough_transform.cp36-win_amd64.pyd
87965 DEBUG: Skipping KERNEL32.dll dependency of _hough_transform.cp36-win_amd64.pyd
87965 DEBUG: Analyzing c:\users\hatzakis group\pycharmprojects\deepfret-gui\venv2\lib\site-packages\skimage\feature\_hessian_det_appx.cp36-win_amd64.pyd
87981 DEBUG: Skipping KERNEL32.dll dependency of _hessian_det_appx.cp36-win_amd64.pyd
87981 DEBUG: Analyzing c:\users\hatzakis group\pycharmprojects\deepfret-gui\venv2\lib\site-packages\skimage\feature\orb_cy.cp36-win_amd64.pyd
87981 DEBUG: Skipping KERNEL32.dll dependency of orb_cy.cp36-win_amd64.pyd
87981 DEBUG: Analyzing c:\users\hatzakis group\pycharmprojects\deepfret-gui\venv2\lib\site-packages\skimage\feature\censure_cy.cp36-win_amd64.pyd
87981 DEBUG: Skipping KERNEL32.dll dependency of censure_cy.cp36-win_amd64.pyd
87981 DEBUG: Analyzing c:\users\hatzakis group\pycharmprojects\deepfret-gui\venv2\lib\site-packages\skimage\feature\brief_cy.cp36-win_amd64.pyd
87981 DEBUG: Skipping KERNEL32.dll dependency of brief_cy.cp36-win_amd64.pyd
87981 DEBUG: Analyzing c:\users\hatzakis group\pycharmprojects\deepfret-gui\venv2\lib\site-packages\skimage\feature\corner_cy.cp36-win_amd64.pyd
87981 DEBUG: Skipping KERNEL32.dll dependency of corner_cy.cp36-win_amd64.pyd
87981 DEBUG: Analyzing c:\users\hatzakis group\pycharmprojects\deepfret-gui\venv2\lib\site-packages\skimage\segmentation\_quickshift_cy.cp36-win_amd64.pyd
87997 DEBUG: Skipping KERNEL32.dll dependency of _quickshift_cy.cp36-win_amd64.pyd
87997 DEBUG: Analyzing c:\users\hatzakis group\pycharmprojects\deepfret-gui\venv2\lib\site-packages\skimage\segmentation\_slic.cp36-win_amd64.pyd
87997 DEBUG: Skipping KERNEL32.dll dependency of _slic.cp36-win_amd64.pyd
87997 DEBUG: Analyzing c:\users\hatzakis group\pycharmprojects\deepfret-gui\venv2\lib\site-packages\skimage\segmentation\_felzenszwalb_cy.cp36-win_amd64.pyd
87997 DEBUG: Skipping KERNEL32.dll dependency of _felzenszwalb_cy.cp36-win_amd64.pyd
87997 DEBUG: Analyzing c:\users\hatzakis group\pycharmprojects\deepfret-gui\venv2\lib\site-packages\skimage\feature\_texture.cp36-win_amd64.pyd
87997 DEBUG: Skipping KERNEL32.dll dependency of _texture.cp36-win_amd64.pyd
87997 DEBUG: Analyzing c:\users\hatzakis group\pycharmprojects\deepfret-gui\venv2\lib\site-packages\skimage\feature\_hoghistogram.cp36-win_amd64.pyd
88012 DEBUG: Skipping KERNEL32.dll dependency of _hoghistogram.cp36-win_amd64.pyd
88012 DEBUG: Analyzing c:\users\hatzakis group\pycharmprojects\deepfret-gui\venv2\lib\site-packages\skimage\feature\_cascade.cp36-win_amd64.pyd
88012 DEBUG: Skipping KERNEL32.dll dependency of _cascade.cp36-win_amd64.pyd
88012 DEBUG: Analyzing c:\users\hatzakis group\pycharmprojects\deepfret-gui\venv2\lib\site-packages\skimage\restoration\_nl_means_denoising.cp36-win_amd64.pyd
88012 DEBUG: Skipping KERNEL32.dll dependency of _nl_means_denoising.cp36-win_amd64.pyd
88012 DEBUG: Analyzing c:\users\hatzakis group\pycharmprojects\deepfret-gui\venv2\lib\site-packages\pywt\_extensions\_cwt.cp36-win_amd64.pyd
88012 DEBUG: Skipping KERNEL32.dll dependency of _cwt.cp36-win_amd64.pyd
88012 DEBUG: Analyzing c:\users\hatzakis group\pycharmprojects\deepfret-gui\venv2\lib\site-packages\pywt\_extensions\_swt.cp36-win_amd64.pyd
88028 DEBUG: Skipping KERNEL32.dll dependency of _swt.cp36-win_amd64.pyd
88028 DEBUG: Analyzing c:\users\hatzakis group\pycharmprojects\deepfret-gui\venv2\lib\site-packages\pywt\_extensions\_dwt.cp36-win_amd64.pyd
88028 DEBUG: Skipping KERNEL32.dll dependency of _dwt.cp36-win_amd64.pyd
88028 DEBUG: Analyzing c:\users\hatzakis group\pycharmprojects\deepfret-gui\venv2\lib\site-packages\pywt\_extensions\_pywt.cp36-win_amd64.pyd
88028 DEBUG: Skipping KERNEL32.dll dependency of _pywt.cp36-win_amd64.pyd
88028 DEBUG: Analyzing c:\users\hatzakis group\pycharmprojects\deepfret-gui\venv2\lib\site-packages\skimage\restoration\_denoise_cy.cp36-win_amd64.pyd
88028 DEBUG: Skipping KERNEL32.dll dependency of _denoise_cy.cp36-win_amd64.pyd
88028 DEBUG: Analyzing c:\users\hatzakis group\pycharmprojects\deepfret-gui\venv2\lib\site-packages\skimage\restoration\_unwrap_3d.cp36-win_amd64.pyd
88044 DEBUG: Skipping KERNEL32.dll dependency of _unwrap_3d.cp36-win_amd64.pyd
88044 DEBUG: Analyzing c:\users\hatzakis group\pycharmprojects\deepfret-gui\venv2\lib\site-packages\skimage\restoration\_unwrap_2d.cp36-win_amd64.pyd
88044 DEBUG: Skipping KERNEL32.dll dependency of _unwrap_2d.cp36-win_amd64.pyd
88044 DEBUG: Analyzing c:\users\hatzakis group\pycharmprojects\deepfret-gui\venv2\lib\site-packages\skimage\restoration\_unwrap_1d.cp36-win_amd64.pyd
88044 DEBUG: Skipping KERNEL32.dll dependency of _unwrap_1d.cp36-win_amd64.pyd
88044 DEBUG: Analyzing c:\users\hatzakis group\pycharmprojects\deepfret-gui\venv2\lib\site-packages\skimage\morphology\_watershed.cp36-win_amd64.pyd
88044 DEBUG: Skipping KERNEL32.dll dependency of _watershed.cp36-win_amd64.pyd
88044 DEBUG: Analyzing c:\users\hatzakis group\pycharmprojects\deepfret-gui\venv2\lib\site-packages\skimage\morphology\_convex_hull.cp36-win_amd64.pyd
88059 DEBUG: Skipping KERNEL32.dll dependency of _convex_hull.cp36-win_amd64.pyd
88059 DEBUG: Analyzing c:\users\hatzakis group\pycharmprojects\deepfret-gui\venv2\lib\site-packages\skimage\measure\_moments_cy.cp36-win_amd64.pyd
88059 DEBUG: Skipping KERNEL32.dll dependency of _moments_cy.cp36-win_amd64.pyd
88059 DEBUG: Analyzing c:\users\hatzakis group\pycharmprojects\deepfret-gui\venv2\lib\site-packages\skimage\measure\_marching_cubes_classic_cy.cp36-win_amd64.pyd
88059 DEBUG: Skipping KERNEL32.dll dependency of _marching_cubes_classic_cy.cp36-win_amd64.pyd
88059 DEBUG: Analyzing c:\users\hatzakis group\pycharmprojects\deepfret-gui\venv2\lib\site-packages\skimage\measure\_marching_cubes_lewiner_cy.cp36-win_amd64.pyd
88059 DEBUG: Skipping KERNEL32.dll dependency of _marching_cubes_lewiner_cy.cp36-win_amd64.pyd
88059 DEBUG: Analyzing c:\users\hatzakis group\pycharmprojects\deepfret-gui\venv2\lib\site-packages\skimage\measure\_find_contours_cy.cp36-win_amd64.pyd
88075 DEBUG: Skipping KERNEL32.dll dependency of _find_contours_cy.cp36-win_amd64.pyd
88075 DEBUG: Analyzing c:\users\hatzakis group\pycharmprojects\deepfret-gui\venv2\lib\site-packages\astropy\wcs\_wcs.cp36-win_amd64.pyd
88075 DEBUG: Skipping KERNEL32.dll dependency of _wcs.cp36-win_amd64.pyd
88075 DEBUG: Analyzing c:\users\hatzakis group\pycharmprojects\deepfret-gui\venv2\lib\site-packages\astropy\io\ascii\cparser.cp36-win_amd64.pyd
88075 DEBUG: Skipping KERNEL32.dll dependency of cparser.cp36-win_amd64.pyd
88075 DEBUG: Analyzing c:\users\hatzakis group\pycharmprojects\deepfret-gui\venv2\lib\site-packages\astropy\table\_column_mixins.cp36-win_amd64.pyd
88075 DEBUG: Skipping KERNEL32.dll dependency of _column_mixins.cp36-win_amd64.pyd
88075 DEBUG: Analyzing c:\users\hatzakis group\pycharmprojects\deepfret-gui\venv2\lib\site-packages\astropy\io\fits\_utils.cp36-win_amd64.pyd
88090 DEBUG: Skipping KERNEL32.dll dependency of _utils.cp36-win_amd64.pyd
88090 DEBUG: Analyzing c:\users\hatzakis group\pycharmprojects\deepfret-gui\venv2\lib\site-packages\astropy\io\fits\compression.cp36-win_amd64.pyd
88090 DEBUG: Skipping KERNEL32.dll dependency of compression.cp36-win_amd64.pyd
88090 DEBUG: Analyzing c:\users\hatzakis group\pycharmprojects\deepfret-gui\venv2\lib\site-packages\skimage\io\_plugins\_histograms.cp36-win_amd64.pyd
88090 DEBUG: Skipping KERNEL32.dll dependency of _histograms.cp36-win_amd64.pyd
88090 DEBUG: Analyzing c:\users\hatzakis group\pycharmprojects\deepfret-gui\venv2\lib\site-packages\skimage\io\_plugins\_colormixer.cp36-win_amd64.pyd
88106 DEBUG: Skipping KERNEL32.dll dependency of _colormixer.cp36-win_amd64.pyd
88106 DEBUG: Analyzing c:\users\hatzakis group\pycharmprojects\deepfret-gui\venv2\lib\site-packages\skimage\external\tifffile\_tifffile.cp36-win_amd64.pyd
88106 DEBUG: Skipping KERNEL32.dll dependency of _tifffile.cp36-win_amd64.pyd
88106 DEBUG: Analyzing c:\users\hatzakis group\pycharmprojects\deepfret-gui\venv2\lib\site-packages\sklearn\neighbors\quad_tree.cp36-win_amd64.pyd
88106 DEBUG: Skipping KERNEL32.dll dependency of quad_tree.cp36-win_amd64.pyd
88106 DEBUG: Analyzing c:\users\hatzakis group\pycharmprojects\deepfret-gui\venv2\lib\site-packages\sklearn\neighbors\typedefs.cp36-win_amd64.pyd
88106 DEBUG: Skipping KERNEL32.dll dependency of typedefs.cp36-win_amd64.pyd
88106 DEBUG: Analyzing c:\users\hatzakis group\pycharmprojects\deepfret-gui\venv2\lib\site-packages\sklearn\utils\weight_vector.cp36-win_amd64.pyd
88122 DEBUG: Skipping KERNEL32.dll dependency of weight_vector.cp36-win_amd64.pyd
88122 DEBUG: Analyzing c:\users\hatzakis group\pycharmprojects\deepfret-gui\venv2\lib\site-packages\sklearn\utils\sparsefuncs_fast.cp36-win_amd64.pyd
88122 DEBUG: Skipping KERNEL32.dll dependency of sparsefuncs_fast.cp36-win_amd64.pyd
88122 DEBUG: Analyzing c:\users\hatzakis group\pycharmprojects\deepfret-gui\venv2\lib\site-packages\sklearn\utils\_logistic_sigmoid.cp36-win_amd64.pyd
88122 DEBUG: Skipping KERNEL32.dll dependency of _logistic_sigmoid.cp36-win_amd64.pyd
88122 DEBUG: Analyzing c:\users\hatzakis group\pycharmprojects\deepfret-gui\venv2\lib\site-packages\sklearn\metrics\pairwise_fast.cp36-win_amd64.pyd
88122 DEBUG: Skipping KERNEL32.dll dependency of pairwise_fast.cp36-win_amd64.pyd
88122 DEBUG: Analyzing c:\users\hatzakis group\pycharmprojects\deepfret-gui\venv2\lib\site-packages\sklearn\metrics\cluster\expected_mutual_info_fast.cp36-win_amd64.pyd
88137 DEBUG: Skipping KERNEL32.dll dependency of expected_mutual_info_fast.cp36-win_amd64.pyd
88137 DEBUG: Analyzing c:\users\hatzakis group\pycharmprojects\deepfret-gui\venv2\lib\site-packages\sklearn\cluster\_dbscan_inner.cp36-win_amd64.pyd
88137 DEBUG: Skipping KERNEL32.dll dependency of _dbscan_inner.cp36-win_amd64.pyd
88137 DEBUG: Analyzing c:\users\hatzakis group\pycharmprojects\deepfret-gui\venv2\lib\site-packages\sklearn\cluster\_k_means_elkan.cp36-win_amd64.pyd
88137 DEBUG: Skipping KERNEL32.dll dependency of _k_means_elkan.cp36-win_amd64.pyd
88137 DEBUG: Analyzing c:\users\hatzakis group\pycharmprojects\deepfret-gui\venv2\lib\site-packages\scipy\cluster\_optimal_leaf_ordering.cp36-win_amd64.pyd
88137 DEBUG: Skipping KERNEL32.dll dependency of _optimal_leaf_ordering.cp36-win_amd64.pyd
88137 DEBUG: Analyzing c:\users\hatzakis group\pycharmprojects\deepfret-gui\venv2\lib\site-packages\scipy\cluster\_hierarchy.cp36-win_amd64.pyd
88137 DEBUG: Skipping KERNEL32.dll dependency of _hierarchy.cp36-win_amd64.pyd
88137 DEBUG: Analyzing c:\users\hatzakis group\pycharmprojects\deepfret-gui\venv2\lib\site-packages\scipy\cluster\_vq.cp36-win_amd64.pyd
88153 DEBUG: Skipping KERNEL32.dll dependency of _vq.cp36-win_amd64.pyd
88153 DEBUG: Analyzing c:\users\hatzakis group\pycharmprojects\deepfret-gui\venv2\lib\site-packages\sklearn\utils\fast_dict.cp36-win_amd64.pyd
88153 DEBUG: Skipping KERNEL32.dll dependency of fast_dict.cp36-win_amd64.pyd
88153 DEBUG: Analyzing c:\users\hatzakis group\pycharmprojects\deepfret-gui\venv2\lib\site-packages\sklearn\cluster\_hierarchical.cp36-win_amd64.pyd
88153 DEBUG: Skipping KERNEL32.dll dependency of _hierarchical.cp36-win_amd64.pyd
88153 DEBUG: Analyzing c:\users\hatzakis group\pycharmprojects\deepfret-gui\venv2\lib\site-packages\sklearn\decomposition\_online_lda.cp36-win_amd64.pyd
88153 DEBUG: Skipping KERNEL32.dll dependency of _online_lda.cp36-win_amd64.pyd
88153 DEBUG: Analyzing c:\users\hatzakis group\pycharmprojects\deepfret-gui\venv2\lib\site-packages\sklearn\utils\_random.cp36-win_amd64.pyd
88169 DEBUG: Skipping KERNEL32.dll dependency of _random.cp36-win_amd64.pyd
88169 DEBUG: Analyzing c:\users\hatzakis group\pycharmprojects\deepfret-gui\venv2\lib\site-packages\sklearn\svm\libsvm_sparse.cp36-win_amd64.pyd
88169 DEBUG: Skipping KERNEL32.dll dependency of libsvm_sparse.cp36-win_amd64.pyd
88169 DEBUG: Analyzing c:\users\hatzakis group\pycharmprojects\deepfret-gui\venv2\lib\site-packages\sklearn\svm\liblinear.cp36-win_amd64.pyd
88169 DEBUG: Skipping KERNEL32.dll dependency of liblinear.cp36-win_amd64.pyd
88169 DEBUG: Analyzing c:\users\hatzakis group\pycharmprojects\deepfret-gui\venv2\lib\site-packages\sklearn\svm\libsvm.cp36-win_amd64.pyd
88184 DEBUG: Skipping KERNEL32.dll dependency of libsvm.cp36-win_amd64.pyd
88184 DEBUG: Analyzing c:\users\hatzakis group\pycharmprojects\deepfret-gui\venv2\lib\site-packages\sklearn\linear_model\sag_fast.cp36-win_amd64.pyd
88184 DEBUG: Skipping KERNEL32.dll dependency of sag_fast.cp36-win_amd64.pyd
88184 DEBUG: Analyzing c:\users\hatzakis group\pycharmprojects\deepfret-gui\venv2\lib\site-packages\sklearn\linear_model\sgd_fast.cp36-win_amd64.pyd
88184 DEBUG: Skipping KERNEL32.dll dependency of sgd_fast.cp36-win_amd64.pyd
88184 DEBUG: Analyzing c:\users\hatzakis group\pycharmprojects\deepfret-gui\venv2\lib\site-packages\sklearn\linear_model\cd_fast.cp36-win_amd64.pyd
88184 DEBUG: Skipping KERNEL32.dll dependency of cd_fast.cp36-win_amd64.pyd
88184 DEBUG: Analyzing c:\users\hatzakis group\pycharmprojects\deepfret-gui\venv2\lib\site-packages\sklearn\utils\seq_dataset.cp36-win_amd64.pyd
88200 DEBUG: Skipping KERNEL32.dll dependency of seq_dataset.cp36-win_amd64.pyd
88200 DEBUG: Analyzing c:\users\hatzakis group\pycharmprojects\deepfret-gui\venv2\lib\site-packages\sklearn\decomposition\cdnmf_fast.cp36-win_amd64.pyd
88200 DEBUG: Skipping KERNEL32.dll dependency of cdnmf_fast.cp36-win_amd64.pyd
88200 DEBUG: Analyzing c:\users\hatzakis group\pycharmprojects\deepfret-gui\venv2\lib\site-packages\sklearn\manifold\_barnes_hut_tsne.cp36-win_amd64.pyd
88200 DEBUG: Skipping KERNEL32.dll dependency of _barnes_hut_tsne.cp36-win_amd64.pyd
88200 DEBUG: Analyzing c:\users\hatzakis group\pycharmprojects\deepfret-gui\venv2\lib\site-packages\sklearn\manifold\_utils.cp36-win_amd64.pyd
88200 DEBUG: Skipping KERNEL32.dll dependency of _utils.cp36-win_amd64.pyd
88200 DEBUG: Analyzing c:\users\hatzakis group\pycharmprojects\deepfret-gui\venv2\lib\site-packages\sklearn\_isotonic.cp36-win_amd64.pyd
88215 DEBUG: Skipping KERNEL32.dll dependency of _isotonic.cp36-win_amd64.pyd
88215 DEBUG: Analyzing c:\users\hatzakis group\pycharmprojects\deepfret-gui\venv2\lib\site-packages\sklearn\utils\graph_shortest_path.cp36-win_amd64.pyd
88215 DEBUG: Skipping KERNEL32.dll dependency of graph_shortest_path.cp36-win_amd64.pyd
88215 DEBUG: Analyzing c:\users\hatzakis group\pycharmprojects\deepfret-gui\venv2\lib\site-packages\sklearn\cluster\_k_means.cp36-win_amd64.pyd
88215 DEBUG: Skipping KERNEL32.dll dependency of _k_means.cp36-win_amd64.pyd
88215 DEBUG: Analyzing c:\users\hatzakis group\pycharmprojects\deepfret-gui\venv2\lib\site-packages\sklearn\preprocessing\_csr_polynomial_expansion.cp36-win_amd64.pyd
88215 DEBUG: Skipping KERNEL32.dll dependency of _csr_polynomial_expansion.cp36-win_amd64.pyd
88215 DEBUG: Analyzing c:\users\hatzakis group\pycharmprojects\deepfret-gui\venv2\lib\site-packages\scipy\io\matlab\streams.cp36-win_amd64.pyd
88231 DEBUG: Skipping KERNEL32.dll dependency of streams.cp36-win_amd64.pyd
88231 DEBUG: Analyzing c:\users\hatzakis group\pycharmprojects\deepfret-gui\venv2\lib\site-packages\scipy\io\matlab\mio5_utils.cp36-win_amd64.pyd
88231 DEBUG: Skipping KERNEL32.dll dependency of mio5_utils.cp36-win_amd64.pyd
88231 DEBUG: Analyzing c:\users\hatzakis group\pycharmprojects\deepfret-gui\venv2\lib\site-packages\scipy\io\matlab\mio_utils.cp36-win_amd64.pyd
88231 DEBUG: Skipping KERNEL32.dll dependency of mio_utils.cp36-win_amd64.pyd
88231 DEBUG: Analyzing c:\users\hatzakis group\pycharmprojects\deepfret-gui\venv2\lib\site-packages\sklearn\datasets\_svmlight_format.cp36-win_amd64.pyd
88231 DEBUG: Skipping KERNEL32.dll dependency of _svmlight_format.cp36-win_amd64.pyd
88231 DEBUG: Analyzing c:\users\hatzakis group\pycharmprojects\deepfret-gui\venv2\lib\site-packages\sklearn\feature_extraction\_hashing.cp36-win_amd64.pyd
88231 DEBUG: Skipping KERNEL32.dll dependency of _hashing.cp36-win_amd64.pyd
88231 DEBUG: Analyzing c:\users\hatzakis group\pycharmprojects\deepfret-gui\venv2\lib\site-packages\sklearn\utils\arrayfuncs.cp36-win_amd64.pyd
88247 DEBUG: Skipping KERNEL32.dll dependency of arrayfuncs.cp36-win_amd64.pyd
88247 DEBUG: Analyzing c:\users\hatzakis group\pycharmprojects\deepfret-gui\venv2\lib\site-packages\sklearn\utils\murmurhash.cp36-win_amd64.pyd
88247 DEBUG: Skipping KERNEL32.dll dependency of murmurhash.cp36-win_amd64.pyd
88247 DEBUG: Analyzing c:\users\hatzakis group\pycharmprojects\deepfret-gui\venv2\lib\site-packages\sklearn\utils\lgamma.cp36-win_amd64.pyd
88247 DEBUG: Skipping KERNEL32.dll dependency of lgamma.cp36-win_amd64.pyd
88247 DEBUG: Analyzing c:\users\hatzakis group\pycharmprojects\deepfret-gui\venv2\lib\site-packages\sklearn\tree\_tree.cp36-win_amd64.pyd
88247 DEBUG: Skipping KERNEL32.dll dependency of _tree.cp36-win_amd64.pyd
88247 DEBUG: Analyzing c:\users\hatzakis group\pycharmprojects\deepfret-gui\venv2\lib\site-packages\sklearn\tree\_splitter.cp36-win_amd64.pyd
88262 DEBUG: Skipping KERNEL32.dll dependency of _splitter.cp36-win_amd64.pyd
88262 DEBUG: Analyzing c:\users\hatzakis group\pycharmprojects\deepfret-gui\venv2\lib\site-packages\sklearn\tree\_criterion.cp36-win_amd64.pyd
88262 DEBUG: Skipping KERNEL32.dll dependency of _criterion.cp36-win_amd64.pyd
88262 DEBUG: Analyzing c:\users\hatzakis group\pycharmprojects\deepfret-gui\venv2\lib\site-packages\sklearn\ensemble\_gradient_boosting.cp36-win_amd64.pyd
88262 DEBUG: Skipping KERNEL32.dll dependency of _gradient_boosting.cp36-win_amd64.pyd
88262 DEBUG: Analyzing c:\users\hatzakis group\pycharmprojects\deepfret-gui\venv2\lib\site-packages\sklearn\tree\_utils.cp36-win_amd64.pyd
88262 DEBUG: Skipping KERNEL32.dll dependency of _utils.cp36-win_amd64.pyd
88262 DEBUG: Analyzing c:\users\hatzakis group\pycharmprojects\deepfret-gui\venv2\lib\site-packages\sklearn\utils\_cython_blas.cp36-win_amd64.pyd
88278 DEBUG: Skipping KERNEL32.dll dependency of _cython_blas.cp36-win_amd64.pyd
88278 DEBUG: Analyzing c:\users\hatzakis group\pycharmprojects\deepfret-gui\venv2\lib\site-packages\Cython\Compiler\Scanning.cp36-win_amd64.pyd
88278 DEBUG: Skipping KERNEL32.dll dependency of Scanning.cp36-win_amd64.pyd
88278 DEBUG: Analyzing c:\users\hatzakis group\pycharmprojects\deepfret-gui\venv2\lib\site-packages\Cython\Compiler\Visitor.cp36-win_amd64.pyd
88278 DEBUG: Skipping KERNEL32.dll dependency of Visitor.cp36-win_amd64.pyd
88278 DEBUG: Analyzing c:\users\hatzakis group\pycharmprojects\deepfret-gui\venv2\lib\site-packages\Cython\Tempita\_tempita.cp36-win_amd64.pyd
88278 DEBUG: Skipping KERNEL32.dll dependency of _tempita.cp36-win_amd64.pyd
88278 DEBUG: Analyzing c:\users\hatzakis group\pycharmprojects\deepfret-gui\venv2\lib\site-packages\Cython\Compiler\FlowControl.cp36-win_amd64.pyd
88293 DEBUG: Skipping KERNEL32.dll dependency of FlowControl.cp36-win_amd64.pyd
88293 DEBUG: Analyzing c:\users\hatzakis group\pycharmprojects\deepfret-gui\venv2\lib\site-packages\Cython\Compiler\FusedNode.cp36-win_amd64.pyd
88293 DEBUG: Skipping KERNEL32.dll dependency of FusedNode.cp36-win_amd64.pyd
88293 DEBUG: Analyzing c:\users\hatzakis group\pycharmprojects\deepfret-gui\venv2\lib\site-packages\sklearn\__check_build\_check_build.cp36-win_amd64.pyd
88293 DEBUG: Skipping KERNEL32.dll dependency of _check_build.cp36-win_amd64.pyd
88293 DEBUG: Analyzing c:\users\hatzakis group\pycharmprojects\deepfret-gui\venv2\lib\site-packages\sklearn\neighbors\dist_metrics.cp36-win_amd64.pyd
88293 DEBUG: Skipping KERNEL32.dll dependency of dist_metrics.cp36-win_amd64.pyd
88293 DEBUG: Analyzing c:\users\hatzakis group\pycharmprojects\deepfret-gui\venv2\lib\site-packages\sklearn\neighbors\kd_tree.cp36-win_amd64.pyd
88293 DEBUG: Skipping KERNEL32.dll dependency of kd_tree.cp36-win_amd64.pyd
88293 DEBUG: Analyzing c:\users\hatzakis group\pycharmprojects\deepfret-gui\venv2\lib\site-packages\sklearn\neighbors\ball_tree.cp36-win_amd64.pyd
88309 DEBUG: Skipping KERNEL32.dll dependency of ball_tree.cp36-win_amd64.pyd
88309 DEBUG: Analyzing c:\users\hatzakis group\pycharmprojects\deepfret-gui\venv2\lib\site-packages\pomegranate\distributions\ConditionalProbabilityTable.cp36-win_amd64.pyd
88309 DEBUG: Skipping KERNEL32.dll dependency of ConditionalProbabilityTable.cp36-win_amd64.pyd
88309 DEBUG: Analyzing c:\users\hatzakis group\pycharmprojects\deepfret-gui\venv2\lib\site-packages\pomegranate\distributions\LogNormalDistribution.cp36-win_amd64.pyd
88309 DEBUG: Skipping KERNEL32.dll dependency of LogNormalDistribution.cp36-win_amd64.pyd
88309 DEBUG: Analyzing c:\users\hatzakis group\pycharmprojects\deepfret-gui\venv2\lib\site-packages\pomegranate\distributions\DiscreteDistribution.cp36-win_amd64.pyd
88309 DEBUG: Skipping KERNEL32.dll dependency of DiscreteDistribution.cp36-win_amd64.pyd
88309 DEBUG: Analyzing c:\users\hatzakis group\pycharmprojects\deepfret-gui\venv2\lib\site-packages\pomegranate\bayes.cp36-win_amd64.pyd
88325 DEBUG: Skipping KERNEL32.dll dependency of bayes.cp36-win_amd64.pyd
88325 DEBUG: Analyzing c:\users\hatzakis group\pycharmprojects\deepfret-gui\venv2\lib\site-packages\pomegranate\distributions\BetaDistribution.cp36-win_amd64.pyd
88325 DEBUG: Skipping KERNEL32.dll dependency of BetaDistribution.cp36-win_amd64.pyd
88325 DEBUG: Analyzing c:\users\hatzakis group\pycharmprojects\deepfret-gui\venv2\lib\site-packages\pomegranate\distributions\UniformDistribution.cp36-win_amd64.pyd
88325 DEBUG: Skipping KERNEL32.dll dependency of UniformDistribution.cp36-win_amd64.pyd
88325 DEBUG: Analyzing c:\users\hatzakis group\pycharmprojects\deepfret-gui\venv2\lib\site-packages\pomegranate\distributions\JointProbabilityTable.cp36-win_amd64.pyd
88325 DEBUG: Skipping KERNEL32.dll dependency of JointProbabilityTable.cp36-win_amd64.pyd
88325 DEBUG: Analyzing c:\users\hatzakis group\pycharmprojects\deepfret-gui\venv2\lib\site-packages\pomegranate\distributions\NormalDistribution.cp36-win_amd64.pyd
88340 DEBUG: Skipping KERNEL32.dll dependency of NormalDistribution.cp36-win_amd64.pyd
88340 DEBUG: Analyzing c:\users\hatzakis group\pycharmprojects\deepfret-gui\venv2\lib\site-packages\pomegranate\distributions\MultivariateGaussianDistribution.cp36-win_amd64.pyd
88340 DEBUG: Skipping KERNEL32.dll dependency of MultivariateGaussianDistribution.cp36-win_amd64.pyd
88340 DEBUG: Analyzing c:\users\hatzakis group\pycharmprojects\deepfret-gui\venv2\lib\site-packages\pomegranate\utils.cp36-win_amd64.pyd
88340 DEBUG: Skipping KERNEL32.dll dependency of utils.cp36-win_amd64.pyd
88340 DEBUG: Analyzing c:\users\hatzakis group\pycharmprojects\deepfret-gui\venv2\lib\site-packages\pomegranate\distributions\KernelDensities.cp36-win_amd64.pyd
88340 DEBUG: Skipping KERNEL32.dll dependency of KernelDensities.cp36-win_amd64.pyd
88340 DEBUG: Analyzing c:\users\hatzakis group\pycharmprojects\deepfret-gui\venv2\lib\site-packages\pomegranate\distributions\PoissonDistribution.cp36-win_amd64.pyd
88340 DEBUG: Skipping KERNEL32.dll dependency of PoissonDistribution.cp36-win_amd64.pyd
88340 DEBUG: Analyzing c:\users\hatzakis group\pycharmprojects\deepfret-gui\venv2\lib\site-packages\pomegranate\distributions\distributions.cp36-win_amd64.pyd
88356 DEBUG: Skipping KERNEL32.dll dependency of distributions.cp36-win_amd64.pyd
88356 DEBUG: Analyzing c:\users\hatzakis group\pycharmprojects\deepfret-gui\venv2\lib\site-packages\pomegranate\distributions\IndependentComponentsDistribution.cp36-win_amd64.pyd
88356 DEBUG: Skipping KERNEL32.dll dependency of IndependentComponentsDistribution.cp36-win_amd64.pyd
88356 DEBUG: Analyzing c:\users\hatzakis group\pycharmprojects\deepfret-gui\venv2\lib\site-packages\pomegranate\distributions\ExponentialDistribution.cp36-win_amd64.pyd
88356 DEBUG: Skipping KERNEL32.dll dependency of ExponentialDistribution.cp36-win_amd64.pyd
88356 DEBUG: Analyzing c:\users\hatzakis group\pycharmprojects\deepfret-gui\venv2\lib\site-packages\pomegranate\distributions\DirichletDistribution.cp36-win_amd64.pyd
88356 DEBUG: Skipping KERNEL32.dll dependency of DirichletDistribution.cp36-win_amd64.pyd
88356 DEBUG: Analyzing c:\users\hatzakis group\pycharmprojects\deepfret-gui\venv2\lib\site-packages\pomegranate\distributions\BernoulliDistribution.cp36-win_amd64.pyd
88372 DEBUG: Skipping KERNEL32.dll dependency of BernoulliDistribution.cp36-win_amd64.pyd
88372 DEBUG: Analyzing c:\users\hatzakis group\pycharmprojects\deepfret-gui\venv2\lib\site-packages\pomegranate\distributions\GammaDistribution.cp36-win_amd64.pyd
88372 DEBUG: Skipping KERNEL32.dll dependency of GammaDistribution.cp36-win_amd64.pyd
88372 DEBUG: Analyzing c:\users\hatzakis group\pycharmprojects\deepfret-gui\venv2\lib\site-packages\pomegranate\FactorGraph.cp36-win_amd64.pyd
88372 DEBUG: Skipping KERNEL32.dll dependency of FactorGraph.cp36-win_amd64.pyd
88372 DEBUG: Analyzing c:\users\hatzakis group\pycharmprojects\deepfret-gui\venv2\lib\site-packages\pomegranate\MarkovNetwork.cp36-win_amd64.pyd
88372 DEBUG: Skipping KERNEL32.dll dependency of MarkovNetwork.cp36-win_amd64.pyd
88372 DEBUG: Analyzing c:\users\hatzakis group\pycharmprojects\deepfret-gui\venv2\lib\site-packages\pomegranate\BayesianNetwork.cp36-win_amd64.pyd
88387 DEBUG: Skipping KERNEL32.dll dependency of BayesianNetwork.cp36-win_amd64.pyd
88387 DEBUG: Analyzing c:\users\hatzakis group\pycharmprojects\deepfret-gui\venv2\lib\site-packages\pomegranate\hmm.cp36-win_amd64.pyd
88387 DEBUG: Skipping KERNEL32.dll dependency of hmm.cp36-win_amd64.pyd
88387 DEBUG: Analyzing c:\users\hatzakis group\pycharmprojects\deepfret-gui\venv2\lib\site-packages\pomegranate\MarkovChain.cp36-win_amd64.pyd
88387 DEBUG: Skipping KERNEL32.dll dependency of MarkovChain.cp36-win_amd64.pyd
88387 DEBUG: Analyzing c:\users\hatzakis group\pycharmprojects\deepfret-gui\venv2\lib\site-packages\pomegranate\BayesClassifier.cp36-win_amd64.pyd
88387 DEBUG: Skipping KERNEL32.dll dependency of BayesClassifier.cp36-win_amd64.pyd
88387 DEBUG: Analyzing c:\users\hatzakis group\pycharmprojects\deepfret-gui\venv2\lib\site-packages\pomegranate\NaiveBayes.cp36-win_amd64.pyd
88387 DEBUG: Skipping KERNEL32.dll dependency of NaiveBayes.cp36-win_amd64.pyd
88387 DEBUG: Analyzing c:\users\hatzakis group\pycharmprojects\deepfret-gui\venv2\lib\site-packages\pomegranate\gmm.cp36-win_amd64.pyd
88403 DEBUG: Skipping KERNEL32.dll dependency of gmm.cp36-win_amd64.pyd
88403 DEBUG: Analyzing c:\users\hatzakis group\pycharmprojects\deepfret-gui\venv2\lib\site-packages\pomegranate\kmeans.cp36-win_amd64.pyd
88403 DEBUG: Skipping KERNEL32.dll dependency of kmeans.cp36-win_amd64.pyd
88403 DEBUG: Analyzing c:\users\hatzakis group\pycharmprojects\deepfret-gui\venv2\lib\site-packages\pomegranate\parallel.cp36-win_amd64.pyd
88403 DEBUG: Skipping KERNEL32.dll dependency of parallel.cp36-win_amd64.pyd
88403 DEBUG: Analyzing c:\users\hatzakis group\pycharmprojects\deepfret-gui\venv2\lib\site-packages\pomegranate\base.cp36-win_amd64.pyd
88403 DEBUG: Skipping KERNEL32.dll dependency of base.cp36-win_amd64.pyd
88403 DEBUG: Analyzing c:\users\hatzakis group\pycharmprojects\deepfret-gui\venv2\lib\site-packages\hmmlearn\_hmmc.cp36-win_amd64.pyd
88418 DEBUG: Skipping KERNEL32.dll dependency of _hmmc.cp36-win_amd64.pyd
88418 DEBUG: Analyzing c:\users\hatzakis group\pycharmprojects\deepfret-gui\venv2\lib\site-packages\PyQt5\QtCore.pyd
88418 DEBUG: Skipping KERNEL32.dll dependency of QtCore.pyd
88418 DEBUG: Analyzing c:\users\hatzakis group\pycharmprojects\deepfret-gui\venv2\lib\site-packages\PyQt5\Qt\bin\qt5gui.dll
88465 DEBUG: Skipping USER32.dll dependency of qt5gui.dll
88465 DEBUG: Skipping dxgi.dll dependency of qt5gui.dll
88465 DEBUG: Skipping KERNEL32.dll dependency of qt5gui.dll
88465 DEBUG: Skipping ole32.dll dependency of qt5gui.dll
88465 DEBUG: Skipping GDI32.dll dependency of qt5gui.dll
88465 DEBUG: Skipping d3d11.dll dependency of qt5gui.dll
88465 DEBUG: Analyzing c:\users\hatzakis group\pycharmprojects\deepfret-gui\venv2\lib\site-packages\PyQt5\Qt\bin\qt5core.dll
88497 DEBUG: Skipping MPR.dll dependency of qt5core.dll
88497 DEBUG: Skipping VERSION.dll dependency of qt5core.dll
88497 DEBUG: Skipping SHELL32.dll dependency of qt5core.dll
88497 DEBUG: Skipping WINMM.dll dependency of qt5core.dll
88497 DEBUG: Skipping ADVAPI32.dll dependency of qt5core.dll
88497 DEBUG: Skipping KERNEL32.dll dependency of qt5core.dll
88497 DEBUG: Skipping WS2_32.dll dependency of qt5core.dll
88512 DEBUG: Skipping USERENV.dll dependency of qt5core.dll
88512 DEBUG: Skipping ole32.dll dependency of qt5core.dll
88512 DEBUG: Skipping NETAPI32.dll dependency of qt5core.dll
88512 DEBUG: Skipping USER32.dll dependency of qt5core.dll
88512 DEBUG: Analyzing c:\users\hatzakis group\pycharmprojects\deepfret-gui\venv2\lib\site-packages\PyQt5\Qt\bin\qt5widgets.dll
88528 DEBUG: Skipping USER32.dll dependency of qt5widgets.dll
88528 DEBUG: Skipping KERNEL32.dll dependency of qt5widgets.dll
88528 DEBUG: Skipping dwmapi.dll dependency of qt5widgets.dll
88543 DEBUG: Skipping SHELL32.dll dependency of qt5widgets.dll
88543 DEBUG: Skipping UxTheme.dll dependency of qt5widgets.dll
88543 DEBUG: Skipping ole32.dll dependency of qt5widgets.dll
88543 DEBUG: Skipping GDI32.dll dependency of qt5widgets.dll
88543 DEBUG: Analyzing C:\users\hatzakis group\pycharmprojects\deepfret-gui\venv2\lib\site-packages\PyQt5\Qt\bin\libGLESv2.dll
88543 DEBUG: Skipping d3d9.dll dependency of libGLESv2.dll
88543 DEBUG: Skipping KERNEL32.dll dependency of libGLESv2.dll
88559 DEBUG: Skipping USER32.dll dependency of libGLESv2.dll
88559 DEBUG: Analyzing c:\users\hatzakis group\pycharmprojects\deepfret-gui\venv2\lib\site-packages\PyQt5\Qt\bin\qt5dbus.dll
88559 DEBUG: Skipping KERNEL32.dll dependency of qt5dbus.dll
88559 DEBUG: Analyzing c:\users\hatzakis group\pycharmprojects\deepfret-gui\venv2\lib\site-packages\PyQt5\Qt\bin\qt5svg.dll
88559 DEBUG: Skipping KERNEL32.dll dependency of qt5svg.dll
88559 DEBUG: Analyzing C:\Users\Hatzakis group\Anaconda3\api-ms-win-crt-utility-l1-1-0.dll
88559 DEBUG: Analyzing c:\users\hatzakis group\pycharmprojects\deepfret-gui\venv2\lib\site-packages\PyQt5\Qt\bin\qt5network.dll
88575 DEBUG: Skipping DNSAPI.dll dependency of qt5network.dll
88575 DEBUG: Skipping IPHLPAPI.DLL dependency of qt5network.dll
88575 DEBUG: Skipping KERNEL32.dll dependency of qt5network.dll
88575 DEBUG: Skipping ole32.dll dependency of qt5network.dll
88575 DEBUG: Skipping CRYPT32.dll dependency of qt5network.dll
88575 DEBUG: Skipping WS2_32.dll dependency of qt5network.dll
88590 DEBUG: Skipping ADVAPI32.dll dependency of qt5network.dll
88590 DEBUG: Analyzing c:\users\hatzakis group\pycharmprojects\deepfret-gui\venv2\lib\site-packages\PyQt5\Qt\bin\qt5quick.dll
88606 DEBUG: Skipping KERNEL32.dll dependency of qt5quick.dll
88606 DEBUG: Adding Qt5QmlModels.dll dependency of qt5quick.dll from c:\users\hatzakis group\pycharmprojects\deepfret-gui\venv2\lib\site-packages\PyQt5\Qt\bin\Qt5QmlModels.dll
88606 DEBUG: Skipping USER32.dll dependency of qt5quick.dll
88606 DEBUG: Adding Qt5Qml.dll dependency of qt5quick.dll from c:\users\hatzakis group\pycharmprojects\deepfret-gui\venv2\lib\site-packages\PyQt5\Qt\bin\Qt5Qml.dll
88606 DEBUG: Analyzing c:\users\hatzakis group\pycharmprojects\deepfret-gui\venv2\lib\site-packages\PyQt5\Qt\bin\qt5websockets.dll
88606 DEBUG: Skipping KERNEL32.dll dependency of qt5websockets.dll
88606 DEBUG: Analyzing C:\Users\Hatzakis group\Anaconda3\api-ms-win-crt-multibyte-l1-1-0.dll
88622 DEBUG: Analyzing C:\users\hatzakis group\pycharmprojects\deepfret-gui\venv2\lib\site-packages\PyQt5\Qt\bin\LIBEAY32.dll
88637 DEBUG: Skipping ADVAPI32.dll dependency of LIBEAY32.dll
88637 DEBUG: Skipping KERNEL32.dll dependency of LIBEAY32.dll
88637 DEBUG: Skipping WS2_32.dll dependency of LIBEAY32.dll
88637 DEBUG: Skipping GDI32.dll dependency of LIBEAY32.dll
88637 DEBUG: Skipping USER32.dll dependency of LIBEAY32.dll
88637 DEBUG: Analyzing c:\users\hatzakis group\pycharmprojects\deepfret-gui\venv2\lib\site-packages\Pythonwin\mfc140u.dll
88653 DEBUG: Skipping USER32.dll dependency of mfc140u.dll
88653 DEBUG: Skipping OLEAUT32.dll dependency of mfc140u.dll
88653 DEBUG: Skipping KERNEL32.dll dependency of mfc140u.dll
88653 DEBUG: Skipping UxTheme.dll dependency of mfc140u.dll
88653 DEBUG: Skipping ole32.dll dependency of mfc140u.dll
88653 DEBUG: Skipping GDI32.dll dependency of mfc140u.dll
88668 DEBUG: Skipping SHLWAPI.dll dependency of mfc140u.dll
88668 DEBUG: Skipping ADVAPI32.dll dependency of mfc140u.dll
88668 DEBUG: Skipping IMM32.dll dependency of mfc140u.dll
88668 DEBUG: Analyzing c:\users\hatzakis group\pycharmprojects\deepfret-gui\venv2\lib\site-packages\tensorflow\python\_pywrap_tensorflow_internal.pyd
88762 DEBUG: Skipping dbghelp.dll dependency of _pywrap_tensorflow_internal.pyd
88762 DEBUG: Skipping SHLWAPI.dll dependency of _pywrap_tensorflow_internal.pyd
88778 DEBUG: Skipping SHELL32.dll dependency of _pywrap_tensorflow_internal.pyd
88778 DEBUG: Skipping ADVAPI32.dll dependency of _pywrap_tensorflow_internal.pyd
88778 DEBUG: Skipping KERNEL32.dll dependency of _pywrap_tensorflow_internal.pyd
88778 DEBUG: Skipping WS2_32.dll dependency of _pywrap_tensorflow_internal.pyd
88809 WARNING: lib not found: VCRUNTIME140_1.dll dependency of c:\users\hatzakis group\pycharmprojects\deepfret-gui\venv2\lib\site-packages\tensorflow\python\_pywrap_tensorflow_internal.pyd
88825 DEBUG: Skipping ole32.dll dependency of _pywrap_tensorflow_internal.pyd
88825 DEBUG: Analyzing C:\Users\Hatzakis group\AppData\Local\Programs\Python\Python36\DLLs\sqlite3.dll
88825 DEBUG: Dependent assemblies of C:\Users\Hatzakis group\AppData\Local\Programs\Python\Python36\DLLs\sqlite3.dll:
88825 DEBUG: *_Microsoft.Windows.Common-Controls_6595b64144ccf1df_6.0.0.0_none
88825 DEBUG: Skipping assembly *_Microsoft.Windows.Common-Controls_6595b64144ccf1df_6.0.0.0_none
88825 DEBUG: Skipping KERNEL32.dll dependency of sqlite3.dll
88825 DEBUG: Analyzing C:\Users\Hatzakis group\AppData\Local\Programs\Python\Python36\python3.dll
88825 DEBUG: Dependent assemblies of C:\Users\Hatzakis group\AppData\Local\Programs\Python\Python36\python3.dll:
88825 DEBUG: *_Microsoft.Windows.Common-Controls_6595b64144ccf1df_6.0.0.0_none
88825 DEBUG: Skipping assembly *_Microsoft.Windows.Common-Controls_6595b64144ccf1df_6.0.0.0_none
88856 DEBUG: Analyzing C:\Users\Hatzakis group\AppData\Local\Programs\Python\Python36\DLLs\tcl86t.dll
88871 DEBUG: Skipping ADVAPI32.dll dependency of tcl86t.dll
88871 DEBUG: Skipping USERENV.dll dependency of tcl86t.dll
88871 DEBUG: Skipping KERNEL32.dll dependency of tcl86t.dll
88871 DEBUG: Skipping WS2_32.dll dependency of tcl86t.dll
88871 DEBUG: Skipping NETAPI32.dll dependency of tcl86t.dll
88871 DEBUG: Skipping USER32.dll dependency of tcl86t.dll
88871 DEBUG: Analyzing C:\Users\Hatzakis group\AppData\Local\Programs\Python\Python36\DLLs\tk86t.dll
88871 DEBUG: Dependent assemblies of C:\Users\Hatzakis group\AppData\Local\Programs\Python\Python36\DLLs\tk86t.dll:
88871 DEBUG: AMD64_Microsoft.Windows.Common-Controls_6595b64144ccf1df_6.0.0.0_none
88871 DEBUG: Skipping assembly AMD64_Microsoft.Windows.Common-Controls_6595b64144ccf1df_6.0.0.0_none
88887 DEBUG: Skipping ADVAPI32.dll dependency of tk86t.dll
88887 DEBUG: Skipping COMDLG32.dll dependency of tk86t.dll
88887 DEBUG: Skipping OLEAUT32.dll dependency of tk86t.dll
88887 DEBUG: Skipping KERNEL32.dll dependency of tk86t.dll
88887 DEBUG: Skipping SHELL32.dll dependency of tk86t.dll
88887 DEBUG: Skipping ole32.dll dependency of tk86t.dll
88887 DEBUG: Skipping GDI32.dll dependency of tk86t.dll
88887 DEBUG: Skipping IMM32.dll dependency of tk86t.dll
88887 DEBUG: Skipping USER32.dll dependency of tk86t.dll
88903 DEBUG: Skipping COMCTL32.dll dependency of tk86t.dll
88903 DEBUG: Analyzing c:\users\hatzakis group\pycharmprojects\deepfret-gui\venv2\lib\site-packages\h5py\hdf5.dll
88918 DEBUG: Skipping KERNEL32.dll dependency of hdf5.dll
88918 DEBUG: Skipping ADVAPI32.dll dependency of hdf5.dll
88918 DEBUG: Analyzing c:\users\hatzakis group\pycharmprojects\deepfret-gui\venv2\lib\site-packages\h5py\hdf5_hl.dll
88918 DEBUG: Skipping KERNEL32.dll dependency of hdf5_hl.dll
88918 DEBUG: Analyzing c:\users\hatzakis group\pycharmprojects\deepfret-gui\venv2\lib\site-packages\PyQt5\Qt\bin\Qt5QmlModels.dll
88918 DEBUG: Skipping KERNEL32.dll dependency of Qt5QmlModels.dll
88918 DEBUG: Analyzing c:\users\hatzakis group\pycharmprojects\deepfret-gui\venv2\lib\site-packages\PyQt5\Qt\bin\Qt5Qml.dll
88934 DEBUG: Skipping KERNEL32.dll dependency of Qt5Qml.dll
88934 DEBUG: Skipping SHELL32.dll dependency of Qt5Qml.dll
88934 INFO: Looking for eggs
88934 INFO: Using Python library c:\users\hatzakis group\pycharmprojects\deepfret-gui\venv2\scripts\python36.dll
88934 INFO: Found binding redirects: 
[]
89090 INFO: Warnings written to C:\Users\Hatzakis group\PycharmProjects\DeepFRET-GUI\target\PyInstaller\DeepFRET\warn-DeepFRET.txt
90012 INFO: Graph cross-reference written to C:\Users\Hatzakis group\PycharmProjects\DeepFRET-GUI\target\PyInstaller\DeepFRET\xref-DeepFRET.html
90324 INFO: Graph drawing written to C:\Users\Hatzakis group\PycharmProjects\DeepFRET-GUI\target\PyInstaller\DeepFRET\graph-DeepFRET.dot
90621 INFO: checking PYZ
90621 INFO: Building PYZ because PYZ-00.toc is non existent
90621 INFO: Building PYZ (ZlibArchive) C:\Users\Hatzakis group\PycharmProjects\DeepFRET-GUI\target\PyInstaller\DeepFRET\PYZ-00.pyz
90621 DEBUG: Compiling namespace package google
90621 DEBUG: Compiling namespace package mpl_toolkits
96893 INFO: Building PYZ (ZlibArchive) C:\Users\Hatzakis group\PycharmProjects\DeepFRET-GUI\target\PyInstaller\DeepFRET\PYZ-00.pyz completed successfully.
97034 INFO: checking PKG
97034 INFO: Building PKG because PKG-00.toc is non existent
97034 INFO: Building PKG (CArchive) PKG-00.pkg
97034 DEBUG: Compiling c:\users\hatzakis group\pycharmprojects\deepfret-gui\venv2\lib\site-packages\PyInstaller\loader\pyiboot01_bootstrap.py
97034 DEBUG: Compiling c:\users\hatzakis group\pycharmprojects\deepfret-gui\venv2\lib\site-packages\PyInstaller\loader\pyiboot01_bootstrap.py
97034 DEBUG: Compiling C:\Users\Hatzakis group\PycharmProjects\DeepFRET-GUI\target\PyInstaller\fbs_pyinstaller_hook.py
97034 DEBUG: Compiling C:\Users\Hatzakis group\PycharmProjects\DeepFRET-GUI\target\PyInstaller\fbs_pyinstaller_hook.py
97050 DEBUG: Compiling c:\users\hatzakis group\pycharmprojects\deepfret-gui\venv2\lib\site-packages\PyInstaller\loader\rthooks\pyi_rth_qt5.py
97050 DEBUG: Compiling c:\users\hatzakis group\pycharmprojects\deepfret-gui\venv2\lib\site-packages\PyInstaller\loader\rthooks\pyi_rth_qt5.py
97050 DEBUG: Compiling c:\users\hatzakis group\pycharmprojects\deepfret-gui\venv2\lib\site-packages\PyInstaller\loader\rthooks\pyi_rth__tkinter.py
97050 DEBUG: Compiling c:\users\hatzakis group\pycharmprojects\deepfret-gui\venv2\lib\site-packages\PyInstaller\loader\rthooks\pyi_rth__tkinter.py
97050 DEBUG: Compiling c:\users\hatzakis group\pycharmprojects\deepfret-gui\venv2\lib\site-packages\PyInstaller\loader\rthooks\pyi_rth_pkgres.py
97050 DEBUG: Compiling c:\users\hatzakis group\pycharmprojects\deepfret-gui\venv2\lib\site-packages\PyInstaller\loader\rthooks\pyi_rth_pkgres.py
97050 DEBUG: Compiling c:\users\hatzakis group\pycharmprojects\deepfret-gui\venv2\lib\site-packages\PyInstaller\loader\rthooks\pyi_rth_win32comgenpy.py
97050 DEBUG: Compiling c:\users\hatzakis group\pycharmprojects\deepfret-gui\venv2\lib\site-packages\PyInstaller\loader\rthooks\pyi_rth_win32comgenpy.py
97050 DEBUG: Compiling c:\users\hatzakis group\pycharmprojects\deepfret-gui\venv2\lib\site-packages\PyInstaller\loader\rthooks\pyi_rth_mplconfig.py
97050 DEBUG: Compiling c:\users\hatzakis group\pycharmprojects\deepfret-gui\venv2\lib\site-packages\PyInstaller\loader\rthooks\pyi_rth_mplconfig.py
97050 DEBUG: Compiling c:\users\hatzakis group\pycharmprojects\deepfret-gui\venv2\lib\site-packages\PyInstaller\loader\rthooks\pyi_rth_mpldata.py
97050 DEBUG: Compiling c:\users\hatzakis group\pycharmprojects\deepfret-gui\venv2\lib\site-packages\PyInstaller\loader\rthooks\pyi_rth_mpldata.py
97050 DEBUG: Compiling c:\users\hatzakis group\pycharmprojects\deepfret-gui\venv2\lib\site-packages\PyInstaller\loader\rthooks\pyi_rth_multiprocessing.py
97050 DEBUG: Compiling c:\users\hatzakis group\pycharmprojects\deepfret-gui\venv2\lib\site-packages\PyInstaller\loader\rthooks\pyi_rth_multiprocessing.py
97050 DEBUG: Compiling C:\Users\Hatzakis group\PycharmProjects\DeepFRET-GUI\src\main\python\main.py
97050 DEBUG: Compiling C:\Users\Hatzakis group\PycharmProjects\DeepFRET-GUI\src\main\python\main.py
97081 INFO: Building PKG (CArchive) PKG-00.pkg completed successfully.
97081 INFO: Bootloader c:\users\hatzakis group\pycharmprojects\deepfret-gui\venv2\lib\site-packages\PyInstaller\bootloader\Windows-64bit\run.exe
97081 INFO: checking EXE
97081 INFO: Building EXE because EXE-00.toc is non existent
97081 INFO: Building EXE from EXE-00.toc
97081 INFO: SRCPATH [('C:\\Users\\Hatzakis group\\PycharmProjects\\DeepFRET-GUI\\src\\main\\icons\\Icon.ico', None)]
97081 INFO: Updating icons from ['C:\\Users\\Hatzakis group\\PycharmProjects\\DeepFRET-GUI\\src\\main\\icons\\Icon.ico'] to C:\Users\HATZAK~1\AppData\Local\Temp\tmp5fn8nio3
97128 INFO: Writing RT_GROUP_ICON 0 resource with 104 bytes
97128 INFO: Writing RT_ICON 1 resource with 41036 bytes
97128 INFO: Writing RT_ICON 2 resource with 67624 bytes
97128 INFO: Writing RT_ICON 3 resource with 1128 bytes
97128 INFO: Writing RT_ICON 4 resource with 35361 bytes
97128 INFO: Writing RT_ICON 5 resource with 4264 bytes
97128 INFO: Writing RT_ICON 6 resource with 41789 bytes
97128 INFO: Writing RT_ICON 7 resource with 16936 bytes
97143 INFO: Appending archive to EXE C:\Users\Hatzakis group\PycharmProjects\DeepFRET-GUI\target\PyInstaller\DeepFRET\DeepFRET.exe
97206 INFO: Building EXE from EXE-00.toc completed successfully.
97206 INFO: checking COLLECT
97206 INFO: Building COLLECT because COLLECT-00.toc is non existent
97206 INFO: Building COLLECT COLLECT-00.toc
109031 INFO: Building COLLECT COLLECT-00.toc completed successfully.
Done. You can now run `target\DeepFRET\DeepFRET.exe`. If that doesn't
work, see https://build-system.fman.io/troubleshooting.
